2026-04-08 10:09:05 Start collect info
cat /proc/ekbox

EKbox head info:phyaddr=0x0000000084be0000, physize=0x1fffc, msgno=1
EKbox show message[0, 0x3318]:
                                                                                                                                                                                                                                                                
EKbox: kernel init success!
EKbox: memory init success!
[    0.000000] rcu: Preemptible hierarchical RCU implementation.
[    0.000000] rcu: 	RCU restricting CPUs from NR_CPUS=128 to nr_cpu_ids=4.
[    0.000000] 	Trampoline variant of Tasks RCU enabled.
[    0.000000] rcu: RCU calculated value of scheduler-enlistment delay is 10 jiffies.
[    0.000000] rcu: Adjusting geometry for rcu_fanout_leaf=16, nr_cpu_ids=4
[    0.000000] NR_IRQS: 64, nr_irqs: 64, preallocated irqs: 0
[    0.000000] GICv3: GIC: Using split EOI/Deactivate mode
[    0.000000] GICv3: 256 SPIs implemented
[    0.000000] GICv3: 0 Extended SPIs implemented
[    0.000000] GICv3: Distributor has no Range Selector support
[    0.000000] GICv3: 16 PPIs implemented
[    0.000000] GICv3: CPU0: found redistributor 0 region 0:0x0000000024040000
[    0.000000] rcu: 	Offload RCU callbacks from CPUs: (none).
EKbox: irq init success!
[    0.000000] arch_timer: cp15 timer(s) running at 25.00MHz (phys).
[    0.000000] clocksource: arch_sys_counter: mask: 0xffffffffffffff max_cycles: 0x5c40939b5, max_idle_ns: 440795202646 ns
[    0.010006] sched_clock: 56 bits at 25MHz, resolution 40ns, wraps every 4398046511100ns
[    0.010206] can't find led node, please check it
[    0.010216] Can't find led info in dtb,make sure there is no led on board
[    0.010445] Console: colour dummy device 80x25
EKbox: console init success!
[    0.010650] Calibrating delay loop (skipped), value calculated using timer frequency.. 50.00 BogoMIPS (lpj=250000)
[    0.010675] pid_max: default: 32768 minimum: 301
[    0.011091] LSM: Security Framework initializing
[    0.011128] Yama: becoming mindful.
[    0.011311] Mount-cache hash table entries: 4096 (order: 3, 32768 bytes, linear)
[    0.011340] Mountpoint-cache hash table entries: 4096 (order: 3, 32768 bytes, linear)
EKbox: SVN Last Changed Rev: 20250904204129
EKbox: mastercore load success!
[    0.014592] early_panic_init: Missing panic_core_isolate device node.
[    0.015497] rcu: Hierarchical SRCU implementation.
[    0.016096] dyndbg: Ignore empty _ddebug table in a CONFIG_DYNAMIC_DEBUG_CORE build
[    0.016260] EFI services will not be available.
[    0.016294] page_attr_early_init succeed
[    0.017008] smp: Bringing up secondary CPUs ...
EKbox: slavecore1 load success!
EKbox: slavecore2 load success!
EKbox: slavecore3 load success!
[    0.018436] Detected VIPT I-cache on CPU1
[    0.018485] GICv3: CPU1: found redistributor 100 region 0:0x0000000024060000
[    0.018564] CPU1: Booted secondary processor 0x0000000100 [0x411fd050]
[    0.020328] Detected VIPT I-cache on CPU2
[    0.020369] GICv3: CPU2: found redistributor 200 region 0:0x0000000024080000
[    0.020435] CPU2: Booted secondary processor 0x0000000200 [0x411fd050]
[    0.021931] Detected VIPT I-cache on CPU3
[    0.021968] GICv3: CPU3: found redistributor 300 region 0:0x00000000240a0000
[    0.022033] CPU3: Booted secondary processor 0x0000000300 [0x411fd050]
[    0.022214] smp: Brought up 1 node, 4 CPUs
[    0.022274] SMP: Total of 4 processors activated.
[    0.022285] CPU features: detected: Privileged Access Never
[    0.022294] CPU features: detected: 32-bit EL0 Support
[    0.022304] CPU features: detected: Common not Private translations
[    0.022313] CPU features: detected: Data cache clean to the PoU not required for I/D coherence
[    0.022322] CPU features: detected: CRC32 instructions
[    0.022330] CPU features: detected: Speculative Store Bypassing Safe (SSBS)
[    0.022339] CPU features: detected: 32-bit EL1 Support
[    0.022349] CPU features: detected: RCpc load-acquire (LDAPR)
[    0.023084] CPU: All CPU(s) started at EL2
[    0.023159] alternatives: patching kernel code
[    0.024541] devtmpfs: initialized
[    0.029006] KASLR enabled
[    0.029843] clocksource: jiffies: mask: 0xffffffff max_cycles: 0xffffffff, max_idle_ns: 19112604462750000 ns
[    0.029905] futex hash table entries: 1024 (order: 4, 65536 bytes, linear)
[    0.030121] kworker/u8:0 (32) used greatest stack depth: 12992 bytes left
[    0.030703] pinctrl core: initialized pinctrl subsystem
[    0.033030] DMI not present or invalid.
[    0.033138] softdog_kthread_create
[    0.034040] NET: Registered protocol family 16
[    0.035156] DMA: preallocated 256 KiB GFP_KERNEL pool for atomic allocations
[    0.035252] DMA: preallocated 256 KiB GFP_KERNEL|GFP_DMA pool for atomic allocations
[    0.035384] audit: initializing netlink subsys (disabled)
[    0.035610] audit cpu affinity init success
[    0.035717] audit: type=2000 audit(0.020:1): state=initialized audit_enabled=0 res=1
[    0.040287] thermal_sys: Registered thermal governor 'step_wise'
[    0.040967] cpuidle: using governor ladder
[    0.041035] cpuidle: using governor menu
[    0.041229] hw-breakpoint: found 6 breakpoint and 4 watchpoint registers.
[    0.041424] ASID allocator initialised with 65536 entries
[    0.042174] Serial: AMBA PL011 UART driver
[    0.090266] kworker/u8:1 (156) used greatest stack depth: 12528 bytes left
[    0.126690] HugeTLB registered 1.00 GiB page size, pre-allocated 0 pages
[    0.126718] HugeTLB registered 32.0 MiB page size, pre-allocated 0 pages
[    0.126728] HugeTLB registered 2.00 MiB page size, pre-allocated 0 pages
[    0.126739] HugeTLB registered 64.0 KiB page size, pre-allocated 0 pages
[    0.130926] ACPI: Interpreter disabled.
[    0.131098] iommu: Default domain type: Translated 
[    0.132826] NetLabel: Initializing
[    0.132856] NetLabel:  domain hash size = 128
[    0.132865] NetLabel:  protocols = UNLABELED CIPSOv4 CALIPSO
[    0.132974] NetLabel:  unlabeled traffic allowed by default
[    0.133758] clocksource: Switched to clocksource arch_sys_counter
[    0.178087] VFS: Disk quotas dquot_6.6.0
[    0.178198] VFS: Dquot-cache hash table entries: 512 (order 0, 4096 bytes)
[    0.178717] pnp: PnP ACPI: disabled
[    0.202859] NET: Registered protocol family 2
[    0.203137] IP idents hash table entries: 32768 (order: 6, 262144 bytes, linear)
[    0.205423] tcp_listen_portaddr_hash hash table entries: 1024 (order: 3, 40960 bytes, linear)
[    0.205495] Table-perturb hash table entries: 65536 (order: 6, 262144 bytes, linear)
[    0.205566] TCP established hash table entries: 16384 (order: 5, 131072 bytes, linear)
[    0.205709] TCP bind hash table entries: 16384 (order: 7, 524288 bytes, linear)
[    0.205934] TCP: Hash tables configured (established 16384 bind 16384)
[    0.206139] UDP hash table entries: 1024 (order: 4, 98304 bytes, linear)
[    0.206259] UDP-Lite hash table entries: 1024 (order: 4, 98304 bytes, linear)
[    0.206650] NET: Registered protocol family 1
[    0.206707] PCI: CLS 0 bytes, default 64
[    0.207010] Trying to unpack rootfs image as initramfs...
[    0.438968] Freeing initrd memory: 5120K
[    0.439623] kvm [1]: KVM ncsnp disabled
[    0.439645] kvm [1]: KVM dvmbm disabled
[    0.439682] kvm [1]: IPA Size Limit: 40 bits
[    0.440683] kvm [1]: GICv3: no GICV resource entry
[    0.440698] kvm [1]: disabling GICv2 emulation
[    0.440733] kvm [1]: GIC system register CPU interface enabled
[    0.440957] kvm [1]: vgic interrupt IRQ16
[    0.441207] kvm [1]: Hyp mode initialized successfully
[    0.445415] modsign: There is no certification file
[    0.445451] modsign: There is only one cert or no cert
[    0.445464] Initialise system trusted keyrings
[    0.445909] workingset: timestamp_bits=43 max_order=19 bucket_order=0
[    0.458720] squashfs: version 4.0 (2009/01/31) Phillip Lougher
[    0.459163] Huawei Secure C library init
[    0.459186] cms cbb init
[    0.459605] modsign: create major 250 for module crl devs
[    0.502394] Key type asymmetric registered
[    0.502423] Asymmetric key parser 'x509' registered
[    0.502519] Block layer SCSI generic (bsg) driver version 0.4 loaded (major 249)
[    0.502936] io scheduler mq-deadline registered
[    0.656919] create /sys/kernel/tty_status_trace succ.
[    0.656985] did not found ttyname.
[    0.656997] default tty_suspend_mode is 0.
[    0.657009] Serial: 8250/16550 driver, 4 ports, IRQ sharing disabled
[    0.657220] Serial: 8250/16550 suspend register ok.
[    0.657242] get_tty_suspend_info: mode is 0
[    0.660619] printk: console [ttyS0] disabled
[    0.660743] 8710000.uart: ttyS0 at MMIO 0x8710000 (irq = 23, base_baud = 6250000) is a 16550A
[    0.000000] Booting Linux on physical CPU 0x0000000000 [0x411fd050]
[    0.000000] Linux version 5.10.0 (oe-user@oe-host) (aarch64-euler-linux-gcc (BiSheng Embedded CPU 303.0.0.3.B001) 7.3.0, GNU ld (BiSheng Embedded CPU 303.0.0.3.B001) 2.41) #1 SMP PREEMPT Thu Sep 4 20:41:29 CST 2025
[    0.000000] Machine model: Hisilicon Hi1711 ASIC
[    0.000000] efi: UEFI not found.
[    0.000000] NUMA: No NUMA configuration found
[    0.000000] NUMA: Faking a node at [mem 0x0000000084be0000-0x00000000efffffff]
[    0.000000] NUMA: NODE_DATA [mem 0xeffe5640-0xeffe6fff]
[    0.000000] Zone ranges:
[    0.000000]   DMA      [mem 0x0000000084be0000-0x00000000efffffff]
[    0.000000]   Normal   empty
[    0.000000] Movable zone start for each node
[    0.000000] Early memory node ranges
[    0.000000]   node   0: [mem 0x0000000084be0000-0x0000000084bfefff]
[    0.000000]   node   0: [mem 0x0000000087200000-0x00000000efffffff]
[    0.000000] Initmem setup node 0 [mem 0x0000000084be0000-0x00000000efffffff]
[    0.000000] On node 0 totalpages: 429599
[    0.000000]   DMA zone: 6865 pages used for memmap
[    0.000000]   DMA zone: 0 pages reserved
[    0.000000]   DMA zone: 429599 pages, LIFO batch:63
[    0.000000] psci: probing for conduit method from DT.
[    0.000000] psci: PSCIv1.1 detected in firmware.
[    0.000000] psci: Using standard PSCI v0.2 function IDs
[    0.000000] psci: MIGRATE_INFO_TYPE not supported.
[    0.000000] psci: SMC Calling Convention v1.4
[    0.000000] [dts]:cpu type is 1711
[    0.000000] can't find led ctrl node, please check it
[    0.000000] percpu: Embedded 30 pages/cpu s85160 r8192 d29528 u122880
[    0.000000] pcpu-alloc: s85160 r8192 d29528 u122880 alloc=30*4096
[    0.000000] pcpu-alloc: [0] 0 [0] 1 [0] 2 [0] 3 
[    0.000000] Detected VIPT I-cache on CPU0
[    0.000000] CPU features: detected: GIC system register CPU interface
[    0.000000] CPU features: kernel page table isolation disabled by kernel configuration
[    0.000000] CPU features: detected: ARM errata 1165522, 1319367, or 1530923
[    0.000000] Built 1 zonelists, mobility grouping on.  Total pages: 422734
[    0.000000] Policy zone: DMA
[    0.000000] Kernel command line: console=ttyS0,115200n8N earlycon=uart8250,mmio32,0x08710000 initrd=${initrd_load_addr},${initrd_size} rdinit=/sbin/init rw ekbox=0x20000$0x84be0000 kbox_mem=0x2e0000@0x84900000 swift_irqsoff_enable swxn=1
[    0.000000] Fallback order for Node 0: 0 
[    0.000000] printk: log_buf_len individual max cpu contribution: 4096 bytes
[    0.000000] printk: log_buf_len total cpu_extra contributions: 12288 bytes
[    0.000000] printk: log_buf_len min size: 16384 bytes
[    0.000000] printk: log_buf_len: 32768 bytes
[    0.000000] printk: early log buf free: 13904(84%)
[    0.000000] Dentry cache hash table entries: 262144 (order: 9, 2097152 bytes, linear)
[    0.000000] Inode-cache hash table entries: 131072 (order: 8, 1048576 bytes, linear)
[    0.000000] mem auto-init: stack:off, heap alloc:off, heap free:off
[    0.000000] Memory: 1666604K/1718396K available (7808K kernel code, 922K rwdata, 1520K rodata, 1856K init, 2375K bss, 51792K reserved, 0K cma-reserved)
[    0.000000] SLUB: HWalign=64, Order=0-3, MinObjects=0, CPUs=4, Nodes=1
[    0.000000] kmemleak: Kernel memory leak detector disabled
[    0.661299] printk: console [ttyS0] enabled
[    0.663690] cacheinfo: Unable to detect cache hierarchy for CPU 0
[    0.681882] brd: module loaded
[    0.690369] loop: module loaded
[    0.692445] hw perfevents: enabled with armv8_pmuv3 PMU driver, 7 counters available
[    0.693087] fiq_glue_parse_source_common fiq source is 1!
[    0.693117] fiq_glue_parse_type_common fiq type is 0!
[    0.693129] fiq_glue_parse_buffer_offset_type fiq get cpu id type is default!
[    0.693143] fiq_glue_parse_clean_wdt fiq clean-wdt is 0!
[    0.693152] fiq_glue_parse_dead_loop fiq dead-loop is 1!
[    0.693161] fiq_glue_parse_invalid_cache fiq invalid-cache is 1!
[    0.693172] fiq_glue_parse_use_atf_under_same_image fiq use-atf-under-same-image is 0!
[    0.693181] fiq_glue_no_info_init fiq_num is 1, fiq_num_max is 16
[    0.693191] fiq_glue_no_info_init i 0 fiq-no 141
[    0.695123] KBOX: kbox:create region panic, size=65536
EKbox: ------------------starting reboot !------------------
EKbox: [UTC][2026.04.08 10:07:13-450694920][Clock][435465106080]
EKbox: [__do_sys_reboot:359]
EKbox: [kernel_restart:253]
EKbox: [kernel_restart_prepare:78]
EKbox: [kernel_restart_prepare:83]
EKbox: [machine_restart:237]

EKbox head info:phyaddr=0x0000000084be0000, physize=0x1fffc, msgno=1
EKbox show message[1, 0x31b0]:
                                                                                                                                                                                                                                                                
EKbox: kernel init success!
EKbox: memory init success!
[    0.000000] rcu: Preemptible hierarchical RCU implementation.
[    0.000000] rcu: 	RCU restricting CPUs from NR_CPUS=128 to nr_cpu_ids=4.
[    0.000000] 	Trampoline variant of Tasks RCU enabled.
[    0.000000] rcu: RCU calculated value of scheduler-enlistment delay is 10 jiffies.
[    0.000000] rcu: Adjusting geometry for rcu_fanout_leaf=16, nr_cpu_ids=4
[    0.000000] NR_IRQS: 64, nr_irqs: 64, preallocated irqs: 0
[    0.000000] GICv3: GIC: Using split EOI/Deactivate mode
[    0.000000] GICv3: 256 SPIs implemented
[    0.000000] GICv3: 0 Extended SPIs implemented
[    0.000000] GICv3: Distributor has no Range Selector support
[    0.000000] GICv3: 16 PPIs implemented
[    0.000000] GICv3: CPU0: found redistributor 0 region 0:0x0000000024040000
[    0.000000] rcu: 	Offload RCU callbacks from CPUs: (none).
EKbox: irq init success!
[    0.000000] arch_timer: cp15 timer(s) running at 25.00MHz (phys).
[    0.000000] clocksource: arch_sys_counter: mask: 0xffffffffffffff max_cycles: 0x5c40939b5, max_idle_ns: 440795202646 ns
[    0.010006] sched_clock: 56 bits at 25MHz, resolution 40ns, wraps every 4398046511100ns
[    0.010206] can't find led node, please check it
[    0.010216] Can't find led info in dtb,make sure there is no led on board
[    0.010447] Console: colour dummy device 80x25
EKbox: console init success!
[    0.010649] Calibrating delay loop (skipped), value calculated using timer frequency.. 50.00 BogoMIPS (lpj=250000)
[    0.010673] pid_max: default: 32768 minimum: 301
[    0.011085] LSM: Security Framework initializing
[    0.011119] Yama: becoming mindful.
[    0.011299] Mount-cache hash table entries: 4096 (order: 3, 32768 bytes, linear)
[    0.011327] Mountpoint-cache hash table entries: 4096 (order: 3, 32768 bytes, linear)
EKbox: SVN Last Changed Rev: 20250904204129
EKbox: mastercore load success!
[    0.014581] early_panic_init: Missing panic_core_isolate device node.
[    0.015488] rcu: Hierarchical SRCU implementation.
[    0.016081] dyndbg: Ignore empty _ddebug table in a CONFIG_DYNAMIC_DEBUG_CORE build
[    0.016247] EFI services will not be available.
[    0.016281] page_attr_early_init succeed
[    0.016997] smp: Bringing up secondary CPUs ...
EKbox: slavecore1 load success!
EKbox: slavecore2 load success!
EKbox: slavecore3 load success!
[    0.018430] Detected VIPT I-cache on CPU1
[    0.018481] GICv3: CPU1: found redistributor 100 region 0:0x0000000024060000
[    0.018562] CPU1: Booted secondary processor 0x0000000100 [0x411fd050]
[    0.020338] Detected VIPT I-cache on CPU2
[    0.020377] GICv3: CPU2: found redistributor 200 region 0:0x0000000024080000
[    0.020444] CPU2: Booted secondary processor 0x0000000200 [0x411fd050]
[    0.021953] Detected VIPT I-cache on CPU3
[    0.021991] GICv3: CPU3: found redistributor 300 region 0:0x00000000240a0000
[    0.022055] CPU3: Booted secondary processor 0x0000000300 [0x411fd050]
[    0.022241] smp: Brought up 1 node, 4 CPUs
[    0.022300] SMP: Total of 4 processors activated.
[    0.022313] CPU features: detected: Privileged Access Never
[    0.022322] CPU features: detected: 32-bit EL0 Support
[    0.022331] CPU features: detected: Common not Private translations
[    0.022340] CPU features: detected: Data cache clean to the PoU not required for I/D coherence
[    0.022350] CPU features: detected: CRC32 instructions
[    0.022357] CPU features: detected: Speculative Store Bypassing Safe (SSBS)
[    0.022366] CPU features: detected: 32-bit EL1 Support
[    0.022377] CPU features: detected: RCpc load-acquire (LDAPR)
[    0.023114] CPU: All CPU(s) started at EL2
[    0.023187] alternatives: patching kernel code
[    0.024588] devtmpfs: initialized
[    0.029075] KASLR enabled
[    0.029948] clocksource: jiffies: mask: 0xffffffff max_cycles: 0xffffffff, max_idle_ns: 19112604462750000 ns
[    0.030054] futex hash table entries: 1024 (order: 4, 65536 bytes, linear)
[    0.030225] kworker/u8:0 (32) used greatest stack depth: 12992 bytes left
[    0.030798] pinctrl core: initialized pinctrl subsystem
[    0.033119] DMI not present or invalid.
[    0.033221] softdog_kthread_create
[    0.034123] NET: Registered protocol family 16
[    0.035234] DMA: preallocated 256 KiB GFP_KERNEL pool for atomic allocations
[    0.035329] DMA: preallocated 256 KiB GFP_KERNEL|GFP_DMA pool for atomic allocations
[    0.035460] audit: initializing netlink subsys (disabled)
[    0.035696] audit cpu affinity init success
[    0.035801] audit: type=2000 audit(0.020:1): state=initialized audit_enabled=0 res=1
[    0.040372] thermal_sys: Registered thermal governor 'step_wise'
[    0.041052] cpuidle: using governor ladder
[    0.041120] cpuidle: using governor menu
[    0.041316] hw-breakpoint: found 6 breakpoint and 4 watchpoint registers.
[    0.041508] ASID allocator initialised with 65536 entries
[    0.042260] Serial: AMBA PL011 UART driver
[    0.128963] HugeTLB registered 1.00 GiB page size, pre-allocated 0 pages
[    0.128994] HugeTLB registered 32.0 MiB page size, pre-allocated 0 pages
[    0.129006] HugeTLB registered 2.00 MiB page size, pre-allocated 0 pages
[    0.129016] HugeTLB registered 64.0 KiB page size, pre-allocated 0 pages
[    0.133440] ACPI: Interpreter disabled.
[    0.133581] iommu: Default domain type: Translated 
[    0.135132] NetLabel: Initializing
[    0.135169] NetLabel:  domain hash size = 128
[    0.135178] NetLabel:  protocols = UNLABELED CIPSOv4 CALIPSO
[    0.135285] NetLabel:  unlabeled traffic allowed by default
[    0.136051] clocksource: Switched to clocksource arch_sys_counter
[    0.180566] VFS: Disk quotas dquot_6.6.0
[    0.180695] VFS: Dquot-cache hash table entries: 512 (order 0, 4096 bytes)
[    0.181245] pnp: PnP ACPI: disabled
[    0.205593] NET: Registered protocol family 2
[    0.205862] IP idents hash table entries: 32768 (order: 6, 262144 bytes, linear)
[    0.208017] tcp_listen_portaddr_hash hash table entries: 1024 (order: 3, 40960 bytes, linear)
[    0.208084] Table-perturb hash table entries: 65536 (order: 6, 262144 bytes, linear)
[    0.208159] TCP established hash table entries: 16384 (order: 5, 131072 bytes, linear)
[    0.208305] TCP bind hash table entries: 16384 (order: 7, 524288 bytes, linear)
[    0.208530] TCP: Hash tables configured (established 16384 bind 16384)
[    0.208730] UDP hash table entries: 1024 (order: 4, 98304 bytes, linear)
[    0.208851] UDP-Lite hash table entries: 1024 (order: 4, 98304 bytes, linear)
[    0.209242] NET: Registered protocol family 1
[    0.209297] PCI: CLS 0 bytes, default 64
[    0.209601] Trying to unpack rootfs image as initramfs...
[    0.441687] Freeing initrd memory: 5120K
[    0.442298] kvm [1]: KVM ncsnp disabled
[    0.442320] kvm [1]: KVM dvmbm disabled
[    0.442358] kvm [1]: IPA Size Limit: 40 bits
[    0.443387] kvm [1]: GICv3: no GICV resource entry
[    0.443406] kvm [1]: disabling GICv2 emulation
[    0.443440] kvm [1]: GIC system register CPU interface enabled
[    0.443654] kvm [1]: vgic interrupt IRQ16
[    0.443900] kvm [1]: Hyp mode initialized successfully
[    0.448085] modsign: There is no certification file
[    0.448119] modsign: There is only one cert or no cert
[    0.448132] Initialise system trusted keyrings
[    0.448556] workingset: timestamp_bits=43 max_order=19 bucket_order=0
[    0.461326] squashfs: version 4.0 (2009/01/31) Phillip Lougher
[    0.461782] Huawei Secure C library init
[    0.461807] cms cbb init
[    0.462230] modsign: create major 250 for module crl devs
[    0.506254] Key type asymmetric registered
[    0.506283] Asymmetric key parser 'x509' registered
[    0.506380] Block layer SCSI generic (bsg) driver version 0.4 loaded (major 249)
[    0.506835] io scheduler mq-deadline registered
[    0.653247] create /sys/kernel/tty_status_trace succ.
[    0.653311] did not found ttyname.
[    0.653324] default tty_suspend_mode is 0.
[    0.653336] Serial: 8250/16550 driver, 4 ports, IRQ sharing disabled
[    0.653580] Serial: 8250/16550 suspend register ok.
[    0.653602] get_tty_suspend_info: mode is 0
[    0.657042] printk: console [ttyS0] disabled
[    0.657175] 8710000.uart: ttyS0 at MMIO 0x8710000 (irq = 23, base_baud = 6250000) is a 16550A
[    0.000000] Booting Linux on physical CPU 0x0000000000 [0x411fd050]
[    0.000000] Linux version 5.10.0 (oe-user@oe-host) (aarch64-euler-linux-gcc (BiSheng Embedded CPU 303.0.0.3.B001) 7.3.0, GNU ld (BiSheng Embedded CPU 303.0.0.3.B001) 2.41) #1 SMP PREEMPT Thu Sep 4 20:41:29 CST 2025
[    0.000000] Machine model: Hisilicon Hi1711 ASIC
[    0.000000] efi: UEFI not found.
[    0.000000] NUMA: No NUMA configuration found
[    0.000000] NUMA: Faking a node at [mem 0x0000000084be0000-0x00000000efffffff]
[    0.000000] NUMA: NODE_DATA [mem 0xeffe6640-0xeffe7fff]
[    0.000000] Zone ranges:
[    0.000000]   DMA      [mem 0x0000000084be0000-0x00000000efffffff]
[    0.000000]   Normal   empty
[    0.000000] Movable zone start for each node
[    0.000000] Early memory node ranges
[    0.000000]   node   0: [mem 0x0000000084be0000-0x0000000084bfefff]
[    0.000000]   node   0: [mem 0x0000000087200000-0x00000000efffffff]
[    0.000000] Initmem setup node 0 [mem 0x0000000084be0000-0x00000000efffffff]
[    0.000000] On node 0 totalpages: 429599
[    0.000000]   DMA zone: 6865 pages used for memmap
[    0.000000]   DMA zone: 0 pages reserved
[    0.000000]   DMA zone: 429599 pages, LIFO batch:63
[    0.000000] psci: probing for conduit method from DT.
[    0.000000] psci: PSCIv1.1 detected in firmware.
[    0.000000] psci: Using standard PSCI v0.2 function IDs
[    0.000000] psci: MIGRATE_INFO_TYPE not supported.
[    0.000000] psci: SMC Calling Convention v1.4
[    0.000000] [dts]:cpu type is 1711
[    0.000000] can't find led ctrl node, please check it
[    0.000000] percpu: Embedded 30 pages/cpu s85160 r8192 d29528 u122880
[    0.000000] pcpu-alloc: s85160 r8192 d29528 u122880 alloc=30*4096
[    0.000000] pcpu-alloc: [0] 0 [0] 1 [0] 2 [0] 3 
[    0.000000] Detected VIPT I-cache on CPU0
[    0.000000] CPU features: detected: GIC system register CPU interface
[    0.000000] CPU features: kernel page table isolation disabled by kernel configuration
[    0.000000] CPU features: detected: ARM errata 1165522, 1319367, or 1530923
[    0.000000] Built 1 zonelists, mobility grouping on.  Total pages: 422734
[    0.000000] Policy zone: DMA
[    0.000000] Kernel command line: console=ttyS0,115200n8N earlycon=uart8250,mmio32,0x08710000 initrd=${initrd_load_addr},${initrd_size} rdinit=/sbin/init rw ekbox=0x20000$0x84be0000 kbox_mem=0x2e0000@0x84900000 swift_irqsoff_enable swxn=1
[    0.000000] Fallback order for Node 0: 0 
[    0.000000] printk: log_buf_len individual max cpu contribution: 4096 bytes
[    0.000000] printk: log_buf_len total cpu_extra contributions: 12288 bytes
[    0.000000] printk: log_buf_len min size: 16384 bytes
[    0.000000] printk: log_buf_len: 32768 bytes
[    0.000000] printk: early log buf free: 13904(84%)
[    0.000000] Dentry cache hash table entries: 262144 (order: 9, 2097152 bytes, linear)
[    0.000000] Inode-cache hash table entries: 131072 (order: 8, 1048576 bytes, linear)
[    0.000000] mem auto-init: stack:off, heap alloc:off, heap free:off
[    0.000000] Memory: 1666608K/1718396K available (7808K kernel code, 922K rwdata, 1520K rodata, 1856K init, 2375K bss, 51788K reserved, 0K cma-reserved)
[    0.000000] SLUB: HWalign=64, Order=0-3, MinObjects=0, CPUs=4, Nodes=1
[    0.000000] kmemleak: Kernel memory leak detector disabled
[    0.657730] printk: console [ttyS0] enabled
[    0.659782] cacheinfo: Unable to detect cache hierarchy for CPU 0
[    0.678035] brd: module loaded
[    0.686366] loop: module loaded
[    0.688480] hw perfevents: enabled with armv8_pmuv3 PMU driver, 7 counters available
[    0.689138] fiq_glue_parse_source_common fiq source is 1!
[    0.689163] fiq_glue_parse_type_common fiq type is 0!
[    0.689174] fiq_glue_parse_buffer_offset_type fiq get cpu id type is default!
[    0.689187] fiq_glue_parse_clean_wdt fiq clean-wdt is 0!
[    0.689196] fiq_glue_parse_dead_loop fiq dead-loop is 1!
[    0.689206] fiq_glue_parse_invalid_cache fiq invalid-cache is 1!
[    0.689215] fiq_glue_parse_use_atf_under_same_image fiq use-atf-under-same-image is 0!
[    0.689224] fiq_glue_no_info_init fiq_num is 1, fiq_num_max is 16
[    0.689234] fiq_glue_no_info_init i 0 fiq-no 141
[    0.691055] KBOX: kbox:create region panic, size=65536

EKbox head info:phyaddr=0x0000000084be0000, physize=0x1fffc, msgno=1
EKbox show message[2, 0x32cb]:
                                                                                                                                                                                                                                                                
EKbox: kernel init success!
EKbox: memory init success!
[    0.000000] rcu: Preemptible hierarchical RCU implementation.
[    0.000000] rcu: 	RCU restricting CPUs from NR_CPUS=128 to nr_cpu_ids=4.
[    0.000000] 	Trampoline variant of Tasks RCU enabled.
[    0.000000] rcu: RCU calculated value of scheduler-enlistment delay is 10 jiffies.
[    0.000000] rcu: Adjusting geometry for rcu_fanout_leaf=16, nr_cpu_ids=4
[    0.000000] NR_IRQS: 64, nr_irqs: 64, preallocated irqs: 0
[    0.000000] GICv3: GIC: Using split EOI/Deactivate mode
[    0.000000] GICv3: 256 SPIs implemented
[    0.000000] GICv3: 0 Extended SPIs implemented
[    0.000000] GICv3: Distributor has no Range Selector support
[    0.000000] GICv3: 16 PPIs implemented
[    0.000000] GICv3: CPU0: found redistributor 0 region 0:0x0000000024040000
[    0.000000] rcu: 	Offload RCU callbacks from CPUs: (none).
EKbox: irq init success!
[    0.000000] arch_timer: cp15 timer(s) running at 25.00MHz (phys).
[    0.000000] clocksource: arch_sys_counter: mask: 0xffffffffffffff max_cycles: 0x5c40939b5, max_idle_ns: 440795202646 ns
[    0.010006] sched_clock: 56 bits at 25MHz, resolution 40ns, wraps every 4398046511100ns
[    0.010207] can't find led node, please check it
[    0.010217] Can't find led info in dtb,make sure there is no led on board
[    0.010449] Console: colour dummy device 80x25
EKbox: console init success!
[    0.010656] Calibrating delay loop (skipped), value calculated using timer frequency.. 50.00 BogoMIPS (lpj=250000)
[    0.010681] pid_max: default: 32768 minimum: 301
[    0.011091] LSM: Security Framework initializing
[    0.011126] Yama: becoming mindful.
[    0.011307] Mount-cache hash table entries: 4096 (order: 3, 32768 bytes, linear)
[    0.011333] Mountpoint-cache hash table entries: 4096 (order: 3, 32768 bytes, linear)
EKbox: SVN Last Changed Rev: 20250904204129
EKbox: mastercore load success!
[    0.014577] early_panic_init: Missing panic_core_isolate device node.
[    0.015483] rcu: Hierarchical SRCU implementation.
[    0.016081] dyndbg: Ignore empty _ddebug table in a CONFIG_DYNAMIC_DEBUG_CORE build
[    0.016242] EFI services will not be available.
[    0.016278] page_attr_early_init succeed
[    0.016999] smp: Bringing up secondary CPUs ...
EKbox: slavecore1 load success!
EKbox: slavecore2 load success!
EKbox: slavecore3 load success!
[    0.018418] Detected VIPT I-cache on CPU1
[    0.018468] GICv3: CPU1: found redistributor 100 region 0:0x0000000024060000
[    0.018547] CPU1: Booted secondary processor 0x0000000100 [0x411fd050]
[    0.020305] Detected VIPT I-cache on CPU2
[    0.020344] GICv3: CPU2: found redistributor 200 region 0:0x0000000024080000
[    0.020409] CPU2: Booted secondary processor 0x0000000200 [0x411fd050]
[    0.021908] Detected VIPT I-cache on CPU3
[    0.021946] GICv3: CPU3: found redistributor 300 region 0:0x00000000240a0000
[    0.022008] CPU3: Booted secondary processor 0x0000000300 [0x411fd050]
[    0.022175] smp: Brought up 1 node, 4 CPUs
[    0.022232] SMP: Total of 4 processors activated.
[    0.022245] CPU features: detected: Privileged Access Never
[    0.022254] CPU features: detected: 32-bit EL0 Support
[    0.022263] CPU features: detected: Common not Private translations
[    0.022272] CPU features: detected: Data cache clean to the PoU not required for I/D coherence
[    0.022281] CPU features: detected: CRC32 instructions
[    0.022290] CPU features: detected: Speculative Store Bypassing Safe (SSBS)
[    0.022299] CPU features: detected: 32-bit EL1 Support
[    0.022309] CPU features: detected: RCpc load-acquire (LDAPR)
[    0.023038] CPU: All CPU(s) started at EL2
[    0.023113] alternatives: patching kernel code
[    0.024488] devtmpfs: initialized
[    0.028960] KASLR enabled
[    0.029817] clocksource: jiffies: mask: 0xffffffff max_cycles: 0xffffffff, max_idle_ns: 19112604462750000 ns
[    0.029878] futex hash table entries: 1024 (order: 4, 65536 bytes, linear)
[    0.030099] kworker/u8:0 (32) used greatest stack depth: 12992 bytes left
[    0.030664] pinctrl core: initialized pinctrl subsystem
[    0.032984] DMI not present or invalid.
[    0.033089] softdog_kthread_create
[    0.033991] NET: Registered protocol family 16
[    0.035106] DMA: preallocated 256 KiB GFP_KERNEL pool for atomic allocations
[    0.035202] DMA: preallocated 256 KiB GFP_KERNEL|GFP_DMA pool for atomic allocations
[    0.035334] audit: initializing netlink subsys (disabled)
[    0.035565] audit cpu affinity init success
[    0.035673] audit: type=2000 audit(0.020:1): state=initialized audit_enabled=0 res=1
[    0.040163] thermal_sys: Registered thermal governor 'step_wise'
[    0.040874] cpuidle: using governor ladder
[    0.040946] cpuidle: using governor menu
[    0.041143] hw-breakpoint: found 6 breakpoint and 4 watchpoint registers.
[    0.041334] ASID allocator initialised with 65536 entries
[    0.042113] Serial: AMBA PL011 UART driver
[    0.122098] HugeTLB registered 1.00 GiB page size, pre-allocated 0 pages
[    0.122128] HugeTLB registered 32.0 MiB page size, pre-allocated 0 pages
[    0.122139] HugeTLB registered 2.00 MiB page size, pre-allocated 0 pages
[    0.122150] HugeTLB registered 64.0 KiB page size, pre-allocated 0 pages
[    0.126558] ACPI: Interpreter disabled.
[    0.126736] iommu: Default domain type: Translated 
[    0.128298] NetLabel: Initializing
[    0.128331] NetLabel:  domain hash size = 128
[    0.128339] NetLabel:  protocols = UNLABELED CIPSOv4 CALIPSO
[    0.128451] NetLabel:  unlabeled traffic allowed by default
[    0.129158] clocksource: Switched to clocksource arch_sys_counter
[    0.173553] VFS: Disk quotas dquot_6.6.0
[    0.173669] VFS: Dquot-cache hash table entries: 512 (order 0, 4096 bytes)
[    0.174202] pnp: PnP ACPI: disabled
[    0.196153] NET: Registered protocol family 2
[    0.196436] IP idents hash table entries: 32768 (order: 6, 262144 bytes, linear)
[    0.198489] tcp_listen_portaddr_hash hash table entries: 1024 (order: 3, 40960 bytes, linear)
[    0.198560] Table-perturb hash table entries: 65536 (order: 6, 262144 bytes, linear)
[    0.198635] TCP established hash table entries: 16384 (order: 5, 131072 bytes, linear)
[    0.198780] TCP bind hash table entries: 16384 (order: 7, 524288 bytes, linear)
[    0.199005] TCP: Hash tables configured (established 16384 bind 16384)
[    0.199264] UDP hash table entries: 1024 (order: 4, 98304 bytes, linear)
[    0.199400] UDP-Lite hash table entries: 1024 (order: 4, 98304 bytes, linear)
[    0.199801] NET: Registered protocol family 1
[    0.199858] PCI: CLS 0 bytes, default 64
[    0.200175] Trying to unpack rootfs image as initramfs...
[    0.432516] Freeing initrd memory: 5120K
[    0.433127] kvm [1]: KVM ncsnp disabled
[    0.433147] kvm [1]: KVM dvmbm disabled
[    0.433184] kvm [1]: IPA Size Limit: 40 bits
[    0.434214] kvm [1]: GICv3: no GICV resource entry
[    0.434232] kvm [1]: disabling GICv2 emulation
[    0.434268] kvm [1]: GIC system register CPU interface enabled
[    0.434490] kvm [1]: vgic interrupt IRQ16
[    0.434738] kvm [1]: Hyp mode initialized successfully
[    0.438880] modsign: There is no certification file
[    0.438915] modsign: There is only one cert or no cert
[    0.438926] Initialise system trusted keyrings
[    0.439419] workingset: timestamp_bits=43 max_order=19 bucket_order=0
[    0.452177] squashfs: version 4.0 (2009/01/31) Phillip Lougher
[    0.452616] Huawei Secure C library init
[    0.452640] cms cbb init
[    0.453062] modsign: create major 250 for module crl devs
[    0.496147] Key type asymmetric registered
[    0.496176] Asymmetric key parser 'x509' registered
[    0.496270] Block layer SCSI generic (bsg) driver version 0.4 loaded (major 249)
[    0.496690] io scheduler mq-deadline registered
[    0.645217] create /sys/kernel/tty_status_trace succ.
[    0.645283] did not found ttyname.
[    0.645298] default tty_suspend_mode is 0.
[    0.645310] Serial: 8250/16550 driver, 4 ports, IRQ sharing disabled
[    0.645499] Serial: 8250/16550 suspend register ok.
[    0.645517] get_tty_suspend_info: mode is 0
[    0.648949] printk: console [ttyS0] disabled
[    0.649073] 8710000.uart: ttyS0 at MMIO 0x8710000 (irq = 23, base_baud = 6250000) is a 16550A
[    0.000000] Booting Linux on physical CPU 0x0000000000 [0x411fd050]
[    0.000000] Linux version 5.10.0 (oe-user@oe-host) (aarch64-euler-linux-gcc (BiSheng Embedded CPU 303.0.0.3.B001) 7.3.0, GNU ld (BiSheng Embedded CPU 303.0.0.3.B001) 2.41) #1 SMP PREEMPT Thu Sep 4 20:41:29 CST 2025
[    0.000000] Machine model: Hisilicon Hi1711 ASIC
[    0.000000] efi: UEFI not found.
[    0.000000] NUMA: No NUMA configuration found
[    0.000000] NUMA: Faking a node at [mem 0x0000000084be0000-0x00000000efffffff]
[    0.000000] NUMA: NODE_DATA [mem 0xeffe6640-0xeffe7fff]
[    0.000000] Zone ranges:
[    0.000000]   DMA      [mem 0x0000000084be0000-0x00000000efffffff]
[    0.000000]   Normal   empty
[    0.000000] Movable zone start for each node
[    0.000000] Early memory node ranges
[    0.000000]   node   0: [mem 0x0000000084be0000-0x0000000084bfefff]
[    0.000000]   node   0: [mem 0x0000000087200000-0x00000000efffffff]
[    0.000000] Initmem setup node 0 [mem 0x0000000084be0000-0x00000000efffffff]
[    0.000000] On node 0 totalpages: 429599
[    0.000000]   DMA zone: 6865 pages used for memmap
[    0.000000]   DMA zone: 0 pages reserved
[    0.000000]   DMA zone: 429599 pages, LIFO batch:63
[    0.000000] psci: probing for conduit method from DT.
[    0.000000] psci: PSCIv1.1 detected in firmware.
[    0.000000] psci: Using standard PSCI v0.2 function IDs
[    0.000000] psci: MIGRATE_INFO_TYPE not supported.
[    0.000000] psci: SMC Calling Convention v1.4
[    0.000000] [dts]:cpu type is 1711
[    0.000000] can't find led ctrl node, please check it
[    0.000000] percpu: Embedded 30 pages/cpu s85160 r8192 d29528 u122880
[    0.000000] pcpu-alloc: s85160 r8192 d29528 u122880 alloc=30*4096
[    0.000000] pcpu-alloc: [0] 0 [0] 1 [0] 2 [0] 3 
[    0.000000] Detected VIPT I-cache on CPU0
[    0.000000] CPU features: detected: GIC system register CPU interface
[    0.000000] CPU features: kernel page table isolation disabled by kernel configuration
[    0.000000] CPU features: detected: ARM errata 1165522, 1319367, or 1530923
[    0.000000] Built 1 zonelists, mobility grouping on.  Total pages: 422734
[    0.000000] Policy zone: DMA
[    0.000000] Kernel command line: console=ttyS0,115200n8N earlycon=uart8250,mmio32,0x08710000 initrd=${initrd_load_addr},${initrd_size} rdinit=/sbin/init rw ekbox=0x20000$0x84be0000 kbox_mem=0x2e0000@0x84900000 swift_irqsoff_enable swxn=1
[    0.000000] Fallback order for Node 0: 0 
[    0.000000] printk: log_buf_len individual max cpu contribution: 4096 bytes
[    0.000000] printk: log_buf_len total cpu_extra contributions: 12288 bytes
[    0.000000] printk: log_buf_len min size: 16384 bytes
[    0.000000] printk: log_buf_len: 32768 bytes
[    0.000000] printk: early log buf free: 13904(84%)
[    0.000000] Dentry cache hash table entries: 262144 (order: 9, 2097152 bytes, linear)
[    0.000000] Inode-cache hash table entries: 131072 (order: 8, 1048576 bytes, linear)
[    0.000000] mem auto-init: stack:off, heap alloc:off, heap free:off
[    0.000000] Memory: 1666608K/1718396K available (7808K kernel code, 922K rwdata, 1520K rodata, 1856K init, 2375K bss, 51788K reserved, 0K cma-reserved)
[    0.000000] SLUB: HWalign=64, Order=0-3, MinObjects=0, CPUs=4, Nodes=1
[    0.000000] kmemleak: Kernel memory leak detector disabled
[    0.649649] printk: console [ttyS0] enabled
[    0.651861] cacheinfo: Unable to detect cache hierarchy for CPU 0
[    0.670083] brd: module loaded
[    0.678460] loop: module loaded
[    0.680876] hw perfevents: enabled with armv8_pmuv3 PMU driver, 7 counters available
[    0.681531] fiq_glue_parse_source_common fiq source is 1!
[    0.681555] fiq_glue_parse_type_common fiq type is 0!
[    0.681566] fiq_glue_parse_buffer_offset_type fiq get cpu id type is default!
[    0.681578] fiq_glue_parse_clean_wdt fiq clean-wdt is 0!
[    0.681588] fiq_glue_parse_dead_loop fiq dead-loop is 1!
[    0.681597] fiq_glue_parse_invalid_cache fiq invalid-cache is 1!
[    0.681606] fiq_glue_parse_use_atf_under_same_image fiq use-atf-under-same-image is 0!
[    0.681617] fiq_glue_no_info_init fiq_num is 1, fiq_num_max is 16
[    0.681626] fiq_glue_no_info_init i 0 fiq-no 141
[    0.683375] KBOX: kbox:create region panic, size=65536
EKbox: ------------------starting reboot !------------------
EKbox: [UTC][2026.04.08 07:05:13-160239560][Clock][4375180393960]
EKbox: [__do_sys_reboot:359]
EKbox: [kernel_restart:253]
EKbox: [kernel_restart_prepare:78]
EKbox: [kernel_restart_prepare:83]
EKbox: [machine_restart:237]

EKbox head info:phyaddr=0x0000000084be0000, physize=0x1fffc, msgno=1
EKbox show message[3, 0x32cb]:
                                                                                                                                                                                                                                                                
EKbox: kernel init success!
EKbox: memory init success!
[    0.000000] rcu: Preemptible hierarchical RCU implementation.
[    0.000000] rcu: 	RCU restricting CPUs from NR_CPUS=128 to nr_cpu_ids=4.
[    0.000000] 	Trampoline variant of Tasks RCU enabled.
[    0.000000] rcu: RCU calculated value of scheduler-enlistment delay is 10 jiffies.
[    0.000000] rcu: Adjusting geometry for rcu_fanout_leaf=16, nr_cpu_ids=4
[    0.000000] NR_IRQS: 64, nr_irqs: 64, preallocated irqs: 0
[    0.000000] GICv3: GIC: Using split EOI/Deactivate mode
[    0.000000] GICv3: 256 SPIs implemented
[    0.000000] GICv3: 0 Extended SPIs implemented
[    0.000000] GICv3: Distributor has no Range Selector support
[    0.000000] GICv3: 16 PPIs implemented
[    0.000000] GICv3: CPU0: found redistributor 0 region 0:0x0000000024040000
[    0.000000] rcu: 	Offload RCU callbacks from CPUs: (none).
EKbox: irq init success!
[    0.000000] arch_timer: cp15 timer(s) running at 25.00MHz (phys).
[    0.000000] clocksource: arch_sys_counter: mask: 0xffffffffffffff max_cycles: 0x5c40939b5, max_idle_ns: 440795202646 ns
[    0.010006] sched_clock: 56 bits at 25MHz, resolution 40ns, wraps every 4398046511100ns
[    0.010207] can't find led node, please check it
[    0.010217] Can't find led info in dtb,make sure there is no led on board
[    0.010448] Console: colour dummy device 80x25
EKbox: console init success!
[    0.010652] Calibrating delay loop (skipped), value calculated using timer frequency.. 50.00 BogoMIPS (lpj=250000)
[    0.010676] pid_max: default: 32768 minimum: 301
[    0.011090] LSM: Security Framework initializing
[    0.011126] Yama: becoming mindful.
[    0.011308] Mount-cache hash table entries: 4096 (order: 3, 32768 bytes, linear)
[    0.011335] Mountpoint-cache hash table entries: 4096 (order: 3, 32768 bytes, linear)
EKbox: SVN Last Changed Rev: 20250904204129
EKbox: mastercore load success!
[    0.014582] early_panic_init: Missing panic_core_isolate device node.
[    0.015492] rcu: Hierarchical SRCU implementation.
[    0.016096] dyndbg: Ignore empty _ddebug table in a CONFIG_DYNAMIC_DEBUG_CORE build
[    0.016263] EFI services will not be available.
[    0.016295] page_attr_early_init succeed
[    0.017024] smp: Bringing up secondary CPUs ...
EKbox: slavecore1 load success!
EKbox: slavecore2 load success!
EKbox: slavecore3 load success!
[    0.018448] Detected VIPT I-cache on CPU1
[    0.018499] GICv3: CPU1: found redistributor 100 region 0:0x0000000024060000
[    0.018579] CPU1: Booted secondary processor 0x0000000100 [0x411fd050]
[    0.020353] Detected VIPT I-cache on CPU2
[    0.020392] GICv3: CPU2: found redistributor 200 region 0:0x0000000024080000
[    0.020459] CPU2: Booted secondary processor 0x0000000200 [0x411fd050]
[    0.021961] Detected VIPT I-cache on CPU3
[    0.021999] GICv3: CPU3: found redistributor 300 region 0:0x00000000240a0000
[    0.022062] CPU3: Booted secondary processor 0x0000000300 [0x411fd050]
[    0.022230] smp: Brought up 1 node, 4 CPUs
[    0.022289] SMP: Total of 4 processors activated.
[    0.022301] CPU features: detected: Privileged Access Never
[    0.022310] CPU features: detected: 32-bit EL0 Support
[    0.022319] CPU features: detected: Common not Private translations
[    0.022329] CPU features: detected: Data cache clean to the PoU not required for I/D coherence
[    0.022338] CPU features: detected: CRC32 instructions
[    0.022346] CPU features: detected: Speculative Store Bypassing Safe (SSBS)
[    0.022356] CPU features: detected: 32-bit EL1 Support
[    0.022366] CPU features: detected: RCpc load-acquire (LDAPR)
[    0.023102] CPU: All CPU(s) started at EL2
[    0.023176] alternatives: patching kernel code
[    0.024544] devtmpfs: initialized
[    0.029031] KASLR enabled
[    0.029878] clocksource: jiffies: mask: 0xffffffff max_cycles: 0xffffffff, max_idle_ns: 19112604462750000 ns
[    0.029939] futex hash table entries: 1024 (order: 4, 65536 bytes, linear)
[    0.030153] kworker/u8:0 (32) used greatest stack depth: 12992 bytes left
[    0.030735] pinctrl core: initialized pinctrl subsystem
[    0.033070] DMI not present or invalid.
[    0.033175] softdog_kthread_create
[    0.034071] NET: Registered protocol family 16
[    0.035184] DMA: preallocated 256 KiB GFP_KERNEL pool for atomic allocations
[    0.035278] DMA: preallocated 256 KiB GFP_KERNEL|GFP_DMA pool for atomic allocations
[    0.035410] audit: initializing netlink subsys (disabled)
[    0.035643] audit cpu affinity init success
[    0.035749] audit: type=2000 audit(0.020:1): state=initialized audit_enabled=0 res=1
[    0.040345] thermal_sys: Registered thermal governor 'step_wise'
[    0.041024] cpuidle: using governor ladder
[    0.041092] cpuidle: using governor menu
[    0.041286] hw-breakpoint: found 6 breakpoint and 4 watchpoint registers.
[    0.041481] ASID allocator initialised with 65536 entries
[    0.042237] Serial: AMBA PL011 UART driver
[    0.133680] HugeTLB registered 1.00 GiB page size, pre-allocated 0 pages
[    0.133711] HugeTLB registered 32.0 MiB page size, pre-allocated 0 pages
[    0.133724] HugeTLB registered 2.00 MiB page size, pre-allocated 0 pages
[    0.133735] HugeTLB registered 64.0 KiB page size, pre-allocated 0 pages
[    0.138021] ACPI: Interpreter disabled.
[    0.138165] iommu: Default domain type: Translated 
[    0.139789] NetLabel: Initializing
[    0.139821] NetLabel:  domain hash size = 128
[    0.139830] NetLabel:  protocols = UNLABELED CIPSOv4 CALIPSO
[    0.139940] NetLabel:  unlabeled traffic allowed by default
[    0.140751] clocksource: Switched to clocksource arch_sys_counter
[    0.185190] VFS: Disk quotas dquot_6.6.0
[    0.185303] VFS: Dquot-cache hash table entries: 512 (order 0, 4096 bytes)
[    0.185775] pnp: PnP ACPI: disabled
[    0.205502] NET: Registered protocol family 2
[    0.205798] IP idents hash table entries: 32768 (order: 6, 262144 bytes, linear)
[    0.207801] tcp_listen_portaddr_hash hash table entries: 1024 (order: 3, 40960 bytes, linear)
[    0.207871] Table-perturb hash table entries: 65536 (order: 6, 262144 bytes, linear)
[    0.207946] TCP established hash table entries: 16384 (order: 5, 131072 bytes, linear)
[    0.208092] TCP bind hash table entries: 16384 (order: 7, 524288 bytes, linear)
[    0.208317] TCP: Hash tables configured (established 16384 bind 16384)
[    0.208539] UDP hash table entries: 1024 (order: 4, 98304 bytes, linear)
[    0.208661] UDP-Lite hash table entries: 1024 (order: 4, 98304 bytes, linear)
[    0.209015] NET: Registered protocol family 1
[    0.209071] PCI: CLS 0 bytes, default 64
[    0.209351] Trying to unpack rootfs image as initramfs...
[    0.441652] Freeing initrd memory: 5120K
[    0.442303] kvm [1]: KVM ncsnp disabled
[    0.442322] kvm [1]: KVM dvmbm disabled
[    0.442358] kvm [1]: IPA Size Limit: 40 bits
[    0.443382] kvm [1]: GICv3: no GICV resource entry
[    0.443400] kvm [1]: disabling GICv2 emulation
[    0.443439] kvm [1]: GIC system register CPU interface enabled
[    0.443701] kvm [1]: vgic interrupt IRQ16
[    0.443957] kvm [1]: Hyp mode initialized successfully
[    0.448115] modsign: There is no certification file
[    0.448144] modsign: There is only one cert or no cert
[    0.448155] Initialise system trusted keyrings
[    0.448832] workingset: timestamp_bits=43 max_order=19 bucket_order=0
[    0.461658] squashfs: version 4.0 (2009/01/31) Phillip Lougher
[    0.462112] Huawei Secure C library init
[    0.462137] cms cbb init
[    0.462463] modsign: create major 250 for module crl devs
[    0.504997] Key type asymmetric registered
[    0.505022] Asymmetric key parser 'x509' registered
[    0.505115] Block layer SCSI generic (bsg) driver version 0.4 loaded (major 249)
[    0.505358] io scheduler mq-deadline registered
[    0.637156] create /sys/kernel/tty_status_trace succ.
[    0.637223] did not found ttyname.
[    0.637236] default tty_suspend_mode is 0.
[    0.637248] Serial: 8250/16550 driver, 4 ports, IRQ sharing disabled
[    0.637462] Serial: 8250/16550 suspend register ok.
[    0.637483] get_tty_suspend_info: mode is 0
[    0.641083] printk: console [ttyS0] disabled
[    0.641240] 8710000.uart: ttyS0 at MMIO 0x8710000 (irq = 23, base_baud = 6250000) is a 16550A
[    0.000000] Booting Linux on physical CPU 0x0000000000 [0x411fd050]
[    0.000000] Linux version 5.10.0 (oe-user@oe-host) (aarch64-euler-linux-gcc (BiSheng Embedded CPU 303.0.0.3.B001) 7.3.0, GNU ld (BiSheng Embedded CPU 303.0.0.3.B001) 2.41) #1 SMP PREEMPT Thu Sep 4 20:41:29 CST 2025
[    0.000000] Machine model: Hisilicon Hi1711 ASIC
[    0.000000] efi: UEFI not found.
[    0.000000] NUMA: No NUMA configuration found
[    0.000000] NUMA: Faking a node at [mem 0x0000000084be0000-0x00000000efffffff]
[    0.000000] NUMA: NODE_DATA [mem 0xeffe6640-0xeffe7fff]
[    0.000000] Zone ranges:
[    0.000000]   DMA      [mem 0x0000000084be0000-0x00000000efffffff]
[    0.000000]   Normal   empty
[    0.000000] Movable zone start for each node
[    0.000000] Early memory node ranges
[    0.000000]   node   0: [mem 0x0000000084be0000-0x0000000084bfefff]
[    0.000000]   node   0: [mem 0x0000000087200000-0x00000000efffffff]
[    0.000000] Initmem setup node 0 [mem 0x0000000084be0000-0x00000000efffffff]
[    0.000000] On node 0 totalpages: 429599
[    0.000000]   DMA zone: 6865 pages used for memmap
[    0.000000]   DMA zone: 0 pages reserved
[    0.000000]   DMA zone: 429599 pages, LIFO batch:63
[    0.000000] psci: probing for conduit method from DT.
[    0.000000] psci: PSCIv1.1 detected in firmware.
[    0.000000] psci: Using standard PSCI v0.2 function IDs
[    0.000000] psci: MIGRATE_INFO_TYPE not supported.
[    0.000000] psci: SMC Calling Convention v1.4
[    0.000000] [dts]:cpu type is 1711
[    0.000000] can't find led ctrl node, please check it
[    0.000000] percpu: Embedded 30 pages/cpu s85160 r8192 d29528 u122880
[    0.000000] pcpu-alloc: s85160 r8192 d29528 u122880 alloc=30*4096
[    0.000000] pcpu-alloc: [0] 0 [0] 1 [0] 2 [0] 3 
[    0.000000] Detected VIPT I-cache on CPU0
[    0.000000] CPU features: detected: GIC system register CPU interface
[    0.000000] CPU features: kernel page table isolation disabled by kernel configuration
[    0.000000] CPU features: detected: ARM errata 1165522, 1319367, or 1530923
[    0.000000] Built 1 zonelists, mobility grouping on.  Total pages: 422734
[    0.000000] Policy zone: DMA
[    0.000000] Kernel command line: console=ttyS0,115200n8N earlycon=uart8250,mmio32,0x08710000 initrd=${initrd_load_addr},${initrd_size} rdinit=/sbin/init rw ekbox=0x20000$0x84be0000 kbox_mem=0x2e0000@0x84900000 swift_irqsoff_enable swxn=1
[    0.000000] Fallback order for Node 0: 0 
[    0.000000] printk: log_buf_len individual max cpu contribution: 4096 bytes
[    0.000000] printk: log_buf_len total cpu_extra contributions: 12288 bytes
[    0.000000] printk: log_buf_len min size: 16384 bytes
[    0.000000] printk: log_buf_len: 32768 bytes
[    0.000000] printk: early log buf free: 13904(84%)
[    0.000000] Dentry cache hash table entries: 262144 (order: 9, 2097152 bytes, linear)
[    0.000000] Inode-cache hash table entries: 131072 (order: 8, 1048576 bytes, linear)
[    0.000000] mem auto-init: stack:off, heap alloc:off, heap free:off
[    0.000000] Memory: 1666608K/1718396K available (7808K kernel code, 922K rwdata, 1520K rodata, 1856K init, 2375K bss, 51788K reserved, 0K cma-reserved)
[    0.000000] SLUB: HWalign=64, Order=0-3, MinObjects=0, CPUs=4, Nodes=1
[    0.000000] kmemleak: Kernel memory leak detector disabled
[    0.641766] printk: console [ttyS0] enabled
[    0.643880] cacheinfo: Unable to detect cache hierarchy for CPU 0
[    0.662001] brd: module loaded
[    0.670296] loop: module loaded
[    0.672634] hw perfevents: enabled with armv8_pmuv3 PMU driver, 7 counters available
[    0.673271] fiq_glue_parse_source_common fiq source is 1!
[    0.673296] fiq_glue_parse_type_common fiq type is 0!
[    0.673308] fiq_glue_parse_buffer_offset_type fiq get cpu id type is default!
[    0.673320] fiq_glue_parse_clean_wdt fiq clean-wdt is 0!
[    0.673330] fiq_glue_parse_dead_loop fiq dead-loop is 1!
[    0.673339] fiq_glue_parse_invalid_cache fiq invalid-cache is 1!
[    0.673349] fiq_glue_parse_use_atf_under_same_image fiq use-atf-under-same-image is 0!
[    0.673359] fiq_glue_no_info_init fiq_num is 1, fiq_num_max is 16
[    0.673369] fiq_glue_no_info_init i 0 fiq-no 141
[    0.675115] KBOX: kbox:create region panic, size=65536
EKbox: ------------------starting reboot !------------------
EKbox: [UTC][2026.04.08 08:41:10-655647880][Clock][5746702104800]
EKbox: [__do_sys_reboot:359]
EKbox: [kernel_restart:253]
EKbox: [kernel_restart_prepare:78]
EKbox: [kernel_restart_prepare:83]
EKbox: [machine_restart:237]

EKbox head info:phyaddr=0x0000000084be0000, physize=0x1fffc, msgno=1
EKbox show message[4, 0x3319]:
                                                                                                                                                                                                                                                                
EKbox: kernel init success!
EKbox: memory init success!
[    0.000000] rcu: Preemptible hierarchical RCU implementation.
[    0.000000] rcu: 	RCU restricting CPUs from NR_CPUS=128 to nr_cpu_ids=4.
[    0.000000] 	Trampoline variant of Tasks RCU enabled.
[    0.000000] rcu: RCU calculated value of scheduler-enlistment delay is 10 jiffies.
[    0.000000] rcu: Adjusting geometry for rcu_fanout_leaf=16, nr_cpu_ids=4
[    0.000000] NR_IRQS: 64, nr_irqs: 64, preallocated irqs: 0
[    0.000000] GICv3: GIC: Using split EOI/Deactivate mode
[    0.000000] GICv3: 256 SPIs implemented
[    0.000000] GICv3: 0 Extended SPIs implemented
[    0.000000] GICv3: Distributor has no Range Selector support
[    0.000000] GICv3: 16 PPIs implemented
[    0.000000] GICv3: CPU0: found redistributor 0 region 0:0x0000000024040000
[    0.000000] rcu: 	Offload RCU callbacks from CPUs: (none).
EKbox: irq init success!
[    0.000000] arch_timer: cp15 timer(s) running at 25.00MHz (phys).
[    0.000000] clocksource: arch_sys_counter: mask: 0xffffffffffffff max_cycles: 0x5c40939b5, max_idle_ns: 440795202646 ns
[    0.010006] sched_clock: 56 bits at 25MHz, resolution 40ns, wraps every 4398046511100ns
[    0.010208] can't find led node, please check it
[    0.010219] Can't find led info in dtb,make sure there is no led on board
[    0.010449] Console: colour dummy device 80x25
EKbox: console init success!
[    0.010653] Calibrating delay loop (skipped), value calculated using timer frequency.. 50.00 BogoMIPS (lpj=250000)
[    0.010677] pid_max: default: 32768 minimum: 301
[    0.011088] LSM: Security Framework initializing
[    0.011124] Yama: becoming mindful.
[    0.011304] Mount-cache hash table entries: 4096 (order: 3, 32768 bytes, linear)
[    0.011332] Mountpoint-cache hash table entries: 4096 (order: 3, 32768 bytes, linear)
EKbox: SVN Last Changed Rev: 20250904204129
EKbox: mastercore load success!
[    0.014588] early_panic_init: Missing panic_core_isolate device node.
[    0.015499] rcu: Hierarchical SRCU implementation.
[    0.016103] dyndbg: Ignore empty _ddebug table in a CONFIG_DYNAMIC_DEBUG_CORE build
[    0.016273] EFI services will not be available.
[    0.016306] page_attr_early_init succeed
[    0.017025] smp: Bringing up secondary CPUs ...
EKbox: slavecore1 load success!
EKbox: slavecore2 load success!
EKbox: slavecore3 load success!
[    0.018470] Detected VIPT I-cache on CPU1
[    0.018520] GICv3: CPU1: found redistributor 100 region 0:0x0000000024060000
[    0.018599] CPU1: Booted secondary processor 0x0000000100 [0x411fd050]
[    0.020362] Detected VIPT I-cache on CPU2
[    0.020401] GICv3: CPU2: found redistributor 200 region 0:0x0000000024080000
[    0.020465] CPU2: Booted secondary processor 0x0000000200 [0x411fd050]
[    0.021968] Detected VIPT I-cache on CPU3
[    0.022006] GICv3: CPU3: found redistributor 300 region 0:0x00000000240a0000
[    0.022070] CPU3: Booted secondary processor 0x0000000300 [0x411fd050]
[    0.022252] smp: Brought up 1 node, 4 CPUs
[    0.022310] SMP: Total of 4 processors activated.
[    0.022323] CPU features: detected: Privileged Access Never
[    0.022331] CPU features: detected: 32-bit EL0 Support
[    0.022340] CPU features: detected: Common not Private translations
[    0.022350] CPU features: detected: Data cache clean to the PoU not required for I/D coherence
[    0.022359] CPU features: detected: CRC32 instructions
[    0.022367] CPU features: detected: Speculative Store Bypassing Safe (SSBS)
[    0.022376] CPU features: detected: 32-bit EL1 Support
[    0.022387] CPU features: detected: RCpc load-acquire (LDAPR)
[    0.023118] CPU: All CPU(s) started at EL2
[    0.023189] alternatives: patching kernel code
[    0.024581] devtmpfs: initialized
[    0.029068] KASLR enabled
[    0.029918] clocksource: jiffies: mask: 0xffffffff max_cycles: 0xffffffff, max_idle_ns: 19112604462750000 ns
[    0.030043] futex hash table entries: 1024 (order: 4, 65536 bytes, linear)
[    0.030196] kworker/u8:0 (32) used greatest stack depth: 12992 bytes left
[    0.030781] pinctrl core: initialized pinctrl subsystem
[    0.033110] DMI not present or invalid.
[    0.033214] softdog_kthread_create
[    0.034116] NET: Registered protocol family 16
[    0.035223] DMA: preallocated 256 KiB GFP_KERNEL pool for atomic allocations
[    0.035320] DMA: preallocated 256 KiB GFP_KERNEL|GFP_DMA pool for atomic allocations
[    0.035449] audit: initializing netlink subsys (disabled)
[    0.035680] audit cpu affinity init success
[    0.035789] audit: type=2000 audit(0.020:1): state=initialized audit_enabled=0 res=1
[    0.040267] thermal_sys: Registered thermal governor 'step_wise'
[    0.040935] cpuidle: using governor ladder
[    0.041009] cpuidle: using governor menu
[    0.041197] hw-breakpoint: found 6 breakpoint and 4 watchpoint registers.
[    0.041396] ASID allocator initialised with 65536 entries
[    0.041710] Serial: AMBA PL011 UART driver
[    0.098738] HugeTLB registered 1.00 GiB page size, pre-allocated 0 pages
[    0.098765] HugeTLB registered 32.0 MiB page size, pre-allocated 0 pages
[    0.098776] HugeTLB registered 2.00 MiB page size, pre-allocated 0 pages
[    0.098787] HugeTLB registered 64.0 KiB page size, pre-allocated 0 pages
[    0.103329] ACPI: Interpreter disabled.
[    0.103465] iommu: Default domain type: Translated 
[    0.105056] NetLabel: Initializing
[    0.105088] NetLabel:  domain hash size = 128
[    0.105098] NetLabel:  protocols = UNLABELED CIPSOv4 CALIPSO
[    0.105205] NetLabel:  unlabeled traffic allowed by default
[    0.106383] clocksource: Switched to clocksource arch_sys_counter
[    0.150801] VFS: Disk quotas dquot_6.6.0
[    0.150913] VFS: Dquot-cache hash table entries: 512 (order 0, 4096 bytes)
[    0.151387] pnp: PnP ACPI: disabled
[    0.156225] kworker/u8:1 (367) used greatest stack depth: 12848 bytes left
[    0.171478] NET: Registered protocol family 2
[    0.171770] IP idents hash table entries: 32768 (order: 6, 262144 bytes, linear)
[    0.173943] tcp_listen_portaddr_hash hash table entries: 1024 (order: 3, 40960 bytes, linear)
[    0.174008] Table-perturb hash table entries: 65536 (order: 6, 262144 bytes, linear)
[    0.174070] TCP established hash table entries: 16384 (order: 5, 131072 bytes, linear)
[    0.174215] TCP bind hash table entries: 16384 (order: 7, 524288 bytes, linear)
[    0.174441] TCP: Hash tables configured (established 16384 bind 16384)
[    0.174638] UDP hash table entries: 1024 (order: 4, 98304 bytes, linear)
[    0.174754] UDP-Lite hash table entries: 1024 (order: 4, 98304 bytes, linear)
[    0.175132] NET: Registered protocol family 1
[    0.175188] PCI: CLS 0 bytes, default 64
[    0.175453] Trying to unpack rootfs image as initramfs...
[    0.407600] Freeing initrd memory: 5120K
[    0.408249] kvm [1]: KVM ncsnp disabled
[    0.408269] kvm [1]: KVM dvmbm disabled
[    0.408305] kvm [1]: IPA Size Limit: 40 bits
[    0.409331] kvm [1]: GICv3: no GICV resource entry
[    0.409347] kvm [1]: disabling GICv2 emulation
[    0.409386] kvm [1]: GIC system register CPU interface enabled
[    0.409646] kvm [1]: vgic interrupt IRQ16
[    0.409894] kvm [1]: Hyp mode initialized successfully
[    0.414134] modsign: There is no certification file
[    0.414168] modsign: There is only one cert or no cert
[    0.414182] Initialise system trusted keyrings
[    0.414971] workingset: timestamp_bits=43 max_order=19 bucket_order=0
[    0.427764] squashfs: version 4.0 (2009/01/31) Phillip Lougher
[    0.428217] Huawei Secure C library init
[    0.428242] cms cbb init
[    0.428596] modsign: create major 250 for module crl devs
[    0.471042] Key type asymmetric registered
[    0.471072] Asymmetric key parser 'x509' registered
[    0.471171] Block layer SCSI generic (bsg) driver version 0.4 loaded (major 249)
[    0.471433] io scheduler mq-deadline registered
[    0.604170] create /sys/kernel/tty_status_trace succ.
[    0.604239] did not found ttyname.
[    0.604251] default tty_suspend_mode is 0.
[    0.604262] Serial: 8250/16550 driver, 4 ports, IRQ sharing disabled
[    0.604496] Serial: 8250/16550 suspend register ok.
[    0.604521] get_tty_suspend_info: mode is 0
[    0.608097] printk: console [ttyS0] disabled
[    0.608219] 8710000.uart: ttyS0 at MMIO 0x8710000 (irq = 23, base_baud = 6250000) is a 16550A
[    0.000000] Booting Linux on physical CPU 0x0000000000 [0x411fd050]
[    0.000000] Linux version 5.10.0 (oe-user@oe-host) (aarch64-euler-linux-gcc (BiSheng Embedded CPU 303.0.0.3.B001) 7.3.0, GNU ld (BiSheng Embedded CPU 303.0.0.3.B001) 2.41) #1 SMP PREEMPT Thu Sep 4 20:41:29 CST 2025
[    0.000000] Machine model: Hisilicon Hi1711 ASIC
[    0.000000] efi: UEFI not found.
[    0.000000] NUMA: No NUMA configuration found
[    0.000000] NUMA: Faking a node at [mem 0x0000000084be0000-0x00000000efffffff]
[    0.000000] NUMA: NODE_DATA [mem 0xeffe6640-0xeffe7fff]
[    0.000000] Zone ranges:
[    0.000000]   DMA      [mem 0x0000000084be0000-0x00000000efffffff]
[    0.000000]   Normal   empty
[    0.000000] Movable zone start for each node
[    0.000000] Early memory node ranges
[    0.000000]   node   0: [mem 0x0000000084be0000-0x0000000084bfefff]
[    0.000000]   node   0: [mem 0x0000000087200000-0x00000000efffffff]
[    0.000000] Initmem setup node 0 [mem 0x0000000084be0000-0x00000000efffffff]
[    0.000000] On node 0 totalpages: 429599
[    0.000000]   DMA zone: 6865 pages used for memmap
[    0.000000]   DMA zone: 0 pages reserved
[    0.000000]   DMA zone: 429599 pages, LIFO batch:63
[    0.000000] psci: probing for conduit method from DT.
[    0.000000] psci: PSCIv1.1 detected in firmware.
[    0.000000] psci: Using standard PSCI v0.2 function IDs
[    0.000000] psci: MIGRATE_INFO_TYPE not supported.
[    0.000000] psci: SMC Calling Convention v1.4
[    0.000000] [dts]:cpu type is 1711
[    0.000000] can't find led ctrl node, please check it
[    0.000000] percpu: Embedded 30 pages/cpu s85160 r8192 d29528 u122880
[    0.000000] pcpu-alloc: s85160 r8192 d29528 u122880 alloc=30*4096
[    0.000000] pcpu-alloc: [0] 0 [0] 1 [0] 2 [0] 3 
[    0.000000] Detected VIPT I-cache on CPU0
[    0.000000] CPU features: detected: GIC system register CPU interface
[    0.000000] CPU features: kernel page table isolation disabled by kernel configuration
[    0.000000] CPU features: detected: ARM errata 1165522, 1319367, or 1530923
[    0.000000] Built 1 zonelists, mobility grouping on.  Total pages: 422734
[    0.000000] Policy zone: DMA
[    0.000000] Kernel command line: console=ttyS0,115200n8N earlycon=uart8250,mmio32,0x08710000 initrd=${initrd_load_addr},${initrd_size} rdinit=/sbin/init rw ekbox=0x20000$0x84be0000 kbox_mem=0x2e0000@0x84900000 swift_irqsoff_enable swxn=1
[    0.000000] Fallback order for Node 0: 0 
[    0.000000] printk: log_buf_len individual max cpu contribution: 4096 bytes
[    0.000000] printk: log_buf_len total cpu_extra contributions: 12288 bytes
[    0.000000] printk: log_buf_len min size: 16384 bytes
[    0.000000] printk: log_buf_len: 32768 bytes
[    0.000000] printk: early log buf free: 13904(84%)
[    0.000000] Dentry cache hash table entries: 262144 (order: 9, 2097152 bytes, linear)
[    0.000000] Inode-cache hash table entries: 131072 (order: 8, 1048576 bytes, linear)
[    0.000000] mem auto-init: stack:off, heap alloc:off, heap free:off
[    0.000000] Memory: 1666608K/1718396K available (7808K kernel code, 922K rwdata, 1520K rodata, 1856K init, 2375K bss, 51788K reserved, 0K cma-reserved)
[    0.000000] SLUB: HWalign=64, Order=0-3, MinObjects=0, CPUs=4, Nodes=1
[    0.000000] kmemleak: Kernel memory leak detector disabled
[    0.608744] printk: console [ttyS0] enabled
[    0.610965] cacheinfo: Unable to detect cache hierarchy for CPU 0
[    0.628972] brd: module loaded
[    0.637270] loop: module loaded
[    0.639416] hw perfevents: enabled with armv8_pmuv3 PMU driver, 7 counters available
[    0.640048] fiq_glue_parse_source_common fiq source is 1!
[    0.640072] fiq_glue_parse_type_common fiq type is 0!
[    0.640083] fiq_glue_parse_buffer_offset_type fiq get cpu id type is default!
[    0.640096] fiq_glue_parse_clean_wdt fiq clean-wdt is 0!
[    0.640107] fiq_glue_parse_dead_loop fiq dead-loop is 1!
[    0.640116] fiq_glue_parse_invalid_cache fiq invalid-cache is 1!
[    0.640126] fiq_glue_parse_use_atf_under_same_image fiq use-atf-under-same-image is 0!
[    0.640135] fiq_glue_no_info_init fiq_num is 1, fiq_num_max is 16
[    0.640145] fiq_glue_no_info_init i 0 fiq-no 141
[    0.641981] KBOX: kbox:create region panic, size=65536
EKbox: ------------------starting reboot !------------------
EKbox: [UTC][2026.04.08 09:59:43-950328040][Clock][4692967764440]
EKbox: [__do_sys_reboot:359]
EKbox: [kernel_restart:253]
EKbox: [kernel_restart_prepare:78]
EKbox: [kernel_restart_prepare:83]
EKbox: [machine_restart:237]

cat /proc/kbox/regions/panic
[20260408092705]123,2026-04-08 09:27:05,12169,sfc_spi_search_rw,125,dump[1] isread(0) iftype:1
[20260408092705]124,2026-04-08 09:27:05,12169,sfc_core_show_spi,1690,Spi(cs 1): 
[20260408092705]125,2026-04-08 09:27:05,12169,sfc_core_show_spi,1691,Name:"IS25WP256E"
[20260408092705]Creating 1 MTD partitions on "hi_sfc0.1":
[20260408092705]0x000000000000-0x000002000000 : "sfc0cs1"
[20260408092705]126,2026-04-08 09:27:05,12184,hisfc_drv_remove,888,hisfc_drv_remove
[20260408092705]127,2026-04-08 09:27:05,12184,hisfc_drv_remove,896,hisfc_drv_remove bus 0
[20260408092705]Deleting MTD partitions on "hi_sfc0.1":
[20260408092705]Deleting sfc0cs1 MTD partition
[20260408093157]usb device-0: gadget reset 
[20260408093157]usb device-0: reset configuration. gadget state <7> 
[20260408093157]usb device-0: Keyboard disabled 
[20260408093157]usb device-0: Mouse disabled 
[20260408093157]usb device-0: setup-request[T:8][0]:0x80 0x06 0x00 0x01 0x00 0x00 0x08 0x00 
[20260408093157]usb device-0: setup-request[T:8][0]:0x80 0x06 0x00 0x01 0x00 0x00 0x12 0x00 
[20260408093157]usb device-0: setup-request[T:8][0]:0x80 0x06 0x00 0x02 0x00 0x00 0x08 0x00 
[20260408093157]usb device-0: setup-request[T:8][0]:0x80 0x06 0x00 0x02 0x00 0x00 0x3b 0x00 
[20260408093157]usb device-0: setup-request[T:8][0]:0x80 0x06 0x00 0x03 0x00 0x00 0x02 0x00 
[20260408093157]usb device-0: setup-request[T:8][0]:0x80 0x06 0x00 0x03 0x00 0x00 0x04 0x00 
[20260408093157]usb device-0: setup-request[T:8][0]:0x00 0x09 0x01 0x00 0x00 0x00 0x00 0x00 
[20260408093157]usb device-0: setup configuration. gadget state <6> 
[20260408093157]usb device-0: Keyboard configured 
[20260408093157]usb device-0: Mouse configured 
[20260408093157]usb device-0: setup-request[T:8][0]:0x80 0x08 0x00 0x00 0x00 0x00 0x01 0x00 
[20260408093157]usb device-0: setup-request[T:8][0]:0x21 0x0b 0x00 0x00 0x00 0x00 0x00 0x00 
[20260408093157]usb device-0: setup-request[T:8][0]:0x21 0x09 0x00 0x02 0x00 0x00 0x01 0x00 
[20260408093157]usb device-0: setup-request[T:8][0]:0x21 0x09 0x00 0x02 0x00 0x00 0x01 0x00 
[20260408093221]usb device-0: setup-request[T:8][0]:0x80 0x06 0x00 0x02 0x00 0x00 0x3b 0x00 
[20260408093221]usb device-0: setup-request[T:8][0]:0x81 0x06 0x00 0x22 0x01 0x00 0x3c 0x00 
[20260408093221]usb device-0: setup-request[T:8][0]:0xa1 0x03 0x00 0x00 0x01 0x00 0x01 0x00 
[20260408093221]usb device-0: setup-request[T:8][0]:0x21 0x0b 0x00 0x00 0x01 0x00 0x00 0x00 
[20260408093228]128,2026-04-08 09:32:28,2736,mctp_reset,1477,reset mctp ok!
[20260408093228]129,2026-04-08 09:32:28,2736,mctp_dereset,1501,dereset mctp ok!
[20260408093442]usb device-0: gadget reset 
[20260408093442]usb device-0: reset configuration. gadget state <7> 
[20260408093442]usb device-0: Keyboard disabled 
[20260408093442]usb device-0: Mouse disabled 
[20260408093442]usb device-0: setup-request[T:8][0]:0x80 0x06 0x00 0x01 0x00 0x00 0x40 0x00 
[20260408093442]usb device-0: gadget reset 
[20260408093442]usb device-0: reset configuration. gadget state <5> 
[20260408093442]usb device-0: setup-request[T:8][0]:0x80 0x06 0x00 0x01 0x00 0x00 0x12 0x00 
[20260408093442]usb device-0: setup-request[T:8][0]:0x80 0x06 0x00 0x02 0x00 0x00 0x09 0x00 
[20260408093442]usb device-0: setup-request[T:8][0]:0x80 0x06 0x00 0x02 0x00 0x00 0x3b 0x00 
[20260408093442]usb device-0: setup-request[T:8][0]:0x80 0x06 0x00 0x03 0x00 0x00 0xff 0x00 
[20260408093442]usb device-0: setup-request[T:8][0]:0x80 0x06 0x01 0x03 0x09 0x04 0xff 0x00 
[20260408093442]usb device-0: setup-request[T:8][0]:0x80 0x06 0x02 0x03 0x09 0x04 0xff 0x00 
[20260408093442]usb device-0: setup-request[T:8][0]:0x00 0x09 0x01 0x00 0x00 0x00 0x00 0x00 
[20260408093442]usb device-0: setup configuration. gadget state <6> 
[20260408093442]usb device-0: Keyboard configured 
[20260408093442]usb device-0: Mouse configured 
[20260408093444]usb device-0: setup-request[T:8][0]:0x80 0x06 0x02 0x03 0x09 0x04 0xff 0x00 
[20260408093444]usb device-0: setup-request[T:8][0]:0x21 0x0a 0x00 0x00 0x00 0x00 0x00 0x00 
[20260408093444]usb device-0: setup-request[T:8][0]:0x81 0x06 0x00 0x22 0x00 0x00 0x3f 0x00 
[20260408093444]usb device-0: setup-request[T:8][0]:0x21 0x09 0x00 0x02 0x00 0x00 0x01 0x00 
[20260408093444]usb device-0: setup-request[T:8][0]:0x80 0x06 0x02 0x03 0x09 0x04 0xff 0x00 
[20260408093444]usb device-0: setup-request[T:8][0]:0x21 0x0a 0x00 0x00 0x01 0x00 0x00 0x00 
[20260408093444]usb device-0: setup-request[T:8][0]:0x81 0x06 0x00 0x22 0x01 0x00 0x3c 0x00 
[20260408093449]edma: 1851, host is registered.
[20260408093534]130,2026-04-08 09:35:34,2862,mctp_reset,1477,reset mctp ok!
[20260408093534]131,2026-04-08 09:35:34,2862,mctp_dereset,1501,dereset mctp ok!
[20260408093548]edma: 1862, host is lost.
[20260408093629]usb device-0: gadget reset 
[20260408093629]usb device-0: reset configuration. gadget state <7> 
[20260408093629]usb device-0: Keyboard disabled 
[20260408093629]usb device-0: Mouse disabled 
[20260408093629]usb device-0: setup-request[T:8][0]:0x80 0x06 0x00 0x01 0x00 0x00 0x08 0x00 
[20260408093629]usb device-0: setup-request[T:8][0]:0x80 0x06 0x00 0x01 0x00 0x00 0x12 0x00 
[20260408093629]usb device-0: setup-request[T:8][0]:0x80 0x06 0x00 0x02 0x00 0x00 0x08 0x00 
[20260408093629]usb device-0: setup-request[T:8][0]:0x80 0x06 0x00 0x02 0x00 0x00 0x3b 0x00 
[20260408093629]usb device-0: setup-request[T:8][0]:0x80 0x06 0x00 0x03 0x00 0x00 0x02 0x00 
[20260408093629]usb device-0: setup-request[T:8][0]:0x80 0x06 0x00 0x03 0x00 0x00 0x04 0x00 
[20260408093629]usb device-0: setup-request[T:8][0]:0x00 0x09 0x01 0x00 0x00 0x00 0x00 0x00 
[20260408093629]usb device-0: setup configuration. gadget state <6> 
[20260408093629]usb device-0: Keyboard configured 
[20260408093629]usb device-0: Mouse configured 
[20260408093629]usb device-0: setup-request[T:8][0]:0x80 0x08 0x00 0x00 0x00 0x00 0x01 0x00 
[20260408093629]usb device-0: setup-request[T:8][0]:0x21 0x0b 0x00 0x00 0x00 0x00 0x00 0x00 
[20260408093629]usb device-0: setup-request[T:8][0]:0x21 0x09 0x00 0x02 0x00 0x00 0x01 0x00 
[20260408093629]usb device-0: setup-request[T:8][0]:0x21 0x09 0x00 0x02 0x00 0x00 0x01 0x00 
[20260408093653]usb device-0: setup-request[T:8][0]:0x80 0x06 0x00 0x02 0x00 0x00 0x3b 0x00 
[20260408093653]usb device-0: setup-request[T:8][0]:0x81 0x06 0x00 0x22 0x01 0x00 0x3c 0x00 
[20260408093653]usb device-0: setup-request[T:8][0]:0xa1 0x03 0x00 0x00 0x01 0x00 0x01 0x00 
[20260408093653]usb device-0: setup-request[T:8][0]:0x21 0x0b 0x00 0x00 0x01 0x00 0x00 0x00 
[20260408093659]132,2026-04-08 09:36:59,2733,mctp_reset,1477,reset mctp ok!
[20260408093659]133,2026-04-08 09:36:59,2733,mctp_dereset,1501,dereset mctp ok!
[20260408095936]134,2026-04-08 09:59:36,2943,gpio_cmd_get_int_event,1321,gpio_get_int_event errs(-4)
[20260408095937]135,2026-04-08 09:59:37,3546,ipmb_cmd_check_data_readable,1285,ipmb check read was interrupted, ret = -4
[20260408095937]136,2026-04-08 09:59:37,3564,btc_recv_data,234,btc(1) recv req msg ERESTARTSYS, btc_state(0).
[20260408095937]137,2026-04-08 09:59:37,3563,btc_recv_data,234,btc(0) recv req msg ERESTARTSYS, btc_state(0).
[20260408095938]usb device-0: detach driver
[20260408095938]usb device-0: gadget disconnect 
[20260408095938]usb device-0: reset configuration. gadget state <7> 
[20260408095938]usb device-0: Keyboard disabled 
[20260408095938]usb device-0: Mouse disabled 
[20260408095938]usb device-0: gadget unbind 
[20260408095938]dwc3 8800000.dwc3: request ffff1bdbf4583240 was not queued to ep1in
[20260408095938]dwc3 8800000.dwc3: request ffff1bdbf4583780 was not queued to ep2in
[20260408095941]hisport_cdev: 1336, listen thread end, ret=0
[20260408095941]EXT4-fs (mmcblk0gp3): unmounting filesystem 08cfa917-2338-44e8-8298-f8a413d99344.
[20260408095941]EXT4-fs (loop0): unmounting filesystem 8e264243-c592-4963-b675-87536801cb2d.
[20260408095941]EXT4-fs (mmcblk0p7): unmounting filesystem 738c1443-4eb3-4865-81c8-8d06b616eeef.
[20260408095943]systemd-shutdown[1]: Syncing filesystems and block devices.
[20260408095943]systemd-shutdown[1]: Sending SIGTERM to remaining processes...
[20260408095943]systemd-journald[1246]: Received SIGTERM from PID 1 (systemd-shutdow).
[20260408095943]nginx (3202) used greatest stack depth: 10464 bytes left
[20260408095943]nginx (3201) used greatest stack depth: 9552 bytes left
[20260408095943]systemd-shutdown[1]: Sending SIGKILL to remaining processes...
[20260408095943]systemd-shutdown[1]: Unmounting file systems.
[20260408095943](sd-remount)[18695]: Remounting '/var/log' read-only in with options '(null)'.
[20260408095943]EXT4-fs (mmcblk0p9): re-mounted 29623499-ab13-4d64-bdac-7b401920dd8f ro. Opts: (null)
[20260408095943](sd-umount)[18696]: Unmounting '/var/log'.
[20260408095943]EXT4-fs (mmcblk0p9): unmounting filesystem 29623499-ab13-4d64-bdac-7b401920dd8f.
[20260408095943](sd-umount)[18696]: Unmounted '/var/log'.
[20260408095943](sd-remount)[18697]: Remounting '/data' read-only in with options '(null)'.
[20260408095943](sd-remount)[18697]: Failed to remount '/data' read-only: Device or resource busy
[20260408095943](sd-umount)[18698]: Unmounting '/data'.
[20260408095943](sd-umount)[18698]: Failed to unmount /data: Device or resource busy
[20260408095943](sd-umount)[18699]: Unmounting '/var'.
[20260408095943](sd-umount)[18699]: Unmounted '/var'.
[20260408095943](sd-remount)[18700]: Remounting '/data' read-only in with options '(null)'.
[20260408095943](sd-remount)[18700]: Failed to remount '/data' read-only: Device or resource busy
[20260408095943](sd-umount)[18701]: Unmounting '/data'.
[20260408095943](sd-umount)[18701]: Failed to unmount /data: Device or resource busy
[20260408095943]systemd-shutdown[1]: Not all file systems unmounted, 1 left.
[20260408095943]systemd-shutdown[1]: Deactivating swaps.
[20260408095943]systemd-shutdown[1]: All swaps deactivated.
[20260408095943]systemd-shutdown[1]: Detaching loop devices.
[20260408095943]systemd-shutdown[1]: Detaching loopback /dev/loop0.
[20260408095943]systemd-shutdown[1]: All loop devices detached.
[20260408095943]systemd-shutdown[1]: Stopping MD devices.
[20260408095943]systemd-shutdown[1]: All MD devices stopped.
[20260408095943]systemd-shutdown[1]: Detaching DM devices.
[20260408095943]systemd-shutdown[1]: Detaching DM /dev/dm-0 (253:0).
[20260408095943]device-mapper: ioctl: systemd-shutdow[1]: dm-0 (mmcblksp) is removed successfully
[20260408095943]systemd-shutdown[1]: All DM devices detached.
[20260408095943]systemd-shutdown[1]: Unmounting file systems.
[20260408095943](sd-remount)[18706]: Remounting '/data' read-only in with options '(null)'.
[20260408095943]EXT4-fs (mmcblk0p1): re-mounted 12338794-cac1-4f0d-9af7-cd960527c7c8 ro. Opts: (null)
[20260408095943](sd-umount)[18707]: Unmounting '/data'.
[20260408095943]EXT4-fs (mmcblk0p1): unmounting filesystem 12338794-cac1-4f0d-9af7-cd960527c7c8.
[20260408095943](sd-umount)[18707]: Unmounted '/data'.
[20260408095943]systemd-shutdown[1]: All filesystems unmounted.
[20260408095943]systemd-shutdown[1]: All filesystems, swaps, loop devices, MD devices and DM devices detached.
[20260408095943]systemd-shutdown[1]: Syncing filesystems and block devices.
[20260408095943]systemd-shutdown[1]: Rebooting.
[20260408095943]kvm: exiting hardware virtualization
[20260408095943]Kernel Offset: 0x3eef81c00000
[20260408095943]Module Offset: 0x3eef2a33f000
[20260408095943]Linear Region Offset: 0x1bdbc0000000
[20260408095943]xhci-hcd xhci-hcd.1.auto: Host halt failed, -110
[20260408095944]xhci-hcd xhci-hcd.0.auto: Host halt failed, -110
[20260408095946]reboot: Restarting system
[20260408095946]KBOX: [machine_restart:238]
------------------kbox restart:[    0.695220]----------------
KBOX: load OK
tasklock: sched_ctrl created.
registered taskstats version 1
Loading compiled-in X.509 certificates
page_owner is disabled
RTOS Process Context for RPC init success
ima: Allocated hash algorithm: sha256
ima: No architecture policies found
DIM: No measurement list to restore, it's ok
clk: Disabling unused clocks
dw-apb-uart 8710000.uart: forbid DMA for kernel console
Freeing unused kernel memory: 1856K
**** Total Boot time: 823 ms, uncompress initrd cost 231 ms ****
Run /init as init process
  with arguments:
    /init
    swift_irqsoff_enable
  with environment:
    HOME=/
    TERM=linux
    earlycon=uart8250,mmio32,0x08710000
    rdinit=/sbin/init
    kbox_mem=0x2e0000@0x84900000
load_kallsyms: loading out-of-tree module taints kernel.
rtos_kallsyms: Successfully loaded symbols!
hisi_request_fiq num is 1
[RTOS fiq]@@ register fiq
[RTOS fiq] FIQ register mem:(____ptrval____), FIQ dfx addr: (____ptrval____)[RTOS fiq] FIQ reserved memory for reigsters: (____ptrval____)
[RTOS fiq]smc register: a0:83000004, a1:(____ptrval____), a2:(____ptrval____)
[request_fiq] succeed to register fiq-no 141  first func hook_for_fiq+0x0/0x2c [rtos_snapshot]
hisi_request_fiq success to request the 0 fiq 141
1,1970-01-01 00:00:01,1107,bdinfo_boot_cfg_init,2641,board_type:0x0, platform_id:0x0, board_id:0xff, pcb_ver:0x2.
2,1970-01-01 00:00:01,1107,bdinfo_boot_cfg_init,2644,ddr_size:0x3, ddr_bits:0x1, ddr_ecc:0x1.
3,1970-01-01 00:00:01,1107,bdinfo_boot_cfg_init,2648,single_chip:0x0, debug_gmac:0x1, vga_type:0x0, is_espi:0x0.
4,1970-01-01 00:00:01,1107,comm_probe,935,comm_probe success!
insmod (1107) used greatest stack depth: 12288 bytes left
5,1970-01-01 00:00:01,1124,watchdog_probe,837,watchdog init ok!
6,1970-01-01 00:00:01,1136,emmc_vendor_hook_init,42,emmc hook init, register ret:0.
7,1970-01-01 00:00:01,45,emmc_close_cache,32,close emmc cache.
mmc0: new HS200 MMC card at address 0001
mmcblk0: mmc0:0001 Y2P032 27.9 GiB 
mmcblk0boot0: mmc0:0001 Y2P032 partition 1 4.00 MiB
mmcblk0boot1: mmc0:0001 Y2P032 partition 2 4.00 MiB
mmcblk0gp0: mmc0:0001 Y2P032 partition 4 384 MiB
mmcblk0gp1: mmc0:0001 Y2P032 partition 5 384 MiB
mmcblk0gp2: mmc0:0001 Y2P032 partition 6 384 MiB
mmcblk0gp3: mmc0:0001 Y2P032 partition 7 128 MiB
 mmcblk0: p1 p2 p3 < p5 p6 p7 p8 p9 >
random: date: uninitialized urandom read (8 bytes read)
random: date: uninitialized urandom read (8 bytes read)
random: date: uninitialized urandom read (8 bytes read)
EXT4-fs (mmcblk0gp1): mounted filesystem 06a4e050-b2a7-42c0-8d20-5be804400dfe ro with ordered data mode. Opts: (null)
mount (1205) used greatest stack depth: 12224 bytes left
systemd[1]: Inserted module 'autofs4'
NET: Registered protocol family 10
Segment Routing with IPv6
systemd[1]: systemd 249 running in system mode (+PAM -AUDIT +SELINUX -APPARMOR +IMA +SMACK -SECCOMP -GCRYPT -GNUTLS -OPENSSL +ACL +BLKID -CURL -ELFUTILS -FIDO2 -IDN2 -IDN -IPTC +KMOD -LIBCRYPTSETUP +LIBFDISK -PCRE2 -PWQUALITY -P11KIT -QRENCODE -BZIP2 -LZ4 +XZ -ZLIB -ZSTD -XKBCOMMON +UTMP +SYSVINIT default-hierarchy=legacy)
systemd[1]: Detected architecture arm64.
systemd[1]: No hostname configured, using default hostname.
systemd[1]: Hostname set to <localhost>.
systemd[1]: Initializing machine ID from random generator.
systemd[1]: Installed transient /etc/machine-id file.
systemd-debug-g (1222) used greatest stack depth: 11808 bytes left
systemd-sysv-generator[1231]: SysV service '/etc/init.d/functions' lacks a native systemd unit file. Automatically generating a unit file for compatibility. Please update package to include a native systemd unit file, in order to make it more safe and robust.
systemd-sysv-generator[1231]: SysV service '/etc/init.d/syslog' lacks a native systemd unit file. Automatically generating a unit file for compatibility. Please update package to include a native systemd unit file, in order to make it more safe and robust.
systemd-sysv-generator[1231]: SysV service '/etc/init.d/mdev' lacks a native systemd unit file. Automatically generating a unit file for compatibility. Please update package to include a native systemd unit file, in order to make it more safe and robust.
systemd-sysv-generator[1231]: SysV service '/etc/init.d/network' lacks a native systemd unit file. Automatically generating a unit file for compatibility. Please update package to include a native systemd unit file, in order to make it more safe and robust.
systemd-sysv-generator[1231]: SysV service '/etc/init.d/busybox-cron' lacks a native systemd unit file. Automatically generating a unit file for compatibility. Please update package to include a native systemd unit file, in order to make it more safe and robust.
systemd-sysv-generator[1231]: SysV service '/etc/init.d/crond' lacks a native systemd unit file. Automatically generating a unit file for compatibility. Please update package to include a native systemd unit file, in order to make it more safe and robust.
systemd-sysv-generator[1231]: SysV service '/etc/init.d/auditd' lacks a native systemd unit file. Automatically generating a unit file for compatibility. Please update package to include a native systemd unit file, in order to make it more safe and robust.
systemd-sysv-generator[1231]: SysV service '/etc/init.d/busybox-udhcpd' lacks a native systemd unit file. Automatically generating a unit file for compatibility. Please update package to include a native systemd unit file, in order to make it more safe and robust.
systemd[1]: /lib/systemd/system/dbus.socket:5: ListenStream= references a path below legacy directory /var/run/, updating /var/run/dbus/system_bus_socket → /run/dbus/system_bus_socket; please update the unit file accordingly.
systemd[1]: multi-user.target: Wants dependency dropin /etc/systemd/system/multi-user.target.wants/lsw.service is not a symlink, ignoring.
systemd[1]: Configuration file /etc/systemd/system/trust.service is marked world-inaccessible. This has no effect as configuration data is accessible via APIs without restrictions. Proceeding anyway.
systemd[1]: Configuration file /etc/systemd/system/power_strategy.service is marked world-inaccessible. This has no effect as configuration data is accessible via APIs without restrictions. Proceeding anyway.
systemd[1]: Configuration file /etc/systemd/system/license.service is marked world-inaccessible. This has no effect as configuration data is accessible via APIs without restrictions. Proceeding anyway.
systemd[1]: /etc/systemd/system/interface.service:11: Unknown key name 'PermittedCapabilities' in section 'Service', ignoring.
systemd[1]: /etc/systemd/system/interface.service:12: Unknown key name 'InheritableCapabilities' in section 'Service', ignoring.
systemd[1]: /etc/systemd/system/interface.service:13: Unknown key name 'EffectiveCapabilities' in section 'Service', ignoring.
systemd[1]: Configuration file /lib/systemd/system/file_transfer.service is marked world-inaccessible. This has no effect as configuration data is accessible via APIs without restrictions. Proceeding anyway.
systemd[1]: Configuration file /etc/systemd/system/cooling.service is marked world-inaccessible. This has no effect as configuration data is accessible via APIs without restrictions. Proceeding anyway.
random: systemd: uninitialized urandom read (16 bytes read)
systemd[1]: Queued start job for default target Multi-User System.
random: systemd: uninitialized urandom read (16 bytes read)
systemd[1]: Created slice Slice /system/getty.
random: systemd: uninitialized urandom read (16 bytes read)
systemd[1]: Created slice Slice /system/modprobe.
systemd[1]: Created slice User and Session Slice.
systemd[1]: Started Dispatch Password Requests to Console Directory Watch.
systemd[1]: Started Forward Password Requests to Wall Directory Watch.
systemd[1]: Condition check resulted in Arbitrary Executable File Formats File System Automount Point being skipped.
systemd[1]: Reached target Path Units.
systemd[1]: Reached target Slice Units.
systemd[1]: Reached target Swaps.
systemd[1]: Listening on initctl Compatibility Named Pipe.
systemd[1]: Listening on Journal Socket (/dev/log).
systemd[1]: Listening on Journal Socket.
systemd[1]: Mounting Kernel Debug File System...
systemd[1]: Mounting Kernel Trace File System...
systemd[1]: Starting Create List of Static Device Nodes...
systemd[1]: Starting Load Kernel Module configfs...
systemd[1]: Starting Load Kernel Module drm...
systemd[1]: Starting Load Kernel Module fuse...
systemd[1]: Condition check resulted in Set Up Additional Binary Formats being skipped.
systemd[1]: systemd-journald.service: unit configures an IP firewall, but the local system does not support BPF/cgroup firewalling.
systemd[1]: (This warning is only shown for the first unit using IP firewalling.)
systemd[1]: Starting Journal Service...
systemd[1]: Condition check resulted in Load Kernel Modules being skipped.
systemd[1]: Starting Remount Root and Kernel File Systems...
systemd[1]: Starting Apply Kernel Variables...
systemd[1]: Started Journal Service.
random: systemd-journal: uninitialized urandom read (16 bytes read)
random: systemd-tmpfile: uninitialized urandom read (8 bytes read)
random: systemd-tmpfile: uninitialized urandom read (8 bytes read)
systemd-journald[1246]: Received client request to flush runtime journal.
random: systemd: uninitialized urandom read (16 bytes read)
NET: Registered protocol family 17
random: crng init done
random: 1073 urandom warning(s) missed due to ratelimiting
8021q: 802.1Q VLAN Support v1.8
SCSI subsystem initialized
usbcore: registered new interface driver usbfs
usbcore: registered new interface driver hub
usbcore: registered new device driver usb
usbcore: registered new interface driver usb-storage
8,1970-01-01 00:00:07,1358,gmac_phy_init,1101,mac(0) not used phy.
9,1970-01-01 00:00:08,1358,gmac_phy_init,1101,mac(1) not used phy.
10,1970-01-01 00:00:09,1358,gmac_phy_init,1099,mac(2)'s phy_addr is 3.
11,1970-01-01 00:00:10,1358,gmac_phy_init,1101,mac(3) not used phy.
12,1970-01-01 00:00:11,1358,gmac_hw_set_port_mode_all,635,SGMII auto-negotiation not complete(0x0)
13,1970-01-01 00:00:11,1358,gmac_probe,1433,gmac init ok!
14,1970-01-01 00:00:11,1375,sys_info_probe,1960,sys_info init ok!
15,1970-01-01 00:00:11,1391,p80_probe,210,p80 use LPC!
16,1970-01-01 00:00:11,1397,sol_probe,906,SOL use LPC!
17,1970-01-01 00:00:11,1397,sol_ddrinfo_update,814,SOL[0] Init Rx-start 0x86000000, Rx-size 0x3, Tx-start 0x86200000, Tx-size 0x3.
18,1970-01-01 00:00:11,1397,sol_ddrinfo_update,814,SOL[1] Init Rx-start 0x86400000, Rx-size 0x1, Tx-start 0x86480000, Tx-size 0x4.
19,1970-01-01 00:00:11,1397,sol_ddrinfo_update,814,SOL[2] Init Rx-start 0x86880000, Rx-size 0x3, Tx-start 0x86a80000, Tx-size 0x1.
20,1970-01-01 00:00:11,1397,sol_ddrinfo_update,814,SOL[3] Init Rx-start 0x86b00000, Rx-size 0x3, Tx-start 0x86d00000, Tx-size 0x2.
21,1970-01-01 00:00:11,1397,sol_probe,935,uart sol init ok!
22,1970-01-01 00:00:11,1403,dboot_probe,545,dboot probe start.
23,1970-01-01 00:00:11,1403,dboot_probe_info,519,boot from uboot 0
24,1970-01-01 00:00:11,1403,dboot_probe_info,520,BMC reset count: 0
25,1970-01-01 00:00:11,1403,dboot_probe_info,521,BMC unsec reset count: 5
26,1970-01-01 00:00:11,1403,dboot_probe_info,522,HOST reset count: 1
27,1970-01-01 00:00:11,1403,dboot_probe_info,523,CHIP reset count: 0
28,1970-01-01 00:00:12,1403,dboot_probe,567,dboot init ok!
29,1970-01-01 00:00:12,1419,bmcrtc_of_probe,189,BMCRTC Device Registered.
8711000.uart: ttySS3 at MMIO 0x8711000 (irq = 24, base_baud = 0) is a AMBA/ttySS
8743000.uart: ttySS4 at MMIO 0x8743000 (irq = 25, base_baud = 0) is a AMBA/ttySS
8744000.uart: ttySS5 at MMIO 0x8744000 (irq = 26, base_baud = 0) is a AMBA/ttySS
875d000.uart: ttySS6 at MMIO 0x875d000 (irq = 27, base_baud = 0) is a AMBA/ttySS
875e000.uart: ttySS7 at MMIO 0x875e000 (irq = 28, base_baud = 0) is a AMBA/ttySS
30,1970-01-01 00:00:12,1451,peci_probe,332,peci is 1 mode!
31,1970-01-01 00:00:12,1451,peci_probe,346,peci init ok!
32,1970-01-01 00:00:12,1469,hispi_setup_device,885,hispi_setup_device id 0x0!
33,1970-01-01 00:00:12,1469,hispi_setup_device,885,hispi_setup_device id 0x1!
34,1970-01-01 00:00:12,1496,pci_fix_ker_probe,527,probe OK
35,1970-01-01 00:00:12,1500,deal_with_ext_addr,255,g_mctp_ext_mode:0 [0 Normal,1 Offset,2 Hi]
36,1970-01-01 00:00:12,1500,mctp_reset,1477,reset mctp ok!
37,1970-01-01 00:00:12,1500,mctp_dereset,1501,dereset mctp ok!
38,1970-01-01 00:00:12,1542,vce_dac_param_set,244,dac param register is: 0x800820f
39,1970-01-01 00:00:12,1542,vce_driver_probe,295,irq_mask 0xd80
insmod (1546) used greatest stack depth: 11664 bytes left
[request_fiq] succeed to register fiq-no 141 more func dfx_dying_saying+0x0/0x20 [dfx_drv]
40,1970-01-01 00:00:12,62,gmac_link_handle,409,eth2 link up! speed(0x8) duplex(0x1).
EXT4-fs (mmcblk0p7): mounted filesystem 738c1443-4eb3-4865-81c8-8d06b616eeef r/w with ordered data mode. Opts: (null)
EXT4-fs (mmcblk0p1): mounted filesystem 12338794-cac1-4f0d-9af7-cd960527c7c8 r/w with ordered data mode. Opts: (null)
EXT4-fs (mmcblk0p7): unmounting filesystem 738c1443-4eb3-4865-81c8-8d06b616eeef.
EXT4-fs (mmcblk0p9): mounted filesystem 29623499-ab13-4d64-bdac-7b401920dd8f r/w with ordered data mode. Opts: (null)
EXT4-fs (mmcblk0p7): mounted filesystem 738c1443-4eb3-4865-81c8-8d06b616eeef r/w with ordered data mode. Opts: (null)
sed (1641) used greatest stack depth: 11632 bytes left
systemd-journald[1246]: Received client request to flush runtime journal.
EXT4-fs (mmcblk0gp3): mounted filesystem 08cfa917-2338-44e8-8298-f8a413d99344 r/w with ordered data mode. Opts: (null)
[pmfs]: pramdisk: registered block device major 254
[pmfs]: starting add gendisk!
[pmfs]: add gendisk done!
[pmfs]: pramdisk: module loaded
loop0: detected capacity change from 0 to 209715200
EXT4-fs (loop0): mounted filesystem 8e264243-c592-4963-b675-87536801cb2d r/w with ordered data mode. Opts: (null)
hisport_cdev: 1316, ioremap:0x40000000
edma: 2297, ==========1711 device==========
edma: 815, CHECK SUM MATCH ,RETURN 
FS-Cache: Loaded
CacheFiles: Loaded
RPC: Registered named UNIX socket transport module.
RPC: Registered udp transport module.
RPC: Registered tcp transport module.
RPC: Registered tcp NFSv4.1 backchannel transport module.
FS-Cache: Netfs 'nfs' registered for caching
FS-Cache: Netfs 'cifs' registered for caching
Key type cifs.idmap registered
device-mapper: ioctl: 4.43.0-ioctl (2020-10-01) initialised: dm-devel@redhat.com
xhci-hcd xhci-hcd.0.auto: xHCI Host Controller
xhci-hcd xhci-hcd.0.auto: new USB bus registered, assigned bus number 1
xhci-hcd xhci-hcd.0.auto: hcc params 0x0220f66d hci version 0x100 quirks 0x0000000002010010
xhci-hcd xhci-hcd.0.auto: irq 125, io mem 0x08a00000
hub 1-0:1.0: USB hub found
hub 1-0:1.0: 1 port detected
xhci-hcd xhci-hcd.0.auto: xHCI Host Controller
xhci-hcd xhci-hcd.0.auto: new USB bus registered, assigned bus number 2
xhci-hcd xhci-hcd.0.auto: Host supports USB 3.0 SuperSpeed
usb usb2: We don't know the algorithms for LPM for this host, disabling LPM.
hub 2-0:1.0: USB hub found
hub 2-0:1.0: config failed, hub doesn't have any ports! (err -19)
xhci-hcd xhci-hcd.1.auto: xHCI Host Controller
xhci-hcd xhci-hcd.1.auto: new USB bus registered, assigned bus number 3
xhci-hcd xhci-hcd.1.auto: hcc params 0x0220f66d hci version 0x100 quirks 0x0000000002010010
xhci-hcd xhci-hcd.1.auto: irq 127, io mem 0x0cc00000
hub 3-0:1.0: USB hub found
hub 3-0:1.0: 1 port detected
xhci-hcd xhci-hcd.1.auto: xHCI Host Controller
xhci-hcd xhci-hcd.1.auto: new USB bus registered, assigned bus number 4
xhci-hcd xhci-hcd.1.auto: Host supports USB 3.0 SuperSpeed
usb usb4: We don't know the algorithms for LPM for this host, disabling LPM.
hub 4-0:1.0: USB hub found
hub 4-0:1.0: 1 port detected
insmod (2167) used greatest stack depth: 10672 bytes left
cryptd: max_cpu_qlen set to 1000
edma: 1851, host is registered.
memory_monitor. (2239): drop_caches: 4
edma: 1862, host is lost.
[I2C-08-RT<-5|-5>] M<0x21|0x1|0x0|1|10> L<1|1|0> C<1|0|1> E<0x801|0x0|0x0|0x1> I<0x0|0x710|0x0>
[I2C-08-RT<-5|-5>] M<0x47|0x1|0x0|1|10> L<1|1|0> C<1|0|1> E<0x801|0x0|0x0|0x1> I<0x0|0x710|0x0>
[I2C-08-RT<-5|-5>] M<0x21|0x1|0x0|1|10> L<1|1|0> C<1|0|1> E<0x801|0x0|0x0|0x1> I<0x0|0x710|0x0>
[I2C-08-RT<-5|-5>] M<0x47|0x1|0x0|1|10> L<1|1|0> C<1|0|1> E<0x801|0x0|0x0|0x1> I<0x0|0x510|0x0>
[I2C-08-RT<-5|-5>] M<0x21|0x1|0x0|1|10> L<1|1|0> C<1|0|1> E<0x801|0x0|0x0|0x1> I<0x0|0x710|0x0>
[I2C-08-RT<-5|-5>] M<0x47|0x1|0x0|1|10> L<1|1|0> C<1|0|1> E<0x801|0x0|0x0|0x1> I<0x0|0x710|0x0>
[I2C-08-RT<-5|-5>] M<0x21|0x1|0x0|1|10> L<1|1|0> C<1|0|1> E<0x801|0x0|0x0|0x1> I<0x0|0x710|0x0>
[I2C-08-RT<-5|-5>] M<0x47|0x1|0x0|1|10> L<1|1|0> C<1|0|1> E<0x801|0x0|0x0|0x1> I<0x0|0x710|0x0>
EXT4-fs (mmcblk0gp0): mounted filesystem 6d2aaeba-bc48-48c4-aa16-9367a39db4b2 ro with ordered data mode. Opts: (null)
ext2 filesystem being remounted at /dev/shm/chroot/2685/opt/bmc/pram supports timestamps until 2038-01-19 (0x7fffffff)
EXT4-fs (mmcblk0gp0): unmounting filesystem 6d2aaeba-bc48-48c4-aa16-9367a39db4b2.
41,2026-04-08 09:59:21,23,hw_get_hard_lock,79,hw_lock(0x2) is locked by M3
42,2026-04-08 09:59:21,23,hw_acquire_hard_lock,141,hardware lock(2) is't locked by A55(-1)
43,2026-04-08 09:59:21,1210,hw_get_hard_lock,79,hw_lock(0x2) is locked by M3
44,2026-04-08 09:59:21,1210,hw_acquire_hard_lock,141,hardware lock(2) is't locked by A55(-1)
45,2026-04-08 09:59:21,2260,hw_get_hard_lock,79,hw_lock(0x2) is locked by M3
46,2026-04-08 09:59:21,2260,hw_acquire_hard_lock,141,hardware lock(2) is't locked by A55(-1)
47,2026-04-08 10:00:59,1232,hw_get_hard_lock,79,hw_lock(0x2) is locked by M3
48,2026-04-08 10:00:59,2618,msg_sec_module_cmd_cpy_to_user,523,msg copy_to_user user data error 8
49,2026-04-08 10:00:59,1232,hw_acquire_hard_lock,141,hardware lock(2) is't locked by A55(-1)
50,2026-04-08 10:00:59,2618,msg_scm3_ioctl,613,msg cmd(0xc0047301) handle error!
51,2026-04-08 10:01:03,1279,hw_get_hard_lock,79,hw_lock(0x2) is locked by M3
52,2026-04-08 10:01:03,1279,hw_acquire_hard_lock,141,hardware lock(2) is't locked by A55(-1)
[I2C-08-RT<-5|-5>] M<0x21|0x1|0x0|1|10> L<1|1|0> C<1|0|1> E<0x801|0x0|0x0|0x1> I<0x0|0x710|0x0>
[I2C-08-RT<-5|-5>] M<0x47|0x1|0x0|1|10> L<1|1|0> C<1|0|1> E<0x801|0x0|0x0|0x1> I<0x0|0x710|0x0>
FAT-fs (mmcblk0p5): Volume was not properly unmounted. Some data may be corrupt. Please run fsck.
53,2026-04-08 10:01:14,2751,mctp_reset,1477,reset mctp ok!
54,2026-04-08 10:01:14,2751,mctp_dereset,1501,dereset mctp ok!
device-mapper: ioctl: dmsetup[2946]: dm-0 (mmcblksp) is created successfully
device-mapper: ioctl: dmsetup[2961]: dm-0 (mmcblksp) is removed successfully
device-mapper: ioctl: dmsetup[2965]: dm-0 (mmcblksp) is created successfully
[20260408100126]IPv6: ADDRCONF(NETDEV_CHANGE): veth: link becomes ready
[20260408100129]usbcore: registered new interface driver cdc_ether
[20260408100130]usbcore: registered new interface driver rndis_host
[20260408100136]usb device-0: command connect. function count 2 
[20260408100136]usb device-0: attach driver 
[20260408100136]usb device-0: gadget bind 
[20260408100136]usb device-0: Bind speed 2.0 
[20260408100136]usb device-0: gadget suspend 
[20260408100137]usb device-0: setup-request[T:8][0]:0x80 0x06 0x00 0x01 0x00 0x00 0x08 0x00 
[20260408100137]usb device-0: setup-request[T:8][0]:0x80 0x06 0x00 0x01 0x00 0x00 0x12 0x00 
[20260408100137]usb device-0: setup-request[T:8][0]:0x80 0x06 0x00 0x02 0x00 0x00 0x08 0x00 
[20260408100137]usb device-0: setup-request[T:8][0]:0x80 0x06 0x00 0x02 0x00 0x00 0x3b 0x00 
[20260408100137]usb device-0: setup-request[T:8][0]:0x80 0x06 0x00 0x03 0x00 0x00 0x02 0x00 
[20260408100137]usb device-0: setup-request[T:8][0]:0x80 0x06 0x00 0x03 0x00 0x00 0x04 0x00 
[20260408100137]usb device-0: setup-request[T:8][0]:0x00 0x09 0x01 0x00 0x00 0x00 0x00 0x00 
[20260408100137]usb device-0: setup configuration. gadget state <6> 
[20260408100137]usb device-0: Keyboard configured 
[20260408100137]usb device-0: Mouse configured 
[20260408100137]usb device-0: setup-request[T:8][0]:0x80 0x08 0x00 0x00 0x00 0x00 0x01 0x00 
[20260408100137]usb device-0: setup-request[T:8][0]:0x21 0x0b 0x00 0x00 0x00 0x00 0x00 0x00 
[20260408100137]usb device-0: setup-request[T:8][0]:0x21 0x09 0x00 0x02 0x00 0x00 0x01 0x00 
[20260408100137]usb device-0: setup-request[T:8][0]:0x21 0x09 0x00 0x02 0x00 0x00 0x01 0x00 
[20260408100137]usb device-0: setup-request[T:8][0]:0x80 0x06 0x00 0x02 0x00 0x00 0x3b 0x00 
[20260408100137]usb device-0: setup-request[T:8][0]:0x81 0x06 0x00 0x22 0x01 0x00 0x3c 0x00 
[20260408100137]usb device-0: setup-request[T:8][0]:0xa1 0x03 0x00 0x00 0x01 0x00 0x01 0x00 
[20260408100137]usb device-0: setup-request[T:8][0]:0x21 0x0b 0x00 0x00 0x01 0x00 0x00 0x00 
[20260408100140][I2C-08-RT<-5|-5>] M<0x21|0x1|0x0|1|10> L<1|1|0> C<1|0|1> E<0x801|0x0|0x0|0x1> I<0x0|0x710|0x0>
[20260408100140][I2C-08-RT<-5|-5>] M<0x47|0x1|0x0|1|10> L<1|1|0> C<1|0|1> E<0x801|0x0|0x0|0x1> I<0x0|0x710|0x0>
[20260408100144]55,2026-04-08 10:01:44,2709,mctp_reset,1477,reset mctp ok!
[20260408100144]56,2026-04-08 10:01:44,2709,mctp_dereset,1501,dereset mctp ok!
[20260408100152]57,2026-04-08 10:01:52,3559,init_btc_mode,434,btc mode(2)
[20260408100152]58,2026-04-08 10:01:52,3559,btc_lb_int_pin_init,439,pin(63) is reused as gpio
[20260408100152]####dump test 0####
[20260408100152]btc dev mode:2
[20260408100152]btc priv:0 0
[20260408100152]btc priv param:61 63
[20260408100152]####dump test 1####
[20260408100152]btc dev mode:2
[20260408100152]btc priv:1 0
[20260408100152]btc priv param:61 63
[20260408100152]59,2026-04-08 10:01:52,3559,btc_probe,555,btc init ok!
[20260408100240][I2C-08-RT<-5|-5>] M<0x21|0x1|0x0|1|10> L<1|1|0> C<1|0|1> E<0x801|0x0|0x0|0x1> I<0x0|0x710|0x0>
[20260408100240][I2C-08-RT<-5|-5>] M<0x47|0x1|0x0|1|10> L<1|1|0> C<1|0|1> E<0x801|0x0|0x0|0x1> I<0x0|0x710|0x0>
[20260408100248][I2C-06-RT<-5|-5>] M<0x64|0x0|0x0|3|10> L<15|0|0> C<15|0|0> E<0x1|0x0|0x0|0x1> I<0x0|0x710|0x0>
[20260408100248][I2C-06-RT<-5|-5>] M<0x64|0x0|0x0|3|10> L<15|0|0> C<15|0|0> E<0x1|0x0|0x0|0x1> I<0x0|0x710|0x0>
[20260408100248][I2C-06-RT<-5|-5>] M<0x64|0x0|0x0|3|10> L<15|0|0> C<15|0|0> E<0x1|0x0|0x0|0x1> I<0x0|0x710|0x0>
[20260408100249][I2C-06-RT<-5|-5>] M<0x64|0x0|0x0|3|10> L<15|0|0> C<15|0|0> E<0x1|0x0|0x0|0x1> I<0x0|0x710|0x0>
[20260408100249][I2C-06-RT<-5|-5>] M<0x64|0x0|0x0|3|10> L<15|0|0> C<15|0|0> E<0x1|0x0|0x0|0x1> I<0x0|0x710|0x0>
[20260408100249][I2C-06-RT<-5|-5>] M<0x64|0x0|0x0|3|10> L<15|0|0> C<15|0|0> E<0x1|0x0|0x0|0x1> I<0x0|0x710|0x0>
[20260408100250][I2C-06-RT<-5|-5>] M<0x64|0x0|0x0|3|10> L<15|0|0> C<15|0|0> E<0x1|0x0|0x0|0x1> I<0x0|0x710|0x0>
[20260408100250][I2C-06-RT<-5|-5>] M<0x64|0x0|0x0|3|10> L<15|0|0> C<15|0|0> E<0x1|0x0|0x0|0x1> I<0x0|0x710|0x0>
[20260408100250][I2C-06-RT<-5|-5>] M<0x64|0x0|0x0|3|10> L<15|0|0> C<15|0|0> E<0x1|0x0|0x0|0x1> I<0x0|0x710|0x0>
