1970-01-01T00:00:03.791350+0000 localhost kernel: Booting Linux on physical CPU 0x0000000000 [0x411fd050]
1970-01-01T00:00:03.791591+0000 localhost kernel: Linux version 5.10.0 (oe-user@oe-host) (aarch64-euler-linux-gcc (BiSheng Embedded CPU 303.0.0.3.B001) 7.3.0, GNU ld (BiSheng Embedded CPU 303.0.0.3.B001) 2.41) #1 SMP PREEMPT Thu Sep 4 20:41:29 CST 2025
1970-01-01T00:00:03.791728+0000 localhost kernel: Machine model: Hisilicon Hi1711 ASIC
1970-01-01T00:00:03.791838+0000 localhost kernel: efi: UEFI not found.
1970-01-01T00:00:03.791940+0000 localhost kernel: NUMA: No NUMA configuration found
1970-01-01T00:00:03.792045+0000 localhost kernel: NUMA: Faking a node at [mem 0x0000000084be0000-0x00000000efffffff]
1970-01-01T00:00:03.792162+0000 localhost kernel: NUMA: NODE_DATA [mem 0xeffe6640-0xeffe7fff]
1970-01-01T00:00:03.792301+0000 localhost kernel: Zone ranges:
1970-01-01T00:00:03.792412+0000 localhost kernel:   DMA      [mem 0x0000000084be0000-0x00000000efffffff]
1970-01-01T00:00:03.792515+0000 localhost kernel:   Normal   empty
1970-01-01T00:00:03.792672+0000 localhost kernel: Movable zone start for each node
1970-01-01T00:00:03.792780+0000 localhost kernel: Early memory node ranges
1970-01-01T00:00:03.792882+0000 localhost kernel:   node   0: [mem 0x0000000084be0000-0x0000000084bfefff]
1970-01-01T00:00:03.792989+0000 localhost kernel:   node   0: [mem 0x0000000087200000-0x00000000efffffff]
1970-01-01T00:00:03.793105+0000 localhost kernel: Initmem setup node 0 [mem 0x0000000084be0000-0x00000000efffffff]
1970-01-01T00:00:03.793245+0000 localhost kernel: On node 0 totalpages: 429599
1970-01-01T00:00:03.793362+0000 localhost kernel:   DMA zone: 6865 pages used for memmap
1970-01-01T00:00:03.793470+0000 localhost kernel:   DMA zone: 0 pages reserved
1970-01-01T00:00:03.793581+0000 localhost kernel:   DMA zone: 429599 pages, LIFO batch:63
1970-01-01T00:00:03.793692+0000 localhost kernel: psci: probing for conduit method from DT.
1970-01-01T00:00:03.793801+0000 localhost kernel: psci: PSCIv1.1 detected in firmware.
1970-01-01T00:00:03.793904+0000 localhost kernel: psci: Using standard PSCI v0.2 function IDs
1970-01-01T00:00:03.794012+0000 localhost kernel: psci: MIGRATE_INFO_TYPE not supported.
1970-01-01T00:00:03.794119+0000 localhost kernel: psci: SMC Calling Convention v1.4
1970-01-01T00:00:03.794225+0000 localhost kernel: [dts]:cpu type is 1711
1970-01-01T00:00:03.794331+0000 localhost kernel: can't find led ctrl node, please check it
1970-01-01T00:00:03.794474+0000 localhost kernel: percpu: Embedded 30 pages/cpu s85160 r8192 d29528 u122880
1970-01-01T00:00:03.794594+0000 localhost kernel: pcpu-alloc: s85160 r8192 d29528 u122880 alloc=30*4096
1970-01-01T00:00:03.794754+0000 localhost kernel: pcpu-alloc: [0] 0 [0] 1 [0] 2 [0] 3 
1970-01-01T00:00:03.794865+0000 localhost kernel: Detected VIPT I-cache on CPU0
1970-01-01T00:00:03.794974+0000 localhost kernel: CPU features: detected: GIC system register CPU interface
1970-01-01T00:00:03.795085+0000 localhost kernel: CPU features: kernel page table isolation disabled by kernel configuration
1970-01-01T00:00:03.795191+0000 localhost kernel: CPU features: detected: ARM errata 1165522, 1319367, or 1530923
1970-01-01T00:00:03.795300+0000 localhost kernel: Built 1 zonelists, mobility grouping on.  Total pages: 422734
1970-01-01T00:00:03.795405+0000 localhost kernel: Policy zone: DMA
1970-01-01T00:00:03.795520+0000 localhost kernel: Kernel command line: console=ttyS0,115200n8N earlycon=uart8250,mmio32,0x08710000 initrd=${initrd_load_addr},${initrd_size} rdinit=/sbin/init rw ekbox=0x20000$0x84be0000 kbox_mem=0x2e0000@0x84900000 swift_irqsoff_enable swxn=1
1970-01-01T00:00:03.795635+0000 localhost kernel: Fallback order for Node 0: 0 
1970-01-01T00:00:03.795783+0000 localhost kernel: printk: log_buf_len individual max cpu contribution: 4096 bytes
1970-01-01T00:00:03.795900+0000 localhost kernel: printk: log_buf_len total cpu_extra contributions: 12288 bytes
1970-01-01T00:00:03.796013+0000 localhost kernel: printk: log_buf_len min size: 16384 bytes
1970-01-01T00:00:03.796160+0000 localhost kernel: printk: log_buf_len: 32768 bytes
1970-01-01T00:00:03.796280+0000 localhost kernel: printk: early log buf free: 13904(84%)
1970-01-01T00:00:03.796390+0000 localhost kernel: Dentry cache hash table entries: 262144 (order: 9, 2097152 bytes, linear)
1970-01-01T00:00:03.796503+0000 localhost kernel: Inode-cache hash table entries: 131072 (order: 8, 1048576 bytes, linear)
1970-01-01T00:00:03.796620+0000 localhost kernel: mem auto-init: stack:off, heap alloc:off, heap free:off
1970-01-01T00:00:03.796741+0000 localhost kernel: Memory: 1666608K/1718396K available (7808K kernel code, 922K rwdata, 1520K rodata, 1856K init, 2375K bss, 51788K reserved, 0K cma-reserved)
1970-01-01T00:00:03.796938+0000 localhost kernel: SLUB: HWalign=64, Order=0-3, MinObjects=0, CPUs=4, Nodes=1
1970-01-01T00:00:03.797060+0000 localhost kernel: kmemleak: Kernel memory leak detector disabled
1970-01-01T00:00:03.797174+0000 localhost kernel: rcu: Preemptible hierarchical RCU implementation.
1970-01-01T00:00:03.797295+0000 localhost kernel: rcu:         RCU restricting CPUs from NR_CPUS=128 to nr_cpu_ids=4.
1970-01-01T00:00:03.797416+0000 localhost kernel:         Trampoline variant of Tasks RCU enabled.
1970-01-01T00:00:03.797540+0000 localhost kernel: rcu: RCU calculated value of scheduler-enlistment delay is 10 jiffies.
1970-01-01T00:00:03.797659+0000 localhost kernel: rcu: Adjusting geometry for rcu_fanout_leaf=16, nr_cpu_ids=4
1970-01-01T00:00:03.797794+0000 localhost kernel: NR_IRQS: 64, nr_irqs: 64, preallocated irqs: 0
1970-01-01T00:00:03.797922+0000 localhost kernel: GICv3: GIC: Using split EOI/Deactivate mode
1970-01-01T00:00:03.798039+0000 localhost kernel: GICv3: 256 SPIs implemented
1970-01-01T00:00:03.798191+0000 localhost kernel: GICv3: 0 Extended SPIs implemented
1970-01-01T00:00:03.798315+0000 localhost kernel: GICv3: Distributor has no Range Selector support
1970-01-01T00:00:03.798430+0000 localhost kernel: GICv3: 16 PPIs implemented
1970-01-01T00:00:03.798542+0000 localhost kernel: GICv3: CPU0: found redistributor 0 region 0:0x0000000024040000
1970-01-01T00:00:03.798659+0000 localhost kernel: rcu:         Offload RCU callbacks from CPUs: (none).
1970-01-01T00:00:03.798779+0000 localhost kernel: arch_timer: cp15 timer(s) running at 25.00MHz (phys).
1970-01-01T00:00:03.798898+0000 localhost kernel: clocksource: arch_sys_counter: mask: 0xffffffffffffff max_cycles: 0x5c40939b5, max_idle_ns: 440795202646 ns
1970-01-01T00:00:03.799018+0000 localhost kernel: sched_clock: 56 bits at 25MHz, resolution 40ns, wraps every 4398046511100ns
1970-01-01T00:00:03.799189+0000 localhost kernel: can't find led node, please check it
1970-01-01T00:00:03.799322+0000 localhost kernel: Can't find led info in dtb,make sure there is no led on board
1970-01-01T00:00:03.799445+0000 localhost kernel: Console: colour dummy device 80x25
1970-01-01T00:00:03.799608+0000 localhost kernel: Calibrating delay loop (skipped), value calculated using timer frequency.. 50.00 BogoMIPS (lpj=250000)
1970-01-01T00:00:03.799738+0000 localhost kernel: pid_max: default: 32768 minimum: 301
1970-01-01T00:00:03.799862+0000 localhost kernel: LSM: Security Framework initializing
1970-01-01T00:00:03.799983+0000 localhost kernel: Yama: becoming mindful.
1970-01-01T00:00:03.800170+0000 localhost kernel: Mount-cache hash table entries: 4096 (order: 3, 32768 bytes, linear)
1970-01-01T00:00:03.800300+0000 localhost kernel: Mountpoint-cache hash table entries: 4096 (order: 3, 32768 bytes, linear)
1970-01-01T00:00:03.800421+0000 localhost kernel: early_panic_init: Missing panic_core_isolate device node.
1970-01-01T00:00:03.800541+0000 localhost kernel: rcu: Hierarchical SRCU implementation.
1970-01-01T00:00:03.800663+0000 localhost kernel: dyndbg: Ignore empty _ddebug table in a CONFIG_DYNAMIC_DEBUG_CORE build
1970-01-01T00:00:03.800828+0000 localhost kernel: EFI services will not be available.
1970-01-01T00:00:03.800955+0000 localhost kernel: page_attr_early_init succeed
1970-01-01T00:00:03.801077+0000 localhost kernel: smp: Bringing up secondary CPUs ...
1970-01-01T00:00:03.801196+0000 localhost kernel: Detected VIPT I-cache on CPU1
1970-01-01T00:00:03.801318+0000 localhost kernel: GICv3: CPU1: found redistributor 100 region 0:0x0000000024060000
1970-01-01T00:00:03.801437+0000 localhost kernel: CPU1: Booted secondary processor 0x0000000100 [0x411fd050]
1970-01-01T00:00:03.801614+0000 localhost kernel: Detected VIPT I-cache on CPU2
1970-01-01T00:00:03.801742+0000 localhost kernel: GICv3: CPU2: found redistributor 200 region 0:0x0000000024080000
1970-01-01T00:00:03.801867+0000 localhost kernel: CPU2: Booted secondary processor 0x0000000200 [0x411fd050]
1970-01-01T00:00:03.802026+0000 localhost kernel: Detected VIPT I-cache on CPU3
1970-01-01T00:00:03.802160+0000 localhost kernel: GICv3: CPU3: found redistributor 300 region 0:0x00000000240a0000
1970-01-01T00:00:03.802280+0000 localhost kernel: CPU3: Booted secondary processor 0x0000000300 [0x411fd050]
1970-01-01T00:00:03.802401+0000 localhost kernel: smp: Brought up 1 node, 4 CPUs
1970-01-01T00:00:03.802522+0000 localhost kernel: SMP: Total of 4 processors activated.
1970-01-01T00:00:03.802642+0000 localhost kernel: CPU features: detected: Privileged Access Never
1970-01-01T00:00:03.802762+0000 localhost kernel: CPU features: detected: 32-bit EL0 Support
1970-01-01T00:00:03.802880+0000 localhost kernel: CPU features: detected: Common not Private translations
1970-01-01T00:00:03.803001+0000 localhost kernel: CPU features: detected: Data cache clean to the PoU not required for I/D coherence
1970-01-01T00:00:03.803122+0000 localhost kernel: CPU features: detected: CRC32 instructions
1970-01-01T00:00:03.803278+0000 localhost kernel: CPU features: detected: Speculative Store Bypassing Safe (SSBS)
1970-01-01T00:00:03.803411+0000 localhost kernel: CPU features: detected: 32-bit EL1 Support
1970-01-01T00:00:03.803536+0000 localhost kernel: CPU features: detected: RCpc load-acquire (LDAPR)
1970-01-01T00:00:03.803659+0000 localhost kernel: CPU: All CPU(s) started at EL2
1970-01-01T00:00:03.803777+0000 localhost kernel: alternatives: patching kernel code
1970-01-01T00:00:03.803948+0000 localhost kernel: devtmpfs: initialized
1970-01-01T00:00:03.804077+0000 localhost kernel: KASLR enabled
1970-01-01T00:00:03.804200+0000 localhost kernel: clocksource: jiffies: mask: 0xffffffff max_cycles: 0xffffffff, max_idle_ns: 19112604462750000 ns
1970-01-01T00:00:03.804321+0000 localhost kernel: futex hash table entries: 1024 (order: 4, 65536 bytes, linear)
1970-01-01T00:00:03.804475+0000 localhost kernel: kworker/u8:0 (32) used greatest stack depth: 12992 bytes left
1970-01-01T00:00:03.804608+0000 localhost kernel: pinctrl core: initialized pinctrl subsystem
1970-01-01T00:00:03.804726+0000 localhost kernel: DMI not present or invalid.
1970-01-01T00:00:03.804845+0000 localhost kernel: softdog_kthread_create
1970-01-01T00:00:03.804963+0000 localhost kernel: NET: Registered protocol family 16
1970-01-01T00:00:03.805081+0000 localhost kernel: DMA: preallocated 256 KiB GFP_KERNEL pool for atomic allocations
1970-01-01T00:00:03.805199+0000 localhost kernel: DMA: preallocated 256 KiB GFP_KERNEL|GFP_DMA pool for atomic allocations
1970-01-01T00:00:03.805338+0000 localhost kernel: audit: initializing netlink subsys (disabled)
1970-01-01T00:00:03.805461+0000 localhost kernel: audit cpu affinity init success
1970-01-01T00:00:03.805582+0000 localhost kernel: audit: type=2000 audit(0.020:1): state=initialized audit_enabled=0 res=1
1970-01-01T00:00:03.805739+0000 localhost kernel: thermal_sys: Registered thermal governor 'step_wise'
1970-01-01T00:00:03.805861+0000 localhost kernel: cpuidle: using governor ladder
1970-01-01T00:00:03.805979+0000 localhost kernel: cpuidle: using governor menu
1970-01-01T00:00:03.806099+0000 localhost kernel: hw-breakpoint: found 6 breakpoint and 4 watchpoint registers.
1970-01-01T00:00:03.806322+0000 localhost kernel: ASID allocator initialised with 65536 entries
1970-01-01T00:00:03.806455+0000 localhost kernel: Serial: AMBA PL011 UART driver
1970-01-01T00:00:03.806581+0000 localhost kernel: HugeTLB registered 1.00 GiB page size, pre-allocated 0 pages
1970-01-01T00:00:03.806732+0000 localhost kernel: HugeTLB registered 32.0 MiB page size, pre-allocated 0 pages
1970-01-01T00:00:03.806850+0000 localhost kernel: HugeTLB registered 2.00 MiB page size, pre-allocated 0 pages
1970-01-01T00:00:03.806966+0000 localhost kernel: HugeTLB registered 64.0 KiB page size, pre-allocated 0 pages
1970-01-01T00:00:03.807078+0000 localhost kernel: ACPI: Interpreter disabled.
1970-01-01T00:00:03.807190+0000 localhost kernel: iommu: Default domain type: Translated 
1970-01-01T00:00:03.807302+0000 localhost kernel: NetLabel: Initializing
1970-01-01T00:00:03.807419+0000 localhost kernel: NetLabel:  domain hash size = 128
1970-01-01T00:00:03.807531+0000 localhost kernel: NetLabel:  protocols = UNLABELED CIPSOv4 CALIPSO
1970-01-01T00:00:03.807644+0000 localhost kernel: NetLabel:  unlabeled traffic allowed by default
1970-01-01T00:00:03.807792+0000 localhost kernel: clocksource: Switched to clocksource arch_sys_counter
1970-01-01T00:00:03.807914+0000 localhost kernel: VFS: Disk quotas dquot_6.6.0
1970-01-01T00:00:03.808033+0000 localhost kernel: VFS: Dquot-cache hash table entries: 512 (order 0, 4096 bytes)
1970-01-01T00:00:03.808148+0000 localhost kernel: pnp: PnP ACPI: disabled
1970-01-01T00:00:03.808268+0000 localhost kernel: NET: Registered protocol family 2
1970-01-01T00:00:03.808393+0000 localhost kernel: IP idents hash table entries: 32768 (order: 6, 262144 bytes, linear)
1970-01-01T00:00:03.808598+0000 localhost kernel: tcp_listen_portaddr_hash hash table entries: 1024 (order: 3, 40960 bytes, linear)
1970-01-01T00:00:03.808742+0000 localhost kernel: Table-perturb hash table entries: 65536 (order: 6, 262144 bytes, linear)
1970-01-01T00:00:03.808874+0000 localhost kernel: TCP established hash table entries: 16384 (order: 5, 131072 bytes, linear)
1970-01-01T00:00:03.809004+0000 localhost kernel: TCP bind hash table entries: 16384 (order: 7, 524288 bytes, linear)
1970-01-01T00:00:03.809135+0000 localhost kernel: TCP: Hash tables configured (established 16384 bind 16384)
1970-01-01T00:00:03.809265+0000 localhost kernel: UDP hash table entries: 1024 (order: 4, 98304 bytes, linear)
1970-01-01T00:00:03.809390+0000 localhost kernel: UDP-Lite hash table entries: 1024 (order: 4, 98304 bytes, linear)
1970-01-01T00:00:03.809518+0000 localhost kernel: NET: Registered protocol family 1
1970-01-01T00:00:03.809641+0000 localhost kernel: PCI: CLS 0 bytes, default 64
1970-01-01T00:00:03.809800+0000 localhost kernel: Trying to unpack rootfs image as initramfs...
1970-01-01T00:00:03.809930+0000 localhost kernel: Freeing initrd memory: 5120K
1970-01-01T00:00:03.810112+0000 localhost kernel: kvm [1]: KVM ncsnp disabled
1970-01-01T00:00:03.810264+0000 localhost kernel: kvm [1]: KVM dvmbm disabled
1970-01-01T00:00:03.810396+0000 localhost kernel: kvm [1]: IPA Size Limit: 40 bits
1970-01-01T00:00:03.810534+0000 localhost kernel: kvm [1]: GICv3: no GICV resource entry
1970-01-01T00:00:03.810668+0000 localhost kernel: kvm [1]: disabling GICv2 emulation
1970-01-01T00:00:03.810800+0000 localhost kernel: kvm [1]: GIC system register CPU interface enabled
1970-01-01T00:00:03.810928+0000 localhost kernel: kvm [1]: vgic interrupt IRQ16
1970-01-01T00:00:03.811141+0000 localhost kernel: kvm [1]: Hyp mode initialized successfully
1970-01-01T00:00:03.811286+0000 localhost kernel: modsign: There is no certification file
1970-01-01T00:00:03.811415+0000 localhost kernel: modsign: There is only one cert or no cert
1970-01-01T00:00:03.811551+0000 localhost kernel: Initialise system trusted keyrings
1970-01-01T00:00:03.811676+0000 localhost kernel: workingset: timestamp_bits=43 max_order=19 bucket_order=0
1970-01-01T00:00:03.811802+0000 localhost kernel: squashfs: version 4.0 (2009/01/31) Phillip Lougher
1970-01-01T00:00:03.811924+0000 localhost kernel: Huawei Secure C library init
1970-01-01T00:00:03.812074+0000 localhost kernel: cms cbb init
1970-01-01T00:00:03.812209+0000 localhost kernel: modsign: create major 250 for module crl devs
1970-01-01T00:00:03.812333+0000 localhost kernel: Key type asymmetric registered
1970-01-01T00:00:03.812503+0000 localhost kernel: Asymmetric key parser 'x509' registered
1970-01-01T00:00:03.812645+0000 localhost kernel: Block layer SCSI generic (bsg) driver version 0.4 loaded (major 249)
1970-01-01T00:00:03.812778+0000 localhost kernel: io scheduler mq-deadline registered
1970-01-01T00:00:03.812907+0000 localhost kernel: kworker/u8:0 (653) used greatest stack depth: 12928 bytes left
1970-01-01T00:00:03.813032+0000 localhost kernel: kworker/u8:2 (956) used greatest stack depth: 12896 bytes left
1970-01-01T00:00:03.813154+0000 localhost kernel: create /sys/kernel/tty_status_trace succ.
1970-01-01T00:00:03.813275+0000 localhost kernel: did not found ttyname.
1970-01-01T00:00:03.813403+0000 localhost kernel: default tty_suspend_mode is 0.
1970-01-01T00:00:03.813566+0000 localhost kernel: Serial: 8250/16550 driver, 4 ports, IRQ sharing disabled
1970-01-01T00:00:03.813733+0000 localhost kernel: Serial: 8250/16550 suspend register ok.
1970-01-01T00:00:03.813871+0000 localhost kernel: get_tty_suspend_info: mode is 0
1970-01-01T00:00:03.813995+0000 localhost kernel: printk: console [ttyS0] disabled
1970-01-01T00:00:03.814115+0000 localhost kernel: 8710000.uart: ttyS0 at MMIO 0x8710000 (irq = 23, base_baud = 6250000) is a 16550A
1970-01-01T00:00:03.814244+0000 localhost kernel: printk: console [ttyS0] enabled
1970-01-01T00:00:03.814365+0000 localhost kernel: cacheinfo: Unable to detect cache hierarchy for CPU 0
1970-01-01T00:00:03.814483+0000 localhost kernel: brd: module loaded
1970-01-01T00:00:03.814603+0000 localhost kernel: loop: module loaded
1970-01-01T00:00:03.814730+0000 localhost kernel: hw perfevents: enabled with armv8_pmuv3 PMU driver, 7 counters available
1970-01-01T00:00:03.814847+0000 localhost kernel: fiq_glue_parse_source_common fiq source is 1!
1970-01-01T00:00:03.815001+0000 localhost kernel: fiq_glue_parse_type_common fiq type is 0!
1970-01-01T00:00:03.815139+0000 localhost kernel: fiq_glue_parse_buffer_offset_type fiq get cpu id type is default!
1970-01-01T00:00:03.815260+0000 localhost kernel: fiq_glue_parse_clean_wdt fiq clean-wdt is 0!
1970-01-01T00:00:03.815380+0000 localhost kernel: fiq_glue_parse_dead_loop fiq dead-loop is 1!
1970-01-01T00:00:03.815506+0000 localhost kernel: fiq_glue_parse_invalid_cache fiq invalid-cache is 1!
1970-01-01T00:00:03.815630+0000 localhost kernel: fiq_glue_parse_use_atf_under_same_image fiq use-atf-under-same-image is 0!
1970-01-01T00:00:03.815754+0000 localhost kernel: fiq_glue_no_info_init fiq_num is 1, fiq_num_max is 16
1970-01-01T00:00:03.815923+0000 localhost kernel: fiq_glue_no_info_init i 0 fiq-no 141
1970-01-01T00:00:03.816063+0000 localhost kernel: KBOX: ddrram: fs magic not match. It's ok if first time using this device
1970-01-01T00:00:03.816245+0000 localhost kernel: KBOX: kbox_exception_dump_valid abort for NULL dump_path!
1970-01-01T00:00:03.816387+0000 localhost kernel: KBOX: kbox:create region panic, size=65536
1970-01-01T00:00:03.816519+0000 localhost kernel: KBOX: kbox mem maybe destroyed, format it
1970-01-01T00:00:03.816644+0000 localhost kernel: KBOX: load OK
1970-01-01T00:00:03.816763+0000 localhost kernel: tasklock: sched_ctrl created.
1970-01-01T00:00:03.816891+0000 localhost kernel: registered taskstats version 1
1970-01-01T00:00:03.817008+0000 localhost kernel: Loading compiled-in X.509 certificates
1970-01-01T00:00:03.817126+0000 localhost kernel: page_owner is disabled
1970-01-01T00:00:03.817248+0000 localhost kernel: RTOS Process Context for RPC init success
1970-01-01T00:00:03.817405+0000 localhost kernel: ima: Allocated hash algorithm: sha256
1970-01-01T00:00:03.817538+0000 localhost kernel: ima: No architecture policies found
1970-01-01T00:00:03.817658+0000 localhost kernel: DIM: No measurement list to restore, it's ok
1970-01-01T00:00:03.817780+0000 localhost kernel: clk: Disabling unused clocks
1970-01-01T00:00:03.819076+0000 localhost kernel: dw-apb-uart 8710000.uart: forbid DMA for kernel console
1970-01-01T00:00:03.819284+0000 localhost kernel: Freeing unused kernel memory: 1856K
1970-01-01T00:00:03.819419+0000 localhost kernel: **** Total Boot time: 715 ms, uncompress initrd cost 230 ms ****
1970-01-01T00:00:03.819555+0000 localhost kernel: Run /init as init process
1970-01-01T00:00:03.819733+0000 localhost kernel:   with arguments:
1970-01-01T00:00:03.819863+0000 localhost kernel:     /init
1970-01-01T00:00:03.819976+0000 localhost kernel:     swift_irqsoff_enable
1970-01-01T00:00:03.820232+0000 localhost kernel:   with environment:
1970-01-01T00:00:03.820372+0000 localhost kernel:     HOME=/
1970-01-01T00:00:03.820515+0000 localhost kernel:     TERM=linux
1970-01-01T00:00:03.820637+0000 localhost kernel:     earlycon=uart8250,mmio32,0x08710000
1970-01-01T00:00:03.820761+0000 localhost kernel:     rdinit=/sbin/init
1970-01-01T00:00:03.820927+0000 localhost kernel:     kbox_mem=0x2e0000@0x84900000
1970-01-01T00:00:03.821049+0000 localhost kernel: load_kallsyms: loading out-of-tree module taints kernel.
1970-01-01T00:00:03.821214+0000 localhost kernel: rtos_kallsyms: Successfully loaded symbols!
1970-01-01T00:00:03.821357+0000 localhost kernel: modprobe (1096) used greatest stack depth: 12752 bytes left
1970-01-01T00:00:03.821480+0000 localhost kernel: hisi_request_fiq num is 1
1970-01-01T00:00:03.821599+0000 localhost kernel: [RTOS fiq]@@ register fiq
1970-01-01T00:00:03.821723+0000 localhost kernel: [RTOS fiq] FIQ register mem:(____ptrval____), FIQ dfx addr: (____ptrval____)
1970-01-01T00:00:03.821844+0000 localhost kernel: [RTOS fiq] FIQ reserved memory for reigsters: (____ptrval____)
1970-01-01T00:00:03.821969+0000 localhost kernel: [RTOS fiq]smc register: a0:83000004, a1:(____ptrval____), a2:(____ptrval____)
1970-01-01T00:00:03.822092+0000 localhost kernel: [request_fiq] succeed to register fiq-no 141  first func hook_for_fiq+0x0/0x2c [rtos_snapshot]
1970-01-01T00:00:03.822213+0000 localhost kernel: hisi_request_fiq success to request the 0 fiq 141
1970-01-01T00:00:03.822366+0000 localhost kernel: KBOX: kbox:create region ks_main, size=507904
1970-01-01T00:00:03.822500+0000 localhost kernel: KBOX: kbox:create region ks_0, size=4096
1970-01-01T00:00:03.822618+0000 localhost kernel: KBOX: kbox:create region ks_1, size=4096
1970-01-01T00:00:03.822732+0000 localhost kernel: KBOX: kbox:create region ks_2, size=4096
1970-01-01T00:00:03.822848+0000 localhost kernel: KBOX: kbox:create region ks_3, size=4096
1970-01-01T00:00:03.822964+0000 localhost kernel: KBOX: kbox:create region dying, size=131072
1970-01-01T00:00:03.823079+0000 localhost kernel: KBOX: kbox:create region emergency, size=65536
1970-01-01T00:00:03.823249+0000 localhost kernel: 1,1970-01-01 00:00:00,1106,bdinfo_boot_cfg_init,2641,board_type:0x0, platform_id:0x0, board_id:0xff, pcb_ver:0x2.
1970-01-01T00:00:03.823374+0000 localhost kernel: 2,1970-01-01 00:00:00,1106,bdinfo_boot_cfg_init,2644,ddr_size:0x3, ddr_bits:0x1, ddr_ecc:0x1.
1970-01-01T00:00:03.823532+0000 localhost kernel: 3,1970-01-01 00:00:00,1106,bdinfo_boot_cfg_init,2648,single_chip:0x0, debug_gmac:0x1, vga_type:0x0, is_espi:0x0.
1970-01-01T00:00:03.823662+0000 localhost kernel: 4,1970-01-01 00:00:00,1106,comm_probe,935,comm_probe success!
1970-01-01T00:00:03.823776+0000 localhost kernel: insmod (1106) used greatest stack depth: 12368 bytes left
1970-01-01T00:00:03.823894+0000 localhost kernel: 5,1970-01-01 00:00:00,1123,watchdog_probe,837,watchdog init ok!
1970-01-01T00:00:03.824012+0000 localhost kernel: 6,1970-01-01 00:00:00,1135,emmc_vendor_hook_init,42,emmc hook init, register ret:0.
1970-01-01T00:00:03.824127+0000 localhost kernel: 7,1970-01-01 00:00:01,45,emmc_close_cache,32,close emmc cache.
1970-01-01T00:00:03.824241+0000 localhost kernel: mmc0: new HS200 MMC card at address 0001
1970-01-01T00:00:03.824353+0000 localhost kernel: mmcblk0: mmc0:0001 Y2P032 27.9 GiB 
1970-01-01T00:00:03.824489+0000 localhost kernel: mmcblk0boot0: mmc0:0001 Y2P032 partition 1 4.00 MiB
1970-01-01T00:00:03.824613+0000 localhost kernel: mmcblk0boot1: mmc0:0001 Y2P032 partition 2 4.00 MiB
1970-01-01T00:00:03.824729+0000 localhost kernel: mmcblk0gp0: mmc0:0001 Y2P032 partition 4 384 MiB
1970-01-01T00:00:03.824844+0000 localhost kernel: mmcblk0gp1: mmc0:0001 Y2P032 partition 5 384 MiB
1970-01-01T00:00:03.824958+0000 localhost kernel: mmcblk0gp2: mmc0:0001 Y2P032 partition 6 384 MiB
1970-01-01T00:00:03.825088+0000 localhost kernel: mmcblk0gp3: mmc0:0001 Y2P032 partition 7 128 MiB
1970-01-01T00:00:03.825214+0000 localhost kernel:  mmcblk0: p1 p2 p3 < p5 p6 p7 p8 p9 >
1970-01-01T00:00:03.825335+0000 localhost kernel: random: date: uninitialized urandom read (8 bytes read)
1970-01-01T00:00:03.825505+0000 localhost kernel: random: date: uninitialized urandom read (8 bytes read)
1970-01-01T00:00:03.825631+0000 localhost kernel: random: date: uninitialized urandom read (8 bytes read)
1970-01-01T00:00:03.825793+0000 localhost kernel: EXT4-fs (mmcblk0gp0): mounted filesystem 6d2aaeba-bc48-48c4-aa16-9367a39db4b2 ro with ordered data mode. Opts: (null)
1970-01-01T00:00:03.825937+0000 localhost kernel: mount (1204) used greatest stack depth: 12224 bytes left
1970-01-01T00:00:03.826094+0000 localhost systemd[1]: Inserted module 'autofs4'
1970-01-01T00:00:03.826232+0000 localhost kernel: NET: Registered protocol family 10
1970-01-01T00:00:03.826356+0000 localhost kernel: Segment Routing with IPv6
1970-01-01T00:00:03.826503+0000 localhost systemd[1]: systemd 249 running in system mode (+PAM -AUDIT +SELINUX -APPARMOR +IMA +SMACK -SECCOMP -GCRYPT -GNUTLS -OPENSSL +ACL +BLKID -CURL -ELFUTILS -FIDO2 -IDN2 -IDN -IPTC +KMOD -LIBCRYPTSETUP +LIBFDISK -PCRE2 -PWQUALITY -P11KIT -QRENCODE -BZIP2 -LZ4 +XZ -ZLIB -ZSTD -XKBCOMMON +UTMP +SYSVINIT default-hierarchy=legacy)
1970-01-01T00:00:03.826651+0000 localhost systemd[1]: Detected architecture arm64.
1970-01-01T00:00:03.826789+0000 localhost systemd[1]: No hostname configured, using default hostname.
1970-01-01T00:00:03.826956+0000 localhost systemd[1]: Hostname set to <localhost>.
1970-01-01T00:00:03.827096+0000 localhost systemd[1]: Initializing machine ID from random generator.
1970-01-01T00:00:03.827237+0000 localhost systemd[1]: Installed transient /etc/machine-id file.
1970-01-01T00:00:03.827382+0000 localhost systemd-sysv-generator[1231]: SysV service '/etc/init.d/syslog' lacks a native systemd unit file. Automatically generating a unit file for compatibility. Please update package to include a native systemd unit file, in order to make it more safe and robust.
1970-01-01T00:00:03.827548+0000 localhost systemd-sysv-generator[1231]: SysV service '/etc/init.d/functions' lacks a native systemd unit file. Automatically generating a unit file for compatibility. Please update package to include a native systemd unit file, in order to make it more safe and robust.
1970-01-01T00:00:03.827697+0000 localhost systemd-sysv-generator[1231]: SysV service '/etc/init.d/auditd' lacks a native systemd unit file. Automatically generating a unit file for compatibility. Please update package to include a native systemd unit file, in order to make it more safe and robust.
1970-01-01T00:00:03.827866+0000 localhost systemd-sysv-generator[1231]: SysV service '/etc/init.d/busybox-cron' lacks a native systemd unit file. Automatically generating a unit file for compatibility. Please update package to include a native systemd unit file, in order to make it more safe and robust.
1970-01-01T00:00:03.828010+0000 localhost systemd-sysv-generator[1231]: SysV service '/etc/init.d/crond' lacks a native systemd unit file. Automatically generating a unit file for compatibility. Please update package to include a native systemd unit file, in order to make it more safe and robust.
1970-01-01T00:00:03.828255+0000 localhost systemd-sysv-generator[1231]: SysV service '/etc/init.d/mdev' lacks a native systemd unit file. Automatically generating a unit file for compatibility. Please update package to include a native systemd unit file, in order to make it more safe and robust.
1970-01-01T00:00:03.828403+0000 localhost systemd-sysv-generator[1231]: SysV service '/etc/init.d/network' lacks a native systemd unit file. Automatically generating a unit file for compatibility. Please update package to include a native systemd unit file, in order to make it more safe and robust.
1970-01-01T00:00:03.828541+0000 localhost systemd-sysv-generator[1231]: SysV service '/etc/init.d/busybox-udhcpd' lacks a native systemd unit file. Automatically generating a unit file for compatibility. Please update package to include a native systemd unit file, in order to make it more safe and robust.
1970-01-01T00:00:03.828683+0000 localhost systemd[1]: /lib/systemd/system/dbus.socket:5: ListenStream= references a path below legacy directory /var/run/, updating /var/run/dbus/system_bus_socket → /run/dbus/system_bus_socket; please update the unit file accordingly.
1970-01-01T00:00:03.828856+0000 localhost systemd[1]: multi-user.target: Wants dependency dropin /etc/systemd/system/multi-user.target.wants/lsw.service is not a symlink, ignoring.
1970-01-01T00:00:03.829001+0000 localhost systemd[1]: Configuration file /etc/systemd/system/trust.service is marked world-inaccessible. This has no effect as configuration data is accessible via APIs without restrictions. Proceeding anyway.
1970-01-01T00:00:03.829141+0000 localhost systemd[1]: Configuration file /etc/systemd/system/power_strategy.service is marked world-inaccessible. This has no effect as configuration data is accessible via APIs without restrictions. Proceeding anyway.
1970-01-01T00:00:03.829274+0000 localhost systemd[1]: Configuration file /etc/systemd/system/license.service is marked world-inaccessible. This has no effect as configuration data is accessible via APIs without restrictions. Proceeding anyway.
1970-01-01T00:00:03.829405+0000 localhost systemd[1]: /etc/systemd/system/interface.service:11: Unknown key name 'PermittedCapabilities' in section 'Service', ignoring.
1970-01-01T00:00:03.829535+0000 localhost systemd[1]: /etc/systemd/system/interface.service:12: Unknown key name 'InheritableCapabilities' in section 'Service', ignoring.
1970-01-01T00:00:03.829675+0000 localhost systemd[1]: /etc/systemd/system/interface.service:13: Unknown key name 'EffectiveCapabilities' in section 'Service', ignoring.
1970-01-01T00:00:03.829855+0000 localhost systemd[1]: Configuration file /lib/systemd/system/file_transfer.service is marked world-inaccessible. This has no effect as configuration data is accessible via APIs without restrictions. Proceeding anyway.
1970-01-01T00:00:03.830094+0000 localhost systemd[1]: Configuration file /etc/systemd/system/cooling.service is marked world-inaccessible. This has no effect as configuration data is accessible via APIs without restrictions. Proceeding anyway.
1970-01-01T00:00:03.830265+0000 localhost kernel: random: systemd: uninitialized urandom read (16 bytes read)
1970-01-01T00:00:03.830399+0000 localhost systemd[1]: Queued start job for default target Multi-User System.
1970-01-01T00:00:03.830528+0000 localhost kernel: random: systemd: uninitialized urandom read (16 bytes read)
1970-01-01T00:00:03.830650+0000 localhost systemd[1]: Created slice Slice /system/getty.
1970-01-01T00:00:03.830771+0000 localhost kernel: random: systemd: uninitialized urandom read (16 bytes read)
1970-01-01T00:00:03.830955+0000 localhost systemd[1]: Created slice Slice /system/modprobe.
1970-01-01T00:00:03.831089+0000 localhost systemd[1]: Created slice User and Session Slice.
1970-01-01T00:00:03.831278+0000 localhost systemd[1]: Started Dispatch Password Requests to Console Directory Watch.
1970-01-01T00:00:03.831431+0000 localhost systemd[1]: Started Forward Password Requests to Wall Directory Watch.
1970-01-01T00:00:03.831578+0000 localhost systemd[1]: Condition check resulted in Arbitrary Executable File Formats File System Automount Point being skipped.
1970-01-01T00:00:03.831720+0000 localhost systemd[1]: Reached target Path Units.
1970-01-01T00:00:03.831931+0000 localhost systemd[1]: Reached target Slice Units.
1970-01-01T00:00:03.832099+0000 localhost systemd[1]: Reached target Swaps.
1970-01-01T00:00:03.832257+0000 localhost systemd[1]: Listening on initctl Compatibility Named Pipe.
1970-01-01T00:00:03.832395+0000 localhost systemd[1]: Listening on Journal Socket (/dev/log).
1970-01-01T00:00:03.832534+0000 localhost systemd[1]: Listening on Journal Socket.
1970-01-01T00:00:03.832705+0000 localhost systemd[1]: Mounting Kernel Debug File System...
1970-01-01T00:00:03.832838+0000 localhost systemd[1]: Mounting Kernel Trace File System...
1970-01-01T00:00:03.832969+0000 localhost systemd[1]: Starting Create List of Static Device Nodes...
1970-01-01T00:00:03.833100+0000 localhost systemd[1]: Starting Load Kernel Module configfs...
1970-01-01T00:00:03.833227+0000 localhost systemd[1]: Starting Load Kernel Module drm...
1970-01-01T00:00:03.833353+0000 localhost systemd[1]: Starting Load Kernel Module fuse...
1970-01-01T00:00:03.833487+0000 localhost systemd[1]: Condition check resulted in Set Up Additional Binary Formats being skipped.
1970-01-01T00:00:03.833678+0000 localhost systemd[1]: systemd-journald.service: unit configures an IP firewall, but the local system does not support BPF/cgroup firewalling.
1970-01-01T00:00:03.833867+0000 localhost systemd[1]: (This warning is only shown for the first unit using IP firewalling.)
1970-01-01T00:00:03.834010+0000 localhost systemd[1]: Starting Journal Service...
1970-01-01T00:00:03.834190+0000 localhost systemd[1]: Condition check resulted in Load Kernel Modules being skipped.
1970-01-01T00:00:03.834346+0000 localhost systemd[1]: Starting Remount Root and Kernel File Systems...
1970-01-01T00:00:03.834495+0000 localhost systemd[1]: Starting Apply Kernel Variables...
1970-01-01T00:00:03.834635+0000 localhost systemd-journald[1245]: Journal started
1970-01-01T00:00:03.835104+0000 localhost systemd-journald[1245]: Runtime Journal (/run/log/journal/2ce1ebbbc5364093b888b88e39174373) is 4.0M, max 8.0M, 4.0M free.
1970-01-01T00:00:03.860073+0000 localhost systemd[1]: Started Journal Service.
1970-01-01T00:00:03.879200+0000 localhost systemd-sysctl[1252]: Couldn't write '1' to 'net/ipv4/conf/eth0/arp_ignore', ignoring: No such file or directory
1970-01-01T00:00:03.879325+0000 localhost systemd-sysctl[1252]: Couldn't write '2' to 'net/ipv4/conf/eth0/arp_announce', ignoring: No such file or directory
1970-01-01T00:00:03.879412+0000 localhost systemd-sysctl[1252]: Couldn't write '1' to 'net/ipv4/conf/eth1/arp_ignore', ignoring: No such file or directory
1970-01-01T00:00:03.879496+0000 localhost systemd-sysctl[1252]: Couldn't write '2' to 'net/ipv4/conf/eth1/arp_announce', ignoring: No such file or directory
1970-01-01T00:00:03.890219+0000 localhost kernel: systemd-sysctl (1252) used greatest stack depth: 12128 bytes left
1970-01-01T00:00:03.896310+0000 localhost systemd[1]: Mounted Kernel Debug File System.
1970-01-01T00:00:03.931718+0000 localhost systemd[1]: Mounted Kernel Trace File System.
1970-01-01T00:00:03.964194+0000 localhost systemd[1]: Finished Create List of Static Device Nodes.
1970-01-01T00:00:03.993140+0000 localhost systemd[1]: modprobe@configfs.service: Deactivated successfully.
1970-01-01T00:00:03.996177+0000 localhost systemd[1]: Finished Load Kernel Module configfs.
1970-01-01T00:00:04.023407+0000 localhost systemd[1]: modprobe@drm.service: Deactivated successfully.
1970-01-01T00:00:04.026313+0000 localhost systemd[1]: Finished Load Kernel Module drm.
1970-01-01T00:00:04.053203+0000 localhost systemd[1]: modprobe@fuse.service: Deactivated successfully.
1970-01-01T00:00:04.056118+0000 localhost systemd[1]: Finished Load Kernel Module fuse.
1970-01-01T00:00:04.084180+0000 localhost systemd[1]: Finished Remount Root and Kernel File Systems.
1970-01-01T00:00:04.124288+0000 localhost systemd[1]: Finished Apply Kernel Variables.
1970-01-01T00:00:04.163078+0000 localhost systemd[1]: Condition check resulted in FUSE Control File System being skipped.
1970-01-01T00:00:04.164520+0000 localhost systemd[1]: Condition check resulted in Kernel Configuration File System being skipped.
1970-01-01T00:00:04.165681+0000 localhost systemd[1]: Condition check resulted in First Boot Wizard being skipped.
1970-01-01T00:00:04.166915+0000 localhost systemd[1]: Condition check resulted in Create System Users being skipped.
1970-01-01T00:00:04.170156+0000 localhost kernel: random: systemd: uninitialized urandom read (16 bytes read)
1970-01-01T00:00:04.174703+0000 localhost systemd[1]: Starting Create Static Device Nodes in /dev...
1970-01-01T00:00:04.180420+0000 localhost kernel: random: systemd-journal: uninitialized urandom read (16 bytes read)
1970-01-01T00:00:04.190123+0000 localhost kernel: random: systemd-tmpfile: uninitialized urandom read (8 bytes read)
1970-01-01T00:00:04.224373+0000 localhost systemd-tmpfiles[1259]: /usr/lib/tmpfiles.d/static-nodes-permissions.conf:12: Failed to resolve group 'audio'.
1970-01-01T00:00:04.224602+0000 localhost systemd-tmpfiles[1259]: /usr/lib/tmpfiles.d/static-nodes-permissions.conf:13: Failed to resolve group 'audio'.
1970-01-01T00:00:04.224752+0000 localhost systemd-tmpfiles[1259]: /usr/lib/tmpfiles.d/static-nodes-permissions.conf:14: Failed to resolve group 'disk'.
1970-01-01T00:00:04.225019+0000 localhost systemd-tmpfiles[1259]: /usr/lib/tmpfiles.d/static-nodes-permissions.conf:17: Failed to resolve group 'kvm'.
1970-01-01T00:00:04.225165+0000 localhost systemd-tmpfiles[1259]: /usr/lib/tmpfiles.d/static-nodes-permissions.conf:18: Failed to resolve group 'kvm'.
1970-01-01T00:00:04.225332+0000 localhost systemd-tmpfiles[1259]: /usr/lib/tmpfiles.d/static-nodes-permissions.conf:19: Failed to resolve group 'kvm'.
1970-01-01T00:00:04.231064+0000 localhost systemd-tmpfiles[1259]: Failed to parse ACL "d:group::r-x,d:group:adm:r-x,d:group:wheel:r-x,group::r-x,group:adm:r-x,group:wheel:r-x": No such file or directory. Ignoring
1970-01-01T00:00:04.231280+0000 localhost systemd-tmpfiles[1259]: Failed to parse ACL "d:group:adm:r-x,d:group:wheel:r-x,group:adm:r-x,group:wheel:r-x": No such file or directory. Ignoring
1970-01-01T00:00:04.231451+0000 localhost systemd-tmpfiles[1259]: Failed to parse ACL "group:adm:r--,group:wheel:r--": No such file or directory. Ignoring
1970-01-01T00:00:04.231711+0000 localhost systemd-tmpfiles[1259]: Failed to parse ACL "d:group::r-x,d:group:adm:r-x,d:group:wheel:r-x,group::r-x,group:adm:r-x,group:wheel:r-x": No such file or directory. Ignoring
1970-01-01T00:00:04.231887+0000 localhost systemd-tmpfiles[1259]: Failed to parse ACL "d:group:adm:r-x,d:group:wheel:r-x,group:adm:r-x,group:wheel:r-x": No such file or directory. Ignoring
1970-01-01T00:00:04.232043+0000 localhost systemd-tmpfiles[1259]: Failed to parse ACL "group:adm:r--,group:wheel:r--": No such file or directory. Ignoring
1970-01-01T00:00:04.242189+0000 localhost systemd[1]: Finished Create Static Device Nodes in /dev.
1970-01-01T00:00:04.282109+0000 localhost systemd[1]: Reached target Preparation for Local File Systems.
1970-01-01T00:00:04.327523+0000 localhost systemd[1]: Mounting /tmp...
1970-01-01T00:00:04.366969+0000 localhost systemd[1]: Mounting /var...
1970-01-01T00:00:04.406007+0000 localhost systemd[1]: Mounted /tmp.
1970-01-01T00:00:04.441318+0000 localhost systemd[1]: Mounted /var.
1970-01-01T00:00:04.471067+0000 localhost systemd[1]: Reached target Local File Systems.
1970-01-01T00:00:04.507258+0000 localhost systemd[1]: Starting Rebuild Dynamic Linker Cache...
1970-01-01T00:00:04.510075+0000 localhost (ldconfig)[1266]: ldconfig.service: Failed to locate executable /sbin/ldconfig: No such file or directory
1970-01-01T00:00:04.510375+0000 localhost (ldconfig)[1266]: ldconfig.service: Failed at step EXEC spawning /sbin/ldconfig: No such file or directory
1970-01-01T00:00:04.547607+0000 localhost systemd[1]: Starting Flush Journal to Persistent Storage...
1970-01-01T00:00:04.587648+0000 localhost systemd[1]: Starting Load/Save Random Seed...
1970-01-01T00:00:04.589694+0000 localhost systemd-journald[1245]: Runtime Journal (/run/log/journal/2ce1ebbbc5364093b888b88e39174373) is 4.0M, max 8.0M, 4.0M free.
1970-01-01T00:00:04.616207+0000 localhost systemd-random-seed[1269]: Kernel entropy pool is not initialized yet, waiting until it is.
1970-01-01T00:00:04.633476+0000 localhost systemd[1]: ldconfig.service: Main process exited, code=exited, status=203/EXEC
1970-01-01T00:00:04.635420+0000 localhost systemd[1]: ldconfig.service: Failed with result 'exit-code'.
1970-01-01T00:00:04.638695+0000 localhost systemd[1]: Failed to start Rebuild Dynamic Linker Cache.
1970-01-01T00:00:04.704175+0000 localhost systemd[1]: Finished Flush Journal to Persistent Storage.
1970-01-01T00:00:04.737423+0000 localhost systemd[1]: Starting Create Volatile Files and Directories...
1970-01-01T00:00:04.771065+0000 localhost systemd-tmpfiles[1271]: /usr/lib/tmpfiles.d/systemd.conf:11: Failed to resolve group 'utmp'.
1970-01-01T00:00:04.771756+0000 localhost systemd-tmpfiles[1271]: /usr/lib/tmpfiles.d/systemd.conf:19: Failed to resolve user 'systemd-network': No such file or directory
1970-01-01T00:00:04.771946+0000 localhost systemd-tmpfiles[1271]: /usr/lib/tmpfiles.d/systemd.conf:20: Failed to resolve user 'systemd-network': No such file or directory
1970-01-01T00:00:04.772102+0000 localhost systemd-tmpfiles[1271]: /usr/lib/tmpfiles.d/systemd.conf:21: Failed to resolve user 'systemd-network': No such file or directory
1970-01-01T00:00:04.772258+0000 localhost systemd-tmpfiles[1271]: /usr/lib/tmpfiles.d/systemd.conf:22: Failed to resolve user 'systemd-network': No such file or directory
1970-01-01T00:00:04.772457+0000 localhost systemd-tmpfiles[1271]: /usr/lib/tmpfiles.d/systemd.conf:26: Failed to resolve group 'systemd-journal'.
1970-01-01T00:00:04.772635+0000 localhost systemd-tmpfiles[1271]: /usr/lib/tmpfiles.d/systemd.conf:27: Failed to resolve group 'systemd-journal'.
1970-01-01T00:00:04.772918+0000 localhost systemd-tmpfiles[1271]: Failed to parse ACL "d:group::r-x,d:group:adm:r-x,d:group:wheel:r-x,group::r-x,group:adm:r-x,group:wheel:r-x": No such file or directory. Ignoring
1970-01-01T00:00:04.773170+0000 localhost systemd-tmpfiles[1271]: Failed to parse ACL "d:group:adm:r-x,d:group:wheel:r-x,group:adm:r-x,group:wheel:r-x": No such file or directory. Ignoring
1970-01-01T00:00:04.773356+0000 localhost systemd-tmpfiles[1271]: Failed to parse ACL "group:adm:r--,group:wheel:r--": No such file or directory. Ignoring
1970-01-01T00:00:04.773537+0000 localhost systemd-tmpfiles[1271]: /usr/lib/tmpfiles.d/systemd.conf:32: Failed to resolve group 'systemd-journal'.
1970-01-01T00:00:04.773695+0000 localhost systemd-tmpfiles[1271]: /usr/lib/tmpfiles.d/systemd.conf:33: Failed to resolve group 'systemd-journal'.
1970-01-01T00:00:04.773849+0000 localhost systemd-tmpfiles[1271]: /usr/lib/tmpfiles.d/systemd.conf:34: Failed to resolve group 'systemd-journal'.
1970-01-01T00:00:04.774033+0000 localhost systemd-tmpfiles[1271]: Failed to parse ACL "d:group::r-x,d:group:adm:r-x,d:group:wheel:r-x,group::r-x,group:adm:r-x,group:wheel:r-x": No such file or directory. Ignoring
1970-01-01T00:00:04.774221+0000 localhost systemd-tmpfiles[1271]: Failed to parse ACL "d:group:adm:r-x,d:group:wheel:r-x,group:adm:r-x,group:wheel:r-x": No such file or directory. Ignoring
1970-01-01T00:00:04.774396+0000 localhost systemd-tmpfiles[1271]: Failed to parse ACL "group:adm:r--,group:wheel:r--": No such file or directory. Ignoring
1970-01-01T00:00:04.775525+0000 localhost systemd-tmpfiles[1271]: /usr/lib/tmpfiles.d/var.conf:14: Duplicate line for path "/var/log", ignoring.
1970-01-01T00:00:04.775688+0000 localhost systemd-tmpfiles[1271]: /usr/lib/tmpfiles.d/var.conf:15: Failed to resolve group 'utmp'.
1970-01-01T00:00:04.775834+0000 localhost systemd-tmpfiles[1271]: /usr/lib/tmpfiles.d/var.conf:16: Failed to resolve group 'utmp'.
1970-01-01T00:00:04.775975+0000 localhost systemd-tmpfiles[1271]: /usr/lib/tmpfiles.d/var.conf:17: Failed to resolve group 'utmp'.
1970-01-01T00:00:04.788307+0000 localhost systemd-tmpfiles[1271]: symlink(../proc/self/mounts, /etc/mtab) failed: Read-only file system
1970-01-01T00:00:04.792140+0000 localhost systemd-tmpfiles[1271]: "/home" already exists and is not a directory.
1970-01-01T00:00:04.792351+0000 localhost systemd-tmpfiles[1271]: /srv does not exist and cannot be created as the file system is read-only.
1970-01-01T00:00:04.808397+0000 localhost systemd[1]: Finished Create Volatile Files and Directories.
1970-01-01T00:00:04.837716+0000 localhost systemd[1]: Starting Rebuild Journal Catalog...
1970-01-01T00:00:04.866815+0000 localhost systemd[1]: Starting Record System Boot/Shutdown in UTMP...
1970-01-01T00:00:04.919662+0000 localhost systemd[1]: Finished Record System Boot/Shutdown in UTMP.
1970-01-01T00:00:04.955576+0000 localhost systemd[1]: Finished Rebuild Journal Catalog.
1970-01-01T00:00:04.988271+0000 localhost systemd[1]: Starting Update is Completed...
1970-01-01T00:00:05.021941+0000 localhost systemd[1]: Finished Update is Completed.
1970-01-01T00:00:05.051842+0000 localhost systemd[1]: Reached target System Initialization.
1970-01-01T00:00:05.080850+0000 localhost systemd[1]: Started Daily Cleanup of Temporary Directories.
1970-01-01T00:00:05.113348+0000 localhost systemd[1]: Listening on D-Bus System Message Bus Socket.
1970-01-01T00:00:05.140561+0000 localhost systemd[1]: Reached target Socket Units.
1970-01-01T00:00:05.170719+0000 localhost systemd[1]: Reached target Basic System.
1970-01-01T00:00:05.180080+0000 localhost kernel: random: systemd: uninitialized urandom read (16 bytes read)
1970-01-01T00:00:05.200743+0000 localhost systemd[1]: System is tainted: cgroupsv1
1970-01-01T00:00:05.205468+0000 localhost systemd[1]: cooling.service: Failed to load environment files: No such file or directory
1970-01-01T00:00:05.205526+0000 localhost systemd[1]: cooling.service: Failed to run 'start-pre' task: No such file or directory
1970-01-01T00:00:05.205588+0000 localhost systemd[1]: cooling.service: Failed with result 'resources'.
1970-01-01T00:00:05.208840+0000 localhost systemd[1]: Failed to start cooling service.
1970-01-01T00:00:05.268390+0000 localhost systemd[1]: Starting Update RTC With System Clock...
1970-01-01T00:00:05.271078+0000 localhost (true)[1280]: hwclock-save.service: Failed to locate executable /usr/bin/true: No such file or directory
1970-01-01T00:00:05.271349+0000 localhost (true)[1280]: hwclock-save.service: Failed at step EXEC spawning /usr/bin/true: No such file or directory
1970-01-01T00:00:05.295109+0000 localhost systemd[1]: license.service: Failed to load environment files: No such file or directory
1970-01-01T00:00:05.295197+0000 localhost systemd[1]: license.service: Failed to run 'start-pre' task: No such file or directory
1970-01-01T00:00:05.295267+0000 localhost systemd[1]: license.service: Failed with result 'resources'.
1970-01-01T00:00:05.298562+0000 localhost systemd[1]: Failed to start license service.
1970-01-01T00:00:05.367673+0000 localhost systemd[1]: power_strategy.service: Failed to load environment files: No such file or directory
1970-01-01T00:00:05.367734+0000 localhost systemd[1]: power_strategy.service: Failed to run 'start-pre' task: No such file or directory
1970-01-01T00:00:05.367796+0000 localhost systemd[1]: power_strategy.service: Failed with result 'resources'.
1970-01-01T00:00:05.371181+0000 localhost systemd[1]: Failed to start power_strategy service.
1970-01-01T00:00:05.437918+0000 localhost systemd[1]: Starting /etc/rc.local Compatibility...
1970-01-01T00:00:05.456008+0000 localhost rc.local[1282]:                         -=#  RTOS 1.0  #=-
1970-01-01T00:00:05.457964+0000 localhost rc.local[1282]: mount file system
1970-01-01T00:00:05.461437+0000 localhost systemd[1]: Finished rmmod driver service.
1970-01-01T00:00:05.509102+0000 localhost systemd[1]: Starting User Login Management...
1970-01-01T00:00:05.515530+0000 localhost rc.local[1286]: mount: mounting sysfs on /sys failed: Device or resource busy
1970-01-01T00:00:05.530519+0000 localhost systemd[1]: trust.service: Failed to generate invocation ID for unit: Function not implemented
1970-01-01T00:00:05.530630+0000 localhost systemd[1]: Failed to start trust service.
1970-01-01T00:00:05.533400+0000 localhost systemd[1]: tmp.mount: Deactivated successfully.
1970-01-01T00:00:05.539853+0000 localhost systemd[1]: hwclock-save.service: Main process exited, code=exited, status=203/EXEC
1970-01-01T00:00:05.542490+0000 localhost systemd[1]: hwclock-save.service: Failed with result 'exit-code'.
1970-01-01T00:00:05.545794+0000 localhost systemd[1]: Failed to start Update RTC With System Clock.
1970-01-01T00:00:05.627415+0000 localhost rc.local[1282]: Loading the kernel modules:
1970-01-01T00:00:05.628324+0000 localhost systemd[1]: tmp.mount: Failed to generate invocation ID for unit: Function not implemented
1970-01-01T00:00:05.641756+0000 localhost rc.local[1300]: Loading module: xt-masquerade
1970-01-01T00:00:05.652984+0000 localhost rc.local[1301]: modprobe: module xt-masquerade not found in modules.dep
1970-01-01T00:00:05.654520+0000 localhost rc.local[1300]: Loading module: af-packet
1970-01-01T00:00:05.673142+0000 localhost rc.local[1282]: Making device instances:
1970-01-01T00:00:05.680111+0000 localhost kernel: NET: Registered protocol family 17
1970-01-01T00:00:05.885798+0000 localhost systemd-logind[1287]: New seat seat0.
1970-01-01T00:00:05.885959+0000 localhost systemd-logind[1287]: Failed to preallocate VT 1: No such file or directory
1970-01-01T00:00:05.889709+0000 localhost systemd-logind[1287]: Failed to preallocate VT 3: No such file or directory
1970-01-01T00:00:05.891843+0000 localhost systemd-logind[1287]: Failed to preallocate VT 5: No such file or directory
1970-01-01T00:00:05.891936+0000 localhost systemd-logind[1287]: Failed to preallocate VT 6: No such file or directory
1970-01-01T00:00:06.106516+0000 localhost systemd[1]: Finished Load/Save Random Seed.
1970-01-01T00:00:06.110122+0000 localhost kernel: random: crng init done
1970-01-01T00:00:06.110400+0000 localhost kernel: random: 1055 urandom warning(s) missed due to ratelimiting
1970-01-01T00:00:06.141900+0000 localhost systemd[1]: Condition check resulted in First Boot Complete being skipped.
1970-01-01T00:00:06.143091+0000 localhost systemd[1]: Condition check resulted in Commit a transient machine-id on disk being skipped.
1970-01-01T00:00:06.380165+0000 localhost kernel: 8021q: 802.1Q VLAN Support v1.8
1970-01-01T00:00:06.441011+0000 localhost kernel: SCSI subsystem initialized
1970-01-01T00:00:06.510173+0000 localhost kernel: usbcore: registered new interface driver usbfs
1970-01-01T00:00:06.510583+0000 localhost kernel: usbcore: registered new interface driver hub
1970-01-01T00:00:06.510804+0000 localhost kernel: usbcore: registered new device driver usb
1970-01-01T00:00:06.511526+0000 localhost systemd[1]: cooling.service: Failed to schedule restart job: Unit hica.service not found.
1970-01-01T00:00:06.511640+0000 localhost systemd[1]: cooling.service: Failed with result 'resources'.
1970-01-01T00:00:06.513725+0000 localhost systemd[1]: license.service: Failed to schedule restart job: Unit persistence.service not found.
1970-01-01T00:00:06.513815+0000 localhost systemd[1]: license.service: Failed with result 'resources'.
1970-01-01T00:00:06.515257+0000 localhost systemd[1]: power_strategy.service: Failed to schedule restart job: Unit hica.service not found.
1970-01-01T00:00:06.515331+0000 localhost systemd[1]: power_strategy.service: Failed with result 'resources'.
1970-01-01T00:00:06.540123+0000 localhost kernel: usbcore: registered new interface driver usb-storage
1970-01-01T00:00:07.670053+0000 localhost kernel: 8,1970-01-01 00:00:07,1359,gmac_phy_init,1101,mac(0) not used phy.
1970-01-01T00:00:08.720069+0000 localhost kernel: 9,1970-01-01 00:00:08,1359,gmac_phy_init,1101,mac(1) not used phy.
1970-01-01T00:00:09.770071+0000 localhost kernel: 10,1970-01-01 00:00:09,1359,gmac_phy_init,1099,mac(2)'s phy_addr is 3.
1970-01-01T00:00:10.860065+0000 localhost kernel: 11,1970-01-01 00:00:10,1359,gmac_phy_init,1101,mac(3) not used phy.
1970-01-01T00:00:11.894927+0000 localhost kernel: 12,1970-01-01 00:00:11,1359,gmac_hw_set_port_mode_all,635,SGMII auto-negotiation not complete(0x0)
1970-01-01T00:00:11.895321+0000 localhost kernel: 13,1970-01-01 00:00:11,1359,gmac_probe,1433,gmac init ok!
1970-01-01T00:00:11.900160+0000 localhost kernel: insmod (1359) used greatest stack depth: 12080 bytes left
1970-01-01T00:00:11.930163+0000 localhost kernel: 14,1970-01-01 00:00:11,1376,sys_info_probe,1960,sys_info init ok!
1970-01-01T00:00:12.000169+0000 localhost kernel: 15,1970-01-01 00:00:11,1392,p80_probe,210,p80 use LPC!
1970-01-01T00:00:12.026483+0000 localhost kernel: 16,1970-01-01 00:00:12,1398,sol_probe,906,SOL use LPC!
1970-01-01T00:00:12.026794+0000 localhost kernel: 17,1970-01-01 00:00:12,1398,sol_ddrinfo_update,814,SOL[0] Init Rx-start 0x86400000, Rx-size 0x2, Tx-start 0x86000000, Tx-size 0x4.
1970-01-01T00:00:12.040044+0000 localhost kernel: 18,1970-01-01 00:00:12,1398,sol_ddrinfo_update,814,SOL[1] Init Rx-start 0x86600000, Rx-size 0x3, Tx-start 0x86500000, Tx-size 0x2.
1970-01-01T00:00:12.053276+0000 localhost kernel: 19,1970-01-01 00:00:12,1398,sol_ddrinfo_update,814,SOL[2] Init Rx-start 0x86900000, Rx-size 0x3, Tx-start 0x86800000, Tx-size 0x2.
1970-01-01T00:00:12.066546+0000 localhost kernel: 20,1970-01-01 00:00:12,1398,sol_ddrinfo_update,814,SOL[3] Init Rx-start 0x86c00000, Rx-size 0x3, Tx-start 0x86b00000, Tx-size 0x2.
1970-01-01T00:00:12.074281+0000 localhost kernel: 21,1970-01-01 00:00:12,1398,sol_probe,935,uart sol init ok!
1970-01-01T00:00:12.115379+0000 localhost kernel: 22,1970-01-01 00:00:12,1404,dboot_probe,545,dboot probe start.
1970-01-01T00:00:12.115691+0000 localhost kernel: 23,1970-01-01 00:00:12,1404,dboot_probe_info,519,boot from uboot 0
1970-01-01T00:00:12.115891+0000 localhost kernel: 24,1970-01-01 00:00:12,1404,dboot_probe_info,520,BMC reset count: 0
1970-01-01T00:00:12.124065+0000 localhost kernel: 25,1970-01-01 00:00:12,1404,dboot_probe_info,521,BMC unsec reset count: 0
1970-01-01T00:00:12.131982+0000 localhost kernel: 26,1970-01-01 00:00:12,1404,dboot_probe_info,522,HOST reset count: 1
1970-01-01T00:00:12.146404+0000 localhost kernel: 27,1970-01-01 00:00:12,1404,dboot_probe_info,523,CHIP reset count: 0
1970-01-01T00:00:12.146675+0000 localhost kernel: 28,1970-01-01 00:00:12,1404,dboot_probe,567,dboot init ok!
1970-01-01T00:00:12.210147+0000 localhost kernel: 29,1970-01-01 00:00:12,1420,bmcrtc_of_probe,189,BMCRTC Device Registered.
1970-01-01T00:00:12.260322+0000 localhost kernel: 8711000.uart: ttySS3 at MMIO 0x8711000 (irq = 24, base_baud = 0) is a AMBA/ttySS
1970-01-01T00:00:12.260690+0000 localhost kernel: 8743000.uart: ttySS4 at MMIO 0x8743000 (irq = 25, base_baud = 0) is a AMBA/ttySS
1970-01-01T00:00:12.260966+0000 localhost kernel: 8744000.uart: ttySS5 at MMIO 0x8744000 (irq = 26, base_baud = 0) is a AMBA/ttySS
1970-01-01T00:00:12.261182+0000 localhost kernel: 875d000.uart: ttySS6 at MMIO 0x875d000 (irq = 27, base_baud = 0) is a AMBA/ttySS
1970-01-01T00:00:12.261355+0000 localhost kernel: 875e000.uart: ttySS7 at MMIO 0x875e000 (irq = 28, base_baud = 0) is a AMBA/ttySS
1970-01-01T00:00:12.321551+0000 localhost kernel: 30,1970-01-01 00:00:12,1452,peci_probe,332,peci is 1 mode!
1970-01-01T00:00:12.321854+0000 localhost kernel: 31,1970-01-01 00:00:12,1452,peci_probe,346,peci init ok!
1970-01-01T00:00:12.396073+0000 localhost kernel: 32,1970-01-01 00:00:12,1470,hispi_setup_device,885,hispi_setup_device id 0x0!
1970-01-01T00:00:12.396371+0000 localhost kernel: 33,1970-01-01 00:00:12,1470,hispi_setup_device,885,hispi_setup_device id 0x1!
1970-01-01T00:00:12.420440+0000 localhost kernel: insmod (1477) used greatest stack depth: 11632 bytes left
1970-01-01T00:00:12.500155+0000 localhost kernel: 34,1970-01-01 00:00:12,1497,pci_fix_ker_probe,527,probe OK
1970-01-01T00:00:12.526258+0000 localhost kernel: 35,1970-01-01 00:00:12,1501,deal_with_ext_addr,255,g_mctp_ext_mode:0 [0 Normal,1 Offset,2 Hi]
1970-01-01T00:00:12.526569+0000 localhost kernel: 36,1970-01-01 00:00:12,1501,mctp_reset,1477,reset mctp ok!
1970-01-01T00:00:12.534444+0000 localhost kernel: 37,1970-01-01 00:00:12,1501,mctp_dereset,1501,dereset mctp ok!
1970-01-01T00:00:12.871320+0000 localhost kernel: 38,1970-01-01 00:00:12,1543,vce_dac_param_set,244,dac param register is: 0x800820f
1970-01-01T00:00:12.871702+0000 localhost kernel: 39,1970-01-01 00:00:12,1543,vce_driver_probe,295,irq_mask 0xd80
1970-01-01T00:00:12.910144+0000 localhost kernel: [request_fiq] succeed to register fiq-no 141 more func dfx_dying_saying+0x0/0x20 [dfx_drv]
1970-01-01T00:00:12.937162+0000 localhost rc.local[1555]: /dev/mmcblk0gp0
1970-01-01T00:00:12.979335+0000 localhost rc.local[1555]: /dev/mmcblk0gp1
1970-01-01T00:00:12.984855+0000 localhost kernel: 40,1970-01-01 00:00:12,50,gmac_link_handle,409,eth2 link up! speed(0x8) duplex(0x1).
1970-01-01T00:00:13.007493+0000 localhost rc.local[1555]: /dev/mmcblk0gp2
1970-01-01T00:00:13.065606+0000 localhost rc.local[1566]: ifconfig: SIOCGIFFLAGS: No such device
1970-01-01T00:00:13.103421+0000 localhost rc.local[1569]: /dev/mmcblk0p1: recovering journal
1970-01-01T00:00:13.463276+0000 localhost rc.local[1569]: /dev/mmcblk0p1: clean, 384/65536 files, 21035/262144 blocks
1970-01-01T00:00:13.492850+0000 localhost rc.local[1571]: insmod: can't insert '/lib/modules/5.10.0/rtos_snapshot.ko': File exists
1970-01-01T00:00:13.498044+0000 localhost rc.local[1282]: Setting console log message level:
1970-01-01T00:00:13.522248+0000 localhost rc.local[1573]: /dev/mmcblk0
1970-01-01T00:00:13.522248+0000 localhost rc.local[1573]: /dev/mmcblk0boot0
1970-01-01T00:00:13.522248+0000 localhost rc.local[1573]: /dev/mmcblk0boot1
1970-01-01T00:00:13.522248+0000 localhost rc.local[1573]: /dev/mmcblk0gp0
1970-01-01T00:00:13.522248+0000 localhost rc.local[1573]: /dev/mmcblk0gp1
1970-01-01T00:00:13.522248+0000 localhost rc.local[1573]: /dev/mmcblk0gp2
1970-01-01T00:00:13.522248+0000 localhost rc.local[1573]: /dev/mmcblk0gp3
1970-01-01T00:00:13.522248+0000 localhost rc.local[1573]: /dev/mmcblk0p1
1970-01-01T00:00:13.522248+0000 localhost rc.local[1573]: /dev/mmcblk0p2
1970-01-01T00:00:13.522248+0000 localhost rc.local[1573]: /dev/mmcblk0p3
1970-01-01T00:00:13.522248+0000 localhost rc.local[1573]: /dev/mmcblk0p5
1970-01-01T00:00:13.522248+0000 localhost rc.local[1573]: /dev/mmcblk0p6
1970-01-01T00:00:13.522248+0000 localhost rc.local[1573]: /dev/mmcblk0p7
1970-01-01T00:00:13.522248+0000 localhost rc.local[1573]: /dev/mmcblk0p8
1970-01-01T00:00:13.522248+0000 localhost rc.local[1573]: /dev/mmcblk0p9
1970-01-01T00:00:13.534444+0000 localhost rc.local[1574]: FBS
1970-01-01T00:00:13.534444+0000 localhost rc.local[1574]: bin
1970-01-01T00:00:13.534444+0000 localhost rc.local[1574]: boot
1970-01-01T00:00:13.534444+0000 localhost rc.local[1574]: data
1970-01-01T00:00:13.534444+0000 localhost rc.local[1574]: dev
1970-01-01T00:00:13.534444+0000 localhost rc.local[1574]: etc
1970-01-01T00:00:13.534444+0000 localhost rc.local[1574]: home
1970-01-01T00:00:13.534444+0000 localhost rc.local[1574]: init
1970-01-01T00:00:13.534444+0000 localhost rc.local[1574]: lib
1970-01-01T00:00:13.534444+0000 localhost rc.local[1574]: lib64
1970-01-01T00:00:13.534444+0000 localhost rc.local[1574]: linuxrc
1970-01-01T00:00:13.534444+0000 localhost rc.local[1574]: lost+found
1970-01-01T00:00:13.534444+0000 localhost rc.local[1574]: media
1970-01-01T00:00:13.534444+0000 localhost rc.local[1574]: mnt
1970-01-01T00:00:13.534444+0000 localhost rc.local[1574]: opt
1970-01-01T00:00:13.534444+0000 localhost rc.local[1574]: package_info
1970-01-01T00:00:13.534444+0000 localhost rc.local[1574]: proc
1970-01-01T00:00:13.534444+0000 localhost rc.local[1574]: root
1970-01-01T00:00:13.534444+0000 localhost rc.local[1574]: run
1970-01-01T00:00:13.534444+0000 localhost rc.local[1574]: sbin
1970-01-01T00:00:13.534444+0000 localhost rc.local[1574]: sys
1970-01-01T00:00:13.534444+0000 localhost rc.local[1574]: tmp
1970-01-01T00:00:13.534444+0000 localhost rc.local[1574]: usr
1970-01-01T00:00:13.534444+0000 localhost rc.local[1574]: v1
1970-01-01T00:00:13.534444+0000 localhost rc.local[1574]: v2
1970-01-01T00:00:13.534444+0000 localhost rc.local[1574]: var
1970-01-01T00:00:13.780081+0000 localhost kernel: EXT4-fs (mmcblk0p7): recovery complete
1970-01-01T00:00:13.780433+0000 localhost kernel: EXT4-fs (mmcblk0p7): mounted filesystem 738c1443-4eb3-4865-81c8-8d06b616eeef r/w with ordered data mode. Opts: (null)
1970-01-01T00:00:13.794124+0000 localhost rc.local[1581]: e2fsck 1.47.0 (5-Feb-2023)
1970-01-01T00:00:13.805904+0000 localhost rc.local[1581]: Pass 1: Checking inodes, blocks, and sizes
1970-01-01T00:00:14.177256+0000 localhost rc.local[1581]: Pass 2: Checking directory structure
1970-01-01T00:00:14.196497+0000 localhost rc.local[1581]: Pass 3: Checking directory connectivity
1970-01-01T00:00:14.196914+0000 localhost rc.local[1581]: Pass 4: Checking reference counts
1970-01-01T00:00:14.203578+0000 localhost rc.local[1581]: Pass 5: Checking group summary information
1970-01-01T00:00:14.230850+0000 localhost rc.local[1581]:          384 inodes used (0.59%, out of 65536)
1970-01-01T00:00:14.230850+0000 localhost rc.local[1581]:           40 non-contiguous files (10.4%)
1970-01-01T00:00:14.230850+0000 localhost rc.local[1581]:            0 non-contiguous directories (0.0%)
1970-01-01T00:00:14.230850+0000 localhost rc.local[1581]:              # of inodes with ind/dind/tind blocks: 0/0/0
1970-01-01T00:00:14.232017+0000 localhost rc.local[1581]:              Extent depth histogram: 370/6
1970-01-01T00:00:14.232017+0000 localhost rc.local[1581]:        21035 blocks used (8.02%, out of 262144)
1970-01-01T00:00:14.232017+0000 localhost rc.local[1581]:            0 bad blocks
1970-01-01T00:00:14.232017+0000 localhost rc.local[1581]:            1 large file
1970-01-01T00:00:14.232017+0000 localhost rc.local[1581]:          266 regular files
1970-01-01T00:00:14.232017+0000 localhost rc.local[1581]:          109 directories
1970-01-01T00:00:14.232017+0000 localhost rc.local[1581]:            0 character device files
1970-01-01T00:00:14.232017+0000 localhost rc.local[1581]:            0 block device files
1970-01-01T00:00:14.232017+0000 localhost rc.local[1581]:            0 fifos
1970-01-01T00:00:14.232017+0000 localhost rc.local[1581]:            0 links
1970-01-01T00:00:14.232017+0000 localhost rc.local[1581]:            0 symbolic links (0 fast symbolic links)
1970-01-01T00:00:14.232017+0000 localhost rc.local[1581]:            0 sockets
1970-01-01T00:00:14.232017+0000 localhost rc.local[1581]: ------------
1970-01-01T00:00:14.232017+0000 localhost rc.local[1581]:          375 files
1970-01-01T00:00:14.270080+0000 localhost kernel: EXT4-fs (mmcblk0p1): mounted filesystem 12338794-cac1-4f0d-9af7-cd960527c7c8 r/w with ordered data mode. Opts: (null)
1970-01-01T00:00:14.286535+0000 localhost systemd[1]: dev-shm-trust.mount: Deactivated successfully.
1970-01-01T00:00:14.290083+0000 localhost kernel: EXT4-fs (mmcblk0p7): unmounting filesystem 738c1443-4eb3-4865-81c8-8d06b616eeef.
1970-01-01T00:00:14.413306+0000 localhost rc.local[1597]: e2fsck 1.47.0 (5-Feb-2023)
1970-01-01T00:00:14.421840+0000 localhost rc.local[1597]: /dev/mmcblk0p9: recovering journal
1970-01-01T00:00:14.549955+0000 localhost rc.local[1597]: Pass 1: Checking inodes, blocks, and sizes
1970-01-01T00:00:14.587579+0000 localhost rc.local[1597]: Pass 2: Checking directory structure
1970-01-01T00:00:14.593382+0000 localhost rc.local[1597]: Pass 3: Checking directory connectivity
1970-01-01T00:00:14.594220+0000 localhost rc.local[1597]: Pass 4: Checking reference counts
1970-01-01T00:00:14.604780+0000 localhost rc.local[1597]: Pass 5: Checking group summary information
1970-01-01T00:00:14.608347+0000 localhost rc.local[1597]: Free blocks count wrong (268467, counted=269785).
1970-01-01T00:00:14.608347+0000 localhost rc.local[1597]: Fix? yes
1970-01-01T00:00:14.614799+0000 localhost rc.local[1597]: /dev/mmcblk0p9: ***** FILE SYSTEM WAS MODIFIED *****
1970-01-01T00:00:14.614799+0000 localhost rc.local[1597]:          172 inodes used (0.19%, out of 90360)
1970-01-01T00:00:14.614799+0000 localhost rc.local[1597]:           41 non-contiguous files (23.8%)
1970-01-01T00:00:14.614799+0000 localhost rc.local[1597]:            1 non-contiguous directory (0.6%)
1970-01-01T00:00:14.615963+0000 localhost rc.local[1597]:              # of inodes with ind/dind/tind blocks: 0/0/0
1970-01-01T00:00:14.615963+0000 localhost rc.local[1597]:              Extent depth histogram: 137/27
1970-01-01T00:00:14.615963+0000 localhost rc.local[1597]:        92375 blocks used (25.51%, out of 362160)
1970-01-01T00:00:14.615963+0000 localhost rc.local[1597]:            0 bad blocks
1970-01-01T00:00:14.615963+0000 localhost rc.local[1597]:            0 large files
1970-01-01T00:00:14.615963+0000 localhost rc.local[1597]:          139 regular files
1970-01-01T00:00:14.615963+0000 localhost rc.local[1597]:           24 directories
1970-01-01T00:00:14.615963+0000 localhost rc.local[1597]:            0 character device files
1970-01-01T00:00:14.615963+0000 localhost rc.local[1597]:            0 block device files
1970-01-01T00:00:14.615963+0000 localhost rc.local[1597]:            0 fifos
1970-01-01T00:00:14.615963+0000 localhost rc.local[1597]:            0 links
1970-01-01T00:00:14.615963+0000 localhost rc.local[1597]:            0 symbolic links (0 fast symbolic links)
1970-01-01T00:00:14.615963+0000 localhost rc.local[1597]:            0 sockets
1970-01-01T00:00:14.615963+0000 localhost rc.local[1597]: ------------
1970-01-01T00:00:14.615963+0000 localhost rc.local[1597]:          163 files
1970-01-01T00:00:14.640069+0000 localhost kernel: EXT4-fs (mmcblk0p9): mounted filesystem 29623499-ab13-4d64-bdac-7b401920dd8f r/w with ordered data mode. Opts: (null)
1970-01-01T00:00:14.666649+0000 localhost rc.local[1602]: Recover datafs begin
1970-01-01T00:00:14.703200+0000 localhost rc.local[1602]: Recover datafs no need ubootrecoverflag=0
1970-01-01T00:00:14.771796+0000 localhost rc.local[1614]: e2fsck 1.47.0 (5-Feb-2023)
1970-01-01T00:00:14.783063+0000 localhost rc.local[1614]: Pass 1: Checking inodes, blocks, and sizes
1970-01-01T00:00:14.801497+0000 localhost rc.local[1614]: Pass 2: Checking directory structure
1970-01-01T00:00:14.816086+0000 localhost rc.local[1614]: Pass 3: Checking directory connectivity
1970-01-01T00:00:14.816807+0000 localhost rc.local[1614]: Pass 4: Checking reference counts
1970-01-01T00:00:14.824078+0000 localhost rc.local[1614]: Pass 5: Checking group summary information
1970-01-01T00:00:14.833895+0000 localhost rc.local[1614]:          105 inodes used (0.16%, out of 65536)
1970-01-01T00:00:14.833895+0000 localhost rc.local[1614]:           10 non-contiguous files (9.5%)
1970-01-01T00:00:14.833895+0000 localhost rc.local[1614]:            0 non-contiguous directories (0.0%)
1970-01-01T00:00:14.833895+0000 localhost rc.local[1614]:              # of inodes with ind/dind/tind blocks: 0/0/0
1970-01-01T00:00:14.835205+0000 localhost rc.local[1614]:              Extent depth histogram: 96/1
1970-01-01T00:00:14.835205+0000 localhost rc.local[1614]:        36236 blocks used (13.82%, out of 262144)
1970-01-01T00:00:14.835205+0000 localhost rc.local[1614]:            0 bad blocks
1970-01-01T00:00:14.835205+0000 localhost rc.local[1614]:            0 large files
1970-01-01T00:00:14.835205+0000 localhost rc.local[1614]:           66 regular files
1970-01-01T00:00:14.835205+0000 localhost rc.local[1614]:           30 directories
1970-01-01T00:00:14.835205+0000 localhost rc.local[1614]:            0 character device files
1970-01-01T00:00:14.835205+0000 localhost rc.local[1614]:            0 block device files
1970-01-01T00:00:14.835205+0000 localhost rc.local[1614]:            0 fifos
1970-01-01T00:00:14.835205+0000 localhost rc.local[1614]:            0 links
1970-01-01T00:00:14.835205+0000 localhost rc.local[1614]:            0 symbolic links (0 fast symbolic links)
1970-01-01T00:00:14.835205+0000 localhost rc.local[1614]:            0 sockets
1970-01-01T00:00:14.835205+0000 localhost rc.local[1614]: ------------
1970-01-01T00:00:14.835205+0000 localhost rc.local[1614]:           96 files
1970-01-01T00:00:14.880098+0000 localhost kernel: EXT4-fs (mmcblk0p7): mounted filesystem 738c1443-4eb3-4865-81c8-8d06b616eeef r/w with ordered data mode. Opts: (null)
1970-01-01T00:00:14.954148+0000 localhost rc.local[1625]: Recover log partition begin
1970-01-01T00:00:15.005519+0000 localhost rc.local[1634]: /dev/mmcblk0p9 on /var/log type ext4 (rw,relatime)
1970-01-01T00:00:15.116961+0000 localhost systemd-journald[1245]: Time spent on flushing to /var/log/journal/2ce1ebbbc5364093b888b88e39174373 is 54.707ms for 641 entries.
1970-01-01T00:00:15.116961+0000 localhost systemd-journald[1245]: System Journal (/var/log/journal/2ce1ebbbc5364093b888b88e39174373) is 4.0M, max 8.0M, 4.0M free.
1970-01-01T00:00:15.225729+0000 localhost rc.local[1646]: Recover trust partition begin
1970-01-01T00:00:15.276835+0000 localhost rc.local[1655]: /dev/mmcblk0p7 on /data/trust type ext4 (rw,relatime)
1970-01-01T00:00:15.340100+0000 localhost kernel: EXT4-fs (mmcblk0gp3): recovery complete
1970-01-01T00:00:15.340613+0000 localhost kernel: EXT4-fs (mmcblk0gp3): mounted filesystem 08cfa917-2338-44e8-8298-f8a413d99344 r/w with ordered data mode. Opts: (null)
1970-01-01T00:00:15.384643+0000 localhost rc.local[1282]: The content of the ksf file is identical
1970-01-01T00:00:15.442340+0000 localhost rc.local[1670]: chmod: /data/var/lock: No such file or directory
1970-01-01T00:00:15.455900+0000 localhost rc.local[1671]: chmod: /data/var/run: No such file or directory
1970-01-01T00:00:15.467070+0000 localhost rc.local[1672]: chmod: /data/var/run/syslog-ng: No such file or directory
1970-01-01T00:00:15.480744+0000 localhost rc.local[1673]: touch: /data/var/run/utmp: No such file or directory
1970-01-01T00:00:15.482481+0000 localhost rc.local[1282]: Setting hostname:
1970-01-01T00:00:15.492107+0000 localhost rc.local[1674]: cat: can't open '/etc/HOSTNAME': No such file or directory
1970-01-01T00:00:15.493824+0000 localhost rc.local[1282]: Settingup the sysctl configurations:
1970-01-01T00:00:15.518632+0000 localhost rc.local[1282]: Setting up interface lo:
1970-01-01T00:00:15.603095+0000 localhost rc.local[1682]: cp: can't stat '/etc/crond_cfg/*': No such file or directory
1970-01-01T00:00:15.614562+0000 localhost rc.local[1683]: chmod: /data/var/spool/cron/crontabs/*: No such file or directory
1970-01-01T00:00:15.705251+0000 localhost rc.local[1691]: chmod: /data/opt/bmc/save: No such file or directory
1970-01-01T00:00:15.790076+0000 localhost kernel: [pmfs]: pramdisk: registered block device major 254
1970-01-01T00:00:15.790559+0000 localhost kernel: [pmfs]: starting add gendisk!
1970-01-01T00:00:15.800178+0000 localhost kernel: [pmfs]: add gendisk done!
1970-01-01T00:00:15.800515+0000 localhost kernel: [pmfs]: pramdisk: module loaded
1970-01-01T00:00:15.968043+0000 localhost rc.local[1707]: mke2fs 1.47.0 (5-Feb-2023)
1970-01-01T00:00:15.969971+0000 localhost rc.local[1707]: /dev/pramdisk0 is capable of DAX but current block size 1024 is different from system page size 4096 so filesystem will not support DAX.
1970-01-01T00:00:15.970515+0000 localhost rc.local[1707]: Creating filesystem with 12284 1k blocks and 3072 inodes
1970-01-01T00:00:15.970515+0000 localhost rc.local[1707]: Filesystem UUID: 66eb5d98-74eb-4956-bd30-4fc0a0300964
1970-01-01T00:00:15.970515+0000 localhost rc.local[1707]: Superblock backups stored on blocks:
1970-01-01T00:00:15.970515+0000 localhost rc.local[1707]:         8193
1970-01-01T00:00:15.970515+0000 localhost rc.local[1707]: [41B blob data]
1970-01-01T00:00:15.972657+0000 localhost rc.local[1707]: [38B blob data]
1970-01-01T00:00:15.976959+0000 localhost rc.local[1707]: [75B blob data]
1970-01-01T00:00:16.001445+0000 localhost rc.local[1282]: load pmfs done
1970-01-01T00:00:16.039254+0000 localhost rc.local[1282]: Running local startup scripts.
1970-01-01T00:00:16.448488+0000 localhost rc.local[1753]: net.ipv6.ip_nonlocal_bind = 1
1970-01-01T00:00:16.635595+0000 localhost rc.local[1755]: srcFile=/etc/passwd
1970-01-01T00:00:16.686583+0000 localhost rc.local[1755]: date: Thu Jan  1 00:00:16 CGP 1970, root or 0 is exist!
1970-01-01T00:00:16.722946+0000 localhost rc.local[1755]: date: Thu Jan  1 00:00:16 CGP 1970, apache or 98 is exist!
1970-01-01T00:00:16.758637+0000 localhost rc.local[1755]: date: Thu Jan  1 00:00:16 CGP 1970, snmpd_user or 95 is exist!
1970-01-01T00:00:16.794224+0000 localhost rc.local[1755]: date: Thu Jan  1 00:00:16 CGP 1970, ipmi_user or 96 is exist!
1970-01-01T00:00:16.830348+0000 localhost rc.local[1755]: date: Thu Jan  1 00:00:16 CGP 1970, kvm_user or 97 is exist!
1970-01-01T00:00:16.866063+0000 localhost rc.local[1755]: date: Thu Jan  1 00:00:16 CGP 1970, discovery_user or 100 is exist!
1970-01-01T00:00:16.902008+0000 localhost rc.local[1755]: date: Thu Jan  1 00:00:16 CGP 1970, comm_user or 101 is exist!
1970-01-01T00:00:16.938034+0000 localhost rc.local[1755]: date: Thu Jan  1 00:00:16 CGP 1970, sshd or 74 is exist!
1970-01-01T00:00:16.974728+0000 localhost rc.local[1755]: date: Thu Jan  1 00:00:16 CGP 1970, redfish_user or 102 is exist!
1970-01-01T00:00:17.010483+0000 localhost rc.local[1755]: date: Thu Jan  1 00:00:17 CGP 1970, secbox or 104 is exist!
1970-01-01T00:00:17.022779+0000 localhost rc.local[1755]: date: Thu Jan  1 00:00:17 CGP 1970, all users have been added
1970-01-01T00:00:17.053443+0000 localhost rc.local[1755]: srcFile=/etc/group
1970-01-01T00:00:17.100997+0000 localhost rc.local[1755]: date: Thu Jan  1 00:00:17 CGP 1970, root or 0 is exist!
1970-01-01T00:00:17.136994+0000 localhost rc.local[1755]: date: Thu Jan  1 00:00:17 CGP 1970, sshd or 74 is exist!
1970-01-01T00:00:17.172483+0000 localhost rc.local[1755]: date: Thu Jan  1 00:00:17 CGP 1970, operator or 200 is exist!
1970-01-01T00:00:17.208678+0000 localhost rc.local[1755]: date: Thu Jan  1 00:00:17 CGP 1970, user or 201 is exist!
1970-01-01T00:00:17.244690+0000 localhost rc.local[1755]: date: Thu Jan  1 00:00:17 CGP 1970, no_access or 202 is exist!
1970-01-01T00:00:17.280717+0000 localhost rc.local[1755]: date: Thu Jan  1 00:00:17 CGP 1970, admin or 204 is exist!
1970-01-01T00:00:17.316415+0000 localhost rc.local[1755]: date: Thu Jan  1 00:00:17 CGP 1970, apache or 98 is exist!
1970-01-01T00:00:17.352562+0000 localhost rc.local[1755]: date: Thu Jan  1 00:00:17 CGP 1970, apps or 103 is exist!
1970-01-01T00:00:17.388299+0000 localhost rc.local[1755]: date: Thu Jan  1 00:00:17 CGP 1970, snmpd_user or 95 is exist!
1970-01-01T00:00:17.424080+0000 localhost rc.local[1755]: date: Thu Jan  1 00:00:17 CGP 1970, ipmi_user or 96 is exist!
1970-01-01T00:00:17.462105+0000 localhost rc.local[1755]: date: Thu Jan  1 00:00:17 CGP 1970, kvm_user or 97 is exist!
1970-01-01T00:00:17.498025+0000 localhost rc.local[1755]: date: Thu Jan  1 00:00:17 CGP 1970, discovery_user or 100 is exist!
1970-01-01T00:00:17.533918+0000 localhost rc.local[1755]: date: Thu Jan  1 00:00:17 CGP 1970, comm_user or 101 is exist!
1970-01-01T00:00:17.570267+0000 localhost rc.local[1755]: date: Thu Jan  1 00:00:17 CGP 1970, redfish_user or 102 is exist!
1970-01-01T00:00:17.606257+0000 localhost rc.local[1755]: date: Thu Jan  1 00:00:17 CGP 1970, secbox or 104 is exist!
1970-01-01T00:00:18.135562+0000 localhost rc.local[1900]: kernel.core_pattern = |/usr/sbin/coredump_transfer %p %e-%s
1970-01-01T00:00:18.208449+0000 localhost rc.local[1905]: chown: /data/trust/persistence.local/event.db: No such file or directory
1970-01-01T00:00:18.233019+0000 localhost rc.local[1907]: chown: /opt/bmc/pram/persistence.local/event.db: No such file or directory
1970-01-01T00:00:18.333914+0000 localhost rc.local[1915]: chown: /opt/bmc/pram/persistence.local/sensor.db: No such file or directory
1970-01-01T00:00:18.358484+0000 localhost rc.local[1917]: chown: /data/opt/bmc/persistence.local/sensor.db_b: No such file or directory
1970-01-01T00:00:18.469163+0000 localhost rc.local[1926]: chown: /data/opt/SMBIOS_DIFF: No such file or directory
1970-01-01T00:00:18.482204+0000 localhost rc.local[1928]: date: invalid date '%Y-%m-%d %T.%N'
1970-01-01T00:00:18.635231+0000 localhost rc.local[1939]: chown: /opt/bmc/pram/persistence.local/compute.db: No such file or directory
1970-01-01T00:00:18.649477+0000 localhost rc.local[1940]: chown: /dev/shm/upgrade: No such file or directory
1970-01-01T00:00:18.757994+0000 localhost rc.local[1949]: chown: /data/backup/fpga/tmp/fpga.hpm: No such file or directory
1970-01-01T00:00:18.771195+0000 localhost rc.local[1950]: chown: /data/backup/fpga/gold/fpga.hpm: No such file or directory
1970-01-01T00:00:18.783500+0000 localhost rc.local[1951]: chown: /dev/shm/upgrade: No such file or directory
1970-01-01T00:00:18.798208+0000 localhost rc.local[1952]: chown: /dev/shm/dump_info_tmp/dump_info/LogDump/socboard: No such file or directory
1970-01-01T00:00:18.811505+0000 localhost rc.local[1953]: chown: /data/backup/vrd/up_cfg: No such file or directory
1970-01-01T00:00:18.823769+0000 localhost rc.local[1954]: chown: /data/opt/bmc/up_cfg: No such file or directory
1970-01-01T00:00:18.836190+0000 localhost rc.local[1955]: chown: /data/opt/bmc/hot_up_cfg: No such file or directory
1970-01-01T00:00:18.860813+0000 localhost rc.local[1957]: chown: /tmp/smm_down.sh: No such file or directory
1970-01-01T00:00:18.872885+0000 localhost rc.local[1958]: chown: /sbin/udhcpc: Read-only file system
1970-01-01T00:00:18.897243+0000 localhost rc.local[1960]: chown: /opt/bmc/pram/persistence.local/network_adapter.db: No such file or directory
1970-01-01T00:00:18.911316+0000 localhost rc.local[1961]: chown: /data/var/log/bmc/optical_module/optical_module_history_info_log.csv: No such file or directory
1970-01-01T00:00:18.923518+0000 localhost rc.local[1962]: chown: /data/var/log/bmc/optical_module: No such file or directory
1970-01-01T00:00:18.961898+0000 localhost rc.local[1965]: chown: /opt/bmc/pram/persistence.local/pcie_device.db: No such file or directory
1970-01-01T00:00:18.986341+0000 localhost rc.local[1967]: chown: /opt/bmc/pram/persistence.local/storage.db: No such file or directory
1970-01-01T00:00:19.012344+0000 localhost rc.local[1969]: chown: /data/var/log/storage/ctrllog: No such file or directory
1970-01-01T00:00:19.180098+0000 localhost kernel: loop0: detected capacity change from 0 to 209715200
1970-01-01T00:00:19.450127+0000 localhost kernel: EXT4-fs (loop0): recovery complete
1970-01-01T00:00:19.450485+0000 localhost kernel: EXT4-fs (loop0): mounted filesystem 8e264243-c592-4963-b675-87536801cb2d r/w with ordered data mode. Opts: (null)
1970-01-01T00:00:19.633366+0000 localhost rc.local[2017]: mkdir: can't create directory '/data/persistence': File exists
1970-01-01T00:00:19.645712+0000 localhost rc.local[2018]: mkdir: can't create directory '/data/persistence/file_transfer': File exists
1970-01-01T00:00:20.440158+0000 localhost kernel: hisport_cdev: 1316, ioremap:0x40000000
1970-01-01T00:00:20.510214+0000 localhost kernel: edma: 2297, ==========1711 device==========
1970-01-01T00:00:20.586260+0000 localhost rc.local[2113]: insmod: can't insert '/lib/modules/ko/bmc_tpcm_drv.ko': No such file or directory
1970-01-01T00:00:20.659593+0000 localhost rc.local[2114]: Flag path does not exist!
1970-01-01T00:00:20.780114+0000 localhost kernel: FS-Cache: Loaded
1970-01-01T00:00:20.810134+0000 localhost kernel: CacheFiles: Loaded
1970-01-01T00:00:20.910112+0000 localhost kernel: RPC: Registered named UNIX socket transport module.
1970-01-01T00:00:20.910448+0000 localhost kernel: RPC: Registered udp transport module.
1970-01-01T00:00:20.910676+0000 localhost kernel: RPC: Registered tcp transport module.
1970-01-01T00:00:20.910876+0000 localhost kernel: RPC: Registered tcp NFSv4.1 backchannel transport module.
1970-01-01T00:00:21.050127+0000 localhost kernel: FS-Cache: Netfs 'nfs' registered for caching
1970-01-01T00:00:21.153196+0000 localhost kernel: FS-Cache: Netfs 'cifs' registered for caching
1970-01-01T00:00:21.153746+0000 localhost kernel: Key type cifs.idmap registered
1970-01-01T00:00:21.200124+0000 localhost kernel: device-mapper: ioctl: 4.43.0-ioctl (2020-10-01) initialised: dm-devel@redhat.com
1970-01-01T00:00:21.209905+0000 localhost rc.local[2165]: insmod: can't insert '/lib/modules/5.10.0/kernel/net/netfilter/x_tables.ko': File exists
1970-01-01T00:00:21.247053+0000 localhost rc.local[2170]: insmod: can't insert '/lib/modules/5.10.0/kernel/net/ipv6/netfilter/ip6_tables.ko': No such file or directory
1970-01-01T00:00:21.285702+0000 localhost kernel: xhci-hcd xhci-hcd.0.auto: xHCI Host Controller
1970-01-01T00:00:21.287188+0000 localhost kernel: xhci-hcd xhci-hcd.0.auto: new USB bus registered, assigned bus number 1
1970-01-01T00:00:21.288306+0000 localhost kernel: xhci-hcd xhci-hcd.0.auto: hcc params 0x0220f66d hci version 0x100 quirks 0x0000000002010010
1970-01-01T00:00:21.289457+0000 localhost kernel: xhci-hcd xhci-hcd.0.auto: irq 125, io mem 0x08a00000
1970-01-01T00:00:21.290765+0000 localhost kernel: hub 1-0:1.0: USB hub found
1970-01-01T00:00:21.292176+0000 localhost kernel: hub 1-0:1.0: 1 port detected
1970-01-01T00:00:21.293568+0000 localhost kernel: xhci-hcd xhci-hcd.0.auto: xHCI Host Controller
1970-01-01T00:00:21.294770+0000 localhost kernel: xhci-hcd xhci-hcd.0.auto: new USB bus registered, assigned bus number 2
1970-01-01T00:00:21.296222+0000 localhost kernel: xhci-hcd xhci-hcd.0.auto: Host supports USB 3.0 SuperSpeed
1970-01-01T00:00:21.297542+0000 localhost kernel: usb usb2: We don't know the algorithms for LPM for this host, disabling LPM.
1970-01-01T00:00:21.299110+0000 localhost kernel: hub 2-0:1.0: USB hub found
1970-01-01T00:00:21.303011+0000 localhost kernel: hub 2-0:1.0: config failed, hub doesn't have any ports! (err -19)
1970-01-01T00:00:21.304518+0000 localhost kernel: xhci-hcd xhci-hcd.1.auto: xHCI Host Controller
1970-01-01T00:00:21.305804+0000 localhost kernel: xhci-hcd xhci-hcd.1.auto: new USB bus registered, assigned bus number 3
1970-01-01T00:00:21.307099+0000 localhost kernel: xhci-hcd xhci-hcd.1.auto: hcc params 0x0220f66d hci version 0x100 quirks 0x0000000002010010
1970-01-01T00:00:21.308273+0000 localhost kernel: xhci-hcd xhci-hcd.1.auto: irq 127, io mem 0x0cc00000
1970-01-01T00:00:21.311993+0000 localhost kernel: hub 3-0:1.0: USB hub found
1970-01-01T00:00:21.316790+0000 localhost kernel: hub 3-0:1.0: 1 port detected
1970-01-01T00:00:21.318133+0000 localhost kernel: xhci-hcd xhci-hcd.1.auto: xHCI Host Controller
1970-01-01T00:00:21.319298+0000 localhost kernel: xhci-hcd xhci-hcd.1.auto: new USB bus registered, assigned bus number 4
1970-01-01T00:00:21.320601+0000 localhost kernel: xhci-hcd xhci-hcd.1.auto: Host supports USB 3.0 SuperSpeed
1970-01-01T00:00:21.321742+0000 localhost kernel: usb usb4: We don't know the algorithms for LPM for this host, disabling LPM.
1970-01-01T00:00:21.323274+0000 localhost kernel: hub 4-0:1.0: USB hub found
1970-01-01T00:00:21.324841+0000 localhost kernel: hub 4-0:1.0: 1 port detected
1970-01-01T00:00:21.326293+0000 localhost kernel: insmod (2173) used greatest stack depth: 10624 bytes left
1970-01-01T00:00:21.347190+0000 localhost rc.local[2195]: insmod: can't insert '/lib/modules/5.10.0/kernel/lib/crc-ccitt.ko': File exists
1970-01-01T00:00:21.400133+0000 localhost kernel: cryptd: max_cpu_qlen set to 1000
1970-01-01T00:00:21.499938+0000 localhost rc.local[2230]: chown: /dev/mtd0: No such file or directory
1970-01-01T00:00:21.611098+0000 localhost systemd[1]: Started /etc/rc.local Compatibility.
1970-01-01T00:00:21.612111+0000 localhost systemd[1]: Started start logrotate timer.
1970-01-01T00:00:21.612510+0000 localhost systemd[1]: Started start partition usage monitor timer.
1970-01-01T00:00:21.612940+0000 localhost systemd[1]: Reached target Timer Units.
1970-01-01T00:00:21.619825+0000 localhost systemd[1]: Starting D-Bus System Message Bus...
1970-01-01T00:00:21.627863+0000 localhost systemd[1]: Started start logrotate service.
1970-01-01T00:00:21.635693+0000 localhost systemd[1]: Started system memory monitor.
1970-01-01T00:00:21.643775+0000 localhost systemd[1]: Started start partition usage monitor service.
1970-01-01T00:00:21.652288+0000 localhost systemd[1]: Started system process memory monitor.
1970-01-01T00:00:21.660152+0000 localhost kernel: memory_monitor. (2245): drop_caches: 4
1970-01-01T00:00:21.672327+0000 localhost systemd[1]: Starting Rsyslog Logging Service...
1970-01-01T00:00:21.687685+0000 localhost systemd[1]: Starting Permit User Sessions...
1970-01-01T00:00:21.698074+0000 localhost dbus-daemon[2242]: dbus[2242]: Unknown username "systemd-timesync" in message bus configuration file
1970-01-01T00:00:21.710400+0000 localhost dbus-daemon[2242]: dbus[2242]: Unknown username "systemd-network" in message bus configuration file
1970-01-01T00:00:21.717945+0000 localhost dbus-daemon[2242]: dbus[2242]: Unknown username "systemd-resolve" in message bus configuration file
1970-01-01T00:00:21.813203+0000 localhost systemd[1]: logrotate.service: Deactivated successfully.
1970-01-01T00:00:21.833825+0000 localhost systemd[1]: Finished Permit User Sessions.
1970-01-01T00:00:21.852831+0000 localhost systemd[1]: Started Getty on ttyS0.
1970-01-01T00:00:21.853606+0000 localhost systemd[1]: Reached target Login Prompts.
1970-01-01T00:00:21.900716+0000 localhost systemd[1]: Started Rsyslog Logging Service.
1970-01-01T00:00:21.906149+0000 localhost systemd[1]: cgroup compatibility translation between legacy and unified hierarchy settings activated. See cgroup-compat debug messages for details.
1970-01-01T00:00:21.909967+0000 localhost systemd[1]: Started ibmc tpcm module.
1970-01-01T00:00:21.918010+0000 localhost systemd[1]: Started ibmc file transfer module.
1970-01-01T00:00:21.925952+0000 localhost systemd[1]: Started A server which supports the DARPA telnet interactive communication protocol.
1970-01-01T00:00:22.193599+0000 localhost systemd[1]: partition_monitor.service: Deactivated successfully.
1970-01-01T00:00:22.975916+0000 localhost systemd[1]: Started D-Bus System Message Bus.
1970-01-01T00:00:22.994236+0000 localhost systemd[1]: Starting framework service...
1970-01-01T00:00:22.995628+0000 localhost systemd[1]: Started User Login Management.
1970-01-01T00:00:23.498784+0000 localhost systemd[1]: Started framework service.
1970-01-01T00:00:23.509007+0000 localhost systemd[1]: Starting alarm service...
1970-01-01T00:00:23.517785+0000 localhost systemd[1]: Starting bmc_core service...
1970-01-01T00:00:23.527074+0000 localhost systemd[1]: Starting energy service...
1970-01-01T00:00:23.535960+0000 localhost systemd[1]: Starting fault_diagnosis service...
1970-01-01T00:00:23.562797+0000 localhost systemd[1]: Starting security service...
1970-01-01T00:00:25.082102+0000 localhost systemd[1]: Started fault_diagnosis service.
1970-01-01T00:00:39.210145+0000 localhost kernel: [I2C-08-RT<-5|-5>] M<0x21|0x1|0x0|1|10> L<1|1|0> C<1|0|1> E<0x801|0x0|0x0|0x1> I<0x0|0x710|0x0>
1970-01-01T00:00:39.230091+0000 localhost kernel: [I2C-08-RT<-5|-5>] M<0x47|0x1|0x0|1|10> L<1|1|0> C<1|0|1> E<0x801|0x0|0x0|0x1> I<0x0|0x710|0x0>
1970-01-01T00:00:42.420350+0000 localhost kernel: [I2C-08-RT<-5|-5>] M<0x21|0x1|0x0|1|10> L<1|1|0> C<1|0|1> E<0x801|0x0|0x0|0x1> I<0x0|0x710|0x0>
1970-01-01T00:00:42.440176+0000 localhost kernel: [I2C-08-RT<-5|-5>] M<0x47|0x1|0x0|1|10> L<1|1|0> C<1|0|1> E<0x801|0x0|0x0|0x1> I<0x0|0x710|0x0>
1970-01-01T00:00:42.818327+0000 localhost tpcm[2283]: g_error_free: assertion 'error != NULL' failed
1970-01-01T00:00:46.450135+0000 localhost kernel: [I2C-08-RT<-5|-5>] M<0x21|0x1|0x0|1|10> L<1|1|0> C<1|0|1> E<0x801|0x0|0x0|0x1> I<0x0|0x510|0x0>
1970-01-01T00:00:46.480135+0000 localhost kernel: [I2C-08-RT<-5|-5>] M<0x47|0x1|0x0|1|10> L<1|1|0> C<1|0|1> E<0x801|0x0|0x0|0x1> I<0x0|0x710|0x0>
1970-01-01T00:00:52.620120+0000 localhost kernel: [I2C-06-RT<-5|-5>] M<0x57|0x1|0x0|1|10> L<2|32|0> C<2|0|32> E<0x801|0x0|0x0|0x1> I<0x0|0x710|0x0>
1970-01-01T00:00:53.430109+0000 localhost kernel: [I2C-06-RT<-5|-5>] M<0x57|0x1|0x0|1|10> L<2|32|0> C<2|0|32> E<0x801|0x0|0x0|0x1> I<0x0|0x710|0x0>
1970-01-01T00:00:53.650256+0000 localhost kernel: [I2C-06-RT<-5|-5>] M<0x57|0x1|0x0|1|10> L<2|32|0> C<2|0|32> E<0x801|0x0|0x0|0x1> I<0x0|0x710|0x0>
1970-01-01T00:00:53.652025+0000 localhost systemd[1]: Started alarm service.
1970-01-01T00:00:53.654780+0000 localhost systemd[1]: Started bmc_core service.
1970-01-01T00:00:53.691124+0000 localhost systemd[1]: Starting hardware service...
1970-01-01T00:00:53.724533+0000 localhost systemd[1]: Starting om service...
1970-01-01T00:00:53.751846+0000 localhost systemd[1]: Starting om_priv service...
1970-01-01T00:00:53.801152+0000 localhost systemd[1]: Starting ras service...
1970-01-01T00:00:53.840207+0000 localhost systemd[1]: Started security service.
1970-01-01T00:00:53.860101+0000 localhost systemd[1]: Started ras service.
1970-01-01T00:00:54.667227+0000 localhost kernel: [I2C-08-RT<-5|-5>] M<0x21|0x1|0x0|1|10> L<1|1|0> C<1|0|1> E<0x801|0x0|0x0|0x1> I<0x0|0x710|0x0>
1970-01-01T00:00:54.667723+0000 localhost kernel: [I2C-08-RT<-5|-5>] M<0x47|0x1|0x0|1|10> L<1|1|0> C<1|0|1> E<0x801|0x0|0x0|0x1> I<0x0|0x710|0x0>
1970-01-01T00:00:54.680126+0000 localhost kernel: [I2C-06-RT<-5|-5>] M<0x57|0x1|0x0|1|10> L<2|32|0> C<2|0|32> E<0x801|0x0|0x0|0x1> I<0x0|0x710|0x0>
1970-01-01T00:00:54.900118+0000 localhost kernel: [I2C-06-RT<-5|-5>] M<0x57|0x1|0x0|1|10> L<2|32|0> C<2|0|32> E<0x801|0x0|0x0|0x1> I<0x0|0x710|0x0>
1970-01-01T00:00:55.125539+0000 localhost kernel: [I2C-06-RT<-5|-5>] M<0x57|0x1|0x0|1|10> L<2|32|0> C<2|0|32> E<0x801|0x0|0x0|0x1> I<0x0|0x710|0x0>
1970-01-01T00:00:55.330209+0000 localhost kernel: [I2C-06-RT<-5|-5>] M<0x57|0x1|0x0|1|10> L<2|32|0> C<2|0|32> E<0x801|0x0|0x0|0x1> I<0x0|0x710|0x0>
1970-01-01T00:00:55.540264+0000 localhost kernel: [I2C-06-RT<-5|-5>] M<0x57|0x1|0x0|1|10> L<2|32|0> C<2|0|32> E<0x801|0x0|0x0|0x1> I<0x0|0x710|0x0>
1970-01-01T00:00:55.770647+0000 localhost kernel: [I2C-06-RT<-5|-5>] M<0x57|0x1|0x0|1|10> L<2|32|0> C<2|0|32> E<0x801|0x0|0x0|0x1> I<0x0|0x710|0x0>
1970-01-01T00:00:56.010265+0000 localhost kernel: [I2C-06-RT<-5|-5>] M<0x57|0x1|0x0|1|10> L<2|32|0> C<2|0|32> E<0x801|0x0|0x0|0x1> I<0x0|0x710|0x0>
1970-01-01T00:00:58.665993+0000 localhost systemd[1]: energy.service: Control process exited, code=exited, status=1/FAILURE
1970-01-01T00:00:58.670456+0000 localhost kernel: IDUMP: read string section hdr error:-4
1970-01-01T00:00:58.682698+0000 localhost systemd[1]: energy.service: Failed with result 'exit-code'.
1970-01-01T00:00:58.699667+0000 localhost systemd[1]: Failed to start energy service.
1970-01-01T00:00:58.932697+0000 localhost systemd[1]: Started hardware service.
1970-01-01T00:01:00.202661+0000 localhost kernel: EXT4-fs (mmcblk0gp2): mounted filesystem a578aeb2-73b2-434e-870c-5027ac60059f ro with ordered data mode. Opts: (null)
1970-01-01T00:01:00.358459+0000 localhost systemd[1]: dev-shm-bmc_mount.mount: Deactivated successfully.
1970-01-01T00:01:00.370381+0000 localhost kernel: EXT4-fs (mmcblk0gp2): unmounting filesystem a578aeb2-73b2-434e-870c-5027ac60059f.
1970-01-01T00:01:00.724054+0000 localhost systemd[1]: energy.service: Scheduled restart job, restart counter is at 1.
1970-01-01T00:01:00.725716+0000 localhost systemd[1]: Stopped energy service.
1970-01-01T00:01:00.742784+0000 localhost systemd[1]: Starting energy service...
1970-01-01T00:01:02.124533+0000 localhost kernel: 41,1970-01-01 00:01:02,2372,hw_get_hard_lock,79,hw_lock(0x2) is locked by M3
1970-01-01T00:01:02.125074+0000 localhost kernel: 42,1970-01-01 00:01:02,2372,hw_acquire_hard_lock,141,hardware lock(2) is't locked by A55(-1)
1970-01-01T00:01:02.168194+0000 localhost kernel: 43,1970-01-01 00:01:02,2372,hw_get_hard_lock,79,hw_lock(0x2) is locked by M3
1970-01-01T00:01:02.168606+0000 localhost kernel: 44,1970-01-01 00:01:02,2372,hw_acquire_hard_lock,141,hardware lock(2) is't locked by A55(-1)
1970-01-01T00:01:02.208246+0000 localhost kernel: 45,1970-01-01 00:01:02,2372,hw_get_hard_lock,79,hw_lock(0x2) is locked by M3
1970-01-01T00:01:02.209111+0000 localhost kernel: 46,1970-01-01 00:01:02,2372,hw_acquire_hard_lock,141,hardware lock(2) is't locked by A55(-1)
1970-01-01T00:01:02.248163+0000 localhost kernel: 47,1970-01-01 00:01:02,2372,hw_get_hard_lock,79,hw_lock(0x2) is locked by M3
1970-01-01T00:01:02.248522+0000 localhost kernel: 48,1970-01-01 00:01:02,2372,hw_acquire_hard_lock,141,hardware lock(2) is't locked by A55(-1)
1970-01-01T00:01:02.288069+0000 localhost kernel: 49,1970-01-01 00:01:02,2372,hw_get_hard_lock,79,hw_lock(0x2) is locked by M3
1970-01-01T00:01:02.288587+0000 localhost kernel: 50,1970-01-01 00:01:02,2372,hw_acquire_hard_lock,141,hardware lock(2) is't locked by A55(-1)
1970-01-01T00:01:02.409599+0000 localhost kernel: 51,1970-01-01 00:01:02,1209,hw_get_hard_lock,79,hw_lock(0x2) is locked by M3
1970-01-01T00:01:02.410259+0000 localhost kernel: 52,1970-01-01 00:01:02,1209,hw_acquire_hard_lock,141,hardware lock(2) is't locked by A55(-1)
1970-01-01T00:01:02.618516+0000 localhost kernel: 53,1970-01-01 00:01:02,1163,hw_get_hard_lock,79,hw_lock(0x2) is locked by M3
1970-01-01T00:01:02.619064+0000 localhost kernel: 54,1970-01-01 00:01:02,1163,hw_acquire_hard_lock,141,hardware lock(2) is't locked by A55(-1)
1970-01-01T00:01:02.661481+0000 localhost kernel: 55,1970-01-01 00:01:02,1163,hw_get_hard_lock,79,hw_lock(0x2) is locked by M3
1970-01-01T00:01:02.661923+0000 localhost kernel: 56,1970-01-01 00:01:02,1163,hw_acquire_hard_lock,141,hardware lock(2) is't locked by A55(-1)
1970-01-01T00:01:03.970305+0000 localhost systemd[1]: Started om_priv service.
1970-01-01T00:01:07.475474+0000 localhost kernel: 57,1970-01-01 00:01:07,1209,hw_get_hard_lock,79,hw_lock(0x2) is locked by M3
1970-01-01T00:01:07.476216+0000 localhost kernel: 58,1970-01-01 00:01:07,1209,hw_acquire_hard_lock,141,hardware lock(2) is't locked by A55(-1)
1970-01-01T00:01:10.816114+0000 localhost kernel: [I2C-08-RT<-5|-5>] M<0x21|0x1|0x0|1|10> L<1|1|0> C<1|0|1> E<0x801|0x0|0x0|0x1> I<0x0|0x710|0x0>
1970-01-01T00:01:10.816680+0000 localhost kernel: [I2C-08-RT<-5|-5>] M<0x47|0x1|0x0|1|10> L<1|1|0> C<1|0|1> E<0x801|0x0|0x0|0x1> I<0x0|0x710|0x0>
1970-01-01T00:01:12.640732+0000 localhost kernel: 59,1970-01-01 00:01:12,2374,sol_reset,129,SOL-0 reset <0>.
1970-01-01T00:01:12.641357+0000 localhost kernel: 60,1970-01-01 00:01:12,2374,sol_set_reg_val,546,SOL[0] Set Rx-start 0x86000000, Rx-size 0x3, Tx-start 0x86200000, Tx-size 0x3.
2026-04-17T07:44:18.355345+0000 localhost systemd[1]: Time has been changed
2026-04-17T07:44:18.386144+0000 localhost kernel: 61,1970-01-01 00:01:13,2373,sol_reset,129,SOL-1 reset <0>.
2026-04-17T07:44:18.387624+0000 localhost kernel: 62,2026-04-17 07:44:18,2373,sol_set_reg_val,546,SOL[1] Set Rx-start 0x86400000, Rx-size 0x1, Tx-start 0x86480000, Tx-size 0x4.
2026-04-17T07:44:18.501916+0000 localhost kernel: 63,2026-04-17 07:44:18,2657,msg_sec_module_cmd_cpy_to_user,523,msg copy_to_user user data error 8
2026-04-17T07:44:18.502285+0000 localhost kernel: 64,2026-04-17 07:44:18,2657,msg_scm3_ioctl,613,msg cmd(0xc0047301) handle error!
2026-04-17T07:44:18.804558+0000 localhost kernel: 65,2026-04-17 07:44:18,2373,sol_reset,129,SOL-2 reset <0>.
2026-04-17T07:44:18.804969+0000 localhost kernel: 66,2026-04-17 07:44:18,2373,sol_set_reg_val,546,SOL[2] Set Rx-start 0x86880000, Rx-size 0x3, Tx-start 0x86a80000, Tx-size 0x1.
2026-04-17T07:44:18.876823+0000 localhost systemd[1]: Started om service.
2026-04-17T07:44:18.903721+0000 localhost systemd[1]: Started ibmc ssdp module.
2026-04-17T07:44:18.922275+0000 localhost systemd[1]: Starting interface service...
2026-04-17T07:44:19.002833+0000 localhost kernel: 67,2026-04-17 07:44:18,2375,sol_reset,129,SOL-3 reset <0>.
2026-04-17T07:44:19.003200+0000 localhost kernel: 68,2026-04-17 07:44:18,2375,sol_set_reg_val,546,SOL[3] Set Rx-start 0x86b00000, Rx-size 0x3, Tx-start 0x86d00000, Tx-size 0x2.
2026-04-17T07:44:19.179890+0000 localhost kernel: ext2 filesystem being remounted at /dev/shm/chroot/2882/opt/bmc/pram supports timestamps until 2038-01-19 (0x7fffffff)
2026-04-17T07:44:21.054483+0000 localhost kernel: 69,2026-04-17 07:44:20,2830,mctp_reset,1477,reset mctp ok!
2026-04-17T07:44:21.054917+0000 localhost kernel: 70,2026-04-17 07:44:21,2830,mctp_dereset,1501,dereset mctp ok!
2026-04-17T07:44:24.239898+0000 2102315QMAN0RB100622 kernel: device-mapper: ioctl: dmsetup[2948]: dm-0 (mmcblksp) is created successfully
2026-04-17T07:44:24.699881+0000 2102315QMAN0RB100622 kernel: FAT-fs (mmcblk0p5): Volume was not properly unmounted. Some data may be corrupt. Please run fsck.
2026-04-17T07:44:26.379930+0000 2102315QMAN0RB100622 kernel: device-mapper: ioctl: dmsetup[2986]: dm-0 (mmcblksp) is removed successfully
2026-04-17T07:44:26.839859+0000 2102315QMAN0RB100622 kernel: device-mapper: ioctl: dmsetup[2996]: dm-0 (mmcblksp) is created successfully
2026-04-17T07:44:31.999900+0000 2102315QMAN0RB100622 kernel: IPv6: ADDRCONF(NETDEV_CHANGE): veth: link becomes ready
2026-04-17T07:44:34.182477+0000 2102315QMAN0RB100622 systemd[1]: Started interface service.
2026-04-17T07:44:39.239917+0000 2102315QMAN0RB100622 kernel: usbcore: registered new interface driver cdc_ether
2026-04-17T07:44:40.927195+0000 2102315QMAN0RB100622 systemd[1]: Started energy service.
2026-04-17T07:44:40.935492+0000 2102315QMAN0RB100622 systemd[1]: Reached target Multi-User System.
2026-04-17T07:44:40.959031+0000 2102315QMAN0RB100622 systemd[1]: Starting Record Runlevel Change in UTMP...
2026-04-17T07:44:41.056196+0000 2102315QMAN0RB100622 systemd[1]: systemd-update-utmp-runlevel.service: Deactivated successfully.
2026-04-17T07:44:41.062791+0000 2102315QMAN0RB100622 systemd[1]: Finished Record Runlevel Change in UTMP.
2026-04-17T07:44:41.071780+0000 2102315QMAN0RB100622 systemd[1]: Startup finished in 2.369s (kernel) + 1min 33.702s (userspace) = 1min 36.071s.
2026-04-17T07:44:41.239895+0000 2102315QMAN0RB100622 kernel: 71,2026-04-17 07:44:41,3374,init_btc_mode,434,btc mode(2)
2026-04-17T07:44:41.249831+0000 2102315QMAN0RB100622 kernel: 72,2026-04-17 07:44:41,3374,btc_lb_int_pin_init,439,pin(63) is reused as gpio
2026-04-17T07:44:41.250175+0000 2102315QMAN0RB100622 kernel: 73,2026-04-17 07:44:41,ISR,sysctrl_rst_int_handle,436,Receive subsys_rst_irq(41), int_reg(0x13c) int_sts(0x17b)!
2026-04-17T07:44:41.279887+0000 2102315QMAN0RB100622 kernel: ####dump test 0####
2026-04-17T07:44:41.280297+0000 2102315QMAN0RB100622 kernel: btc dev mode:2
2026-04-17T07:44:41.289913+0000 2102315QMAN0RB100622 kernel: btc priv:0 0
2026-04-17T07:44:41.290265+0000 2102315QMAN0RB100622 kernel: btc priv param:61 63
2026-04-17T07:44:41.290640+0000 2102315QMAN0RB100622 kernel: ####dump test 1####
2026-04-17T07:44:41.290923+0000 2102315QMAN0RB100622 kernel: btc dev mode:2
2026-04-17T07:44:41.304947+0000 2102315QMAN0RB100622 kernel: btc priv:1 0
2026-04-17T07:44:41.305302+0000 2102315QMAN0RB100622 kernel: btc priv param:61 63
2026-04-17T07:44:41.305730+0000 2102315QMAN0RB100622 kernel: 74,2026-04-17 07:44:41,3374,btc_probe,555,btc init ok!
2026-04-17T07:44:43.119968+0000 2102315QMAN0RB100622 kernel: usbcore: registered new interface driver rndis_host
2026-04-17T07:44:45.446890+0000 2102315QMAN0RB100622 kernel: 75,2026-04-17 07:44:45,3453,hisfc_drv_probe,834,probe bus 0
