1970-01-01T00:00:03.855658+0000 localhost kernel: Booting Linux on physical CPU 0x0000000000 [0x411fd050]
1970-01-01T00:00:03.855898+0000 localhost kernel: Linux version 5.10.0 (oe-user@oe-host) (aarch64-euler-linux-gcc (BiSheng Embedded CPU 303.0.0.3.B001) 7.3.0, GNU ld (BiSheng Embedded CPU 303.0.0.3.B001) 2.41) #1 SMP PREEMPT Thu Sep 4 20:41:29 CST 2025
1970-01-01T00:00:03.856034+0000 localhost kernel: Machine model: Hisilicon Hi1711 ASIC
1970-01-01T00:00:03.856140+0000 localhost kernel: efi: UEFI not found.
1970-01-01T00:00:03.856244+0000 localhost kernel: NUMA: No NUMA configuration found
1970-01-01T00:00:03.856350+0000 localhost kernel: NUMA: Faking a node at [mem 0x0000000084be0000-0x00000000efffffff]
1970-01-01T00:00:03.856464+0000 localhost kernel: NUMA: NODE_DATA [mem 0xeffe6640-0xeffe7fff]
1970-01-01T00:00:03.856605+0000 localhost kernel: Zone ranges:
1970-01-01T00:00:03.856722+0000 localhost kernel:   DMA      [mem 0x0000000084be0000-0x00000000efffffff]
1970-01-01T00:00:03.856832+0000 localhost kernel:   Normal   empty
1970-01-01T00:00:03.856943+0000 localhost kernel: Movable zone start for each node
1970-01-01T00:00:03.857046+0000 localhost kernel: Early memory node ranges
1970-01-01T00:00:03.857153+0000 localhost kernel:   node   0: [mem 0x0000000084be0000-0x0000000084bfefff]
1970-01-01T00:00:03.857266+0000 localhost kernel:   node   0: [mem 0x0000000087200000-0x00000000efffffff]
1970-01-01T00:00:03.857427+0000 localhost kernel: Initmem setup node 0 [mem 0x0000000084be0000-0x00000000efffffff]
1970-01-01T00:00:03.857576+0000 localhost kernel: On node 0 totalpages: 429599
1970-01-01T00:00:03.857698+0000 localhost kernel:   DMA zone: 6865 pages used for memmap
1970-01-01T00:00:03.857808+0000 localhost kernel:   DMA zone: 0 pages reserved
1970-01-01T00:00:03.857913+0000 localhost kernel:   DMA zone: 429599 pages, LIFO batch:63
1970-01-01T00:00:03.858021+0000 localhost kernel: psci: probing for conduit method from DT.
1970-01-01T00:00:03.858131+0000 localhost kernel: psci: PSCIv1.1 detected in firmware.
1970-01-01T00:00:03.858242+0000 localhost kernel: psci: Using standard PSCI v0.2 function IDs
1970-01-01T00:00:03.858350+0000 localhost kernel: psci: MIGRATE_INFO_TYPE not supported.
1970-01-01T00:00:03.858457+0000 localhost kernel: psci: SMC Calling Convention v1.4
1970-01-01T00:00:03.858566+0000 localhost kernel: [dts]:cpu type is 1711
1970-01-01T00:00:03.858674+0000 localhost kernel: can't find led ctrl node, please check it
1970-01-01T00:00:03.858821+0000 localhost kernel: percpu: Embedded 30 pages/cpu s85160 r8192 d29528 u122880
1970-01-01T00:00:03.858936+0000 localhost kernel: pcpu-alloc: s85160 r8192 d29528 u122880 alloc=30*4096
1970-01-01T00:00:03.859048+0000 localhost kernel: pcpu-alloc: [0] 0 [0] 1 [0] 2 [0] 3 
1970-01-01T00:00:03.859162+0000 localhost kernel: Detected VIPT I-cache on CPU0
1970-01-01T00:00:03.859271+0000 localhost kernel: CPU features: detected: GIC system register CPU interface
1970-01-01T00:00:03.859383+0000 localhost kernel: CPU features: kernel page table isolation disabled by kernel configuration
1970-01-01T00:00:03.859538+0000 localhost kernel: CPU features: detected: ARM errata 1165522, 1319367, or 1530923
1970-01-01T00:00:03.859658+0000 localhost kernel: Built 1 zonelists, mobility grouping on.  Total pages: 422734
1970-01-01T00:00:03.859771+0000 localhost kernel: Policy zone: DMA
1970-01-01T00:00:03.859888+0000 localhost kernel: Kernel command line: console=ttyS0,115200n8N earlycon=uart8250,mmio32,0x08710000 initrd=${initrd_load_addr},${initrd_size} rdinit=/sbin/init rw ekbox=0x20000$0x84be0000 kbox_mem=0x2e0000@0x84900000 swift_irqsoff_enable swxn=1
1970-01-01T00:00:03.860000+0000 localhost kernel: Fallback order for Node 0: 0 
1970-01-01T00:00:03.860323+0000 localhost kernel: printk: log_buf_len individual max cpu contribution: 4096 bytes
1970-01-01T00:00:03.860448+0000 localhost kernel: printk: log_buf_len total cpu_extra contributions: 12288 bytes
1970-01-01T00:00:03.860564+0000 localhost kernel: printk: log_buf_len min size: 16384 bytes
1970-01-01T00:00:03.860714+0000 localhost kernel: printk: log_buf_len: 32768 bytes
1970-01-01T00:00:03.860835+0000 localhost kernel: printk: early log buf free: 13904(84%)
1970-01-01T00:00:03.860947+0000 localhost kernel: Dentry cache hash table entries: 262144 (order: 9, 2097152 bytes, linear)
1970-01-01T00:00:03.861061+0000 localhost kernel: Inode-cache hash table entries: 131072 (order: 8, 1048576 bytes, linear)
1970-01-01T00:00:03.861176+0000 localhost kernel: mem auto-init: stack:off, heap alloc:off, heap free:off
1970-01-01T00:00:03.861290+0000 localhost kernel: Memory: 1666608K/1718396K available (7808K kernel code, 922K rwdata, 1520K rodata, 1856K init, 2375K bss, 51788K reserved, 0K cma-reserved)
1970-01-01T00:00:03.861434+0000 localhost kernel: SLUB: HWalign=64, Order=0-3, MinObjects=0, CPUs=4, Nodes=1
1970-01-01T00:00:03.861560+0000 localhost kernel: kmemleak: Kernel memory leak detector disabled
1970-01-01T00:00:03.861675+0000 localhost kernel: rcu: Preemptible hierarchical RCU implementation.
1970-01-01T00:00:03.861793+0000 localhost kernel: rcu:         RCU restricting CPUs from NR_CPUS=128 to nr_cpu_ids=4.
1970-01-01T00:00:03.861952+0000 localhost kernel:         Trampoline variant of Tasks RCU enabled.
1970-01-01T00:00:03.862077+0000 localhost kernel: rcu: RCU calculated value of scheduler-enlistment delay is 10 jiffies.
1970-01-01T00:00:03.862193+0000 localhost kernel: rcu: Adjusting geometry for rcu_fanout_leaf=16, nr_cpu_ids=4
1970-01-01T00:00:03.862304+0000 localhost kernel: NR_IRQS: 64, nr_irqs: 64, preallocated irqs: 0
1970-01-01T00:00:03.862417+0000 localhost kernel: GICv3: GIC: Using split EOI/Deactivate mode
1970-01-01T00:00:03.862530+0000 localhost kernel: GICv3: 256 SPIs implemented
1970-01-01T00:00:03.862679+0000 localhost kernel: GICv3: 0 Extended SPIs implemented
1970-01-01T00:00:03.862801+0000 localhost kernel: GICv3: Distributor has no Range Selector support
1970-01-01T00:00:03.862916+0000 localhost kernel: GICv3: 16 PPIs implemented
1970-01-01T00:00:03.863029+0000 localhost kernel: GICv3: CPU0: found redistributor 0 region 0:0x0000000024040000
1970-01-01T00:00:03.863142+0000 localhost kernel: rcu:         Offload RCU callbacks from CPUs: (none).
1970-01-01T00:00:03.863256+0000 localhost kernel: arch_timer: cp15 timer(s) running at 25.00MHz (phys).
1970-01-01T00:00:03.863373+0000 localhost kernel: clocksource: arch_sys_counter: mask: 0xffffffffffffff max_cycles: 0x5c40939b5, max_idle_ns: 440795202646 ns
1970-01-01T00:00:03.863490+0000 localhost kernel: sched_clock: 56 bits at 25MHz, resolution 40ns, wraps every 4398046511100ns
1970-01-01T00:00:03.863606+0000 localhost kernel: can't find led node, please check it
1970-01-01T00:00:03.863721+0000 localhost kernel: Can't find led info in dtb,make sure there is no led on board
1970-01-01T00:00:03.863832+0000 localhost kernel: Console: colour dummy device 80x25
1970-01-01T00:00:03.863988+0000 localhost kernel: Calibrating delay loop (skipped), value calculated using timer frequency.. 50.00 BogoMIPS (lpj=250000)
1970-01-01T00:00:03.864161+0000 localhost kernel: pid_max: default: 32768 minimum: 301
1970-01-01T00:00:03.864283+0000 localhost kernel: LSM: Security Framework initializing
1970-01-01T00:00:03.864402+0000 localhost kernel: Yama: becoming mindful.
1970-01-01T00:00:03.864518+0000 localhost kernel: Mount-cache hash table entries: 4096 (order: 3, 32768 bytes, linear)
1970-01-01T00:00:03.864633+0000 localhost kernel: Mountpoint-cache hash table entries: 4096 (order: 3, 32768 bytes, linear)
1970-01-01T00:00:03.864749+0000 localhost kernel: early_panic_init: Missing panic_core_isolate device node.
1970-01-01T00:00:03.864862+0000 localhost kernel: rcu: Hierarchical SRCU implementation.
1970-01-01T00:00:03.864978+0000 localhost kernel: dyndbg: Ignore empty _ddebug table in a CONFIG_DYNAMIC_DEBUG_CORE build
1970-01-01T00:00:03.865129+0000 localhost kernel: EFI services will not be available.
1970-01-01T00:00:03.865253+0000 localhost kernel: page_attr_early_init succeed
1970-01-01T00:00:03.865367+0000 localhost kernel: smp: Bringing up secondary CPUs ...
1970-01-01T00:00:03.865481+0000 localhost kernel: Detected VIPT I-cache on CPU1
1970-01-01T00:00:03.865599+0000 localhost kernel: GICv3: CPU1: found redistributor 100 region 0:0x0000000024060000
1970-01-01T00:00:03.865712+0000 localhost kernel: CPU1: Booted secondary processor 0x0000000100 [0x411fd050]
1970-01-01T00:00:03.865824+0000 localhost kernel: Detected VIPT I-cache on CPU2
1970-01-01T00:00:03.865935+0000 localhost kernel: GICv3: CPU2: found redistributor 200 region 0:0x0000000024080000
1970-01-01T00:00:03.866052+0000 localhost kernel: CPU2: Booted secondary processor 0x0000000200 [0x411fd050]
1970-01-01T00:00:03.866195+0000 localhost kernel: Detected VIPT I-cache on CPU3
1970-01-01T00:00:03.866370+0000 localhost kernel: GICv3: CPU3: found redistributor 300 region 0:0x00000000240a0000
1970-01-01T00:00:03.866499+0000 localhost kernel: CPU3: Booted secondary processor 0x0000000300 [0x411fd050]
1970-01-01T00:00:03.866617+0000 localhost kernel: smp: Brought up 1 node, 4 CPUs
1970-01-01T00:00:03.866740+0000 localhost kernel: SMP: Total of 4 processors activated.
1970-01-01T00:00:03.866860+0000 localhost kernel: CPU features: detected: Privileged Access Never
1970-01-01T00:00:03.866979+0000 localhost kernel: CPU features: detected: 32-bit EL0 Support
1970-01-01T00:00:03.867101+0000 localhost kernel: CPU features: detected: Common not Private translations
1970-01-01T00:00:03.867223+0000 localhost kernel: CPU features: detected: Data cache clean to the PoU not required for I/D coherence
1970-01-01T00:00:03.867342+0000 localhost kernel: CPU features: detected: CRC32 instructions
1970-01-01T00:00:03.867502+0000 localhost kernel: CPU features: detected: Speculative Store Bypassing Safe (SSBS)
1970-01-01T00:00:03.867634+0000 localhost kernel: CPU features: detected: 32-bit EL1 Support
1970-01-01T00:00:03.867756+0000 localhost kernel: CPU features: detected: RCpc load-acquire (LDAPR)
1970-01-01T00:00:03.867877+0000 localhost kernel: CPU: All CPU(s) started at EL2
1970-01-01T00:00:03.868000+0000 localhost kernel: alternatives: patching kernel code
1970-01-01T00:00:03.868120+0000 localhost kernel: devtmpfs: initialized
1970-01-01T00:00:03.868237+0000 localhost kernel: KASLR enabled
1970-01-01T00:00:03.868356+0000 localhost kernel: clocksource: jiffies: mask: 0xffffffff max_cycles: 0xffffffff, max_idle_ns: 19112604462750000 ns
1970-01-01T00:00:03.868491+0000 localhost kernel: futex hash table entries: 1024 (order: 4, 65536 bytes, linear)
1970-01-01T00:00:03.868700+0000 localhost kernel: kworker/u8:0 (32) used greatest stack depth: 12992 bytes left
1970-01-01T00:00:03.868839+0000 localhost kernel: pinctrl core: initialized pinctrl subsystem
1970-01-01T00:00:03.868959+0000 localhost kernel: DMI not present or invalid.
1970-01-01T00:00:03.869078+0000 localhost kernel: softdog_kthread_create
1970-01-01T00:00:03.869199+0000 localhost kernel: NET: Registered protocol family 16
1970-01-01T00:00:03.869319+0000 localhost kernel: DMA: preallocated 256 KiB GFP_KERNEL pool for atomic allocations
1970-01-01T00:00:03.869435+0000 localhost kernel: DMA: preallocated 256 KiB GFP_KERNEL|GFP_DMA pool for atomic allocations
1970-01-01T00:00:03.869557+0000 localhost kernel: audit: initializing netlink subsys (disabled)
1970-01-01T00:00:03.869676+0000 localhost kernel: audit cpu affinity init success
1970-01-01T00:00:03.869796+0000 localhost kernel: audit: type=2000 audit(0.020:1): state=initialized audit_enabled=0 res=1
1970-01-01T00:00:03.869949+0000 localhost kernel: thermal_sys: Registered thermal governor 'step_wise'
1970-01-01T00:00:03.870294+0000 localhost kernel: cpuidle: using governor ladder
1970-01-01T00:00:03.870453+0000 localhost kernel: cpuidle: using governor menu
1970-01-01T00:00:03.870584+0000 localhost kernel: hw-breakpoint: found 6 breakpoint and 4 watchpoint registers.
1970-01-01T00:00:03.870785+0000 localhost kernel: ASID allocator initialised with 65536 entries
1970-01-01T00:00:03.870930+0000 localhost kernel: Serial: AMBA PL011 UART driver
1970-01-01T00:00:03.871060+0000 localhost kernel: HugeTLB registered 1.00 GiB page size, pre-allocated 0 pages
1970-01-01T00:00:03.871218+0000 localhost kernel: HugeTLB registered 32.0 MiB page size, pre-allocated 0 pages
1970-01-01T00:00:03.871357+0000 localhost kernel: HugeTLB registered 2.00 MiB page size, pre-allocated 0 pages
1970-01-01T00:00:03.871485+0000 localhost kernel: HugeTLB registered 64.0 KiB page size, pre-allocated 0 pages
1970-01-01T00:00:03.871604+0000 localhost kernel: ACPI: Interpreter disabled.
1970-01-01T00:00:03.871726+0000 localhost kernel: iommu: Default domain type: Translated 
1970-01-01T00:00:03.871847+0000 localhost kernel: NetLabel: Initializing
1970-01-01T00:00:03.871971+0000 localhost kernel: NetLabel:  domain hash size = 128
1970-01-01T00:00:03.872092+0000 localhost kernel: NetLabel:  protocols = UNLABELED CIPSOv4 CALIPSO
1970-01-01T00:00:03.872216+0000 localhost kernel: NetLabel:  unlabeled traffic allowed by default
1970-01-01T00:00:03.872424+0000 localhost kernel: clocksource: Switched to clocksource arch_sys_counter
1970-01-01T00:00:03.872564+0000 localhost kernel: VFS: Disk quotas dquot_6.6.0
1970-01-01T00:00:03.872688+0000 localhost kernel: VFS: Dquot-cache hash table entries: 512 (order 0, 4096 bytes)
1970-01-01T00:00:03.872813+0000 localhost kernel: pnp: PnP ACPI: disabled
1970-01-01T00:00:03.872932+0000 localhost kernel: NET: Registered protocol family 2
1970-01-01T00:00:03.873054+0000 localhost kernel: IP idents hash table entries: 32768 (order: 6, 262144 bytes, linear)
1970-01-01T00:00:03.873216+0000 localhost kernel: tcp_listen_portaddr_hash hash table entries: 1024 (order: 3, 40960 bytes, linear)
1970-01-01T00:00:03.873352+0000 localhost kernel: Table-perturb hash table entries: 65536 (order: 6, 262144 bytes, linear)
1970-01-01T00:00:03.873482+0000 localhost kernel: TCP established hash table entries: 16384 (order: 5, 131072 bytes, linear)
1970-01-01T00:00:03.873602+0000 localhost kernel: TCP bind hash table entries: 16384 (order: 7, 524288 bytes, linear)
1970-01-01T00:00:03.873730+0000 localhost kernel: TCP: Hash tables configured (established 16384 bind 16384)
1970-01-01T00:00:03.873856+0000 localhost kernel: UDP hash table entries: 1024 (order: 4, 98304 bytes, linear)
1970-01-01T00:00:03.873980+0000 localhost kernel: UDP-Lite hash table entries: 1024 (order: 4, 98304 bytes, linear)
1970-01-01T00:00:03.874101+0000 localhost kernel: NET: Registered protocol family 1
1970-01-01T00:00:03.874225+0000 localhost kernel: PCI: CLS 0 bytes, default 64
1970-01-01T00:00:03.874380+0000 localhost kernel: Trying to unpack rootfs image as initramfs...
1970-01-01T00:00:03.874507+0000 localhost kernel: Freeing initrd memory: 5120K
1970-01-01T00:00:03.874634+0000 localhost kernel: kvm [1]: KVM ncsnp disabled
1970-01-01T00:00:03.874798+0000 localhost kernel: kvm [1]: KVM dvmbm disabled
1970-01-01T00:00:03.874923+0000 localhost kernel: kvm [1]: IPA Size Limit: 40 bits
1970-01-01T00:00:03.875043+0000 localhost kernel: kvm [1]: GICv3: no GICV resource entry
1970-01-01T00:00:03.875157+0000 localhost kernel: kvm [1]: disabling GICv2 emulation
1970-01-01T00:00:03.875273+0000 localhost kernel: kvm [1]: GIC system register CPU interface enabled
1970-01-01T00:00:03.875389+0000 localhost kernel: kvm [1]: vgic interrupt IRQ16
1970-01-01T00:00:03.875536+0000 localhost kernel: kvm [1]: Hyp mode initialized successfully
1970-01-01T00:00:03.875659+0000 localhost kernel: modsign: There is no certification file
1970-01-01T00:00:03.875774+0000 localhost kernel: modsign: There is only one cert or no cert
1970-01-01T00:00:03.875888+0000 localhost kernel: Initialise system trusted keyrings
1970-01-01T00:00:03.876006+0000 localhost kernel: workingset: timestamp_bits=43 max_order=19 bucket_order=0
1970-01-01T00:00:03.876124+0000 localhost kernel: squashfs: version 4.0 (2009/01/31) Phillip Lougher
1970-01-01T00:00:03.876237+0000 localhost kernel: Huawei Secure C library init
1970-01-01T00:00:03.876351+0000 localhost kernel: cms cbb init
1970-01-01T00:00:03.876462+0000 localhost kernel: modsign: create major 250 for module crl devs
1970-01-01T00:00:03.876575+0000 localhost kernel: Key type asymmetric registered
1970-01-01T00:00:03.876729+0000 localhost kernel: Asymmetric key parser 'x509' registered
1970-01-01T00:00:03.876855+0000 localhost kernel: Block layer SCSI generic (bsg) driver version 0.4 loaded (major 249)
1970-01-01T00:00:03.877022+0000 localhost kernel: io scheduler mq-deadline registered
1970-01-01T00:00:03.877142+0000 localhost kernel: create /sys/kernel/tty_status_trace succ.
1970-01-01T00:00:03.877265+0000 localhost kernel: did not found ttyname.
1970-01-01T00:00:03.877394+0000 localhost kernel: default tty_suspend_mode is 0.
1970-01-01T00:00:03.877520+0000 localhost kernel: Serial: 8250/16550 driver, 4 ports, IRQ sharing disabled
1970-01-01T00:00:03.877645+0000 localhost kernel: Serial: 8250/16550 suspend register ok.
1970-01-01T00:00:03.877770+0000 localhost kernel: get_tty_suspend_info: mode is 0
1970-01-01T00:00:03.877948+0000 localhost kernel: printk: console [ttyS0] disabled
1970-01-01T00:00:03.878113+0000 localhost kernel: 8710000.uart: ttyS0 at MMIO 0x8710000 (irq = 23, base_baud = 6250000) is a 16550A
1970-01-01T00:00:03.878249+0000 localhost kernel: printk: console [ttyS0] enabled
1970-01-01T00:00:03.878377+0000 localhost kernel: cacheinfo: Unable to detect cache hierarchy for CPU 0
1970-01-01T00:00:03.878498+0000 localhost kernel: brd: module loaded
1970-01-01T00:00:03.878624+0000 localhost kernel: loop: module loaded
1970-01-01T00:00:03.878746+0000 localhost kernel: hw perfevents: enabled with armv8_pmuv3 PMU driver, 7 counters available
1970-01-01T00:00:03.878873+0000 localhost kernel: fiq_glue_parse_source_common fiq source is 1!
1970-01-01T00:00:03.879004+0000 localhost kernel: fiq_glue_parse_type_common fiq type is 0!
1970-01-01T00:00:03.879137+0000 localhost kernel: fiq_glue_parse_buffer_offset_type fiq get cpu id type is default!
1970-01-01T00:00:03.879303+0000 localhost kernel: fiq_glue_parse_clean_wdt fiq clean-wdt is 0!
1970-01-01T00:00:03.879510+0000 localhost kernel: fiq_glue_parse_dead_loop fiq dead-loop is 1!
1970-01-01T00:00:03.879653+0000 localhost kernel: fiq_glue_parse_invalid_cache fiq invalid-cache is 1!
1970-01-01T00:00:03.879788+0000 localhost kernel: fiq_glue_parse_use_atf_under_same_image fiq use-atf-under-same-image is 0!
1970-01-01T00:00:03.879927+0000 localhost kernel: fiq_glue_no_info_init fiq_num is 1, fiq_num_max is 16
1970-01-01T00:00:03.880246+0000 localhost kernel: fiq_glue_no_info_init i 0 fiq-no 141
1970-01-01T00:00:03.880424+0000 localhost kernel: KBOX: ddrram: fs magic not match. It's ok if first time using this device
1970-01-01T00:00:03.880558+0000 localhost kernel: KBOX: kbox_exception_dump_valid abort for NULL dump_path!
1970-01-01T00:00:03.880681+0000 localhost kernel: KBOX: kbox:create region panic, size=65536
1970-01-01T00:00:03.880849+0000 localhost kernel: KBOX: kbox mem maybe destroyed, format it
1970-01-01T00:00:03.880980+0000 localhost kernel: KBOX: load OK
1970-01-01T00:00:03.881101+0000 localhost kernel: tasklock: sched_ctrl created.
1970-01-01T00:00:03.881219+0000 localhost kernel: registered taskstats version 1
1970-01-01T00:00:03.881340+0000 localhost kernel: Loading compiled-in X.509 certificates
1970-01-01T00:00:03.881457+0000 localhost kernel: page_owner is disabled
1970-01-01T00:00:03.881582+0000 localhost kernel: RTOS Process Context for RPC init success
1970-01-01T00:00:03.881703+0000 localhost kernel: ima: Allocated hash algorithm: sha256
1970-01-01T00:00:03.881846+0000 localhost kernel: ima: No architecture policies found
1970-01-01T00:00:03.882013+0000 localhost kernel: DIM: No measurement list to restore, it's ok
1970-01-01T00:00:03.882179+0000 localhost kernel: clk: Disabling unused clocks
1970-01-01T00:00:03.883463+0000 localhost kernel: dw-apb-uart 8710000.uart: forbid DMA for kernel console
1970-01-01T00:00:03.883676+0000 localhost kernel: Freeing unused kernel memory: 1856K
1970-01-01T00:00:03.883811+0000 localhost kernel: **** Total Boot time: 867 ms, uncompress initrd cost 229 ms ****
1970-01-01T00:00:03.883947+0000 localhost kernel: Run /init as init process
1970-01-01T00:00:03.884082+0000 localhost kernel:   with arguments:
1970-01-01T00:00:03.884204+0000 localhost kernel:     /init
1970-01-01T00:00:03.884321+0000 localhost kernel:     swift_irqsoff_enable
1970-01-01T00:00:03.884482+0000 localhost kernel:   with environment:
1970-01-01T00:00:03.884645+0000 localhost kernel:     HOME=/
1970-01-01T00:00:03.884772+0000 localhost kernel:     TERM=linux
1970-01-01T00:00:03.884901+0000 localhost kernel:     earlycon=uart8250,mmio32,0x08710000
1970-01-01T00:00:03.885024+0000 localhost kernel:     rdinit=/sbin/init
1970-01-01T00:00:03.885148+0000 localhost kernel:     kbox_mem=0x2e0000@0x84900000
1970-01-01T00:00:03.885284+0000 localhost kernel: load_kallsyms: loading out-of-tree module taints kernel.
1970-01-01T00:00:03.885419+0000 localhost kernel: rtos_kallsyms: Successfully loaded symbols!
1970-01-01T00:00:03.885549+0000 localhost kernel: modprobe (1097) used greatest stack depth: 12752 bytes left
1970-01-01T00:00:03.885714+0000 localhost kernel: hisi_request_fiq num is 1
1970-01-01T00:00:03.885847+0000 localhost kernel: [RTOS fiq]@@ register fiq
1970-01-01T00:00:03.885978+0000 localhost kernel: [RTOS fiq] FIQ register mem:(____ptrval____), FIQ dfx addr: (____ptrval____)
1970-01-01T00:00:03.886109+0000 localhost kernel: [RTOS fiq] FIQ reserved memory for reigsters: (____ptrval____)
1970-01-01T00:00:03.886251+0000 localhost kernel: [RTOS fiq]smc register: a0:83000004, a1:(____ptrval____), a2:(____ptrval____)
1970-01-01T00:00:03.886384+0000 localhost kernel: [request_fiq] succeed to register fiq-no 141  first func hook_for_fiq+0x0/0x2c [rtos_snapshot]
1970-01-01T00:00:03.886511+0000 localhost kernel: hisi_request_fiq success to request the 0 fiq 141
1970-01-01T00:00:03.886636+0000 localhost kernel: KBOX: kbox:create region ks_main, size=507904
1970-01-01T00:00:03.886763+0000 localhost kernel: KBOX: kbox:create region ks_0, size=4096
1970-01-01T00:00:03.886911+0000 localhost kernel: KBOX: kbox:create region ks_1, size=4096
1970-01-01T00:00:03.887085+0000 localhost kernel: KBOX: kbox:create region ks_2, size=4096
1970-01-01T00:00:03.887209+0000 localhost kernel: KBOX: kbox:create region ks_3, size=4096
1970-01-01T00:00:03.887329+0000 localhost kernel: KBOX: kbox:create region dying, size=131072
1970-01-01T00:00:03.887442+0000 localhost kernel: KBOX: kbox:create region emergency, size=65536
1970-01-01T00:00:03.887566+0000 localhost kernel: 1,1970-01-01 00:00:01,1107,bdinfo_boot_cfg_init,2641,board_type:0x0, platform_id:0x0, board_id:0xff, pcb_ver:0x2.
1970-01-01T00:00:03.887689+0000 localhost kernel: 2,1970-01-01 00:00:01,1107,bdinfo_boot_cfg_init,2644,ddr_size:0x3, ddr_bits:0x1, ddr_ecc:0x1.
1970-01-01T00:00:03.887810+0000 localhost kernel: 3,1970-01-01 00:00:01,1107,bdinfo_boot_cfg_init,2648,single_chip:0x0, debug_gmac:0x1, vga_type:0x0, is_espi:0x0.
1970-01-01T00:00:03.887933+0000 localhost kernel: 4,1970-01-01 00:00:01,1107,comm_probe,935,comm_probe success!
1970-01-01T00:00:03.888083+0000 localhost kernel: insmod (1107) used greatest stack depth: 12176 bytes left
1970-01-01T00:00:03.888212+0000 localhost kernel: 5,1970-01-01 00:00:01,1124,watchdog_probe,837,watchdog init ok!
1970-01-01T00:00:03.888331+0000 localhost kernel: 6,1970-01-01 00:00:01,1136,emmc_vendor_hook_init,42,emmc hook init, register ret:0.
1970-01-01T00:00:03.888448+0000 localhost kernel: 7,1970-01-01 00:00:01,1089,emmc_close_cache,32,close emmc cache.
1970-01-01T00:00:03.888569+0000 localhost kernel: mmc0: new HS200 MMC card at address 0001
1970-01-01T00:00:03.888690+0000 localhost kernel: mmcblk0: mmc0:0001 Y2P032 27.9 GiB 
1970-01-01T00:00:03.888811+0000 localhost kernel: mmcblk0boot0: mmc0:0001 Y2P032 partition 1 4.00 MiB
1970-01-01T00:00:03.888935+0000 localhost kernel: mmcblk0boot1: mmc0:0001 Y2P032 partition 2 4.00 MiB
1970-01-01T00:00:03.889091+0000 localhost kernel: mmcblk0gp0: mmc0:0001 Y2P032 partition 4 384 MiB
1970-01-01T00:00:03.889225+0000 localhost kernel: mmcblk0gp1: mmc0:0001 Y2P032 partition 5 384 MiB
1970-01-01T00:00:03.889392+0000 localhost kernel: mmcblk0gp2: mmc0:0001 Y2P032 partition 6 384 MiB
1970-01-01T00:00:03.889528+0000 localhost kernel: mmcblk0gp3: mmc0:0001 Y2P032 partition 7 128 MiB
1970-01-01T00:00:03.889652+0000 localhost kernel:  mmcblk0: p1 p2 p3 < p5 p6 p7 p8 p9 >
1970-01-01T00:00:03.889767+0000 localhost kernel: random: date: uninitialized urandom read (8 bytes read)
1970-01-01T00:00:03.889887+0000 localhost kernel: random: date: uninitialized urandom read (8 bytes read)
1970-01-01T00:00:03.890069+0000 localhost kernel: random: date: uninitialized urandom read (8 bytes read)
1970-01-01T00:00:03.890252+0000 localhost kernel: EXT4-fs (mmcblk0gp0): mounted filesystem 6d2aaeba-bc48-48c4-aa16-9367a39db4b2 ro with ordered data mode. Opts: (null)
1970-01-01T00:00:03.890434+0000 localhost systemd[1]: Inserted module 'autofs4'
1970-01-01T00:00:03.890622+0000 localhost kernel: NET: Registered protocol family 10
1970-01-01T00:00:03.890766+0000 localhost kernel: Segment Routing with IPv6
1970-01-01T00:00:03.890918+0000 localhost systemd[1]: systemd 249 running in system mode (+PAM -AUDIT +SELINUX -APPARMOR +IMA +SMACK -SECCOMP -GCRYPT -GNUTLS -OPENSSL +ACL +BLKID -CURL -ELFUTILS -FIDO2 -IDN2 -IDN -IPTC +KMOD -LIBCRYPTSETUP +LIBFDISK -PCRE2 -PWQUALITY -P11KIT -QRENCODE -BZIP2 -LZ4 +XZ -ZLIB -ZSTD -XKBCOMMON +UTMP +SYSVINIT default-hierarchy=legacy)
1970-01-01T00:00:03.891061+0000 localhost systemd[1]: Detected architecture arm64.
1970-01-01T00:00:03.891198+0000 localhost systemd[1]: No hostname configured, using default hostname.
1970-01-01T00:00:03.891334+0000 localhost systemd[1]: Hostname set to <localhost>.
1970-01-01T00:00:03.891467+0000 localhost systemd[1]: Initializing machine ID from random generator.
1970-01-01T00:00:03.891643+0000 localhost systemd[1]: Installed transient /etc/machine-id file.
1970-01-01T00:00:03.891788+0000 localhost kernel: systemd-fstab-g (1224) used greatest stack depth: 11888 bytes left
1970-01-01T00:00:03.891936+0000 localhost systemd-sysv-generator[1231]: SysV service '/etc/init.d/syslog' lacks a native systemd unit file. Automatically generating a unit file for compatibility. Please update package to include a native systemd unit file, in order to make it more safe and robust.
1970-01-01T00:00:03.892130+0000 localhost systemd-sysv-generator[1231]: SysV service '/etc/init.d/functions' lacks a native systemd unit file. Automatically generating a unit file for compatibility. Please update package to include a native systemd unit file, in order to make it more safe and robust.
1970-01-01T00:00:03.892287+0000 localhost systemd-sysv-generator[1231]: SysV service '/etc/init.d/auditd' lacks a native systemd unit file. Automatically generating a unit file for compatibility. Please update package to include a native systemd unit file, in order to make it more safe and robust.
1970-01-01T00:00:03.892427+0000 localhost systemd-sysv-generator[1231]: SysV service '/etc/init.d/busybox-cron' lacks a native systemd unit file. Automatically generating a unit file for compatibility. Please update package to include a native systemd unit file, in order to make it more safe and robust.
1970-01-01T00:00:03.892564+0000 localhost systemd-sysv-generator[1231]: SysV service '/etc/init.d/crond' lacks a native systemd unit file. Automatically generating a unit file for compatibility. Please update package to include a native systemd unit file, in order to make it more safe and robust.
1970-01-01T00:00:03.892741+0000 localhost systemd-sysv-generator[1231]: SysV service '/etc/init.d/mdev' lacks a native systemd unit file. Automatically generating a unit file for compatibility. Please update package to include a native systemd unit file, in order to make it more safe and robust.
1970-01-01T00:00:03.892900+0000 localhost systemd-sysv-generator[1231]: SysV service '/etc/init.d/network' lacks a native systemd unit file. Automatically generating a unit file for compatibility. Please update package to include a native systemd unit file, in order to make it more safe and robust.
1970-01-01T00:00:03.893050+0000 localhost systemd-sysv-generator[1231]: SysV service '/etc/init.d/busybox-udhcpd' lacks a native systemd unit file. Automatically generating a unit file for compatibility. Please update package to include a native systemd unit file, in order to make it more safe and robust.
1970-01-01T00:00:03.893193+0000 localhost systemd[1]: /lib/systemd/system/dbus.socket:5: ListenStream= references a path below legacy directory /var/run/, updating /var/run/dbus/system_bus_socket → /run/dbus/system_bus_socket; please update the unit file accordingly.
1970-01-01T00:00:03.893337+0000 localhost systemd[1]: multi-user.target: Wants dependency dropin /etc/systemd/system/multi-user.target.wants/lsw.service is not a symlink, ignoring.
1970-01-01T00:00:03.893477+0000 localhost systemd[1]: Configuration file /etc/systemd/system/trust.service is marked world-inaccessible. This has no effect as configuration data is accessible via APIs without restrictions. Proceeding anyway.
1970-01-01T00:00:03.893646+0000 localhost systemd[1]: Configuration file /etc/systemd/system/power_strategy.service is marked world-inaccessible. This has no effect as configuration data is accessible via APIs without restrictions. Proceeding anyway.
1970-01-01T00:00:03.893789+0000 localhost systemd[1]: Configuration file /etc/systemd/system/license.service is marked world-inaccessible. This has no effect as configuration data is accessible via APIs without restrictions. Proceeding anyway.
1970-01-01T00:00:03.893922+0000 localhost systemd[1]: /etc/systemd/system/interface.service:11: Unknown key name 'PermittedCapabilities' in section 'Service', ignoring.
1970-01-01T00:00:03.894044+0000 localhost systemd[1]: /etc/systemd/system/interface.service:12: Unknown key name 'InheritableCapabilities' in section 'Service', ignoring.
1970-01-01T00:00:03.894180+0000 localhost systemd[1]: /etc/systemd/system/interface.service:13: Unknown key name 'EffectiveCapabilities' in section 'Service', ignoring.
1970-01-01T00:00:03.894313+0000 localhost systemd[1]: Configuration file /lib/systemd/system/file_transfer.service is marked world-inaccessible. This has no effect as configuration data is accessible via APIs without restrictions. Proceeding anyway.
1970-01-01T00:00:03.894473+0000 localhost systemd[1]: Configuration file /etc/systemd/system/cooling.service is marked world-inaccessible. This has no effect as configuration data is accessible via APIs without restrictions. Proceeding anyway.
1970-01-01T00:00:03.894603+0000 localhost kernel: random: systemd: uninitialized urandom read (16 bytes read)
1970-01-01T00:00:03.894777+0000 localhost systemd[1]: Queued start job for default target Multi-User System.
1970-01-01T00:00:03.894906+0000 localhost kernel: random: systemd: uninitialized urandom read (16 bytes read)
1970-01-01T00:00:03.895032+0000 localhost systemd[1]: Created slice Slice /system/getty.
1970-01-01T00:00:03.895156+0000 localhost kernel: random: systemd: uninitialized urandom read (16 bytes read)
1970-01-01T00:00:03.895283+0000 localhost systemd[1]: Created slice Slice /system/modprobe.
1970-01-01T00:00:03.895420+0000 localhost systemd[1]: Created slice User and Session Slice.
1970-01-01T00:00:03.895575+0000 localhost systemd[1]: Started Dispatch Password Requests to Console Directory Watch.
1970-01-01T00:00:03.895714+0000 localhost systemd[1]: Started Forward Password Requests to Wall Directory Watch.
1970-01-01T00:00:03.895885+0000 localhost systemd[1]: Condition check resulted in Arbitrary Executable File Formats File System Automount Point being skipped.
1970-01-01T00:00:03.896023+0000 localhost systemd[1]: Reached target Path Units.
1970-01-01T00:00:03.896155+0000 localhost systemd[1]: Reached target Slice Units.
1970-01-01T00:00:03.896289+0000 localhost systemd[1]: Reached target Swaps.
1970-01-01T00:00:03.896416+0000 localhost systemd[1]: Listening on initctl Compatibility Named Pipe.
1970-01-01T00:00:03.896544+0000 localhost systemd[1]: Listening on Journal Socket (/dev/log).
1970-01-01T00:00:03.896671+0000 localhost systemd[1]: Listening on Journal Socket.
1970-01-01T00:00:03.896804+0000 localhost systemd[1]: Mounting Kernel Debug File System...
1970-01-01T00:00:03.896935+0000 localhost systemd[1]: Mounting Kernel Trace File System...
1970-01-01T00:00:03.897119+0000 localhost systemd[1]: Starting Create List of Static Device Nodes...
1970-01-01T00:00:03.897326+0000 localhost systemd[1]: Starting Load Kernel Module configfs...
1970-01-01T00:00:03.897478+0000 localhost systemd[1]: Starting Load Kernel Module drm...
1970-01-01T00:00:03.897615+0000 localhost systemd[1]: Starting Load Kernel Module fuse...
1970-01-01T00:00:03.897756+0000 localhost systemd[1]: Condition check resulted in Set Up Additional Binary Formats being skipped.
1970-01-01T00:00:03.897902+0000 localhost systemd[1]: systemd-journald.service: unit configures an IP firewall, but the local system does not support BPF/cgroup firewalling.
1970-01-01T00:00:03.898043+0000 localhost systemd[1]: (This warning is only shown for the first unit using IP firewalling.)
1970-01-01T00:00:03.898214+0000 localhost systemd[1]: Starting Journal Service...
1970-01-01T00:00:03.898374+0000 localhost systemd[1]: Condition check resulted in Load Kernel Modules being skipped.
1970-01-01T00:00:03.898520+0000 localhost systemd[1]: Starting Remount Root and Kernel File Systems...
1970-01-01T00:00:03.898662+0000 localhost systemd[1]: Starting Apply Kernel Variables...
1970-01-01T00:00:03.898802+0000 localhost systemd-journald[1247]: Journal started
1970-01-01T00:00:03.899310+0000 localhost systemd-journald[1247]: Runtime Journal (/run/log/journal/17fae57c8eae4cdb844e95c4d82b5af9) is 4.0M, max 8.0M, 4.0M free.
1970-01-01T00:00:03.940165+0000 localhost systemd[1]: Started Journal Service.
1970-01-01T00:00:03.948603+0000 localhost systemd-sysctl[1254]: Couldn't write '1' to 'net/ipv4/conf/eth0/arp_ignore', ignoring: No such file or directory
1970-01-01T00:00:03.948719+0000 localhost systemd-sysctl[1254]: Couldn't write '2' to 'net/ipv4/conf/eth0/arp_announce', ignoring: No such file or directory
1970-01-01T00:00:03.948800+0000 localhost systemd-sysctl[1254]: Couldn't write '1' to 'net/ipv4/conf/eth1/arp_ignore', ignoring: No such file or directory
1970-01-01T00:00:03.948876+0000 localhost systemd-sysctl[1254]: Couldn't write '2' to 'net/ipv4/conf/eth1/arp_announce', ignoring: No such file or directory
1970-01-01T00:00:03.986632+0000 localhost systemd[1]: Mounted Kernel Debug File System.
1970-01-01T00:00:04.021173+0000 localhost systemd[1]: Mounted Kernel Trace File System.
1970-01-01T00:00:04.054070+0000 localhost systemd[1]: Finished Create List of Static Device Nodes.
1970-01-01T00:00:04.093314+0000 localhost systemd[1]: modprobe@configfs.service: Deactivated successfully.
1970-01-01T00:00:04.096224+0000 localhost systemd[1]: Finished Load Kernel Module configfs.
1970-01-01T00:00:04.133403+0000 localhost systemd[1]: modprobe@drm.service: Deactivated successfully.
1970-01-01T00:00:04.136336+0000 localhost systemd[1]: Finished Load Kernel Module drm.
1970-01-01T00:00:04.173791+0000 localhost systemd[1]: modprobe@fuse.service: Deactivated successfully.
1970-01-01T00:00:04.176907+0000 localhost systemd[1]: Finished Load Kernel Module fuse.
1970-01-01T00:00:04.190072+0000 localhost kernel: random: systemd-cgroups: uninitialized urandom read (8 bytes read)
1970-01-01T00:00:04.190364+0000 localhost kernel: random: systemd-cgroups: uninitialized urandom read (8 bytes read)
1970-01-01T00:00:04.190570+0000 localhost kernel: random: systemd-cgroups: uninitialized urandom read (8 bytes read)
1970-01-01T00:00:04.214273+0000 localhost systemd[1]: Finished Remount Root and Kernel File Systems.
1970-01-01T00:00:04.254036+0000 localhost systemd[1]: Finished Apply Kernel Variables.
1970-01-01T00:00:04.292972+0000 localhost systemd[1]: Condition check resulted in FUSE Control File System being skipped.
1970-01-01T00:00:04.293707+0000 localhost systemd[1]: Condition check resulted in Kernel Configuration File System being skipped.
1970-01-01T00:00:04.294210+0000 localhost systemd[1]: Condition check resulted in First Boot Wizard being skipped.
1970-01-01T00:00:04.294723+0000 localhost systemd[1]: Condition check resulted in Create System Users being skipped.
1970-01-01T00:00:04.301650+0000 localhost systemd[1]: Starting Create Static Device Nodes in /dev...
1970-01-01T00:00:04.350558+0000 localhost systemd-tmpfiles[1260]: /usr/lib/tmpfiles.d/static-nodes-permissions.conf:12: Failed to resolve group 'audio'.
1970-01-01T00:00:04.350784+0000 localhost systemd-tmpfiles[1260]: /usr/lib/tmpfiles.d/static-nodes-permissions.conf:13: Failed to resolve group 'audio'.
1970-01-01T00:00:04.350939+0000 localhost systemd-tmpfiles[1260]: /usr/lib/tmpfiles.d/static-nodes-permissions.conf:14: Failed to resolve group 'disk'.
1970-01-01T00:00:04.351204+0000 localhost systemd-tmpfiles[1260]: /usr/lib/tmpfiles.d/static-nodes-permissions.conf:17: Failed to resolve group 'kvm'.
1970-01-01T00:00:04.351356+0000 localhost systemd-tmpfiles[1260]: /usr/lib/tmpfiles.d/static-nodes-permissions.conf:18: Failed to resolve group 'kvm'.
1970-01-01T00:00:04.351527+0000 localhost systemd-tmpfiles[1260]: /usr/lib/tmpfiles.d/static-nodes-permissions.conf:19: Failed to resolve group 'kvm'.
1970-01-01T00:00:04.357020+0000 localhost systemd-tmpfiles[1260]: Failed to parse ACL "d:group::r-x,d:group:adm:r-x,d:group:wheel:r-x,group::r-x,group:adm:r-x,group:wheel:r-x": No such file or directory. Ignoring
1970-01-01T00:00:04.357234+0000 localhost systemd-tmpfiles[1260]: Failed to parse ACL "d:group:adm:r-x,d:group:wheel:r-x,group:adm:r-x,group:wheel:r-x": No such file or directory. Ignoring
1970-01-01T00:00:04.357403+0000 localhost systemd-tmpfiles[1260]: Failed to parse ACL "group:adm:r--,group:wheel:r--": No such file or directory. Ignoring
1970-01-01T00:00:04.357671+0000 localhost systemd-tmpfiles[1260]: Failed to parse ACL "d:group::r-x,d:group:adm:r-x,d:group:wheel:r-x,group::r-x,group:adm:r-x,group:wheel:r-x": No such file or directory. Ignoring
1970-01-01T00:00:04.357844+0000 localhost systemd-tmpfiles[1260]: Failed to parse ACL "d:group:adm:r-x,d:group:wheel:r-x,group:adm:r-x,group:wheel:r-x": No such file or directory. Ignoring
1970-01-01T00:00:04.358006+0000 localhost systemd-tmpfiles[1260]: Failed to parse ACL "group:adm:r--,group:wheel:r--": No such file or directory. Ignoring
1970-01-01T00:00:04.367841+0000 localhost systemd[1]: Finished Create Static Device Nodes in /dev.
1970-01-01T00:00:04.402043+0000 localhost systemd[1]: Reached target Preparation for Local File Systems.
1970-01-01T00:00:04.437451+0000 localhost systemd[1]: Mounting /tmp...
1970-01-01T00:00:04.476777+0000 localhost systemd[1]: Mounting /var...
1970-01-01T00:00:04.515791+0000 localhost systemd[1]: Mounted /tmp.
1970-01-01T00:00:04.551161+0000 localhost systemd[1]: Mounted /var.
1970-01-01T00:00:04.581150+0000 localhost systemd[1]: Reached target Local File Systems.
1970-01-01T00:00:04.617231+0000 localhost systemd[1]: Starting Rebuild Dynamic Linker Cache...
1970-01-01T00:00:04.619999+0000 localhost (ldconfig)[1266]: ldconfig.service: Failed to locate executable /sbin/ldconfig: No such file or directory
1970-01-01T00:00:04.620337+0000 localhost (ldconfig)[1266]: ldconfig.service: Failed at step EXEC spawning /sbin/ldconfig: No such file or directory
1970-01-01T00:00:04.657184+0000 localhost systemd[1]: Starting Flush Journal to Persistent Storage...
1970-01-01T00:00:04.697360+0000 localhost systemd[1]: Starting Load/Save Random Seed...
1970-01-01T00:00:04.699016+0000 localhost systemd-journald[1247]: Runtime Journal (/run/log/journal/17fae57c8eae4cdb844e95c4d82b5af9) is 4.0M, max 8.0M, 4.0M free.
1970-01-01T00:00:04.724240+0000 localhost systemd-random-seed[1269]: Kernel entropy pool is not initialized yet, waiting until it is.
1970-01-01T00:00:04.733405+0000 localhost systemd[1]: ldconfig.service: Main process exited, code=exited, status=203/EXEC
1970-01-01T00:00:04.735295+0000 localhost systemd[1]: ldconfig.service: Failed with result 'exit-code'.
1970-01-01T00:00:04.738475+0000 localhost systemd[1]: Failed to start Rebuild Dynamic Linker Cache.
1970-01-01T00:00:04.804155+0000 localhost systemd[1]: Finished Flush Journal to Persistent Storage.
1970-01-01T00:00:04.847514+0000 localhost systemd[1]: Starting Create Volatile Files and Directories...
1970-01-01T00:00:04.881122+0000 localhost systemd-tmpfiles[1271]: /usr/lib/tmpfiles.d/systemd.conf:11: Failed to resolve group 'utmp'.
1970-01-01T00:00:04.881826+0000 localhost systemd-tmpfiles[1271]: /usr/lib/tmpfiles.d/systemd.conf:19: Failed to resolve user 'systemd-network': No such file or directory
1970-01-01T00:00:04.882017+0000 localhost systemd-tmpfiles[1271]: /usr/lib/tmpfiles.d/systemd.conf:20: Failed to resolve user 'systemd-network': No such file or directory
1970-01-01T00:00:04.882172+0000 localhost systemd-tmpfiles[1271]: /usr/lib/tmpfiles.d/systemd.conf:21: Failed to resolve user 'systemd-network': No such file or directory
1970-01-01T00:00:04.882321+0000 localhost systemd-tmpfiles[1271]: /usr/lib/tmpfiles.d/systemd.conf:22: Failed to resolve user 'systemd-network': No such file or directory
1970-01-01T00:00:04.882519+0000 localhost systemd-tmpfiles[1271]: /usr/lib/tmpfiles.d/systemd.conf:26: Failed to resolve group 'systemd-journal'.
1970-01-01T00:00:04.882659+0000 localhost systemd-tmpfiles[1271]: /usr/lib/tmpfiles.d/systemd.conf:27: Failed to resolve group 'systemd-journal'.
1970-01-01T00:00:04.882939+0000 localhost systemd-tmpfiles[1271]: Failed to parse ACL "d:group::r-x,d:group:adm:r-x,d:group:wheel:r-x,group::r-x,group:adm:r-x,group:wheel:r-x": No such file or directory. Ignoring
1970-01-01T00:00:04.883193+0000 localhost systemd-tmpfiles[1271]: Failed to parse ACL "d:group:adm:r-x,d:group:wheel:r-x,group:adm:r-x,group:wheel:r-x": No such file or directory. Ignoring
1970-01-01T00:00:04.883371+0000 localhost systemd-tmpfiles[1271]: Failed to parse ACL "group:adm:r--,group:wheel:r--": No such file or directory. Ignoring
1970-01-01T00:00:04.883548+0000 localhost systemd-tmpfiles[1271]: /usr/lib/tmpfiles.d/systemd.conf:32: Failed to resolve group 'systemd-journal'.
1970-01-01T00:00:04.883701+0000 localhost systemd-tmpfiles[1271]: /usr/lib/tmpfiles.d/systemd.conf:33: Failed to resolve group 'systemd-journal'.
1970-01-01T00:00:04.883860+0000 localhost systemd-tmpfiles[1271]: /usr/lib/tmpfiles.d/systemd.conf:34: Failed to resolve group 'systemd-journal'.
1970-01-01T00:00:04.884044+0000 localhost systemd-tmpfiles[1271]: Failed to parse ACL "d:group::r-x,d:group:adm:r-x,d:group:wheel:r-x,group::r-x,group:adm:r-x,group:wheel:r-x": No such file or directory. Ignoring
1970-01-01T00:00:04.884235+0000 localhost systemd-tmpfiles[1271]: Failed to parse ACL "d:group:adm:r-x,d:group:wheel:r-x,group:adm:r-x,group:wheel:r-x": No such file or directory. Ignoring
1970-01-01T00:00:04.884404+0000 localhost systemd-tmpfiles[1271]: Failed to parse ACL "group:adm:r--,group:wheel:r--": No such file or directory. Ignoring
1970-01-01T00:00:04.885515+0000 localhost systemd-tmpfiles[1271]: /usr/lib/tmpfiles.d/var.conf:14: Duplicate line for path "/var/log", ignoring.
1970-01-01T00:00:04.885701+0000 localhost systemd-tmpfiles[1271]: /usr/lib/tmpfiles.d/var.conf:15: Failed to resolve group 'utmp'.
1970-01-01T00:00:04.885859+0000 localhost systemd-tmpfiles[1271]: /usr/lib/tmpfiles.d/var.conf:16: Failed to resolve group 'utmp'.
1970-01-01T00:00:04.886000+0000 localhost systemd-tmpfiles[1271]: /usr/lib/tmpfiles.d/var.conf:17: Failed to resolve group 'utmp'.
1970-01-01T00:00:04.898276+0000 localhost systemd-tmpfiles[1271]: symlink(../proc/self/mounts, /etc/mtab) failed: Read-only file system
1970-01-01T00:00:04.901965+0000 localhost systemd-tmpfiles[1271]: "/home" already exists and is not a directory.
1970-01-01T00:00:04.902164+0000 localhost systemd-tmpfiles[1271]: /srv does not exist and cannot be created as the file system is read-only.
1970-01-01T00:00:04.917841+0000 localhost systemd[1]: Finished Create Volatile Files and Directories.
1970-01-01T00:00:04.958861+0000 localhost systemd[1]: Starting Rebuild Journal Catalog...
1970-01-01T00:00:04.997053+0000 localhost systemd[1]: Starting Record System Boot/Shutdown in UTMP...
1970-01-01T00:00:05.049514+0000 localhost systemd[1]: Finished Rebuild Journal Catalog.
1970-01-01T00:00:05.085708+0000 localhost systemd[1]: Finished Record System Boot/Shutdown in UTMP.
1970-01-01T00:00:05.128137+0000 localhost systemd[1]: Starting Update is Completed...
1970-01-01T00:00:05.164487+0000 localhost systemd[1]: Finished Update is Completed.
1970-01-01T00:00:05.202000+0000 localhost systemd[1]: Reached target System Initialization.
1970-01-01T00:00:05.210072+0000 localhost kernel: random: systemd: uninitialized urandom read (16 bytes read)
1970-01-01T00:00:05.230863+0000 localhost systemd[1]: Started Daily Cleanup of Temporary Directories.
1970-01-01T00:00:05.263253+0000 localhost systemd[1]: Listening on D-Bus System Message Bus Socket.
1970-01-01T00:00:05.300570+0000 localhost systemd[1]: Reached target Socket Units.
1970-01-01T00:00:05.330583+0000 localhost systemd[1]: Reached target Basic System.
1970-01-01T00:00:05.360871+0000 localhost systemd[1]: System is tainted: cgroupsv1
1970-01-01T00:00:05.365506+0000 localhost systemd[1]: cooling.service: Failed to load environment files: No such file or directory
1970-01-01T00:00:05.365559+0000 localhost systemd[1]: cooling.service: Failed to run 'start-pre' task: No such file or directory
1970-01-01T00:00:05.365612+0000 localhost systemd[1]: cooling.service: Failed with result 'resources'.
1970-01-01T00:00:05.368836+0000 localhost systemd[1]: Failed to start cooling service.
1970-01-01T00:00:05.438207+0000 localhost systemd[1]: Starting Update RTC With System Clock...
1970-01-01T00:00:05.440985+0000 localhost (true)[1280]: hwclock-save.service: Failed to locate executable /usr/bin/true: No such file or directory
1970-01-01T00:00:05.441264+0000 localhost (true)[1280]: hwclock-save.service: Failed at step EXEC spawning /usr/bin/true: No such file or directory
1970-01-01T00:00:05.474961+0000 localhost systemd[1]: license.service: Failed to load environment files: No such file or directory
1970-01-01T00:00:05.475017+0000 localhost systemd[1]: license.service: Failed to run 'start-pre' task: No such file or directory
1970-01-01T00:00:05.475079+0000 localhost systemd[1]: license.service: Failed with result 'resources'.
1970-01-01T00:00:05.478314+0000 localhost systemd[1]: Failed to start license service.
1970-01-01T00:00:05.547527+0000 localhost systemd[1]: power_strategy.service: Failed to load environment files: No such file or directory
1970-01-01T00:00:05.547584+0000 localhost systemd[1]: power_strategy.service: Failed to run 'start-pre' task: No such file or directory
1970-01-01T00:00:05.547646+0000 localhost systemd[1]: power_strategy.service: Failed with result 'resources'.
1970-01-01T00:00:05.551010+0000 localhost systemd[1]: Failed to start power_strategy service.
1970-01-01T00:00:05.617878+0000 localhost systemd[1]: Starting /etc/rc.local Compatibility...
1970-01-01T00:00:05.636211+0000 localhost rc.local[1282]:                         -=#  RTOS 1.0  #=-
1970-01-01T00:00:05.638215+0000 localhost rc.local[1282]: mount file system
1970-01-01T00:00:05.651449+0000 localhost systemd[1]: Finished rmmod driver service.
1970-01-01T00:00:05.681786+0000 localhost rc.local[1286]: mount: mounting sysfs on /sys failed: Device or resource busy
1970-01-01T00:00:05.695496+0000 localhost systemd[1]: Starting User Login Management...
1970-01-01T00:00:05.695908+0000 localhost systemd[1]: trust.service: Failed to generate invocation ID for unit: Function not implemented
1970-01-01T00:00:05.696026+0000 localhost systemd[1]: Failed to start trust service.
1970-01-01T00:00:05.698569+0000 localhost (d-logind)[1288]: systemd-logind.service: Failed to set up standard input: No such file or directory
1970-01-01T00:00:05.698913+0000 localhost (d-logind)[1288]: systemd-logind.service: Failed at step STDIN spawning /lib/systemd/systemd-logind: No such file or directory
1970-01-01T00:00:05.699126+0000 localhost systemd[1]: tmp.mount: Deactivated successfully.
1970-01-01T00:00:05.705255+0000 localhost systemd[1]: hwclock-save.service: Main process exited, code=exited, status=203/EXEC
1970-01-01T00:00:05.707147+0000 localhost systemd[1]: hwclock-save.service: Failed with result 'exit-code'.
1970-01-01T00:00:05.710532+0000 localhost systemd[1]: Failed to start Update RTC With System Clock.
1970-01-01T00:00:05.711707+0000 localhost systemd[1]: systemd-logind.service: Main process exited, code=exited, status=208/STDIN
1970-01-01T00:00:05.713703+0000 localhost systemd[1]: systemd-logind.service: Failed with result 'exit-code'.
1970-01-01T00:00:05.717071+0000 localhost systemd[1]: Failed to start User Login Management.
1970-01-01T00:00:05.719350+0000 localhost systemd[1]: systemd-logind.service: Scheduled restart job, restart counter is at 1.
1970-01-01T00:00:05.719576+0000 localhost systemd[1]: Stopped User Login Management.
1970-01-01T00:00:05.720578+0000 localhost systemd[1]: modprobe@drm.service: Failed to generate invocation ID for unit: Function not implemented
1970-01-01T00:00:05.720676+0000 localhost systemd[1]: Failed to start Load Kernel Module drm.
1970-01-01T00:00:05.720970+0000 localhost systemd[1]: systemd-logind.service: Failed to generate invocation ID for unit: Function not implemented
1970-01-01T00:00:05.721041+0000 localhost systemd[1]: Failed to start User Login Management.
1970-01-01T00:00:05.777846+0000 localhost systemd[1]: tmp.mount: Failed to generate invocation ID for unit: Function not implemented
1970-01-01T00:00:05.779472+0000 localhost rc.local[1282]: Loading the kernel modules:
1970-01-01T00:00:05.791874+0000 localhost rc.local[1302]: Loading module: xt-masquerade
1970-01-01T00:00:05.802794+0000 localhost rc.local[1303]: modprobe: module xt-masquerade not found in modules.dep
1970-01-01T00:00:05.804283+0000 localhost rc.local[1302]: Loading module: af-packet
1970-01-01T00:00:05.823303+0000 localhost rc.local[1282]: Making device instances:
1970-01-01T00:00:05.830226+0000 localhost kernel: NET: Registered protocol family 17
1970-01-01T00:00:06.126636+0000 localhost systemd[1]: Finished Load/Save Random Seed.
1970-01-01T00:00:06.130176+0000 localhost kernel: random: crng init done
1970-01-01T00:00:06.130480+0000 localhost kernel: random: 1033 urandom warning(s) missed due to ratelimiting
1970-01-01T00:00:06.172068+0000 localhost systemd[1]: Condition check resulted in First Boot Complete being skipped.
1970-01-01T00:00:06.172431+0000 localhost systemd[1]: Condition check resulted in Commit a transient machine-id on disk being skipped.
1970-01-01T00:00:06.540228+0000 localhost kernel: 8021q: 802.1Q VLAN Support v1.8
1970-01-01T00:00:06.610277+0000 localhost kernel: SCSI subsystem initialized
1970-01-01T00:00:06.680163+0000 localhost kernel: usbcore: registered new interface driver usbfs
1970-01-01T00:00:06.680500+0000 localhost kernel: usbcore: registered new interface driver hub
1970-01-01T00:00:06.680690+0000 localhost kernel: usbcore: registered new device driver usb
1970-01-01T00:00:06.681380+0000 localhost systemd[1]: cooling.service: Failed to schedule restart job: Unit hica.service not found.
1970-01-01T00:00:06.681471+0000 localhost systemd[1]: cooling.service: Failed with result 'resources'.
1970-01-01T00:00:06.683492+0000 localhost systemd[1]: license.service: Failed to schedule restart job: Unit persistence.service not found.
1970-01-01T00:00:06.683586+0000 localhost systemd[1]: license.service: Failed with result 'resources'.
1970-01-01T00:00:06.685564+0000 localhost systemd[1]: power_strategy.service: Failed to schedule restart job: Unit hica.service not found.
1970-01-01T00:00:06.685669+0000 localhost systemd[1]: power_strategy.service: Failed with result 'resources'.
1970-01-01T00:00:06.710148+0000 localhost kernel: usbcore: registered new interface driver usb-storage
1970-01-01T00:00:07.840064+0000 localhost kernel: 8,1970-01-01 00:00:07,1354,gmac_phy_init,1101,mac(0) not used phy.
1970-01-01T00:00:08.890056+0000 localhost kernel: 9,1970-01-01 00:00:08,1354,gmac_phy_init,1101,mac(1) not used phy.
1970-01-01T00:00:09.940061+0000 localhost kernel: 10,1970-01-01 00:00:09,1354,gmac_phy_init,1099,mac(2)'s phy_addr is 3.
1970-01-01T00:00:11.030065+0000 localhost kernel: 11,1970-01-01 00:00:11,1354,gmac_phy_init,1101,mac(3) not used phy.
1970-01-01T00:00:12.063165+0000 localhost kernel: 12,1970-01-01 00:00:12,1354,gmac_hw_set_port_mode_all,635,SGMII auto-negotiation not complete(0x0)
1970-01-01T00:00:12.063505+0000 localhost kernel: 13,1970-01-01 00:00:12,1354,gmac_probe,1433,gmac init ok!
1970-01-01T00:00:12.100152+0000 localhost kernel: 14,1970-01-01 00:00:12,1371,sys_info_probe,1960,sys_info init ok!
1970-01-01T00:00:12.170216+0000 localhost kernel: 15,1970-01-01 00:00:12,1387,p80_probe,210,p80 use LPC!
1970-01-01T00:00:12.210608+0000 localhost kernel: 16,1970-01-01 00:00:12,1393,sol_probe,906,SOL use LPC!
1970-01-01T00:00:12.210921+0000 localhost kernel: 17,1970-01-01 00:00:12,1393,sol_ddrinfo_update,814,SOL[0] Init Rx-start 0x86400000, Rx-size 0x2, Tx-start 0x86000000, Tx-size 0x4.
1970-01-01T00:00:12.211126+0000 localhost kernel: 18,1970-01-01 00:00:12,1393,sol_ddrinfo_update,814,SOL[1] Init Rx-start 0x86600000, Rx-size 0x3, Tx-start 0x86500000, Tx-size 0x2.
1970-01-01T00:00:12.236310+0000 localhost kernel: 19,1970-01-01 00:00:12,1393,sol_ddrinfo_update,814,SOL[2] Init Rx-start 0x86900000, Rx-size 0x3, Tx-start 0x86800000, Tx-size 0x2.
1970-01-01T00:00:12.236565+0000 localhost kernel: 20,1970-01-01 00:00:12,1393,sol_ddrinfo_update,814,SOL[3] Init Rx-start 0x86c00000, Rx-size 0x3, Tx-start 0x86b00000, Tx-size 0x2.
1970-01-01T00:00:12.256461+0000 localhost kernel: 21,1970-01-01 00:00:12,1393,sol_probe,935,uart sol init ok!
1970-01-01T00:00:12.297191+0000 localhost kernel: 22,1970-01-01 00:00:12,1399,dboot_probe,545,dboot probe start.
1970-01-01T00:00:12.297505+0000 localhost kernel: 23,1970-01-01 00:00:12,1399,dboot_probe_info,519,boot from uboot 0
1970-01-01T00:00:12.297699+0000 localhost kernel: 24,1970-01-01 00:00:12,1399,dboot_probe_info,520,BMC reset count: 0
1970-01-01T00:00:12.297877+0000 localhost kernel: 25,1970-01-01 00:00:12,1399,dboot_probe_info,521,BMC unsec reset count: 0
1970-01-01T00:00:12.312837+0000 localhost kernel: 26,1970-01-01 00:00:12,1399,dboot_probe_info,522,HOST reset count: 1
1970-01-01T00:00:12.313111+0000 localhost kernel: 27,1970-01-01 00:00:12,1399,dboot_probe_info,523,CHIP reset count: 0
1970-01-01T00:00:12.330471+0000 localhost kernel: 28,1970-01-01 00:00:12,1399,dboot_probe,567,dboot init ok!
1970-01-01T00:00:12.390158+0000 localhost kernel: 29,1970-01-01 00:00:12,1415,bmcrtc_of_probe,189,BMCRTC Device Registered.
1970-01-01T00:00:12.440151+0000 localhost kernel: 8711000.uart: ttySS3 at MMIO 0x8711000 (irq = 24, base_baud = 0) is a AMBA/ttySS
1970-01-01T00:00:12.440474+0000 localhost kernel: 8743000.uart: ttySS4 at MMIO 0x8743000 (irq = 25, base_baud = 0) is a AMBA/ttySS
1970-01-01T00:00:12.440693+0000 localhost kernel: 8744000.uart: ttySS5 at MMIO 0x8744000 (irq = 26, base_baud = 0) is a AMBA/ttySS
1970-01-01T00:00:12.450139+0000 localhost kernel: 875d000.uart: ttySS6 at MMIO 0x875d000 (irq = 27, base_baud = 0) is a AMBA/ttySS
1970-01-01T00:00:12.450481+0000 localhost kernel: 875e000.uart: ttySS7 at MMIO 0x875e000 (irq = 28, base_baud = 0) is a AMBA/ttySS
1970-01-01T00:00:12.510789+0000 localhost kernel: 30,1970-01-01 00:00:12,1447,peci_probe,332,peci is 1 mode!
1970-01-01T00:00:12.511150+0000 localhost kernel: 31,1970-01-01 00:00:12,1447,peci_probe,346,peci init ok!
1970-01-01T00:00:12.592749+0000 localhost kernel: 32,1970-01-01 00:00:12,1465,hispi_setup_device,885,hispi_setup_device id 0x0!
1970-01-01T00:00:12.593073+0000 localhost kernel: 33,1970-01-01 00:00:12,1465,hispi_setup_device,885,hispi_setup_device id 0x1!
1970-01-01T00:00:12.700144+0000 localhost kernel: 34,1970-01-01 00:00:12,1491,pci_fix_ker_probe,527,probe OK
1970-01-01T00:00:12.731028+0000 localhost kernel: 35,1970-01-01 00:00:12,1496,deal_with_ext_addr,255,g_mctp_ext_mode:0 [0 Normal,1 Offset,2 Hi]
1970-01-01T00:00:12.731341+0000 localhost kernel: 36,1970-01-01 00:00:12,1496,mctp_reset,1477,reset mctp ok!
1970-01-01T00:00:12.740122+0000 localhost kernel: 37,1970-01-01 00:00:12,1496,mctp_dereset,1501,dereset mctp ok!
1970-01-01T00:00:13.095952+0000 localhost kernel: 38,1970-01-01 00:00:13,1536,vce_dac_param_set,244,dac param register is: 0x800820f
1970-01-01T00:00:13.096297+0000 localhost kernel: 39,1970-01-01 00:00:13,1536,vce_driver_probe,295,irq_mask 0xd80
1970-01-01T00:00:13.130120+0000 localhost kernel: insmod (1542) used greatest stack depth: 11664 bytes left
1970-01-01T00:00:13.140297+0000 localhost kernel: 40,1970-01-01 00:00:13,1277,gmac_link_handle,409,eth2 link up! speed(0x8) duplex(0x1).
1970-01-01T00:00:13.150135+0000 localhost kernel: [request_fiq] succeed to register fiq-no 141 more func dfx_dying_saying+0x0/0x20 [dfx_drv]
1970-01-01T00:00:13.167394+0000 localhost rc.local[1550]: /dev/mmcblk0gp0
1970-01-01T00:00:13.201848+0000 localhost rc.local[1550]: /dev/mmcblk0gp1
1970-01-01T00:00:13.235656+0000 localhost rc.local[1550]: /dev/mmcblk0gp2
1970-01-01T00:00:13.292457+0000 localhost rc.local[1561]: ifconfig: SIOCGIFFLAGS: No such device
1970-01-01T00:00:13.330234+0000 localhost rc.local[1564]: /dev/mmcblk0p1: recovering journal
1970-01-01T00:00:13.436831+0000 localhost rc.local[1564]: /dev/mmcblk0p1: clean, 383/65536 files, 21056/262144 blocks
1970-01-01T00:00:13.467522+0000 localhost rc.local[1566]: insmod: can't insert '/lib/modules/5.10.0/rtos_snapshot.ko': File exists
1970-01-01T00:00:13.472895+0000 localhost rc.local[1282]: Setting console log message level:
1970-01-01T00:00:13.496724+0000 localhost rc.local[1568]: /dev/mmcblk0
1970-01-01T00:00:13.496724+0000 localhost rc.local[1568]: /dev/mmcblk0boot0
1970-01-01T00:00:13.496724+0000 localhost rc.local[1568]: /dev/mmcblk0boot1
1970-01-01T00:00:13.496724+0000 localhost rc.local[1568]: /dev/mmcblk0gp0
1970-01-01T00:00:13.496724+0000 localhost rc.local[1568]: /dev/mmcblk0gp1
1970-01-01T00:00:13.496724+0000 localhost rc.local[1568]: /dev/mmcblk0gp2
1970-01-01T00:00:13.496724+0000 localhost rc.local[1568]: /dev/mmcblk0gp3
1970-01-01T00:00:13.496724+0000 localhost rc.local[1568]: /dev/mmcblk0p1
1970-01-01T00:00:13.496724+0000 localhost rc.local[1568]: /dev/mmcblk0p2
1970-01-01T00:00:13.496724+0000 localhost rc.local[1568]: /dev/mmcblk0p3
1970-01-01T00:00:13.496724+0000 localhost rc.local[1568]: /dev/mmcblk0p5
1970-01-01T00:00:13.496724+0000 localhost rc.local[1568]: /dev/mmcblk0p6
1970-01-01T00:00:13.496724+0000 localhost rc.local[1568]: /dev/mmcblk0p7
1970-01-01T00:00:13.496724+0000 localhost rc.local[1568]: /dev/mmcblk0p8
1970-01-01T00:00:13.496724+0000 localhost rc.local[1568]: /dev/mmcblk0p9
1970-01-01T00:00:13.508969+0000 localhost rc.local[1569]: FBS
1970-01-01T00:00:13.508969+0000 localhost rc.local[1569]: bin
1970-01-01T00:00:13.508969+0000 localhost rc.local[1569]: boot
1970-01-01T00:00:13.508969+0000 localhost rc.local[1569]: data
1970-01-01T00:00:13.508969+0000 localhost rc.local[1569]: dev
1970-01-01T00:00:13.508969+0000 localhost rc.local[1569]: etc
1970-01-01T00:00:13.508969+0000 localhost rc.local[1569]: home
1970-01-01T00:00:13.508969+0000 localhost rc.local[1569]: init
1970-01-01T00:00:13.508969+0000 localhost rc.local[1569]: lib
1970-01-01T00:00:13.508969+0000 localhost rc.local[1569]: lib64
1970-01-01T00:00:13.508969+0000 localhost rc.local[1569]: linuxrc
1970-01-01T00:00:13.508969+0000 localhost rc.local[1569]: lost+found
1970-01-01T00:00:13.508969+0000 localhost rc.local[1569]: media
1970-01-01T00:00:13.508969+0000 localhost rc.local[1569]: mnt
1970-01-01T00:00:13.508969+0000 localhost rc.local[1569]: opt
1970-01-01T00:00:13.508969+0000 localhost rc.local[1569]: package_info
1970-01-01T00:00:13.508969+0000 localhost rc.local[1569]: proc
1970-01-01T00:00:13.508969+0000 localhost rc.local[1569]: root
1970-01-01T00:00:13.508969+0000 localhost rc.local[1569]: run
1970-01-01T00:00:13.508969+0000 localhost rc.local[1569]: sbin
1970-01-01T00:00:13.508969+0000 localhost rc.local[1569]: sys
1970-01-01T00:00:13.508969+0000 localhost rc.local[1569]: tmp
1970-01-01T00:00:13.508969+0000 localhost rc.local[1569]: usr
1970-01-01T00:00:13.508969+0000 localhost rc.local[1569]: v1
1970-01-01T00:00:13.508969+0000 localhost rc.local[1569]: v2
1970-01-01T00:00:13.508969+0000 localhost rc.local[1569]: var
1970-01-01T00:00:13.630076+0000 localhost kernel: EXT4-fs (mmcblk0p7): recovery complete
1970-01-01T00:00:13.630406+0000 localhost kernel: EXT4-fs (mmcblk0p7): mounted filesystem 738c1443-4eb3-4865-81c8-8d06b616eeef r/w with ordered data mode. Opts: (null)
1970-01-01T00:00:13.638415+0000 localhost rc.local[1576]: e2fsck 1.47.0 (5-Feb-2023)
1970-01-01T00:00:13.651921+0000 localhost rc.local[1576]: Pass 1: Checking inodes, blocks, and sizes
1970-01-01T00:00:14.022842+0000 localhost rc.local[1576]: Pass 2: Checking directory structure
1970-01-01T00:00:14.041677+0000 localhost rc.local[1576]: Pass 3: Checking directory connectivity
1970-01-01T00:00:14.042094+0000 localhost rc.local[1576]: Pass 4: Checking reference counts
1970-01-01T00:00:14.048687+0000 localhost rc.local[1576]: Pass 5: Checking group summary information
1970-01-01T00:00:14.075544+0000 localhost rc.local[1576]:          383 inodes used (0.58%, out of 65536)
1970-01-01T00:00:14.075544+0000 localhost rc.local[1576]:           41 non-contiguous files (10.7%)
1970-01-01T00:00:14.075544+0000 localhost rc.local[1576]:            0 non-contiguous directories (0.0%)
1970-01-01T00:00:14.075544+0000 localhost rc.local[1576]:              # of inodes with ind/dind/tind blocks: 0/0/0
1970-01-01T00:00:14.076711+0000 localhost rc.local[1576]:              Extent depth histogram: 369/6
1970-01-01T00:00:14.076711+0000 localhost rc.local[1576]:        21056 blocks used (8.03%, out of 262144)
1970-01-01T00:00:14.076711+0000 localhost rc.local[1576]:            0 bad blocks
1970-01-01T00:00:14.076711+0000 localhost rc.local[1576]:            1 large file
1970-01-01T00:00:14.076711+0000 localhost rc.local[1576]:          265 regular files
1970-01-01T00:00:14.076711+0000 localhost rc.local[1576]:          109 directories
1970-01-01T00:00:14.076711+0000 localhost rc.local[1576]:            0 character device files
1970-01-01T00:00:14.076711+0000 localhost rc.local[1576]:            0 block device files
1970-01-01T00:00:14.076711+0000 localhost rc.local[1576]:            0 fifos
1970-01-01T00:00:14.076711+0000 localhost rc.local[1576]:            0 links
1970-01-01T00:00:14.076711+0000 localhost rc.local[1576]:            0 symbolic links (0 fast symbolic links)
1970-01-01T00:00:14.076711+0000 localhost rc.local[1576]:            0 sockets
1970-01-01T00:00:14.076711+0000 localhost rc.local[1576]: ------------
1970-01-01T00:00:14.076711+0000 localhost rc.local[1576]:          374 files
1970-01-01T00:00:14.120068+0000 localhost kernel: EXT4-fs (mmcblk0p1): mounted filesystem 12338794-cac1-4f0d-9af7-cd960527c7c8 r/w with ordered data mode. Opts: (null)
1970-01-01T00:00:14.136988+0000 localhost systemd[1]: dev-shm-trust.mount: Deactivated successfully.
1970-01-01T00:00:14.140098+0000 localhost kernel: EXT4-fs (mmcblk0p7): unmounting filesystem 738c1443-4eb3-4865-81c8-8d06b616eeef.
1970-01-01T00:00:14.255651+0000 localhost rc.local[1592]: e2fsck 1.47.0 (5-Feb-2023)
1970-01-01T00:00:14.268450+0000 localhost rc.local[1592]: /dev/mmcblk0p9: recovering journal
1970-01-01T00:00:14.394394+0000 localhost rc.local[1592]: Pass 1: Checking inodes, blocks, and sizes
1970-01-01T00:00:14.428960+0000 localhost rc.local[1592]: Pass 2: Checking directory structure
1970-01-01T00:00:14.434689+0000 localhost rc.local[1592]: Pass 3: Checking directory connectivity
1970-01-01T00:00:14.435489+0000 localhost rc.local[1592]: Pass 4: Checking reference counts
1970-01-01T00:00:14.445954+0000 localhost rc.local[1592]: Pass 5: Checking group summary information
1970-01-01T00:00:14.452348+0000 localhost rc.local[1592]: Free blocks count wrong (267568, counted=269126).
1970-01-01T00:00:14.452816+0000 localhost rc.local[1592]: Fix? yes
1970-01-01T00:00:14.453180+0000 localhost rc.local[1592]: Free inodes count wrong (90186, counted=90188).
1970-01-01T00:00:14.453180+0000 localhost rc.local[1592]: Fix? yes
1970-01-01T00:00:14.457186+0000 localhost rc.local[1592]: /dev/mmcblk0p9: ***** FILE SYSTEM WAS MODIFIED *****
1970-01-01T00:00:14.457186+0000 localhost rc.local[1592]:          172 inodes used (0.19%, out of 90360)
1970-01-01T00:00:14.457186+0000 localhost rc.local[1592]:           41 non-contiguous files (23.8%)
1970-01-01T00:00:14.457186+0000 localhost rc.local[1592]:            1 non-contiguous directory (0.6%)
1970-01-01T00:00:14.457186+0000 localhost rc.local[1592]:              # of inodes with ind/dind/tind blocks: 0/0/0
1970-01-01T00:00:14.458618+0000 localhost rc.local[1592]:              Extent depth histogram: 138/26
1970-01-01T00:00:14.458618+0000 localhost rc.local[1592]:        93034 blocks used (25.69%, out of 362160)
1970-01-01T00:00:14.458618+0000 localhost rc.local[1592]:            0 bad blocks
1970-01-01T00:00:14.458618+0000 localhost rc.local[1592]:            0 large files
1970-01-01T00:00:14.458618+0000 localhost rc.local[1592]:          139 regular files
1970-01-01T00:00:14.458618+0000 localhost rc.local[1592]:           24 directories
1970-01-01T00:00:14.458618+0000 localhost rc.local[1592]:            0 character device files
1970-01-01T00:00:14.458618+0000 localhost rc.local[1592]:            0 block device files
1970-01-01T00:00:14.458618+0000 localhost rc.local[1592]:            0 fifos
1970-01-01T00:00:14.458618+0000 localhost rc.local[1592]:            0 links
1970-01-01T00:00:14.458618+0000 localhost rc.local[1592]:            0 symbolic links (0 fast symbolic links)
1970-01-01T00:00:14.458618+0000 localhost rc.local[1592]:            0 sockets
1970-01-01T00:00:14.458618+0000 localhost rc.local[1592]: ------------
1970-01-01T00:00:14.458618+0000 localhost rc.local[1592]:          163 files
1970-01-01T00:00:14.481233+0000 localhost kernel: EXT4-fs (mmcblk0p9): mounted filesystem 29623499-ab13-4d64-bdac-7b401920dd8f r/w with ordered data mode. Opts: (null)
1970-01-01T00:00:14.506997+0000 localhost rc.local[1597]: Recover datafs begin
1970-01-01T00:00:14.545506+0000 localhost rc.local[1597]: Recover datafs no need ubootrecoverflag=0
1970-01-01T00:00:14.612808+0000 localhost rc.local[1609]: e2fsck 1.47.0 (5-Feb-2023)
1970-01-01T00:00:14.627120+0000 localhost rc.local[1609]: Pass 1: Checking inodes, blocks, and sizes
1970-01-01T00:00:14.647455+0000 localhost rc.local[1609]: Pass 2: Checking directory structure
1970-01-01T00:00:14.663195+0000 localhost rc.local[1609]: Pass 3: Checking directory connectivity
1970-01-01T00:00:14.663908+0000 localhost rc.local[1609]: Pass 4: Checking reference counts
1970-01-01T00:00:14.671036+0000 localhost rc.local[1609]: Pass 5: Checking group summary information
1970-01-01T00:00:14.680414+0000 localhost rc.local[1609]:          105 inodes used (0.16%, out of 65536)
1970-01-01T00:00:14.680414+0000 localhost rc.local[1609]:           10 non-contiguous files (9.5%)
1970-01-01T00:00:14.680414+0000 localhost rc.local[1609]:            0 non-contiguous directories (0.0%)
1970-01-01T00:00:14.680414+0000 localhost rc.local[1609]:              # of inodes with ind/dind/tind blocks: 0/0/0
1970-01-01T00:00:14.681702+0000 localhost rc.local[1609]:              Extent depth histogram: 96/1
1970-01-01T00:00:14.681702+0000 localhost rc.local[1609]:        36236 blocks used (13.82%, out of 262144)
1970-01-01T00:00:14.681702+0000 localhost rc.local[1609]:            0 bad blocks
1970-01-01T00:00:14.681702+0000 localhost rc.local[1609]:            0 large files
1970-01-01T00:00:14.681702+0000 localhost rc.local[1609]:           66 regular files
1970-01-01T00:00:14.681702+0000 localhost rc.local[1609]:           30 directories
1970-01-01T00:00:14.681702+0000 localhost rc.local[1609]:            0 character device files
1970-01-01T00:00:14.681702+0000 localhost rc.local[1609]:            0 block device files
1970-01-01T00:00:14.681702+0000 localhost rc.local[1609]:            0 fifos
1970-01-01T00:00:14.681702+0000 localhost rc.local[1609]:            0 links
1970-01-01T00:00:14.681702+0000 localhost rc.local[1609]:            0 symbolic links (0 fast symbolic links)
1970-01-01T00:00:14.681702+0000 localhost rc.local[1609]:            0 sockets
1970-01-01T00:00:14.681702+0000 localhost rc.local[1609]: ------------
1970-01-01T00:00:14.681702+0000 localhost rc.local[1609]:           96 files
1970-01-01T00:00:14.735777+0000 localhost kernel: EXT4-fs (mmcblk0p7): mounted filesystem 738c1443-4eb3-4865-81c8-8d06b616eeef r/w with ordered data mode. Opts: (null)
1970-01-01T00:00:14.800242+0000 localhost rc.local[1620]: Recover log partition begin
1970-01-01T00:00:14.851597+0000 localhost rc.local[1629]: /dev/mmcblk0p9 on /var/log type ext4 (rw,relatime)
1970-01-01T00:00:14.930151+0000 localhost kernel: sed (1637) used greatest stack depth: 11632 bytes left
1970-01-01T00:00:14.964886+0000 localhost systemd-journald[1247]: Time spent on flushing to /var/log/journal/17fae57c8eae4cdb844e95c4d82b5af9 is 55.230ms for 646 entries.
1970-01-01T00:00:14.964886+0000 localhost systemd-journald[1247]: System Journal (/var/log/journal/17fae57c8eae4cdb844e95c4d82b5af9) is 4.0M, max 8.0M, 4.0M free.
1970-01-01T00:00:15.060356+0000 localhost rc.local[1641]: Recover trust partition begin
1970-01-01T00:00:15.111281+0000 localhost rc.local[1650]: /dev/mmcblk0p7 on /data/trust type ext4 (rw,relatime)
1970-01-01T00:00:15.190121+0000 localhost kernel: EXT4-fs (mmcblk0gp3): recovery complete
1970-01-01T00:00:15.190607+0000 localhost kernel: EXT4-fs (mmcblk0gp3): mounted filesystem 08cfa917-2338-44e8-8298-f8a413d99344 r/w with ordered data mode. Opts: (null)
1970-01-01T00:00:15.234052+0000 localhost rc.local[1282]: The content of the ksf file is identical
1970-01-01T00:00:15.293302+0000 localhost rc.local[1665]: chmod: /data/var/lock: No such file or directory
1970-01-01T00:00:15.304637+0000 localhost rc.local[1666]: chmod: /data/var/run: No such file or directory
1970-01-01T00:00:15.315865+0000 localhost rc.local[1667]: chmod: /data/var/run/syslog-ng: No such file or directory
1970-01-01T00:00:15.329376+0000 localhost rc.local[1668]: touch: /data/var/run/utmp: No such file or directory
1970-01-01T00:00:15.331175+0000 localhost rc.local[1282]: Setting hostname:
1970-01-01T00:00:15.340778+0000 localhost rc.local[1669]: cat: can't open '/etc/HOSTNAME': No such file or directory
1970-01-01T00:00:15.342486+0000 localhost rc.local[1282]: Settingup the sysctl configurations:
1970-01-01T00:00:15.366980+0000 localhost rc.local[1282]: Setting up interface lo:
1970-01-01T00:00:15.450758+0000 localhost rc.local[1677]: cp: can't stat '/etc/crond_cfg/*': No such file or directory
1970-01-01T00:00:15.461909+0000 localhost rc.local[1678]: chmod: /data/var/spool/cron/crontabs/*: No such file or directory
1970-01-01T00:00:15.552100+0000 localhost rc.local[1686]: chmod: /data/opt/bmc/save: No such file or directory
1970-01-01T00:00:15.640122+0000 localhost kernel: [pmfs]: pramdisk: registered block device major 254
1970-01-01T00:00:15.640492+0000 localhost kernel: [pmfs]: starting add gendisk!
1970-01-01T00:00:15.640896+0000 localhost kernel: [pmfs]: add gendisk done!
1970-01-01T00:00:15.641152+0000 localhost kernel: [pmfs]: pramdisk: module loaded
1970-01-01T00:00:15.813912+0000 localhost rc.local[1702]: mke2fs 1.47.0 (5-Feb-2023)
1970-01-01T00:00:15.815751+0000 localhost rc.local[1702]: /dev/pramdisk0 is capable of DAX but current block size 1024 is different from system page size 4096 so filesystem will not support DAX.
1970-01-01T00:00:15.816265+0000 localhost rc.local[1702]: Creating filesystem with 12284 1k blocks and 3072 inodes
1970-01-01T00:00:15.816265+0000 localhost rc.local[1702]: Filesystem UUID: 2720d54a-a3fc-4d20-8204-90a2b7e6284d
1970-01-01T00:00:15.816265+0000 localhost rc.local[1702]: Superblock backups stored on blocks:
1970-01-01T00:00:15.816265+0000 localhost rc.local[1702]:         8193
1970-01-01T00:00:15.816265+0000 localhost rc.local[1702]: [41B blob data]
1970-01-01T00:00:15.818173+0000 localhost rc.local[1702]: [38B blob data]
1970-01-01T00:00:15.822723+0000 localhost rc.local[1702]: [75B blob data]
1970-01-01T00:00:15.840462+0000 localhost rc.local[1282]: load pmfs done
1970-01-01T00:00:15.877926+0000 localhost rc.local[1282]: Running local startup scripts.
1970-01-01T00:00:16.289930+0000 localhost rc.local[1748]: net.ipv6.ip_nonlocal_bind = 1
1970-01-01T00:00:16.476408+0000 localhost rc.local[1750]: srcFile=/etc/passwd
1970-01-01T00:00:16.524585+0000 localhost rc.local[1750]: date: Thu Jan  1 00:00:16 CGP 1970, root or 0 is exist!
1970-01-01T00:00:16.559954+0000 localhost rc.local[1750]: date: Thu Jan  1 00:00:16 CGP 1970, apache or 98 is exist!
1970-01-01T00:00:16.594474+0000 localhost rc.local[1750]: date: Thu Jan  1 00:00:16 CGP 1970, snmpd_user or 95 is exist!
1970-01-01T00:00:16.629433+0000 localhost rc.local[1750]: date: Thu Jan  1 00:00:16 CGP 1970, ipmi_user or 96 is exist!
1970-01-01T00:00:16.664421+0000 localhost rc.local[1750]: date: Thu Jan  1 00:00:16 CGP 1970, kvm_user or 97 is exist!
1970-01-01T00:00:16.699509+0000 localhost rc.local[1750]: date: Thu Jan  1 00:00:16 CGP 1970, discovery_user or 100 is exist!
1970-01-01T00:00:16.734447+0000 localhost rc.local[1750]: date: Thu Jan  1 00:00:16 CGP 1970, comm_user or 101 is exist!
1970-01-01T00:00:16.769521+0000 localhost rc.local[1750]: date: Thu Jan  1 00:00:16 CGP 1970, sshd or 74 is exist!
1970-01-01T00:00:16.804593+0000 localhost rc.local[1750]: date: Thu Jan  1 00:00:16 CGP 1970, redfish_user or 102 is exist!
1970-01-01T00:00:16.839730+0000 localhost rc.local[1750]: date: Thu Jan  1 00:00:16 CGP 1970, secbox or 104 is exist!
1970-01-01T00:00:16.851019+0000 localhost rc.local[1750]: date: Thu Jan  1 00:00:16 CGP 1970, all users have been added
1970-01-01T00:00:16.880853+0000 localhost rc.local[1750]: srcFile=/etc/group
1970-01-01T00:00:16.926703+0000 localhost rc.local[1750]: date: Thu Jan  1 00:00:16 CGP 1970, root or 0 is exist!
1970-01-01T00:00:16.961527+0000 localhost rc.local[1750]: date: Thu Jan  1 00:00:16 CGP 1970, sshd or 74 is exist!
1970-01-01T00:00:16.996546+0000 localhost rc.local[1750]: date: Thu Jan  1 00:00:16 CGP 1970, operator or 200 is exist!
1970-01-01T00:00:17.031772+0000 localhost rc.local[1750]: date: Thu Jan  1 00:00:17 CGP 1970, user or 201 is exist!
1970-01-01T00:00:17.066699+0000 localhost rc.local[1750]: date: Thu Jan  1 00:00:17 CGP 1970, no_access or 202 is exist!
1970-01-01T00:00:17.101988+0000 localhost rc.local[1750]: date: Thu Jan  1 00:00:17 CGP 1970, admin or 204 is exist!
1970-01-01T00:00:17.136536+0000 localhost rc.local[1750]: date: Thu Jan  1 00:00:17 CGP 1970, apache or 98 is exist!
1970-01-01T00:00:17.171508+0000 localhost rc.local[1750]: date: Thu Jan  1 00:00:17 CGP 1970, apps or 103 is exist!
1970-01-01T00:00:17.206788+0000 localhost rc.local[1750]: date: Thu Jan  1 00:00:17 CGP 1970, snmpd_user or 95 is exist!
1970-01-01T00:00:17.242234+0000 localhost rc.local[1750]: date: Thu Jan  1 00:00:17 CGP 1970, ipmi_user or 96 is exist!
1970-01-01T00:00:17.279300+0000 localhost rc.local[1750]: date: Thu Jan  1 00:00:17 CGP 1970, kvm_user or 97 is exist!
1970-01-01T00:00:17.314412+0000 localhost rc.local[1750]: date: Thu Jan  1 00:00:17 CGP 1970, discovery_user or 100 is exist!
1970-01-01T00:00:17.349589+0000 localhost rc.local[1750]: date: Thu Jan  1 00:00:17 CGP 1970, comm_user or 101 is exist!
1970-01-01T00:00:17.385449+0000 localhost rc.local[1750]: date: Thu Jan  1 00:00:17 CGP 1970, redfish_user or 102 is exist!
1970-01-01T00:00:17.421466+0000 localhost rc.local[1750]: date: Thu Jan  1 00:00:17 CGP 1970, secbox or 104 is exist!
1970-01-01T00:00:17.949485+0000 localhost rc.local[1895]: kernel.core_pattern = |/usr/sbin/coredump_transfer %p %e-%s
1970-01-01T00:00:18.020091+0000 localhost rc.local[1900]: chown: /data/trust/persistence.local/event.db: No such file or directory
1970-01-01T00:00:18.044740+0000 localhost rc.local[1902]: chown: /opt/bmc/pram/persistence.local/event.db: No such file or directory
1970-01-01T00:00:18.145092+0000 localhost rc.local[1910]: chown: /opt/bmc/pram/persistence.local/sensor.db: No such file or directory
1970-01-01T00:00:18.171853+0000 localhost rc.local[1912]: chown: /data/opt/bmc/persistence.local/sensor.db_b: No such file or directory
1970-01-01T00:00:18.282448+0000 localhost rc.local[1921]: chown: /data/opt/SMBIOS_DIFF: No such file or directory
1970-01-01T00:00:18.294400+0000 localhost rc.local[1923]: date: invalid date '%Y-%m-%d %T.%N'
1970-01-01T00:00:18.449564+0000 localhost rc.local[1934]: chown: /opt/bmc/pram/persistence.local/compute.db: No such file or directory
1970-01-01T00:00:18.462422+0000 localhost rc.local[1935]: chown: /dev/shm/upgrade: No such file or directory
1970-01-01T00:00:18.570923+0000 localhost rc.local[1944]: chown: /data/backup/fpga/tmp/fpga.hpm: No such file or directory
1970-01-01T00:00:18.583473+0000 localhost rc.local[1945]: chown: /data/backup/fpga/gold/fpga.hpm: No such file or directory
1970-01-01T00:00:18.595723+0000 localhost rc.local[1946]: chown: /dev/shm/upgrade: No such file or directory
1970-01-01T00:00:18.610449+0000 localhost rc.local[1947]: chown: /dev/shm/dump_info_tmp/dump_info/LogDump/socboard: No such file or directory
1970-01-01T00:00:18.623444+0000 localhost rc.local[1948]: chown: /data/backup/vrd/up_cfg: No such file or directory
1970-01-01T00:00:18.635696+0000 localhost rc.local[1949]: chown: /data/opt/bmc/up_cfg: No such file or directory
1970-01-01T00:00:18.648046+0000 localhost rc.local[1950]: chown: /data/opt/bmc/hot_up_cfg: No such file or directory
1970-01-01T00:00:18.672814+0000 localhost rc.local[1952]: chown: /tmp/smm_down.sh: No such file or directory
1970-01-01T00:00:18.685115+0000 localhost rc.local[1953]: chown: /sbin/udhcpc: Read-only file system
1970-01-01T00:00:18.709586+0000 localhost rc.local[1955]: chown: /opt/bmc/pram/persistence.local/network_adapter.db: No such file or directory
1970-01-01T00:00:18.723612+0000 localhost rc.local[1956]: chown: /data/var/log/bmc/optical_module/optical_module_history_info_log.csv: No such file or directory
1970-01-01T00:00:18.735863+0000 localhost rc.local[1957]: chown: /data/var/log/bmc/optical_module: No such file or directory
1970-01-01T00:00:18.774232+0000 localhost rc.local[1960]: chown: /opt/bmc/pram/persistence.local/pcie_device.db: No such file or directory
1970-01-01T00:00:18.798937+0000 localhost rc.local[1962]: chown: /opt/bmc/pram/persistence.local/storage.db: No such file or directory
1970-01-01T00:00:18.825281+0000 localhost rc.local[1964]: chown: /data/var/log/storage/ctrllog: No such file or directory
1970-01-01T00:00:18.990092+0000 localhost kernel: loop0: detected capacity change from 0 to 209715200
1970-01-01T00:00:19.260109+0000 localhost kernel: EXT4-fs (loop0): recovery complete
1970-01-01T00:00:19.260466+0000 localhost kernel: EXT4-fs (loop0): mounted filesystem 8e264243-c592-4963-b675-87536801cb2d r/w with ordered data mode. Opts: (null)
1970-01-01T00:00:19.448513+0000 localhost rc.local[2012]: mkdir: can't create directory '/data/persistence': File exists
1970-01-01T00:00:19.462617+0000 localhost rc.local[2013]: mkdir: can't create directory '/data/persistence/file_transfer': File exists
1970-01-01T00:00:20.250114+0000 localhost kernel: hisport_cdev: 1316, ioremap:0x40000000
1970-01-01T00:00:20.330133+0000 localhost kernel: edma: 2297, ==========1711 device==========
1970-01-01T00:00:20.405592+0000 localhost rc.local[2108]: insmod: can't insert '/lib/modules/ko/bmc_tpcm_drv.ko': No such file or directory
1970-01-01T00:00:20.481500+0000 localhost rc.local[2109]: Flag path does not exist!
1970-01-01T00:00:20.610121+0000 localhost kernel: FS-Cache: Loaded
1970-01-01T00:00:20.630129+0000 localhost kernel: CacheFiles: Loaded
1970-01-01T00:00:20.730090+0000 localhost kernel: RPC: Registered named UNIX socket transport module.
1970-01-01T00:00:20.730483+0000 localhost kernel: RPC: Registered udp transport module.
1970-01-01T00:00:20.730858+0000 localhost kernel: RPC: Registered tcp transport module.
1970-01-01T00:00:20.731113+0000 localhost kernel: RPC: Registered tcp NFSv4.1 backchannel transport module.
1970-01-01T00:00:20.870128+0000 localhost kernel: FS-Cache: Netfs 'nfs' registered for caching
1970-01-01T00:00:20.974160+0000 localhost kernel: FS-Cache: Netfs 'cifs' registered for caching
1970-01-01T00:00:20.974822+0000 localhost kernel: Key type cifs.idmap registered
1970-01-01T00:00:21.020154+0000 localhost kernel: device-mapper: ioctl: 4.43.0-ioctl (2020-10-01) initialised: dm-devel@redhat.com
1970-01-01T00:00:21.031953+0000 localhost rc.local[2160]: insmod: can't insert '/lib/modules/5.10.0/kernel/net/netfilter/x_tables.ko': File exists
1970-01-01T00:00:21.069349+0000 localhost rc.local[2165]: insmod: can't insert '/lib/modules/5.10.0/kernel/net/ipv6/netfilter/ip6_tables.ko': No such file or directory
1970-01-01T00:00:21.100125+0000 localhost kernel: xhci-hcd xhci-hcd.0.auto: xHCI Host Controller
1970-01-01T00:00:21.101460+0000 localhost kernel: xhci-hcd xhci-hcd.0.auto: new USB bus registered, assigned bus number 1
1970-01-01T00:00:21.102608+0000 localhost kernel: xhci-hcd xhci-hcd.0.auto: hcc params 0x0220f66d hci version 0x100 quirks 0x0000000002010010
1970-01-01T00:00:21.103897+0000 localhost kernel: xhci-hcd xhci-hcd.0.auto: irq 125, io mem 0x08a00000
1970-01-01T00:00:21.105115+0000 localhost kernel: hub 1-0:1.0: USB hub found
1970-01-01T00:00:21.106649+0000 localhost kernel: hub 1-0:1.0: 1 port detected
1970-01-01T00:00:21.107992+0000 localhost kernel: xhci-hcd xhci-hcd.0.auto: xHCI Host Controller
1970-01-01T00:00:21.109121+0000 localhost kernel: xhci-hcd xhci-hcd.0.auto: new USB bus registered, assigned bus number 2
1970-01-01T00:00:21.120463+0000 localhost kernel: xhci-hcd xhci-hcd.0.auto: Host supports USB 3.0 SuperSpeed
1970-01-01T00:00:21.121760+0000 localhost kernel: usb usb2: We don't know the algorithms for LPM for this host, disabling LPM.
1970-01-01T00:00:21.123588+0000 localhost kernel: hub 2-0:1.0: USB hub found
1970-01-01T00:00:21.125371+0000 localhost kernel: hub 2-0:1.0: config failed, hub doesn't have any ports! (err -19)
1970-01-01T00:00:21.126878+0000 localhost kernel: xhci-hcd xhci-hcd.1.auto: xHCI Host Controller
1970-01-01T00:00:21.128213+0000 localhost kernel: xhci-hcd xhci-hcd.1.auto: new USB bus registered, assigned bus number 3
1970-01-01T00:00:21.129458+0000 localhost kernel: xhci-hcd xhci-hcd.1.auto: hcc params 0x0220f66d hci version 0x100 quirks 0x0000000002010010
1970-01-01T00:00:21.132381+0000 localhost kernel: xhci-hcd xhci-hcd.1.auto: irq 127, io mem 0x0cc00000
1970-01-01T00:00:21.133633+0000 localhost kernel: hub 3-0:1.0: USB hub found
1970-01-01T00:00:21.135102+0000 localhost kernel: hub 3-0:1.0: 1 port detected
1970-01-01T00:00:21.136563+0000 localhost kernel: xhci-hcd xhci-hcd.1.auto: xHCI Host Controller
1970-01-01T00:00:21.137682+0000 localhost kernel: xhci-hcd xhci-hcd.1.auto: new USB bus registered, assigned bus number 4
1970-01-01T00:00:21.138800+0000 localhost kernel: xhci-hcd xhci-hcd.1.auto: Host supports USB 3.0 SuperSpeed
1970-01-01T00:00:21.140074+0000 localhost kernel: usb usb4: We don't know the algorithms for LPM for this host, disabling LPM.
1970-01-01T00:00:21.141702+0000 localhost kernel: hub 4-0:1.0: USB hub found
1970-01-01T00:00:21.143246+0000 localhost kernel: hub 4-0:1.0: 1 port detected
1970-01-01T00:00:21.144801+0000 localhost kernel: insmod (2168) used greatest stack depth: 10672 bytes left
1970-01-01T00:00:21.160552+0000 localhost rc.local[2190]: insmod: can't insert '/lib/modules/5.10.0/kernel/lib/crc-ccitt.ko': File exists
1970-01-01T00:00:21.220276+0000 localhost kernel: cryptd: max_cpu_qlen set to 1000
1970-01-01T00:00:21.319100+0000 localhost rc.local[2225]: chown: /dev/mtd0: No such file or directory
1970-01-01T00:00:21.431395+0000 localhost systemd[1]: Started /etc/rc.local Compatibility.
1970-01-01T00:00:21.432513+0000 localhost systemd[1]: Started start logrotate timer.
1970-01-01T00:00:21.432931+0000 localhost systemd[1]: Started start partition usage monitor timer.
1970-01-01T00:00:21.433371+0000 localhost systemd[1]: Reached target Timer Units.
1970-01-01T00:00:21.441313+0000 localhost systemd[1]: Starting D-Bus System Message Bus...
1970-01-01T00:00:21.449077+0000 localhost systemd[1]: Started start logrotate service.
1970-01-01T00:00:21.457460+0000 localhost systemd[1]: Started system memory monitor.
1970-01-01T00:00:21.465542+0000 localhost systemd[1]: Started start partition usage monitor service.
1970-01-01T00:00:21.474177+0000 localhost systemd[1]: Started system process memory monitor.
1970-01-01T00:00:21.504535+0000 localhost systemd[1]: Starting Rsyslog Logging Service...
1970-01-01T00:00:21.507648+0000 localhost dbus-daemon[2237]: dbus[2237]: Unknown username "systemd-timesync" in message bus configuration file
1970-01-01T00:00:21.510299+0000 localhost kernel: memory_monitor. (2241): drop_caches: 4
1970-01-01T00:00:21.512401+0000 localhost dbus-daemon[2237]: dbus[2237]: Unknown username "systemd-network" in message bus configuration file
1970-01-01T00:00:21.515549+0000 localhost systemd[1]: Starting Permit User Sessions...
1970-01-01T00:00:21.518931+0000 localhost dbus-daemon[2237]: dbus[2237]: Unknown username "systemd-resolve" in message bus configuration file
1970-01-01T00:00:21.607674+0000 localhost systemd[1]: Finished Permit User Sessions.
1970-01-01T00:00:21.611693+0000 localhost systemd[1]: logrotate.service: Deactivated successfully.
1970-01-01T00:00:21.631337+0000 localhost systemd[1]: Started Getty on ttyS0.
1970-01-01T00:00:21.632130+0000 localhost systemd[1]: Reached target Login Prompts.
1970-01-01T00:00:21.753058+0000 localhost systemd[1]: Started Rsyslog Logging Service.
1970-01-01T00:00:21.756834+0000 localhost systemd[1]: cgroup compatibility translation between legacy and unified hierarchy settings activated. See cgroup-compat debug messages for details.
1970-01-01T00:00:21.760745+0000 localhost systemd[1]: Started ibmc tpcm module.
1970-01-01T00:00:21.768738+0000 localhost systemd[1]: Started ibmc file transfer module.
1970-01-01T00:00:21.777204+0000 localhost systemd[1]: Started A server which supports the DARPA telnet interactive communication protocol.
1970-01-01T00:00:22.047089+0000 localhost systemd[1]: partition_monitor.service: Deactivated successfully.
1970-01-01T00:00:22.749511+0000 localhost systemd[1]: Started D-Bus System Message Bus.
1970-01-01T00:00:22.772354+0000 localhost systemd[1]: Starting framework service...
1970-01-01T00:00:23.275327+0000 localhost systemd[1]: Started framework service.
1970-01-01T00:00:23.284343+0000 localhost systemd[1]: Starting alarm service...
1970-01-01T00:00:23.293261+0000 localhost systemd[1]: Starting bmc_core service...
1970-01-01T00:00:23.302741+0000 localhost systemd[1]: Starting energy service...
1970-01-01T00:00:23.311425+0000 localhost systemd[1]: Starting fault_diagnosis service...
1970-01-01T00:00:23.331044+0000 localhost systemd[1]: Starting security service...
1970-01-01T00:00:24.862913+0000 localhost systemd[1]: Started fault_diagnosis service.
1970-01-01T00:00:32.658453+0000 localhost tpcm[2282]: g_error_free: assertion 'error != NULL' failed
1970-01-01T00:00:39.810173+0000 localhost kernel: [I2C-08-RT<-5|-5>] M<0x47|0x1|0x0|1|10> L<1|1|0> C<1|0|1> E<0x801|0x0|0x0|0x1> I<0x0|0x710|0x0>
1970-01-01T00:00:39.840144+0000 localhost kernel: [I2C-08-RT<-5|-5>] M<0x21|0x1|0x0|1|10> L<1|1|0> C<1|0|1> E<0x801|0x0|0x0|0x1> I<0x0|0x710|0x0>
1970-01-01T00:00:42.926448+0000 localhost kernel: [I2C-08-RT<-5|-5>] M<0x47|0x1|0x0|1|10> L<1|1|0> C<1|0|1> E<0x801|0x0|0x0|0x1> I<0x0|0x710|0x0>
1970-01-01T00:00:42.927003+0000 localhost kernel: [I2C-08-RT<-5|-5>] M<0x21|0x1|0x0|1|10> L<1|1|0> C<1|0|1> E<0x801|0x0|0x0|0x1> I<0x0|0x710|0x0>
1970-01-01T00:00:46.290477+0000 localhost kernel: [I2C-06-RT<-5|-5>] M<0x57|0x1|0x0|1|10> L<2|32|0> C<2|0|32> E<0x801|0x0|0x0|0x1> I<0x0|0x710|0x0>
1970-01-01T00:00:46.940192+0000 localhost kernel: [I2C-08-RT<-5|-5>] M<0x47|0x1|0x0|1|10> L<1|1|0> C<1|0|1> E<0x801|0x0|0x0|0x1> I<0x0|0x710|0x0>
1970-01-01T00:00:47.110977+0000 localhost kernel: [I2C-06-RT<-5|-5>] M<0x57|0x1|0x0|1|10> L<2|32|0> C<2|0|32> E<0x801|0x0|0x0|0x1> I<0x0|0x710|0x0>
1970-01-01T00:00:47.130127+0000 localhost kernel: [I2C-08-RT<-5|-5>] M<0x21|0x1|0x0|1|10> L<1|1|0> C<1|0|1> E<0x801|0x0|0x0|0x1> I<0x0|0x710|0x0>
1970-01-01T00:00:47.310157+0000 localhost kernel: [I2C-06-RT<-5|-5>] M<0x57|0x1|0x0|1|10> L<2|32|0> C<2|0|32> E<0x801|0x0|0x0|0x1> I<0x0|0x710|0x0>
1970-01-01T00:00:47.520132+0000 localhost kernel: [I2C-06-RT<-5|-5>] M<0x57|0x1|0x0|1|10> L<2|32|0> C<2|0|32> E<0x801|0x0|0x0|0x1> I<0x0|0x710|0x0>
1970-01-01T00:00:47.740114+0000 localhost kernel: [I2C-06-RT<-5|-5>] M<0x57|0x1|0x0|1|10> L<2|32|0> C<2|0|32> E<0x801|0x0|0x0|0x1> I<0x0|0x710|0x0>
1970-01-01T00:00:48.560095+0000 localhost kernel: [I2C-06-RT<-5|-5>] M<0x57|0x1|0x0|1|10> L<2|32|0> C<2|0|32> E<0x801|0x0|0x0|0x1> I<0x0|0x710|0x0>
1970-01-01T00:00:48.960130+0000 localhost kernel: [I2C-06-RT<-5|-5>] M<0x57|0x1|0x0|1|10> L<2|32|0> C<2|0|32> E<0x801|0x0|0x0|0x1> I<0x0|0x710|0x0>
1970-01-01T00:00:49.780099+0000 localhost kernel: [I2C-06-RT<-5|-5>] M<0x57|0x1|0x0|1|10> L<2|32|0> C<2|0|32> E<0x801|0x0|0x0|0x1> I<0x0|0x710|0x0>
1970-01-01T00:00:49.980102+0000 localhost kernel: [I2C-06-RT<-5|-5>] M<0x57|0x1|0x0|1|10> L<2|32|0> C<2|0|32> E<0x801|0x0|0x0|0x1> I<0x0|0x710|0x0>
1970-01-01T00:00:50.190120+0000 localhost kernel: [I2C-06-RT<-5|-5>] M<0x57|0x1|0x0|1|10> L<2|32|0> C<2|0|32> E<0x801|0x0|0x0|0x1> I<0x0|0x710|0x0>
1970-01-01T00:00:53.424375+0000 localhost systemd[1]: Started bmc_core service.
1970-01-01T00:00:53.443910+0000 localhost systemd[1]: Starting hardware service...
1970-01-01T00:00:53.477582+0000 localhost systemd[1]: Starting om service...
1970-01-01T00:00:53.493005+0000 localhost systemd[1]: Starting om_priv service...
1970-01-01T00:00:53.517922+0000 localhost systemd[1]: Starting ras service...
1970-01-01T00:00:53.533775+0000 localhost systemd[1]: Started alarm service.
1970-01-01T00:00:53.541118+0000 localhost systemd[1]: Started security service.
1970-01-01T00:00:53.568475+0000 localhost systemd[1]: Started ras service.
1970-01-01T00:00:54.980368+0000 localhost kernel: [I2C-08-RT<-5|-5>] M<0x47|0x1|0x0|1|10> L<1|1|0> C<1|0|1> E<0x801|0x0|0x0|0x1> I<0x0|0x710|0x0>
1970-01-01T00:00:55.230415+0000 localhost kernel: [I2C-08-RT<-5|-5>] M<0x21|0x1|0x0|1|10> L<1|1|0> C<1|0|1> E<0x801|0x0|0x0|0x1> I<0x0|0x710|0x0>
1970-01-01T00:00:58.511878+0000 localhost systemd[1]: Started energy service.
1970-01-01T00:00:58.645389+0000 localhost systemd[1]: Started hardware service.
1970-01-01T00:00:59.280213+0000 localhost kernel: EXT4-fs (mmcblk0gp2): mounted filesystem a578aeb2-73b2-434e-870c-5027ac60059f ro with ordered data mode. Opts: (null)
1970-01-01T00:00:59.624915+0000 localhost systemd[1]: dev-shm-bmc_mount.mount: Deactivated successfully.
1970-01-01T00:00:59.700588+0000 localhost kernel: EXT4-fs (mmcblk0gp2): unmounting filesystem a578aeb2-73b2-434e-870c-5027ac60059f.
1970-01-01T00:01:00.433042+0000 localhost kernel: 41,1970-01-01 00:01:00,23,hw_get_hard_lock,79,hw_lock(0x2) is locked by M3
1970-01-01T00:01:00.433812+0000 localhost kernel: 42,1970-01-01 00:01:00,23,hw_acquire_hard_lock,141,hardware lock(2) is't locked by A55(-1)
1970-01-01T00:01:00.477536+0000 localhost kernel: 43,1970-01-01 00:01:00,23,hw_get_hard_lock,79,hw_lock(0x2) is locked by M3
1970-01-01T00:01:00.478092+0000 localhost kernel: 44,1970-01-01 00:01:00,23,hw_acquire_hard_lock,141,hardware lock(2) is't locked by A55(-1)
1970-01-01T00:01:00.527540+0000 localhost kernel: 45,1970-01-01 00:01:00,23,hw_get_hard_lock,79,hw_lock(0x2) is locked by M3
1970-01-01T00:01:00.528067+0000 localhost kernel: 46,1970-01-01 00:01:00,23,hw_acquire_hard_lock,141,hardware lock(2) is't locked by A55(-1)
1970-01-01T00:01:00.577645+0000 localhost kernel: 47,1970-01-01 00:01:00,23,hw_get_hard_lock,79,hw_lock(0x2) is locked by M3
1970-01-01T00:01:00.578275+0000 localhost kernel: 48,1970-01-01 00:01:00,23,hw_acquire_hard_lock,141,hardware lock(2) is't locked by A55(-1)
1970-01-01T00:01:00.703289+0000 localhost kernel: 49,1970-01-01 00:01:00,1241,hw_get_hard_lock,79,hw_lock(0x2) is locked by M3
1970-01-01T00:01:00.703971+0000 localhost kernel: 50,1970-01-01 00:01:00,1241,hw_acquire_hard_lock,141,hardware lock(2) is't locked by A55(-1)
1970-01-01T00:01:00.968329+0000 localhost kernel: 51,1970-01-01 00:01:00,2694,hw_get_hard_lock,79,hw_lock(0x2) is locked by M3
1970-01-01T00:01:00.968877+0000 localhost kernel: 52,1970-01-01 00:01:00,2694,hw_acquire_hard_lock,141,hardware lock(2) is't locked by A55(-1)
1970-01-01T00:01:01.008966+0000 localhost kernel: 53,1970-01-01 00:01:00,2694,hw_get_hard_lock,79,hw_lock(0x2) is locked by M3
1970-01-01T00:01:01.009476+0000 localhost kernel: 54,1970-01-01 00:01:00,2694,hw_acquire_hard_lock,141,hardware lock(2) is't locked by A55(-1)
2026-04-17T06:56:46.472760+0000 localhost systemd[1]: Time has been changed
2026-04-17T06:56:46.574182+0000 localhost kernel: 55,2026-04-17 06:56:46,2648,msg_sec_module_cmd_cpy_to_user,523,msg copy_to_user user data error 8
2026-04-17T06:56:46.574704+0000 localhost kernel: 56,2026-04-17 06:56:46,2648,msg_scm3_ioctl,613,msg cmd(0xc0047301) handle error!
2026-04-17T06:56:46.774519+0000 localhost systemd[1]: Started om_priv service.
2026-04-17T06:56:52.959251+0000 localhost kernel: 57,2026-04-17 06:56:52,2368,sol_reset,129,SOL-0 reset <0>.
2026-04-17T06:56:52.959773+0000 localhost kernel: 58,2026-04-17 06:56:52,2368,sol_set_reg_val,546,SOL[0] Set Rx-start 0x86000000, Rx-size 0x3, Tx-start 0x86200000, Tx-size 0x3.
2026-04-17T06:56:53.135059+0000 localhost kernel: 59,2026-04-17 06:56:53,2367,sol_reset,129,SOL-1 reset <0>.
2026-04-17T06:56:53.135470+0000 localhost kernel: 60,2026-04-17 06:56:53,2367,sol_set_reg_val,546,SOL[1] Set Rx-start 0x86400000, Rx-size 0x1, Tx-start 0x86480000, Tx-size 0x4.
2026-04-17T06:56:54.246214+0000 localhost kernel: [I2C-08-RT<-5|-5>] M<0x47|0x1|0x0|1|10> L<1|1|0> C<1|0|1> E<0x801|0x0|0x0|0x1> I<0x0|0x710|0x0>
2026-04-17T06:56:54.246638+0000 localhost kernel: 61,2026-04-17 06:56:54,2368,sol_reset,129,SOL-2 reset <0>.
2026-04-17T06:56:54.246901+0000 localhost kernel: 62,2026-04-17 06:56:54,2368,sol_set_reg_val,546,SOL[2] Set Rx-start 0x86880000, Rx-size 0x3, Tx-start 0x86a80000, Tx-size 0x1.
2026-04-17T06:56:54.302358+0000 localhost kernel: [I2C-08-RT<-5|-5>] M<0x21|0x1|0x0|1|10> L<1|1|0> C<1|0|1> E<0x801|0x0|0x0|0x1> I<0x0|0x710|0x0>
2026-04-17T06:56:54.733275+0000 localhost kernel: 63,2026-04-17 06:56:54,2369,sol_reset,129,SOL-3 reset <0>.
2026-04-17T06:56:54.733906+0000 localhost kernel: 64,2026-04-17 06:56:54,2369,sol_set_reg_val,546,SOL[3] Set Rx-start 0x86b00000, Rx-size 0x3, Tx-start 0x86d00000, Tx-size 0x2.
2026-04-17T06:56:56.417117+0000 localhost tpcm[2282]: g_error_free: assertion 'error != NULL' failed
2026-04-17T06:56:56.421162+0000 localhost tpcm[2282]: g_error_free: assertion 'error != NULL' failed
2026-04-17T06:56:56.622441+0000 localhost systemd[1]: Started om service.
2026-04-17T06:56:56.650419+0000 localhost systemd[1]: Started ibmc ssdp module.
2026-04-17T06:56:56.668666+0000 localhost systemd[1]: Starting interface service...
2026-04-17T06:56:56.949886+0000 localhost kernel: ext2 filesystem being remounted at /dev/shm/chroot/2899/opt/bmc/pram supports timestamps until 2038-01-19 (0x7fffffff)
2026-04-17T06:56:59.168440+0000 localhost kernel: FAT-fs (mmcblk0p5): Volume was not properly unmounted. Some data may be corrupt. Please run fsck.
2026-04-17T06:57:00.029684+0000 localhost kernel: device-mapper: ioctl: dmsetup[2941]: dm-0 (mmcblksp) is created successfully
2026-04-17T06:57:00.507424+0000 localhost kernel: device-mapper: ioctl: dmsetup[2956]: dm-0 (mmcblksp) is removed successfully
2026-04-17T06:57:00.789649+0000 localhost kernel: device-mapper: ioctl: dmsetup[2965]: dm-0 (mmcblksp) is created successfully
2026-04-17T06:57:01.221943+0000 localhost kernel: 65,2026-04-17 06:57:01,2730,mctp_reset,1477,reset mctp ok!
2026-04-17T06:57:01.224954+0000 localhost kernel: 66,2026-04-17 06:57:01,2730,mctp_dereset,1501,dereset mctp ok!
2026-04-17T06:57:11.845075+0000 2102315QMAN0RB100622 systemd[1]: Started interface service.
2026-04-17T06:57:11.845864+0000 2102315QMAN0RB100622 systemd[1]: Reached target Multi-User System.
2026-04-17T06:57:11.855794+0000 2102315QMAN0RB100622 systemd[1]: Starting Record Runlevel Change in UTMP...
2026-04-17T06:57:11.967138+0000 2102315QMAN0RB100622 systemd[1]: systemd-update-utmp-runlevel.service: Deactivated successfully.
2026-04-17T06:57:11.970997+0000 2102315QMAN0RB100622 systemd[1]: Finished Record Runlevel Change in UTMP.
2026-04-17T06:57:11.972356+0000 2102315QMAN0RB100622 systemd[1]: Startup finished in 2.391s (kernel) + 1min 26.580s (userspace) = 1min 28.972s.
2026-04-17T06:57:12.209748+0000 2102315QMAN0RB100622 kernel: IPv6: ADDRCONF(NETDEV_CHANGE): veth: link becomes ready
2026-04-17T06:57:16.379756+0000 2102315QMAN0RB100622 kernel: usbcore: registered new interface driver cdc_ether
2026-04-17T06:57:17.739991+0000 2102315QMAN0RB100622 kernel: usbcore: registered new interface driver rndis_host
2026-04-17T06:57:26.459717+0000 2102315QMAN0RB100622 kernel: [I2C-08-RT<-5|-5>] M<0x47|0x1|0x0|1|10> L<1|1|0> C<1|0|1> E<0x801|0x0|0x0|0x1> I<0x0|0x710|0x0>
2026-04-17T06:57:26.482650+0000 2102315QMAN0RB100622 kernel: [I2C-08-RT<-5|-5>] M<0x21|0x1|0x0|1|10> L<1|1|0> C<1|0|1> E<0x801|0x0|0x0|0x1> I<0x0|0x710|0x0>
2026-04-17T06:57:29.229719+0000 2102315QMAN0RB100622 kernel: usb device-0: command connect. function count 2 
2026-04-17T06:57:29.451339+0000 2102315QMAN0RB100622 kernel: usb device-0: attach driver 
2026-04-17T06:57:29.451705+0000 2102315QMAN0RB100622 kernel: usb device-0: gadget bind 
2026-04-17T06:57:29.452210+0000 2102315QMAN0RB100622 kernel: usb device-0: Bind speed 2.0 
2026-04-17T06:57:29.459678+0000 2102315QMAN0RB100622 kernel: usb device-0: gadget suspend 
2026-04-17T06:57:36.417020+0000 2102315QMAN0RB100622 secbox[2896]: (process:2896): GLib-CRITICAL **: 06:57:36.397: g_error_free: assertion 'error != NULL' failed
2026-04-17T06:57:38.230955+0000 2102315QMAN0RB100622 systemd[1]: Stopping Rsyslog Logging Service...
2026-04-17T06:57:38.268935+0000 2102315QMAN0RB100622 systemd[1]: rsyslog.service: Main process exited, code=killed, status=9/KILL
2026-04-17T06:57:38.274693+0000 2102315QMAN0RB100622 systemd[1]: rsyslog.service: Failed with result 'signal'.
2026-04-17T06:57:38.281261+0000 2102315QMAN0RB100622 systemd[1]: Stopped Rsyslog Logging Service.
2026-04-17T06:57:38.299780+0000 2102315QMAN0RB100622 systemd[1]: Starting Rsyslog Logging Service...
2026-04-17T06:57:38.525123+0000 2102315QMAN0RB100622 systemd[1]: Started Rsyslog Logging Service.
2026-04-17T06:57:41.342456+0000 2102315QMAN0RB100622 secbox[2896]: (process:2896): GLib-CRITICAL **: 06:57:41.341: g_error_free: assertion 'error != NULL' failed
2026-04-17T06:57:42.064773+0000 2102315QMAN0RB100622 kernel: 67,2026-04-17 06:57:42,3592,init_btc_mode,434,btc mode(2)
