\[root@davinci-mini ~\]# journalctl

Jan 01 00:00:06 davinci-mini kernel: Booting Linux on physical CPU 0x0000080000\>

Jan 01 00:00:06 davinci-mini kernel: Linux version 5.10.0 (root@iss-virtual-mac\>

Jan 01 00:00:06 davinci-mini kernel: Machine model: asic

Jan 01 00:00:06 davinci-mini kernel: earlycon: pl11 at MMIO32 0x00000000840c000\>

Jan 01 00:00:06 davinci-mini kernel: printk: bootconsole \[pl11\] enabled

Jan 01 00:00:06 davinci-mini kernel: efi: UEFI not found.

Jan 01 00:00:06 davinci-mini kernel: \[Firmware Bug\]: Kernel image misaligned at\>

Jan 01 00:00:06 davinci-mini kernel: OF: fdt: Reserved memory: failed to reserv\>

Jan 01 00:00:06 davinci-mini kernel: NUMA: NODE_DATA \[mem 0x13334822c0-0x133348\>

Jan 01 00:00:06 davinci-mini kernel: NUMA: NODE_DATA \[mem 0x8ba1fa2c0-0x8ba1fff\>

Jan 01 00:00:06 davinci-mini kernel: Zone ranges:

Jan 01 00:00:06 davinci-mini kernel: DMA \[mem 0x000000000b101000-0x00000\>

Jan 01 00:00:06 davinci-mini kernel: DMA32 empty

Jan 01 00:00:06 davinci-mini kernel: Normal \[mem 0x0000000100000000-0x00000\>

Jan 01 00:00:06 davinci-mini kernel: Movable zone start for each node

Jan 01 00:00:06 davinci-mini kernel: Early memory node ranges

Jan 01 00:00:06 davinci-mini kernel: node 0: \[mem 0x000000000b101000-0x0000\>

Jan 01 00:00:06 davinci-mini kernel: node 0: \[mem 0x0000000029501000-0x0000\>

Jan 01 00:00:06 davinci-mini kernel: node 0: \[mem 0x0000000031d00000-0x0000\>

Jan 01 00:00:06 davinci-mini kernel: node 2: \[mem 0x0000000880000000-0x0000\>

Jan 01 00:00:06 davinci-mini kernel: node 0: \[mem 0x00000008ba200000-0x0000\>

Jan 01 00:00:06 davinci-mini kernel: Initmem setup node 0 \[mem 0x000000000b1010\>

Jan 01 00:00:06 davinci-mini kernel: On node 0 totalpages: 11354895

Jan 01 00:00:06 davinci-mini kernel: DMA zone: 5013 pages used for memmap

Jan 01 00:00:06 davinci-mini kernel: DMA zone: 0 pages reserved

Jan 01 00:00:06 davinci-mini kernel: DMA zone: 320783 pages, LIFO batch:63

Jan 01 00:00:06 davinci-mini kernel: Normal zone: 172408 pages used for memmap

Jan 01 00:00:06 davinci-mini kernel: Normal zone: 11034112 pages, LIFO batch:\>

Jan 01 00:00:06 davinci-mini kernel: Initmem setup node 2 \[mem 0x00000008800000\>

Jan 01 00:00:06 davinci-mini kernel: On node 2 totalpages: 238080

Jan 01 00:00:06 davinci-mini kernel: Normal zone: 3720 pages used for memmap

Jan 01 00:00:06 davinci-mini kernel: Normal zone: 238080 pages, LIFO batch:63

Jan 01 00:00:06 davinci-mini kernel: On node 0, zone DMA: 256 pages in unavaila\>

Jan 01 00:00:06 davinci-mini kernel: cma: Reserved 256 MiB at 0x0000000070000000

Jan 01 00:00:06 davinci-mini kernel: Reserving 200MB of memory at 1592MB for cr\>

set mark: ...skipping...

Jan 01 00:00:06 davinci-mini kernel: DMA32 empty

Jan 01 00:00:06 davinci-mini kernel: Normal \[mem 0x0000000100000000-0x00000\>

Jan 01 00:00:06 davinci-mini kernel: Movable zone start for each node

Jan 01 00:00:06 davinci-mini kernel: Early memory node ranges

Jan 01 00:00:06 davinci-mini kernel: node 0: \[mem 0x000000000b101000-0x0000\>

Jan 01 00:00:06 davinci-mini kernel: node 0: \[mem 0x0000000029501000-0x0000\>

Jan 01 00:00:06 davinci-mini kernel: node 0: \[mem 0x0000000031d00000-0x0000\>

Jan 01 00:00:06 davinci-mini kernel: node 2: \[mem 0x0000000880000000-0x0000\>

Jan 01 00:00:06 davinci-mini kernel: node 0: \[mem 0x00000008ba200000-0x0000\>

Jan 01 00:00:06 davinci-mini kernel: Initmem setup node 0 \[mem 0x000000000b1010\>

Jan 01 00:00:06 davinci-mini kernel: On node 0 totalpages: 11354895

Jan 01 00:00:06 davinci-mini kernel: DMA zone: 5013 pages used for memmap

Jan 01 00:00:06 davinci-mini kernel: DMA zone: 0 pages reserved

Jan 01 00:00:06 davinci-mini kernel: DMA zone: 320783 pages, LIFO batch:63

Jan 01 00:00:06 davinci-mini kernel: Normal zone: 172408 pages used for memmap

Jan 01 00:00:06 davinci-mini kernel: Normal zone: 11034112 pages, LIFO batch:\>

Jan 01 00:00:06 davinci-mini kernel: Initmem setup node 2 \[mem 0x00000008800000\>

Jan 01 00:00:06 davinci-mini kernel: On node 2 totalpages: 238080

Jan 01 00:00:06 davinci-mini kernel: Normal zone: 3720 pages used for memmap

Jan 01 00:00:06 davinci-mini kernel: Normal zone: 238080 pages, LIFO batch:63

Jan 01 00:00:06 davinci-mini kernel: On node 0, zone DMA: 256 pages in unavaila\>

Jan 01 00:00:06 davinci-mini kernel: cma: Reserved 256 MiB at 0x0000000070000000

Jan 01 00:00:06 davinci-mini kernel: Reserving 200MB of memory at 1592MB for cr\>

Jan 01 00:00:06 davinci-mini kernel: psci: probing for conduit method from DT.

Jan 01 00:00:06 davinci-mini kernel: psci: PSCIv1.1 detected in firmware.

Jan 01 00:00:06 davinci-mini kernel: psci: Using standard PSCI v0.2 function IDs

Jan 01 00:00:06 davinci-mini kernel: psci: Trusted OS migration not required

Jan 01 00:00:06 davinci-mini kernel: psci: SMC Calling Convention v1.4

Jan 01 00:00:06 davinci-mini kernel: percpu: Embedded 35 pages/cpu s106456 r819\>

Jan 01 00:00:06 davinci-mini kernel: pcpu-alloc: s106456 r8192 d28712 u143360 a\>

Jan 01 00:00:06 davinci-mini kernel: pcpu-alloc: \[0\] 00 \[0\] 01 \[0\] 02 \[0\] 03 \[0\>

Jan 01 00:00:06 davinci-mini kernel: pcpu-alloc: \[0\] 08 \[0\] 09 \[0\] 10 \[0\] 11 \[0\>

Jan 01 00:00:06 davinci-mini kernel: Detected VIPT I-cache on CPU0

Jan 01 00:00:06 davinci-mini kernel: CPU features: detected: GIC system registe\>

Jan 01 00:00:06 davinci-mini kernel: CPU features: detected: Virtualization Hos\>

Jan 01 00:00:06 davinci-mini kernel: CPU features: kernel page table isolation \>

Jan 01 00:00:06 davinci-mini kernel: CPU features: detected: Kernel page table \>

Jan 01 00:00:06 davinci-mini kernel: CPU features: detected: Hardware dirty bit\>

Jan 01 00:00:06 davinci-mini kernel: CPU features: detected: Spectre-v4

Jan 01 00:00:06 davinci-mini kernel: CPU features: detected: IRQ priority maski\>

Jan 01 00:00:06 davinci-mini kernel: alternatives: patching kernel code

Jan 01 00:00:06 davinci-mini kernel: Fallback order for Node 0: 0 2

Jan 01 00:00:06 davinci-mini kernel: Fallback order for Node 2: 2 0

Jan 01 00:00:06 davinci-mini kernel: Built 2 zonelists, mobility grouping on. \>

Jan 01 00:00:06 davinci-mini kernel: Policy zone: Normal

Jan 01 00:00:06 davinci-mini kernel: Kernel command line: console=ttyAMA0,11520\>

Jan 01 00:00:06 davinci-mini kernel: HugeTLB: can optimize 7 vmemmap pages for \>

Jan 01 00:00:06 davinci-mini kernel: share pool: Ascend enable share pool featu\>

Jan 01 00:00:06 davinci-mini kernel: mem auto-init: stack:off, heap alloc:off, \>

Jan 01 00:00:06 davinci-mini kernel: software IO TLB: mapped \[mem 0x000000005f8\>

Jan 01 00:00:06 davinci-mini kernel: Memory: 44588452K/46371900K available (143\>

Jan 01 00:00:06 davinci-mini kernel: SLUB: HWalign=64, Order=0-3, MinObjects=0,\>

Jan 01 00:00:06 davinci-mini kernel: ftrace: allocating 44808 entries in 176 pa\>

Jan 01 00:00:06 davinci-mini kernel: ftrace: allocated 176 pages with 3 groups

Jan 01 00:00:06 davinci-mini kernel: rcu: Hierarchical RCU implementation.

Jan 01 00:00:06 davinci-mini kernel: rcu: RCU restricting CPUs from NR\_\>

Jan 01 00:00:06 davinci-mini kernel: Rude variant of Tasks RCU enabled.

Jan 01 00:00:06 davinci-mini kernel: Tracing variant of Tasks RCU enabl\>

Jan 01 00:00:06 davinci-mini kernel: rcu: RCU calculated value of scheduler-enl\>

Jan 01 00:00:06 davinci-mini kernel: rcu: Adjusting geometry for rcu_fanout_lea\>

Jan 01 00:00:06 davinci-mini kernel: NR_IRQS: 64, nr_irqs: 64, preallocated irq\>

Jan 01 00:00:06 davinci-mini kernel: GICv3: GIC: Using split EOI/Deactivate mode

Jan 01 00:00:06 davinci-mini kernel: GICv3: 640 SPIs implemented

Jan 01 00:00:06 davinci-mini kernel: GICv3: 0 Extended SPIs implemented

Jan 01 00:00:06 davinci-mini kernel: GICv3: Distributor has no Range Selector s\>

Jan 01 00:00:06 davinci-mini kernel: GICv3: 16 PPIs implemented

Jan 01 00:00:06 davinci-mini kernel: GICv3: GICv4 features: DirectLPI

Jan 01 00:00:06 davinci-mini kernel: GICv3: CPU0: found redistributor 80000 reg\>

Jan 01 00:00:06 davinci-mini kernel: GICv3: Pseudo-NMIs enabled using relaxed I\>

Jan 01 00:00:06 davinci-mini kernel: ITS \[mem 0x87000000-0x8703ffff\]

Jan 01 00:00:06 davinci-mini kernel: ITS@0x0000000087000000: Using ITS number 0

Jan 01 00:00:06 davinci-mini kernel: ITS@0x0000000087000000: allocated 65536 De\>

Jan 01 00:00:06 davinci-mini kernel: ITS@0x0000000087000000: allocated 65536 Vi\>

Jan 01 00:00:06 davinci-mini kernel: ITS@0x0000000087000000: allocated 256 Inte\>

Jan 01 00:00:06 davinci-mini kernel: GICv3: using LPI property table @0x0000000\>

Jan 01 00:00:06 davinci-mini kernel: ITS: Using DirectLPI for VPE invalidation

Jan 01 00:00:06 davinci-mini kernel: ITS: Enabling GICv4 support

Jan 01 00:00:06 davinci-mini kernel: GICv3: CPU0: using allocated LPI pending t\>

Jan 01 00:00:06 davinci-mini kernel: rcu: Offload RCU callbacks from CP\>

Jan 01 00:00:06 davinci-mini kernel: arch_timer: cp15 timer(s) running at 38.40\>

Jan 01 00:00:06 davinci-mini kernel: clocksource: arch_sys_counter: mask: 0xfff\>

Jan 01 00:00:06 davinci-mini kernel: sched_clock: 56 bits at 38MHz, resolution \>

Jan 01 00:00:06 davinci-mini kernel: Console: colour dummy device 80x25

Jan 01 00:00:06 davinci-mini kernel: mempolicy: Enabling automatic NUMA balanci\>

Jan 01 00:00:06 davinci-mini kernel: Calibrating delay loop (skipped), value ca\>

Jan 01 00:00:06 davinci-mini kernel: pid_max: default: 32768 minimum: 301

Jan 01 00:00:06 davinci-mini kernel: LSM: Security Framework initializing

Jan 01 00:00:06 davinci-mini kernel: Yama: becoming mindful.

Jan 01 00:00:06 davinci-mini kernel: AppArmor: AppArmor initialized

Jan 01 00:00:06 davinci-mini kernel: Dentry cache hash table entries: 8388608 (\>

Jan 01 00:00:06 davinci-mini kernel: Inode-cache hash table entries: 4194304 (o\>

Jan 01 00:00:06 davinci-mini kernel: Mount-cache hash table entries: 131072 (or\>

Jan 01 00:00:06 davinci-mini kernel: Mountpoint-cache hash table entries: 13107\>

Jan 01 00:00:06 davinci-mini kernel: rcu: Hierarchical SRCU implementation.

Jan 01 00:00:06 davinci-mini kernel: Platform MSI: interrupt-controller@8700000\>

Jan 01 00:00:06 davinci-mini kernel: PCI/MSI: /interrupt-controller@85000000/in\>

Jan 01 00:00:06 davinci-mini kernel: EFI services will not be available.

Jan 01 00:00:06 davinci-mini kernel: smp: Bringing up secondary CPUs ...

Jan 01 00:00:06 davinci-mini kernel: Detected VIPT I-cache on CPU1

Jan 01 00:00:06 davinci-mini kernel: GICv3: CPU1: found redistributor 80100 reg\>

Jan 01 00:00:06 davinci-mini kernel: GICv3: CPU1: using allocated LPI pending t\>

Jan 01 00:00:06 davinci-mini kernel: CPU1: Booted secondary processor 0x0000080\>

Jan 01 00:00:06 davinci-mini kernel: Detected VIPT I-cache on CPU2

Jan 01 00:00:06 davinci-mini kernel: GICv3: CPU2: found redistributor 80200 reg\>

Jan 01 00:00:06 davinci-mini kernel: GICv3: CPU2: using allocated LPI pending t\>

Jan 01 00:00:06 davinci-mini kernel: CPU2: Booted secondary processor 0x0000080\>

Jan 01 00:00:06 davinci-mini kernel: Detected VIPT I-cache on CPU3

Jan 01 00:00:06 davinci-mini kernel: GICv3: CPU3: found redistributor 80300 reg\>

Jan 01 00:00:06 davinci-mini kernel: GICv3: CPU3: using allocated LPI pending t\>

Jan 01 00:00:06 davinci-mini kernel: CPU3: Booted secondary processor 0x0000080\>

Jan 01 00:00:06 davinci-mini kernel: Detected VIPT I-cache on CPU4

Jan 01 00:00:06 davinci-mini kernel: GICv3: CPU4: found redistributor 90000 reg\>

Jan 01 00:00:06 davinci-mini kernel: GICv3: CPU4: using allocated LPI pending t\>

Jan 01 00:00:06 davinci-mini kernel: CPU4: Booted secondary processor 0x0000090\>

Jan 01 00:00:06 davinci-mini kernel: Detected VIPT I-cache on CPU5

Jan 01 00:00:06 davinci-mini kernel: GICv3: CPU5: found redistributor 90100 reg\>

Jan 01 00:00:06 davinci-mini kernel: GICv3: CPU5: using allocated LPI pending t\>

Jan 01 00:00:06 davinci-mini kernel: CPU5: Booted secondary processor 0x0000090\>

Jan 01 00:00:06 davinci-mini kernel: Detected VIPT I-cache on CPU6

Jan 01 00:00:06 davinci-mini kernel: GICv3: CPU6: found redistributor 90200 reg\>

Jan 01 00:00:06 davinci-mini kernel: GICv3: CPU6: using allocated LPI pending t\>

Jan 01 00:00:06 davinci-mini kernel: CPU6: Booted secondary processor 0x0000090\>

Jan 01 00:00:06 davinci-mini kernel: Detected VIPT I-cache on CPU7

Jan 01 00:00:06 davinci-mini kernel: GICv3: CPU7: found redistributor 90300 reg\>

Jan 01 00:00:06 davinci-mini kernel: GICv3: CPU7: using allocated LPI pending t\>

Jan 01 00:00:06 davinci-mini kernel: CPU7: Booted secondary processor 0x0000090\>

Jan 01 00:00:06 davinci-mini kernel: Detected VIPT I-cache on CPU8

Jan 01 00:00:06 davinci-mini kernel: GICv3: CPU8: found redistributor a0000 reg\>

Jan 01 00:00:06 davinci-mini kernel: GICv3: CPU8: using allocated LPI pending t\>

Jan 01 00:00:06 davinci-mini kernel: CPU8: Booted secondary processor 0x00000a0\>

Jan 01 00:00:06 davinci-mini kernel: Detected VIPT I-cache on CPU9

Jan 01 00:00:06 davinci-mini kernel: GICv3: CPU9: found redistributor a0100 reg\>

Jan 01 00:00:06 davinci-mini kernel: GICv3: CPU9: using allocated LPI pending t\>

Jan 01 00:00:06 davinci-mini kernel: CPU9: Booted secondary processor 0x00000a0\>

Jan 01 00:00:06 davinci-mini kernel: Detected VIPT I-cache on CPU10

Jan 01 00:00:06 davinci-mini kernel: GICv3: CPU10: found redistributor a0200 re\>

Jan 01 00:00:06 davinci-mini kernel: GICv3: CPU10: using allocated LPI pending \>

Jan 01 00:00:06 davinci-mini kernel: CPU10: Booted secondary processor 0x00000a\>

Jan 01 00:00:06 davinci-mini kernel: Detected VIPT I-cache on CPU11

Jan 01 00:00:06 davinci-mini kernel: GICv3: CPU11: found redistributor a0300 re\>

Jan 01 00:00:06 davinci-mini kernel: GICv3: CPU11: using allocated LPI pending \>

Jan 01 00:00:06 davinci-mini kernel: CPU11: Booted secondary processor 0x00000a\>

Jan 01 00:00:06 davinci-mini kernel: Detected VIPT I-cache on CPU12

Jan 01 00:00:06 davinci-mini kernel: GICv3: CPU12: found redistributor b0000 re\>

Jan 01 00:00:06 davinci-mini kernel: GICv3: CPU12: using allocated LPI pending \>

Jan 01 00:00:06 davinci-mini kernel: CPU12: Booted secondary processor 0x00000b\>

Jan 01 00:00:06 davinci-mini kernel: Detected VIPT I-cache on CPU13

Jan 01 00:00:06 davinci-mini kernel: GICv3: CPU13: found redistributor b0100 re\>

Jan 01 00:00:06 davinci-mini kernel: GICv3: CPU13: using allocated LPI pending \>

Jan 01 00:00:06 davinci-mini kernel: CPU13: Booted secondary processor 0x00000b\>

Jan 01 00:00:06 davinci-mini kernel: Detected VIPT I-cache on CPU14

Jan 01 00:00:06 davinci-mini kernel: GICv3: CPU14: found redistributor b0200 re\>

Jan 01 00:00:06 davinci-mini kernel: GICv3: CPU14: using allocated LPI pending \>

Jan 01 00:00:06 davinci-mini kernel: CPU14: Booted secondary processor 0x00000b\>

Jan 01 00:00:06 davinci-mini kernel: Detected VIPT I-cache on CPU15

Jan 01 00:00:06 davinci-mini kernel: GICv3: CPU15: found redistributor b0300 re\>

Jan 01 00:00:06 davinci-mini kernel: GICv3: CPU15: using allocated LPI pending \>

Jan 01 00:00:06 davinci-mini kernel: CPU15: Booted secondary processor 0x00000b\>

Jan 01 00:00:06 davinci-mini kernel: smp: Brought up 2 nodes, 16 CPUs

Jan 01 00:00:06 davinci-mini kernel: SMP: Total of 16 processors activated.

Jan 01 00:00:06 davinci-mini kernel: CPU features: detected: Privileged Access \>

Jan 01 00:00:06 davinci-mini kernel: CPU features: detected: LSE atomic instruc\>

Jan 01 00:00:06 davinci-mini kernel: CPU features: detected: Common not Private\>

Jan 01 00:00:06 davinci-mini kernel: CPU features: detected: Data cache clean t\>

Jan 01 00:00:06 davinci-mini kernel: CPU features: detected: Scalable Vector Ex\>

Jan 01 00:00:06 davinci-mini kernel: CPU features: detected: RAS Extension Supp\>

Jan 01 00:00:06 davinci-mini kernel: CPU features: detected: Data cache clean t\>

Jan 01 00:00:06 davinci-mini kernel: CPU features: detected: CRC32 instructions

Jan 01 00:00:06 davinci-mini kernel: CPU features: detected: Speculative Store \>

Jan 01 00:00:06 davinci-mini kernel: CPU features: detected: Speculation barrie\>

Jan 01 00:00:06 davinci-mini kernel: CPU features: detected: ARM64 MPAM Extensi\>

Jan 01 00:00:06 davinci-mini kernel: CPU features: detected: Taishan IDC cohere\>

Jan 01 00:00:06 davinci-mini kernel: SVE: maximum available vector length 32 by\>

Jan 01 00:00:06 davinci-mini kernel: SVE: default vector length 32 bytes per ve\>

Jan 01 00:00:06 davinci-mini kernel: CPU: All CPU(s) started at EL2

Jan 01 00:00:06 davinci-mini kernel: devtmpfs: initialized

Jan 01 00:00:06 davinci-mini kernel: KASLR disabled due to lack of seed

Jan 01 00:00:06 davinci-mini kernel: clocksource: jiffies: mask: 0xffffffff max\>

Jan 01 00:00:06 davinci-mini kernel: futex hash table entries: 4096 (order: 6, \>

Jan 01 00:00:06 davinci-mini kernel: pinctrl core: initialized pinctrl subsystem

Jan 01 00:00:06 davinci-mini kernel: DMI not present or invalid.

Jan 01 00:00:06 davinci-mini kernel: NET: Registered protocol family 16

Jan 01 00:00:06 davinci-mini kernel: DMA: preallocated 4096 KiB GFP_KERNEL pool\>

Jan 01 00:00:06 davinci-mini kernel: DMA: preallocated 4096 KiB GFP_KERNEL\|GFP\_\>

Jan 01 00:00:06 davinci-mini kernel: DMA: preallocated 4096 KiB GFP_KERNEL\|GFP\_\>

Jan 01 00:00:06 davinci-mini kernel: audit: initializing netlink subsys (disabl\>

Jan 01 00:00:06 davinci-mini kernel: audit: type=2000 audit(0.600:1): state=ini\>

Jan 01 00:00:06 davinci-mini kernel: thermal_sys: Registered thermal governor '\>

Jan 01 00:00:06 davinci-mini kernel: thermal_sys: Registered thermal governor '\>

Jan 01 00:00:06 davinci-mini kernel: thermal_sys: Registered thermal governor '\>

Jan 01 00:00:06 davinci-mini kernel: cpuidle: using governor menu

Jan 01 00:00:06 davinci-mini kernel: hw-breakpoint: found 6 breakpoint and 4 wa\>

Jan 01 00:00:06 davinci-mini kernel: ASID allocator initialised with 32768 entr\>

Jan 01 00:00:06 davinci-mini kernel: HugeTLB: can optimize 4095 vmemmap pages f\>

Jan 01 00:00:06 davinci-mini kernel: HugeTLB: can optimize 127 vmemmap pages fo\>

Jan 01 00:00:06 davinci-mini kernel: HugeTLB: can optimize 0 vmemmap pages for \>

Jan 01 00:00:06 davinci-mini kernel: Serial: AMBA PL011 UART driver

Jan 01 00:00:06 davinci-mini kernel: 840c0000.uart: ttyAMA0 at MMIO 0x840c0000 \>

Jan 01 00:00:06 davinci-mini kernel: printk: console \[ttyAMA0\] enabled

Jan 01 00:00:06 davinci-mini kernel: printk: bootconsole \[pl11\] disabled

Jan 01 00:00:06 davinci-mini kernel: HugeTLB registered 2.00 MiB page size, pre\>

Jan 01 00:00:06 davinci-mini kernel: HugeTLB registered 1.00 GiB page size, pre\>

Jan 01 00:00:06 davinci-mini kernel: HugeTLB registered 32.0 MiB page size, pre\>

Jan 01 00:00:06 davinci-mini kernel: HugeTLB registered 64.0 KiB page size, pre\>

Jan 01 00:00:06 davinci-mini kernel: ACPI: Interpreter disabled.

Jan 01 00:00:06 davinci-mini kernel: iommu: Default domain type: Translated

Jan 01 00:00:06 davinci-mini kernel: vgaarb: loaded

Jan 01 00:00:06 davinci-mini kernel: SCSI subsystem initialized

Jan 01 00:00:06 davinci-mini kernel: libata version 3.00 loaded.

Jan 01 00:00:06 davinci-mini kernel: usbcore: registered new interface driver u\>

Jan 01 00:00:06 davinci-mini kernel: usbcore: registered new interface driver h\>

Jan 01 00:00:06 davinci-mini kernel: usbcore: registered new device driver usb

Jan 01 00:00:06 davinci-mini kernel: pps_core: LinuxPPS API ver. 1 registered

Jan 01 00:00:06 davinci-mini kernel: pps_core: Software ver. 5.3.6 - Copyright \>

Jan 01 00:00:06 davinci-mini kernel: PTP clock support registered

Jan 01 00:00:06 davinci-mini kernel: EDAC MC: Ver: 3.0.0

Jan 01 00:00:06 davinci-mini kernel: NetLabel: Initializing

Jan 01 00:00:06 davinci-mini kernel: NetLabel: domain hash size = 128

Jan 01 00:00:06 davinci-mini kernel: NetLabel: protocols = UNLABELED CIPSOv4 C\>

Jan 01 00:00:06 davinci-mini kernel: NetLabel: unlabeled traffic allowed by de\>

Jan 01 00:00:06 davinci-mini kernel: clocksource: Switched to clocksource arch\_\>

Jan 01 00:00:06 davinci-mini kernel: VFS: Disk quotas dquot_6.6.0

Jan 01 00:00:06 davinci-mini kernel: VFS: Dquot-cache hash table entries: 512 (\>

Jan 01 00:00:06 davinci-mini kernel: AppArmor: AppArmor Filesystem Enabled

Jan 01 00:00:06 davinci-mini kernel: pnp: PnP ACPI: disabled

Jan 01 00:00:06 davinci-mini kernel: NET: Registered protocol family 2

Jan 01 00:00:06 davinci-mini kernel: IP idents hash table entries: 262144 (orde\>

Jan 01 00:00:06 davinci-mini kernel: tcp_listen_portaddr_hash hash table entrie\>

Jan 01 00:00:06 davinci-mini kernel: TCP established hash table entries: 524288\>

Jan 01 00:00:06 davinci-mini kernel: TCP bind hash table entries: 65536 (order:\>

Jan 01 00:00:06 davinci-mini kernel: TCP: Hash tables configured (established 5\>

Jan 01 00:00:06 davinci-mini kernel: UDP hash table entries: 32768 (order: 8, 1\>

Jan 01 00:00:06 davinci-mini kernel: UDP-Lite hash table entries: 32768 (order:\>

Jan 01 00:00:06 davinci-mini kernel: NET: Registered protocol family 1

Jan 01 00:00:06 davinci-mini kernel: PCI: CLS 0 bytes, default 64

Jan 01 00:00:06 davinci-mini kernel: Trying to unpack rootfs image as initramfs\>

Jan 01 00:00:06 davinci-mini kernel: Initramfs unpacking failed: invalid magic \>

Jan 01 00:00:06 davinci-mini kernel: Freeing initrd memory: 460796K

Jan 01 00:00:06 davinci-mini kernel: hw perfevents: enabled with armv8_pmuv3 PM\>

Jan 01 00:00:06 davinci-mini kernel: kvm \[1\]: detected: Hisi CPU type 'Unknown'

Jan 01 00:00:06 davinci-mini kernel: kvm \[1\]: KVM ncsnp disabled

Jan 01 00:00:06 davinci-mini kernel: kvm \[1\]: KVM dvmbm disabled

Jan 01 00:00:06 davinci-mini kernel: kvm \[1\]: IPA Size Limit: 48 bits

Jan 01 00:00:06 davinci-mini kernel: kvm \[1\]: GICv4 support disabled

Jan 01 00:00:06 davinci-mini kernel: kvm \[1\]: GICv3: no GICV resource entry

Jan 01 00:00:06 davinci-mini kernel: kvm \[1\]: disabling GICv2 emulation

Jan 01 00:00:06 davinci-mini kernel: kvm \[1\]: GIC system register CPU interface\>

Jan 01 00:00:06 davinci-mini kernel: kvm \[1\]: vgic interrupt IRQ9

Jan 01 00:00:06 davinci-mini kernel: kvm \[1\]: VHE mode initialized successfully

Jan 01 00:00:06 davinci-mini kernel: kvm \[1\]: Shadow device disabled

Jan 01 00:00:06 davinci-mini kernel: Initialise system trusted keyrings

Jan 01 00:00:06 davinci-mini kernel: Key type blacklist registered

Jan 01 00:00:06 davinci-mini kernel: workingset: timestamp_bits=39 max_order=24\>

Jan 01 00:00:06 davinci-mini kernel: zbud: loaded

Jan 01 00:00:06 davinci-mini kernel: integrity: Platform Keyring initialized

Jan 01 00:00:06 davinci-mini kernel: NET: Registered protocol family 38

Jan 01 00:00:06 davinci-mini kernel: Key type asymmetric registered

Jan 01 00:00:06 davinci-mini kernel: Asymmetric key parser 'x509' registered

Jan 01 00:00:06 davinci-mini kernel: Asymmetric key parser 'pgp' registered

Jan 01 00:00:06 davinci-mini kernel: Block layer SCSI generic (bsg) driver vers\>

Jan 01 00:00:06 davinci-mini kernel: io scheduler mq-deadline registered

Jan 01 00:00:06 davinci-mini kernel: io scheduler kyber registered

Jan 01 00:00:06 davinci-mini kernel: io scheduler bfq registered

Jan 01 00:00:06 davinci-mini kernel: pinctrl-single a4560000.pinmux: 67 pins, s\>

Jan 01 00:00:06 davinci-mini kernel: pinctrl-single 8b160000.pinmux: 14 pins, s\>

Jan 01 00:00:06 davinci-mini kernel: pinctrl-single 84020000.pinmux: 78 pins, s\>

Jan 01 00:00:06 davinci-mini kernel: pinctrl-single fa6e0000.pinmux: 32 pins, s\>

Jan 01 00:00:06 davinci-mini kernel: pinctrl-single a80e0000.pinmux: 8 pins, si\>

Jan 01 00:00:06 davinci-mini kernel: pinctrl-single a4560800.pinmux: 68 pins, s\>

Jan 01 00:00:06 davinci-mini kernel: pinctrl-single 8b160800.pinmux: 14 pins, s\>

Jan 01 00:00:06 davinci-mini kernel: pinctrl-single 84020800.pinmux: 80 pins, s\>

Jan 01 00:00:06 davinci-mini kernel: pinctrl-single fa6e0800.pinmux: 32 pins, s\>

Jan 01 00:00:06 davinci-mini kernel: pinctrl-single a80e0800.pinmux: 8 pins, si\>

Jan 01 00:00:06 davinci-mini kernel: shpchp: Standard Hot Plug PCI Controller D\>

Jan 01 00:00:06 davinci-mini kernel: pci-host-generic d0000000.pcie: host bridg\>

Jan 01 00:00:06 davinci-mini kernel: pci-host-generic d0000000.pcie: MEM 0\>

Jan 01 00:00:06 davinci-mini kernel: pci-host-generic d0000000.pcie: IO 0\>

Jan 01 00:00:06 davinci-mini kernel: pci-host-generic d0000000.pcie: MEM 0\>

Jan 01 00:00:06 davinci-mini kernel: pci-host-generic d0000000.pcie: ECAM at \[m\>

Jan 01 00:00:06 davinci-mini kernel: pci-host-generic d0000000.pcie: PCI host b\>

Jan 01 00:00:06 davinci-mini kernel: pci_bus 0000:00: Unknown NUMA node; perfor\>

Jan 01 00:00:06 davinci-mini kernel: pci_bus 0000:00: root bus resource \[bus 00\>

Jan 01 00:00:06 davinci-mini kernel: pci_bus 0000:00: root bus resource \[mem 0x\>

Jan 01 00:00:06 davinci-mini kernel: pci_bus 0000:00: root bus resource \[io 0x\>

Jan 01 00:00:06 davinci-mini kernel: pci_bus 0000:00: root bus resource \[mem 0x\>

Jan 01 00:00:06 davinci-mini kernel: pci 0000:00:08.0: \[19e5:a120\] type 01 clas\>

Jan 01 00:00:06 davinci-mini kernel: pci 0000:00:08.0: PME# supported from D0 D\>

Jan 01 00:00:06 davinci-mini kernel: pci 0000:00:0a.0: \[19e5:a120\] type 01 clas\>

Jan 01 00:00:06 davinci-mini kernel: pci 0000:00:0a.0: PME# supported from D0 D\>

Jan 01 00:00:06 davinci-mini kernel: pci_bus 0000:01: busn_res: \[bus 01-3f\] end\>

Jan 01 00:00:06 davinci-mini kernel: pci 0000:02:00.0: \[1b21:2812\] type 01 clas\>

Jan 01 00:00:06 davinci-mini kernel: pci 0000:02:00.0: enabling Extended Tags

Jan 01 00:00:06 davinci-mini kernel: pci 0000:02:00.0: PME# supported from D0 D\>

Jan 01 00:00:06 davinci-mini kernel: pci 0000:03:00.0: \[1b21:2812\] type 01 clas\>

Jan 01 00:00:06 davinci-mini kernel: pci 0000:03:00.0: enabling Extended Tags

Jan 01 00:00:06 davinci-mini kernel: pci 0000:03:00.0: PME# supported from D0 D\>

Jan 01 00:00:06 davinci-mini kernel: pci 0000:03:02.0: \[1b21:2812\] type 01 clas\>

Jan 01 00:00:06 davinci-mini kernel: pci 0000:03:02.0: enabling Extended Tags

Jan 01 00:00:06 davinci-mini kernel: pci 0000:03:02.0: PME# supported from D0 D\>

Jan 01 00:00:06 davinci-mini kernel: pci 0000:03:03.0: \[1b21:2812\] type 01 clas\>

Jan 01 00:00:06 davinci-mini kernel: pci 0000:03:03.0: enabling Extended Tags

Jan 01 00:00:06 davinci-mini kernel: pci 0000:03:03.0: PME# supported from D0 D\>

Jan 01 00:00:06 davinci-mini kernel: pci 0000:03:08.0: \[1b21:2812\] type 01 clas\>

Jan 01 00:00:06 davinci-mini kernel: pci 0000:03:08.0: enabling Extended Tags

Jan 01 00:00:06 davinci-mini kernel: pci 0000:03:08.0: PME# supported from D0 D\>

Jan 01 00:00:06 davinci-mini kernel: pci 0000:03:0a.0: \[1b21:2812\] type 01 clas\>

Jan 01 00:00:06 davinci-mini kernel: pci 0000:03:0a.0: enabling Extended Tags

Jan 01 00:00:06 davinci-mini kernel: pci 0000:03:0a.0: PME# supported from D0 D\>

Jan 01 00:00:06 davinci-mini kernel: pci 0000:03:0b.0: \[1b21:2812\] type 01 clas\>

Jan 01 00:00:06 davinci-mini kernel: pci 0000:03:0b.0: enabling Extended Tags

Jan 01 00:00:06 davinci-mini kernel: pci 0000:03:0b.0: PME# supported from D0 D\>

Jan 01 00:00:06 davinci-mini kernel: pci 0000:04:00.0: \[1b21:2142\] type 00 clas\>

Jan 01 00:00:06 davinci-mini kernel: pci 0000:04:00.0: reg 0x10: \[mem 0x0000000\>

Jan 01 00:00:06 davinci-mini kernel: pci 0000:04:00.0: enabling Extended Tags

Jan 01 00:00:06 davinci-mini kernel: pci 0000:04:00.0: PME# supported from D0 D\>

Jan 01 00:00:06 davinci-mini kernel: pci_bus 0000:04: busn_res: \[bus 04-3f\] end\>

Jan 01 00:00:06 davinci-mini kernel: pci_bus 0000:05: busn_res: \[bus 05-3f\] end\>

Jan 01 00:00:06 davinci-mini kernel: pci_bus 0000:06: busn_res: \[bus 06-3f\] end\>

Jan 01 00:00:06 davinci-mini kernel: pci 0000:07:00.0: \[1b21:2142\] type 00 clas\>

Jan 01 00:00:06 davinci-mini kernel: pci 0000:07:00.0: reg 0x10: \[mem 0x0000000\>

Jan 01 00:00:06 davinci-mini kernel: pci 0000:07:00.0: enabling Extended Tags

Jan 01 00:00:06 davinci-mini kernel: pci 0000:07:00.0: PME# supported from D0 D\>

Jan 01 00:00:06 davinci-mini kernel: pci_bus 0000:07: busn_res: \[bus 07-3f\] end\>

Jan 01 00:00:06 davinci-mini kernel: pci_bus 0000:08: busn_res: \[bus 08-3f\] end\>

Jan 01 00:00:06 davinci-mini kernel: pci 0000:09:00.0: \[10ec:c822\] type 00 clas\>

Jan 01 00:00:06 davinci-mini kernel: pci 0000:09:00.0: reg 0x10: \[io 0xffffff0\>

Jan 01 00:00:06 davinci-mini kernel: pci 0000:09:00.0: reg 0x18: \[mem 0xfffffff\>

Jan 01 00:00:06 davinci-mini kernel: pci 0000:09:00.0: supports D1 D2

Jan 01 00:00:06 davinci-mini kernel: pci 0000:09:00.0: PME# supported from D0 D\>

Jan 01 00:00:06 davinci-mini kernel: pci_bus 0000:09: busn_res: \[bus 09-3f\] end\>

Jan 01 00:00:06 davinci-mini kernel: pci_bus 0000:03: busn_res: \[bus 03-3f\] end\>

Jan 01 00:00:06 davinci-mini kernel: pci_bus 0000:02: busn_res: \[bus 02-3f\] end\>

Jan 01 00:00:06 davinci-mini kernel: pci 0000:00:08.0: BAR 14: assigned \[mem 0x\>

Jan 01 00:00:06 davinci-mini kernel: pci 0000:00:08.0: BAR 15: assigned \[mem 0x\>

Jan 01 00:00:06 davinci-mini kernel: pci 0000:00:0a.0: BAR 14: assigned \[mem 0x\>

Jan 01 00:00:06 davinci-mini kernel: pci 0000:00:0a.0: BAR 15: assigned \[mem 0x\>

Jan 01 00:00:06 davinci-mini kernel: pci 0000:00:08.0: BAR 13: assigned \[io 0x\>

Jan 01 00:00:06 davinci-mini kernel: pci 0000:00:0a.0: BAR 13: assigned \[io 0x\>

Jan 01 00:00:06 davinci-mini kernel: pci 0000:00:08.0: PCI bridge to \[bus 01\]

Jan 01 00:00:06 davinci-mini kernel: pci 0000:00:08.0: bridge window \[io 0x1\>

Jan 01 00:00:06 davinci-mini kernel: pci 0000:00:08.0: bridge window \[mem 0xe\>

Jan 01 00:00:06 davinci-mini kernel: pci 0000:00:08.0: bridge window \[mem 0x4\>

Jan 01 00:00:06 davinci-mini kernel: pci 0000:02:00.0: BAR 14: assigned \[mem 0x\>

Jan 01 00:00:06 davinci-mini kernel: pci 0000:02:00.0: BAR 13: assigned \[io 0x\>

Jan 01 00:00:06 davinci-mini kernel: pci 0000:03:00.0: BAR 14: assigned \[mem 0x\>

Jan 01 00:00:06 davinci-mini kernel: pci 0000:03:08.0: BAR 14: assigned \[mem 0x\>

Jan 01 00:00:06 davinci-mini kernel: pci 0000:03:0b.0: BAR 14: assigned \[mem 0x\>

Jan 01 00:00:06 davinci-mini kernel: pci 0000:03:0b.0: BAR 13: assigned \[io 0x\>

Jan 01 00:00:06 davinci-mini kernel: pci 0000:04:00.0: BAR 0: assigned \[mem 0xe\>

Jan 01 00:00:06 davinci-mini kernel: pci 0000:03:00.0: PCI bridge to \[bus 04\]

Jan 01 00:00:06 davinci-mini kernel: pci 0000:03:00.0: bridge window \[mem 0xe\>

Jan 01 00:00:06 davinci-mini kernel: pci 0000:03:02.0: PCI bridge to \[bus 05\]

Jan 01 00:00:06 davinci-mini kernel: pci 0000:03:03.0: PCI bridge to \[bus 06\]

Jan 01 00:00:06 davinci-mini kernel: pci 0000:07:00.0: BAR 0: assigned \[mem 0xe\>

Jan 01 00:00:06 davinci-mini kernel: pci 0000:03:08.0: PCI bridge to \[bus 07\]

Jan 01 00:00:06 davinci-mini kernel: pci 0000:03:08.0: bridge window \[mem 0xe\>

Jan 01 00:00:06 davinci-mini kernel: pci 0000:03:0a.0: PCI bridge to \[bus 08\]

Jan 01 00:00:06 davinci-mini kernel: pci 0000:09:00.0: BAR 2: assigned \[mem 0xe\>

Jan 01 00:00:06 davinci-mini kernel: pci 0000:09:00.0: BAR 0: assigned \[io 0x2\>

Jan 01 00:00:06 davinci-mini kernel: pci 0000:03:0b.0: PCI bridge to \[bus 09\]

Jan 01 00:00:06 davinci-mini kernel: pci 0000:03:0b.0: bridge window \[io 0x2\>

Jan 01 00:00:06 davinci-mini kernel: pci 0000:03:0b.0: bridge window \[mem 0xe\>

Jan 01 00:00:06 davinci-mini kernel: pci 0000:02:00.0: PCI bridge to \[bus 03-09\]

Jan 01 00:00:06 davinci-mini kernel: pci 0000:02:00.0: bridge window \[io 0x2\>

Jan 01 00:00:06 davinci-mini kernel: pci 0000:02:00.0: bridge window \[mem 0xe\>

Jan 01 00:00:06 davinci-mini kernel: pci 0000:00:0a.0: PCI bridge to \[bus 02-09\]

Jan 01 00:00:06 davinci-mini kernel: pci 0000:00:0a.0: bridge window \[io 0x2\>

Jan 01 00:00:06 davinci-mini kernel: pci 0000:00:0a.0: bridge window \[mem 0xe\>

Jan 01 00:00:06 davinci-mini kernel: pci 0000:00:0a.0: bridge window \[mem 0x4\>

Jan 01 00:00:06 davinci-mini kernel: pcieport 0000:00:08.0: enabling device (00\>

Jan 01 00:00:06 davinci-mini kernel: pcieport 0000:00:08.0: PME: Signaling with\>

Jan 01 00:00:06 davinci-mini kernel: pcieport 0000:00:08.0: AER: enabled with I\>

Jan 01 00:00:06 davinci-mini kernel: pcieport 0000:00:08.0: pciehp: Slot \#0 Att\>

Jan 01 00:00:06 davinci-mini kernel: pcieport 0000:00:08.0: DPC: enabled with I\>

Jan 01 00:00:06 davinci-mini kernel: pcieport 0000:00:08.0: DPC: error containm\>

Jan 01 00:00:06 davinci-mini kernel: pcieport 0000:00:0a.0: of_irq_parse_pci: f\>

Jan 01 00:00:06 davinci-mini kernel: pcieport 0000:00:0a.0: enabling device (00\>

Jan 01 00:00:06 davinci-mini kernel: pcieport 0000:00:0a.0: PME: Signaling with\>

Jan 01 00:00:06 davinci-mini kernel: pcieport 0000:00:0a.0: AER: enabled with I\>

Jan 01 00:00:06 davinci-mini kernel: pcieport 0000:00:0a.0: pciehp: Slot \#0 Att\>

Jan 01 00:00:06 davinci-mini kernel: pcieport 0000:00:0a.0: DPC: enabled with I\>

Jan 01 00:00:06 davinci-mini kernel: pcieport 0000:00:0a.0: DPC: error containm\>

Jan 01 00:00:06 davinci-mini kernel: pcieport 0000:00:0a.0: of_irq_parse_pci: f\>

Jan 01 00:00:06 davinci-mini kernel: pcieport 0000:02:00.0: enabling device (00\>

Jan 01 00:00:06 davinci-mini kernel: pcieport 0000:00:0a.0: of_irq_parse_pci: f\>

Jan 01 00:00:06 davinci-mini kernel: pcieport 0000:03:00.0: enabling device (00\>

Jan 01 00:00:06 davinci-mini kernel: pcieport 0000:00:0a.0: of_irq_parse_pci: f\>

Jan 01 00:00:06 davinci-mini kernel: pcieport 0000:00:0a.0: of_irq_parse_pci: f\>

Jan 01 00:00:06 davinci-mini kernel: pcieport 0000:00:0a.0: of_irq_parse_pci: f\>

Jan 01 00:00:06 davinci-mini kernel: pcieport 0000:03:08.0: enabling device (00\>

Jan 01 00:00:06 davinci-mini kernel: pcieport 0000:00:0a.0: of_irq_parse_pci: f\>

Jan 01 00:00:06 davinci-mini kernel: pcieport 0000:00:0a.0: of_irq_parse_pci: f\>

Jan 01 00:00:06 davinci-mini kernel: pcieport 0000:03:0b.0: enabling device (00\>

Jan 01 00:00:06 davinci-mini kernel: pci 0000:04:00.0: PME# does not work under\>

Jan 01 00:00:06 davinci-mini kernel: pci 0000:04:00.0: enabling device (0000 -\>\>

Jan 01 00:00:06 davinci-mini kernel: pci 0000:07:00.0: PME# does not work under\>

Jan 01 00:00:06 davinci-mini kernel: pci 0000:07:00.0: enabling device (0000 -\>\>

Jan 01 00:00:06 davinci-mini kernel: pci-host-generic d7a00000.pcie: host bridg\>

Jan 01 00:00:06 davinci-mini kernel: pci-host-generic d7a00000.pcie: MEM 0\>

Jan 01 00:00:06 davinci-mini kernel: pci-host-generic d7a00000.pcie: ECAM at \[m\>

Jan 01 00:00:06 davinci-mini kernel: pci-host-generic d7a00000.pcie: PCI host b\>

Jan 01 00:00:06 davinci-mini kernel: pci_bus 0001:7a: Unknown NUMA node; perfor\>

Jan 01 00:00:06 davinci-mini kernel: pci_bus 0001:7a: root bus resource \[bus 7a\]

Jan 01 00:00:06 davinci-mini kernel: pci_bus 0001:7a: root bus resource \[mem 0x\>

Jan 01 00:00:06 davinci-mini kernel: pci 0001:7a:00.0: \[19e5:a235\] type 00 clas\>

Jan 01 00:00:06 davinci-mini kernel: pci 0001:7a:00.0: reg 0x24: \[mem 0x0000000\>

Jan 01 00:00:06 davinci-mini kernel: pci 0001:7a:00.0: BAR 5: assigned \[mem 0xa\>

Jan 01 00:00:06 davinci-mini kernel: Serial: 8250/16550 driver, 4 ports, IRQ sh\>

Jan 01 00:00:06 davinci-mini kernel: arm-smmu-v3 88000000.smmu_hac: option hisi\>

Jan 01 00:00:06 davinci-mini kernel: arm-smmu-v3 88000000.smmu_hac: ias 48-bit,\>

Jan 01 00:00:06 davinci-mini kernel: arm-smmu-v3 88000000.smmu_hac: allocated 6\>

Jan 01 00:00:06 davinci-mini kernel: arm-smmu-v3 88000000.smmu_hac: allocated 3\>

Jan 01 00:00:06 davinci-mini kernel: arm-smmu-v3 a4000000.peri_smmu: option his\>

Jan 01 00:00:06 davinci-mini kernel: arm-smmu-v3 a4000000.peri_smmu: ias 48-bit\>

Jan 01 00:00:06 davinci-mini kernel: arm-smmu-v3 a4000000.peri_smmu: allocated \>

Jan 01 00:00:06 davinci-mini kernel: arm-smmu-v3 a4000000.peri_smmu: allocated \>

Jan 01 00:00:06 davinci-mini kernel: arm-smmu-v3 c8000000.dvpp0_smmu0: option h\>

Jan 01 00:00:06 davinci-mini kernel: arm-smmu-v3 c8000000.dvpp0_smmu0: ias 48-b\>

Jan 01 00:00:06 davinci-mini kernel: arm-smmu-v3 c8000000.dvpp0_smmu0: allocate\>

Jan 01 00:00:06 davinci-mini kernel: arm-smmu-v3 c8000000.dvpp0_smmu0: allocate\>

Jan 01 00:00:06 davinci-mini kernel: arm-smmu-v3 c8800000.dvpp0_smmu1: option h\>

Jan 01 00:00:06 davinci-mini kernel: arm-smmu-v3 c8800000.dvpp0_smmu1: ias 48-b\>

Jan 01 00:00:06 davinci-mini kernel: arm-smmu-v3 c8800000.dvpp0_smmu1: allocate\>

Jan 01 00:00:06 davinci-mini kernel: arm-smmu-v3 c8800000.dvpp0_smmu1: allocate\>

Jan 01 00:00:06 davinci-mini kernel: arm-smmu-v3 c9000000.dvpp1_smmu0: option h\>

Jan 01 00:00:06 davinci-mini kernel: arm-smmu-v3 c9000000.dvpp1_smmu0: ias 48-b\>

Jan 01 00:00:06 davinci-mini kernel: arm-smmu-v3 c9000000.dvpp1_smmu0: allocate\>

Jan 01 00:00:06 davinci-mini kernel: arm-smmu-v3 c9000000.dvpp1_smmu0: allocate\>

Jan 01 00:00:06 davinci-mini kernel: arm-smmu-v3 c9800000.dvpp1_smmu1: option h\>

Jan 01 00:00:06 davinci-mini kernel: arm-smmu-v3 c9800000.dvpp1_smmu1: ias 48-b\>

Jan 01 00:00:06 davinci-mini kernel: arm-smmu-v3 c9800000.dvpp1_smmu1: allocate\>

Jan 01 00:00:06 davinci-mini kernel: arm-smmu-v3 c9800000.dvpp1_smmu1: allocate\>

Jan 01 00:00:06 davinci-mini kernel: arm-smmu-v3 ca000000.dvpp2_smmu0: option h\>

Jan 01 00:00:06 davinci-mini kernel: arm-smmu-v3 ca000000.dvpp2_smmu0: ias 48-b\>

Jan 01 00:00:06 davinci-mini kernel: arm-smmu-v3 ca000000.dvpp2_smmu0: allocate\>

Jan 01 00:00:06 davinci-mini kernel: arm-smmu-v3 ca000000.dvpp2_smmu0: allocate\>

Jan 01 00:00:06 davinci-mini kernel: arm-smmu-v3 ca800000.dvpp2_smmu1: option h\>

Jan 01 00:00:06 davinci-mini kernel: arm-smmu-v3 ca800000.dvpp2_smmu1: ias 48-b\>

Jan 01 00:00:06 davinci-mini kernel: arm-smmu-v3 ca800000.dvpp2_smmu1: allocate\>

Jan 01 00:00:06 davinci-mini kernel: arm-smmu-v3 ca800000.dvpp2_smmu1: allocate\>

Jan 01 00:00:06 davinci-mini kernel: arm-smmu-v3 c2100000.svm_smmu_controller0:\>

Jan 01 00:00:06 davinci-mini kernel: arm-smmu-v3 c2100000.svm_smmu_controller0:\>

Jan 01 00:00:06 davinci-mini kernel: arm-smmu-v3 c2100000.svm_smmu_controller0:\>

Jan 01 00:00:06 davinci-mini kernel: arm-smmu-v3 c2100000.svm_smmu_controller0:\>

Jan 01 00:00:06 davinci-mini kernel: arm-smmu-v3 c2300000.svm_smmu_controller0:\>

Jan 01 00:00:06 davinci-mini kernel: arm-smmu-v3 c2300000.svm_smmu_controller0:\>

Jan 01 00:00:06 davinci-mini kernel: arm-smmu-v3 c2300000.svm_smmu_controller0:\>

Jan 01 00:00:06 davinci-mini kernel: arm-smmu-v3 c2300000.svm_smmu_controller0:\>

Jan 01 00:00:06 davinci-mini kernel: arm-smmu-v3 c2500000.svm_smmu_controller0:\>

Jan 01 00:00:06 davinci-mini kernel: arm-smmu-v3 c2500000.svm_smmu_controller0:\>

Jan 01 00:00:06 davinci-mini kernel: arm-smmu-v3 c2500000.svm_smmu_controller0:\>

Jan 01 00:00:06 davinci-mini kernel: arm-smmu-v3 c2500000.svm_smmu_controller0:\>

Jan 01 00:00:06 davinci-mini kernel: arm-smmu-v3 c2700000.svm_smmu_controller0:\>

Jan 01 00:00:06 davinci-mini kernel: arm-smmu-v3 c2700000.svm_smmu_controller0:\>

Jan 01 00:00:06 davinci-mini kernel: arm-smmu-v3 c2700000.svm_smmu_controller0:\>

Jan 01 00:00:06 davinci-mini kernel: arm-smmu-v3 c2700000.svm_smmu_controller0:\>

Jan 01 00:00:06 davinci-mini kernel: arm-smmu-v3 c2900000.svm_smmu_controller0:\>

Jan 01 00:00:06 davinci-mini kernel: arm-smmu-v3 c2900000.svm_smmu_controller0:\>

Jan 01 00:00:06 davinci-mini kernel: arm-smmu-v3 c2900000.svm_smmu_controller0:\>

Jan 01 00:00:06 davinci-mini kernel: arm-smmu-v3 c2900000.svm_smmu_controller0:\>

Jan 01 00:00:06 davinci-mini kernel: arm-smmu-v3 c2b00000.svm_smmu_controller0:\>

Jan 01 00:00:06 davinci-mini kernel: arm-smmu-v3 c2b00000.svm_smmu_controller0:\>

Jan 01 00:00:06 davinci-mini kernel: arm-smmu-v3 c2b00000.svm_smmu_controller0:\>

Jan 01 00:00:06 davinci-mini kernel: arm-smmu-v3 c2b00000.svm_smmu_controller0:\>

Jan 01 00:00:06 davinci-mini kernel: arm-smmu-v3 c2d00000.svm_smmu_controller0:\>

Jan 01 00:00:06 davinci-mini kernel: arm-smmu-v3 c2d00000.svm_smmu_controller0:\>

Jan 01 00:00:06 davinci-mini kernel: arm-smmu-v3 c2d00000.svm_smmu_controller0:\>

Jan 01 00:00:06 davinci-mini kernel: arm-smmu-v3 c2d00000.svm_smmu_controller0:\>

Jan 01 00:00:06 davinci-mini kernel: arm-smmu-v3 c2f00000.svm_smmu_controller0:\>

Jan 01 00:00:06 davinci-mini kernel: arm-smmu-v3 c2f00000.svm_smmu_controller0:\>

Jan 01 00:00:06 davinci-mini kernel: arm-smmu-v3 c2f00000.svm_smmu_controller0:\>

Jan 01 00:00:06 davinci-mini kernel: arm-smmu-v3 c2f00000.svm_smmu_controller0:\>

Jan 01 00:00:06 davinci-mini kernel: arm-smmu-v3 c3100000.svm_smmu_controller0:\>

Jan 01 00:00:06 davinci-mini kernel: arm-smmu-v3 c3100000.svm_smmu_controller0:\>

Jan 01 00:00:06 davinci-mini kernel: arm-smmu-v3 c3100000.svm_smmu_controller0:\>

Jan 01 00:00:06 davinci-mini kernel: arm-smmu-v3 c3100000.svm_smmu_controller0:\>

Jan 01 00:00:06 davinci-mini kernel: arm-smmu-v3 c3300000.svm_smmu_controller0:\>

Jan 01 00:00:06 davinci-mini kernel: arm-smmu-v3 c3300000.svm_smmu_controller0:\>

Jan 01 00:00:06 davinci-mini kernel: arm-smmu-v3 c3300000.svm_smmu_controller0:\>

Jan 01 00:00:06 davinci-mini kernel: arm-smmu-v3 c3300000.svm_smmu_controller0:\>

Jan 01 00:00:06 davinci-mini kernel: arm-smmu-v3 c1100000.svm_smmu_controller0:\>

Jan 01 00:00:06 davinci-mini kernel: arm-smmu-v3 c1100000.svm_smmu_controller0:\>

Jan 01 00:00:06 davinci-mini kernel: arm-smmu-v3 c1100000.svm_smmu_controller0:\>

Jan 01 00:00:06 davinci-mini kernel: arm-smmu-v3 c1100000.svm_smmu_controller0:\>

Jan 01 00:00:06 davinci-mini kernel: arm-smmu-v3 c1300000.svm_smmu_controller0:\>

Jan 01 00:00:06 davinci-mini kernel: arm-smmu-v3 c1300000.svm_smmu_controller0:\>

Jan 01 00:00:06 davinci-mini kernel: arm-smmu-v3 c1300000.svm_smmu_controller0:\>

Jan 01 00:00:06 davinci-mini kernel: arm-smmu-v3 c1300000.svm_smmu_controller0:\>

Jan 01 00:00:06 davinci-mini kernel: arm-smmu-v3 c1500000.svm_smmu_controller0:\>

Jan 01 00:00:06 davinci-mini kernel: arm-smmu-v3 c1500000.svm_smmu_controller0:\>

Jan 01 00:00:06 davinci-mini kernel: arm-smmu-v3 c1500000.svm_smmu_controller0:\>

Jan 01 00:00:06 davinci-mini kernel: arm-smmu-v3 c1500000.svm_smmu_controller0:\>

Jan 01 00:00:06 davinci-mini kernel: arm-smmu-v3 c1700000.svm_smmu_controller0:\>

Jan 01 00:00:06 davinci-mini kernel: arm-smmu-v3 c1700000.svm_smmu_controller0:\>

Jan 01 00:00:06 davinci-mini kernel: arm-smmu-v3 c1700000.svm_smmu_controller0:\>

Jan 01 00:00:06 davinci-mini kernel: arm-smmu-v3 c1700000.svm_smmu_controller0:\>

Jan 01 00:00:06 davinci-mini kernel: arm-smmu-v3 c1900000.svm_smmu_controller0:\>

Jan 01 00:00:06 davinci-mini kernel: arm-smmu-v3 c1900000.svm_smmu_controller0:\>

Jan 01 00:00:06 davinci-mini kernel: arm-smmu-v3 c1900000.svm_smmu_controller0:\>

Jan 01 00:00:06 davinci-mini kernel: arm-smmu-v3 c1900000.svm_smmu_controller0:\>

Jan 01 00:00:06 davinci-mini kernel: arm-smmu-v3 c1b00000.svm_smmu_controller0:\>

Jan 01 00:00:06 davinci-mini kernel: arm-smmu-v3 c1b00000.svm_smmu_controller0:\>

Jan 01 00:00:06 davinci-mini kernel: arm-smmu-v3 c1b00000.svm_smmu_controller0:\>

Jan 01 00:00:06 davinci-mini kernel: arm-smmu-v3 c1b00000.svm_smmu_controller0:\>

Jan 01 00:00:06 davinci-mini kernel: arm-smmu-v3 c1d00000.svm_smmu_controller0:\>

Jan 01 00:00:06 davinci-mini kernel: arm-smmu-v3 c1d00000.svm_smmu_controller0:\>

Jan 01 00:00:06 davinci-mini kernel: arm-smmu-v3 c1d00000.svm_smmu_controller0:\>

Jan 01 00:00:06 davinci-mini kernel: arm-smmu-v3 c1d00000.svm_smmu_controller0:\>

Jan 01 00:00:06 davinci-mini kernel: arm-smmu-v3 c1f00000.svm_smmu_controller0:\>

Jan 01 00:00:06 davinci-mini kernel: arm-smmu-v3 c1f00000.svm_smmu_controller0:\>

Jan 01 00:00:06 davinci-mini kernel: arm-smmu-v3 c1f00000.svm_smmu_controller0:\>

Jan 01 00:00:06 davinci-mini kernel: arm-smmu-v3 c1f00000.svm_smmu_controller0:\>

Jan 01 00:00:06 davinci-mini kernel: cacheinfo: Unable to detect cache hierarch\>

Jan 01 00:00:06 davinci-mini kernel: virdev: Register virtdev platform driver s\>

Jan 01 00:00:06 davinci-mini kernel: rdac: device handler registered

Jan 01 00:00:06 davinci-mini kernel: hp_sw: device handler registered

Jan 01 00:00:06 davinci-mini kernel: emc: device handler registered

Jan 01 00:00:06 davinci-mini kernel: alua: device handler registered

Jan 01 00:00:06 davinci-mini kernel: ahci 0001:7a:00.0: version 3.0

Jan 01 00:00:06 davinci-mini kernel: ahci 0001:7a:00.0: enabling device (0000 -\>

Jan 01 00:00:06 davinci-mini kernel: ahci 0001:7a:00.0: controller does not sup\>

Jan 01 00:00:06 davinci-mini kernel: ahci 0001:7a:00.0: SSS flag set, parallel \>
