2026-04-15 09:18:56 Start collect info
cat /proc/ekbox

EKbox head info:phyaddr=0x0000000084be0000, physize=0x1fffc, msgno=4
EKbox show message[0, 0x3318]:
                                                                                                                                                                                                                                                                
EKbox: kernel init success!
EKbox: memory init success!
[    0.000000] rcu: Preemptible hierarchical RCU implementation.
[    0.000000] rcu: 	RCU restricting CPUs from NR_CPUS=128 to nr_cpu_ids=4.
[    0.000000] 	Trampoline variant of Tasks RCU enabled.
[    0.000000] rcu: RCU calculated value of scheduler-enlistment delay is 10 jiffies.
[    0.000000] rcu: Adjusting geometry for rcu_fanout_leaf=16, nr_cpu_ids=4
[    0.000000] NR_IRQS: 64, nr_irqs: 64, preallocated irqs: 0
[    0.000000] GICv3: GIC: Using split EOI/Deactivate mode
[    0.000000] GICv3: 256 SPIs implemented
[    0.000000] GICv3: 0 Extended SPIs implemented
[    0.000000] GICv3: Distributor has no Range Selector support
[    0.000000] GICv3: 16 PPIs implemented
[    0.000000] GICv3: CPU0: found redistributor 0 region 0:0x0000000024040000
[    0.000000] rcu: 	Offload RCU callbacks from CPUs: (none).
EKbox: irq init success!
[    0.000000] arch_timer: cp15 timer(s) running at 25.00MHz (phys).
[    0.000000] clocksource: arch_sys_counter: mask: 0xffffffffffffff max_cycles: 0x5c40939b5, max_idle_ns: 440795202646 ns
[    0.010006] sched_clock: 56 bits at 25MHz, resolution 40ns, wraps every 4398046511100ns
[    0.010206] can't find led node, please check it
[    0.010216] Can't find led info in dtb,make sure there is no led on board
[    0.010445] Console: colour dummy device 80x25
EKbox: console init success!
[    0.010650] Calibrating delay loop (skipped), value calculated using timer frequency.. 50.00 BogoMIPS (lpj=250000)
[    0.010675] pid_max: default: 32768 minimum: 301
[    0.011091] LSM: Security Framework initializing
[    0.011128] Yama: becoming mindful.
[    0.011311] Mount-cache hash table entries: 4096 (order: 3, 32768 bytes, linear)
[    0.011340] Mountpoint-cache hash table entries: 4096 (order: 3, 32768 bytes, linear)
EKbox: SVN Last Changed Rev: 20250904204129
EKbox: mastercore load success!
[    0.014592] early_panic_init: Missing panic_core_isolate device node.
[    0.015497] rcu: Hierarchical SRCU implementation.
[    0.016096] dyndbg: Ignore empty _ddebug table in a CONFIG_DYNAMIC_DEBUG_CORE build
[    0.016260] EFI services will not be available.
[    0.016294] page_attr_early_init succeed
[    0.017008] smp: Bringing up secondary CPUs ...
EKbox: slavecore1 load success!
EKbox: slavecore2 load success!
EKbox: slavecore3 load success!
[    0.018436] Detected VIPT I-cache on CPU1
[    0.018485] GICv3: CPU1: found redistributor 100 region 0:0x0000000024060000
[    0.018564] CPU1: Booted secondary processor 0x0000000100 [0x411fd050]
[    0.020328] Detected VIPT I-cache on CPU2
[    0.020369] GICv3: CPU2: found redistributor 200 region 0:0x0000000024080000
[    0.020435] CPU2: Booted secondary processor 0x0000000200 [0x411fd050]
[    0.021931] Detected VIPT I-cache on CPU3
[    0.021968] GICv3: CPU3: found redistributor 300 region 0:0x00000000240a0000
[    0.022033] CPU3: Booted secondary processor 0x0000000300 [0x411fd050]
[    0.022214] smp: Brought up 1 node, 4 CPUs
[    0.022274] SMP: Total of 4 processors activated.
[    0.022285] CPU features: detected: Privileged Access Never
[    0.022294] CPU features: detected: 32-bit EL0 Support
[    0.022304] CPU features: detected: Common not Private translations
[    0.022313] CPU features: detected: Data cache clean to the PoU not required for I/D coherence
[    0.022322] CPU features: detected: CRC32 instructions
[    0.022330] CPU features: detected: Speculative Store Bypassing Safe (SSBS)
[    0.022339] CPU features: detected: 32-bit EL1 Support
[    0.022349] CPU features: detected: RCpc load-acquire (LDAPR)
[    0.023084] CPU: All CPU(s) started at EL2
[    0.023159] alternatives: patching kernel code
[    0.024541] devtmpfs: initialized
[    0.029006] KASLR enabled
[    0.029843] clocksource: jiffies: mask: 0xffffffff max_cycles: 0xffffffff, max_idle_ns: 19112604462750000 ns
[    0.029905] futex hash table entries: 1024 (order: 4, 65536 bytes, linear)
[    0.030121] kworker/u8:0 (32) used greatest stack depth: 12992 bytes left
[    0.030703] pinctrl core: initialized pinctrl subsystem
[    0.033030] DMI not present or invalid.
[    0.033138] softdog_kthread_create
[    0.034040] NET: Registered protocol family 16
[    0.035156] DMA: preallocated 256 KiB GFP_KERNEL pool for atomic allocations
[    0.035252] DMA: preallocated 256 KiB GFP_KERNEL|GFP_DMA pool for atomic allocations
[    0.035384] audit: initializing netlink subsys (disabled)
[    0.035610] audit cpu affinity init success
[    0.035717] audit: type=2000 audit(0.020:1): state=initialized audit_enabled=0 res=1
[    0.040287] thermal_sys: Registered thermal governor 'step_wise'
[    0.040967] cpuidle: using governor ladder
[    0.041035] cpuidle: using governor menu
[    0.041229] hw-breakpoint: found 6 breakpoint and 4 watchpoint registers.
[    0.041424] ASID allocator initialised with 65536 entries
[    0.042174] Serial: AMBA PL011 UART driver
[    0.090266] kworker/u8:1 (156) used greatest stack depth: 12528 bytes left
[    0.126690] HugeTLB registered 1.00 GiB page size, pre-allocated 0 pages
[    0.126718] HugeTLB registered 32.0 MiB page size, pre-allocated 0 pages
[    0.126728] HugeTLB registered 2.00 MiB page size, pre-allocated 0 pages
[    0.126739] HugeTLB registered 64.0 KiB page size, pre-allocated 0 pages
[    0.130926] ACPI: Interpreter disabled.
[    0.131098] iommu: Default domain type: Translated 
[    0.132826] NetLabel: Initializing
[    0.132856] NetLabel:  domain hash size = 128
[    0.132865] NetLabel:  protocols = UNLABELED CIPSOv4 CALIPSO
[    0.132974] NetLabel:  unlabeled traffic allowed by default
[    0.133758] clocksource: Switched to clocksource arch_sys_counter
[    0.178087] VFS: Disk quotas dquot_6.6.0
[    0.178198] VFS: Dquot-cache hash table entries: 512 (order 0, 4096 bytes)
[    0.178717] pnp: PnP ACPI: disabled
[    0.202859] NET: Registered protocol family 2
[    0.203137] IP idents hash table entries: 32768 (order: 6, 262144 bytes, linear)
[    0.205423] tcp_listen_portaddr_hash hash table entries: 1024 (order: 3, 40960 bytes, linear)
[    0.205495] Table-perturb hash table entries: 65536 (order: 6, 262144 bytes, linear)
[    0.205566] TCP established hash table entries: 16384 (order: 5, 131072 bytes, linear)
[    0.205709] TCP bind hash table entries: 16384 (order: 7, 524288 bytes, linear)
[    0.205934] TCP: Hash tables configured (established 16384 bind 16384)
[    0.206139] UDP hash table entries: 1024 (order: 4, 98304 bytes, linear)
[    0.206259] UDP-Lite hash table entries: 1024 (order: 4, 98304 bytes, linear)
[    0.206650] NET: Registered protocol family 1
[    0.206707] PCI: CLS 0 bytes, default 64
[    0.207010] Trying to unpack rootfs image as initramfs...
[    0.438968] Freeing initrd memory: 5120K
[    0.439623] kvm [1]: KVM ncsnp disabled
[    0.439645] kvm [1]: KVM dvmbm disabled
[    0.439682] kvm [1]: IPA Size Limit: 40 bits
[    0.440683] kvm [1]: GICv3: no GICV resource entry
[    0.440698] kvm [1]: disabling GICv2 emulation
[    0.440733] kvm [1]: GIC system register CPU interface enabled
[    0.440957] kvm [1]: vgic interrupt IRQ16
[    0.441207] kvm [1]: Hyp mode initialized successfully
[    0.445415] modsign: There is no certification file
[    0.445451] modsign: There is only one cert or no cert
[    0.445464] Initialise system trusted keyrings
[    0.445909] workingset: timestamp_bits=43 max_order=19 bucket_order=0
[    0.458720] squashfs: version 4.0 (2009/01/31) Phillip Lougher
[    0.459163] Huawei Secure C library init
[    0.459186] cms cbb init
[    0.459605] modsign: create major 250 for module crl devs
[    0.502394] Key type asymmetric registered
[    0.502423] Asymmetric key parser 'x509' registered
[    0.502519] Block layer SCSI generic (bsg) driver version 0.4 loaded (major 249)
[    0.502936] io scheduler mq-deadline registered
[    0.656919] create /sys/kernel/tty_status_trace succ.
[    0.656985] did not found ttyname.
[    0.656997] default tty_suspend_mode is 0.
[    0.657009] Serial: 8250/16550 driver, 4 ports, IRQ sharing disabled
[    0.657220] Serial: 8250/16550 suspend register ok.
[    0.657242] get_tty_suspend_info: mode is 0
[    0.660619] printk: console [ttyS0] disabled
[    0.660743] 8710000.uart: ttyS0 at MMIO 0x8710000 (irq = 23, base_baud = 6250000) is a 16550A
[    0.000000] Booting Linux on physical CPU 0x0000000000 [0x411fd050]
[    0.000000] Linux version 5.10.0 (oe-user@oe-host) (aarch64-euler-linux-gcc (BiSheng Embedded CPU 303.0.0.3.B001) 7.3.0, GNU ld (BiSheng Embedded CPU 303.0.0.3.B001) 2.41) #1 SMP PREEMPT Thu Sep 4 20:41:29 CST 2025
[    0.000000] Machine model: Hisilicon Hi1711 ASIC
[    0.000000] efi: UEFI not found.
[    0.000000] NUMA: No NUMA configuration found
[    0.000000] NUMA: Faking a node at [mem 0x0000000084be0000-0x00000000efffffff]
[    0.000000] NUMA: NODE_DATA [mem 0xeffe5640-0xeffe6fff]
[    0.000000] Zone ranges:
[    0.000000]   DMA      [mem 0x0000000084be0000-0x00000000efffffff]
[    0.000000]   Normal   empty
[    0.000000] Movable zone start for each node
[    0.000000] Early memory node ranges
[    0.000000]   node   0: [mem 0x0000000084be0000-0x0000000084bfefff]
[    0.000000]   node   0: [mem 0x0000000087200000-0x00000000efffffff]
[    0.000000] Initmem setup node 0 [mem 0x0000000084be0000-0x00000000efffffff]
[    0.000000] On node 0 totalpages: 429599
[    0.000000]   DMA zone: 6865 pages used for memmap
[    0.000000]   DMA zone: 0 pages reserved
[    0.000000]   DMA zone: 429599 pages, LIFO batch:63
[    0.000000] psci: probing for conduit method from DT.
[    0.000000] psci: PSCIv1.1 detected in firmware.
[    0.000000] psci: Using standard PSCI v0.2 function IDs
[    0.000000] psci: MIGRATE_INFO_TYPE not supported.
[    0.000000] psci: SMC Calling Convention v1.4
[    0.000000] [dts]:cpu type is 1711
[    0.000000] can't find led ctrl node, please check it
[    0.000000] percpu: Embedded 30 pages/cpu s85160 r8192 d29528 u122880
[    0.000000] pcpu-alloc: s85160 r8192 d29528 u122880 alloc=30*4096
[    0.000000] pcpu-alloc: [0] 0 [0] 1 [0] 2 [0] 3 
[    0.000000] Detected VIPT I-cache on CPU0
[    0.000000] CPU features: detected: GIC system register CPU interface
[    0.000000] CPU features: kernel page table isolation disabled by kernel configuration
[    0.000000] CPU features: detected: ARM errata 1165522, 1319367, or 1530923
[    0.000000] Built 1 zonelists, mobility grouping on.  Total pages: 422734
[    0.000000] Policy zone: DMA
[    0.000000] Kernel command line: console=ttyS0,115200n8N earlycon=uart8250,mmio32,0x08710000 initrd=${initrd_load_addr},${initrd_size} rdinit=/sbin/init rw ekbox=0x20000$0x84be0000 kbox_mem=0x2e0000@0x84900000 swift_irqsoff_enable swxn=1
[    0.000000] Fallback order for Node 0: 0 
[    0.000000] printk: log_buf_len individual max cpu contribution: 4096 bytes
[    0.000000] printk: log_buf_len total cpu_extra contributions: 12288 bytes
[    0.000000] printk: log_buf_len min size: 16384 bytes
[    0.000000] printk: log_buf_len: 32768 bytes
[    0.000000] printk: early log buf free: 13904(84%)
[    0.000000] Dentry cache hash table entries: 262144 (order: 9, 2097152 bytes, linear)
[    0.000000] Inode-cache hash table entries: 131072 (order: 8, 1048576 bytes, linear)
[    0.000000] mem auto-init: stack:off, heap alloc:off, heap free:off
[    0.000000] Memory: 1666604K/1718396K available (7808K kernel code, 922K rwdata, 1520K rodata, 1856K init, 2375K bss, 51792K reserved, 0K cma-reserved)
[    0.000000] SLUB: HWalign=64, Order=0-3, MinObjects=0, CPUs=4, Nodes=1
[    0.000000] kmemleak: Kernel memory leak detector disabled
[    0.661299] printk: console [ttyS0] enabled
[    0.663690] cacheinfo: Unable to detect cache hierarchy for CPU 0
[    0.681882] brd: module loaded
[    0.690369] loop: module loaded
[    0.692445] hw perfevents: enabled with armv8_pmuv3 PMU driver, 7 counters available
[    0.693087] fiq_glue_parse_source_common fiq source is 1!
[    0.693117] fiq_glue_parse_type_common fiq type is 0!
[    0.693129] fiq_glue_parse_buffer_offset_type fiq get cpu id type is default!
[    0.693143] fiq_glue_parse_clean_wdt fiq clean-wdt is 0!
[    0.693152] fiq_glue_parse_dead_loop fiq dead-loop is 1!
[    0.693161] fiq_glue_parse_invalid_cache fiq invalid-cache is 1!
[    0.693172] fiq_glue_parse_use_atf_under_same_image fiq use-atf-under-same-image is 0!
[    0.693181] fiq_glue_no_info_init fiq_num is 1, fiq_num_max is 16
[    0.693191] fiq_glue_no_info_init i 0 fiq-no 141
[    0.695123] KBOX: kbox:create region panic, size=65536
EKbox: ------------------starting reboot !------------------
EKbox: [UTC][2026.04.08 10:07:13-450694920][Clock][435465106080]
EKbox: [__do_sys_reboot:359]
EKbox: [kernel_restart:253]
EKbox: [kernel_restart_prepare:78]
EKbox: [kernel_restart_prepare:83]
EKbox: [machine_restart:237]

EKbox head info:phyaddr=0x0000000084be0000, physize=0x1fffc, msgno=4
EKbox show message[1, 0x32cc]:
                                                                                                                                                                                                                                                                
EKbox: kernel init success!
EKbox: memory init success!
[    0.000000] rcu: Preemptible hierarchical RCU implementation.
[    0.000000] rcu: 	RCU restricting CPUs from NR_CPUS=128 to nr_cpu_ids=4.
[    0.000000] 	Trampoline variant of Tasks RCU enabled.
[    0.000000] rcu: RCU calculated value of scheduler-enlistment delay is 10 jiffies.
[    0.000000] rcu: Adjusting geometry for rcu_fanout_leaf=16, nr_cpu_ids=4
[    0.000000] NR_IRQS: 64, nr_irqs: 64, preallocated irqs: 0
[    0.000000] GICv3: GIC: Using split EOI/Deactivate mode
[    0.000000] GICv3: 256 SPIs implemented
[    0.000000] GICv3: 0 Extended SPIs implemented
[    0.000000] GICv3: Distributor has no Range Selector support
[    0.000000] GICv3: 16 PPIs implemented
[    0.000000] GICv3: CPU0: found redistributor 0 region 0:0x0000000024040000
[    0.000000] rcu: 	Offload RCU callbacks from CPUs: (none).
EKbox: irq init success!
[    0.000000] arch_timer: cp15 timer(s) running at 25.00MHz (phys).
[    0.000000] clocksource: arch_sys_counter: mask: 0xffffffffffffff max_cycles: 0x5c40939b5, max_idle_ns: 440795202646 ns
[    0.010006] sched_clock: 56 bits at 25MHz, resolution 40ns, wraps every 4398046511100ns
[    0.010206] can't find led node, please check it
[    0.010216] Can't find led info in dtb,make sure there is no led on board
[    0.010447] Console: colour dummy device 80x25
EKbox: console init success!
[    0.010649] Calibrating delay loop (skipped), value calculated using timer frequency.. 50.00 BogoMIPS (lpj=250000)
[    0.010673] pid_max: default: 32768 minimum: 301
[    0.011085] LSM: Security Framework initializing
[    0.011119] Yama: becoming mindful.
[    0.011299] Mount-cache hash table entries: 4096 (order: 3, 32768 bytes, linear)
[    0.011327] Mountpoint-cache hash table entries: 4096 (order: 3, 32768 bytes, linear)
EKbox: SVN Last Changed Rev: 20250904204129
EKbox: mastercore load success!
[    0.014581] early_panic_init: Missing panic_core_isolate device node.
[    0.015488] rcu: Hierarchical SRCU implementation.
[    0.016081] dyndbg: Ignore empty _ddebug table in a CONFIG_DYNAMIC_DEBUG_CORE build
[    0.016247] EFI services will not be available.
[    0.016281] page_attr_early_init succeed
[    0.016997] smp: Bringing up secondary CPUs ...
EKbox: slavecore1 load success!
EKbox: slavecore2 load success!
EKbox: slavecore3 load success!
[    0.018430] Detected VIPT I-cache on CPU1
[    0.018481] GICv3: CPU1: found redistributor 100 region 0:0x0000000024060000
[    0.018562] CPU1: Booted secondary processor 0x0000000100 [0x411fd050]
[    0.020338] Detected VIPT I-cache on CPU2
[    0.020377] GICv3: CPU2: found redistributor 200 region 0:0x0000000024080000
[    0.020444] CPU2: Booted secondary processor 0x0000000200 [0x411fd050]
[    0.021953] Detected VIPT I-cache on CPU3
[    0.021991] GICv3: CPU3: found redistributor 300 region 0:0x00000000240a0000
[    0.022055] CPU3: Booted secondary processor 0x0000000300 [0x411fd050]
[    0.022241] smp: Brought up 1 node, 4 CPUs
[    0.022300] SMP: Total of 4 processors activated.
[    0.022313] CPU features: detected: Privileged Access Never
[    0.022322] CPU features: detected: 32-bit EL0 Support
[    0.022331] CPU features: detected: Common not Private translations
[    0.022340] CPU features: detected: Data cache clean to the PoU not required for I/D coherence
[    0.022350] CPU features: detected: CRC32 instructions
[    0.022357] CPU features: detected: Speculative Store Bypassing Safe (SSBS)
[    0.022366] CPU features: detected: 32-bit EL1 Support
[    0.022377] CPU features: detected: RCpc load-acquire (LDAPR)
[    0.023114] CPU: All CPU(s) started at EL2
[    0.023187] alternatives: patching kernel code
[    0.024588] devtmpfs: initialized
[    0.029075] KASLR enabled
[    0.029948] clocksource: jiffies: mask: 0xffffffff max_cycles: 0xffffffff, max_idle_ns: 19112604462750000 ns
[    0.030054] futex hash table entries: 1024 (order: 4, 65536 bytes, linear)
[    0.030225] kworker/u8:0 (32) used greatest stack depth: 12992 bytes left
[    0.030798] pinctrl core: initialized pinctrl subsystem
[    0.033119] DMI not present or invalid.
[    0.033221] softdog_kthread_create
[    0.034123] NET: Registered protocol family 16
[    0.035234] DMA: preallocated 256 KiB GFP_KERNEL pool for atomic allocations
[    0.035329] DMA: preallocated 256 KiB GFP_KERNEL|GFP_DMA pool for atomic allocations
[    0.035460] audit: initializing netlink subsys (disabled)
[    0.035696] audit cpu affinity init success
[    0.035801] audit: type=2000 audit(0.020:1): state=initialized audit_enabled=0 res=1
[    0.040372] thermal_sys: Registered thermal governor 'step_wise'
[    0.041052] cpuidle: using governor ladder
[    0.041120] cpuidle: using governor menu
[    0.041316] hw-breakpoint: found 6 breakpoint and 4 watchpoint registers.
[    0.041508] ASID allocator initialised with 65536 entries
[    0.042260] Serial: AMBA PL011 UART driver
[    0.128963] HugeTLB registered 1.00 GiB page size, pre-allocated 0 pages
[    0.128994] HugeTLB registered 32.0 MiB page size, pre-allocated 0 pages
[    0.129006] HugeTLB registered 2.00 MiB page size, pre-allocated 0 pages
[    0.129016] HugeTLB registered 64.0 KiB page size, pre-allocated 0 pages
[    0.133440] ACPI: Interpreter disabled.
[    0.133581] iommu: Default domain type: Translated 
[    0.135132] NetLabel: Initializing
[    0.135169] NetLabel:  domain hash size = 128
[    0.135178] NetLabel:  protocols = UNLABELED CIPSOv4 CALIPSO
[    0.135285] NetLabel:  unlabeled traffic allowed by default
[    0.136051] clocksource: Switched to clocksource arch_sys_counter
[    0.180566] VFS: Disk quotas dquot_6.6.0
[    0.180695] VFS: Dquot-cache hash table entries: 512 (order 0, 4096 bytes)
[    0.181245] pnp: PnP ACPI: disabled
[    0.205593] NET: Registered protocol family 2
[    0.205862] IP idents hash table entries: 32768 (order: 6, 262144 bytes, linear)
[    0.208017] tcp_listen_portaddr_hash hash table entries: 1024 (order: 3, 40960 bytes, linear)
[    0.208084] Table-perturb hash table entries: 65536 (order: 6, 262144 bytes, linear)
[    0.208159] TCP established hash table entries: 16384 (order: 5, 131072 bytes, linear)
[    0.208305] TCP bind hash table entries: 16384 (order: 7, 524288 bytes, linear)
[    0.208530] TCP: Hash tables configured (established 16384 bind 16384)
[    0.208730] UDP hash table entries: 1024 (order: 4, 98304 bytes, linear)
[    0.208851] UDP-Lite hash table entries: 1024 (order: 4, 98304 bytes, linear)
[    0.209242] NET: Registered protocol family 1
[    0.209297] PCI: CLS 0 bytes, default 64
[    0.209601] Trying to unpack rootfs image as initramfs...
[    0.441687] Freeing initrd memory: 5120K
[    0.442298] kvm [1]: KVM ncsnp disabled
[    0.442320] kvm [1]: KVM dvmbm disabled
[    0.442358] kvm [1]: IPA Size Limit: 40 bits
[    0.443387] kvm [1]: GICv3: no GICV resource entry
[    0.443406] kvm [1]: disabling GICv2 emulation
[    0.443440] kvm [1]: GIC system register CPU interface enabled
[    0.443654] kvm [1]: vgic interrupt IRQ16
[    0.443900] kvm [1]: Hyp mode initialized successfully
[    0.448085] modsign: There is no certification file
[    0.448119] modsign: There is only one cert or no cert
[    0.448132] Initialise system trusted keyrings
[    0.448556] workingset: timestamp_bits=43 max_order=19 bucket_order=0
[    0.461326] squashfs: version 4.0 (2009/01/31) Phillip Lougher
[    0.461782] Huawei Secure C library init
[    0.461807] cms cbb init
[    0.462230] modsign: create major 250 for module crl devs
[    0.506254] Key type asymmetric registered
[    0.506283] Asymmetric key parser 'x509' registered
[    0.506380] Block layer SCSI generic (bsg) driver version 0.4 loaded (major 249)
[    0.506835] io scheduler mq-deadline registered
[    0.653247] create /sys/kernel/tty_status_trace succ.
[    0.653311] did not found ttyname.
[    0.653324] default tty_suspend_mode is 0.
[    0.653336] Serial: 8250/16550 driver, 4 ports, IRQ sharing disabled
[    0.653580] Serial: 8250/16550 suspend register ok.
[    0.653602] get_tty_suspend_info: mode is 0
[    0.657042] printk: console [ttyS0] disabled
[    0.657175] 8710000.uart: ttyS0 at MMIO 0x8710000 (irq = 23, base_baud = 6250000) is a 16550A
[    0.000000] Booting Linux on physical CPU 0x0000000000 [0x411fd050]
[    0.000000] Linux version 5.10.0 (oe-user@oe-host) (aarch64-euler-linux-gcc (BiSheng Embedded CPU 303.0.0.3.B001) 7.3.0, GNU ld (BiSheng Embedded CPU 303.0.0.3.B001) 2.41) #1 SMP PREEMPT Thu Sep 4 20:41:29 CST 2025
[    0.000000] Machine model: Hisilicon Hi1711 ASIC
[    0.000000] efi: UEFI not found.
[    0.000000] NUMA: No NUMA configuration found
[    0.000000] NUMA: Faking a node at [mem 0x0000000084be0000-0x00000000efffffff]
[    0.000000] NUMA: NODE_DATA [mem 0xeffe6640-0xeffe7fff]
[    0.000000] Zone ranges:
[    0.000000]   DMA      [mem 0x0000000084be0000-0x00000000efffffff]
[    0.000000]   Normal   empty
[    0.000000] Movable zone start for each node
[    0.000000] Early memory node ranges
[    0.000000]   node   0: [mem 0x0000000084be0000-0x0000000084bfefff]
[    0.000000]   node   0: [mem 0x0000000087200000-0x00000000efffffff]
[    0.000000] Initmem setup node 0 [mem 0x0000000084be0000-0x00000000efffffff]
[    0.000000] On node 0 totalpages: 429599
[    0.000000]   DMA zone: 6865 pages used for memmap
[    0.000000]   DMA zone: 0 pages reserved
[    0.000000]   DMA zone: 429599 pages, LIFO batch:63
[    0.000000] psci: probing for conduit method from DT.
[    0.000000] psci: PSCIv1.1 detected in firmware.
[    0.000000] psci: Using standard PSCI v0.2 function IDs
[    0.000000] psci: MIGRATE_INFO_TYPE not supported.
[    0.000000] psci: SMC Calling Convention v1.4
[    0.000000] [dts]:cpu type is 1711
[    0.000000] can't find led ctrl node, please check it
[    0.000000] percpu: Embedded 30 pages/cpu s85160 r8192 d29528 u122880
[    0.000000] pcpu-alloc: s85160 r8192 d29528 u122880 alloc=30*4096
[    0.000000] pcpu-alloc: [0] 0 [0] 1 [0] 2 [0] 3 
[    0.000000] Detected VIPT I-cache on CPU0
[    0.000000] CPU features: detected: GIC system register CPU interface
[    0.000000] CPU features: kernel page table isolation disabled by kernel configuration
[    0.000000] CPU features: detected: ARM errata 1165522, 1319367, or 1530923
[    0.000000] Built 1 zonelists, mobility grouping on.  Total pages: 422734
[    0.000000] Policy zone: DMA
[    0.000000] Kernel command line: console=ttyS0,115200n8N earlycon=uart8250,mmio32,0x08710000 initrd=${initrd_load_addr},${initrd_size} rdinit=/sbin/init rw ekbox=0x20000$0x84be0000 kbox_mem=0x2e0000@0x84900000 swift_irqsoff_enable swxn=1
[    0.000000] Fallback order for Node 0: 0 
[    0.000000] printk: log_buf_len individual max cpu contribution: 4096 bytes
[    0.000000] printk: log_buf_len total cpu_extra contributions: 12288 bytes
[    0.000000] printk: log_buf_len min size: 16384 bytes
[    0.000000] printk: log_buf_len: 32768 bytes
[    0.000000] printk: early log buf free: 13904(84%)
[    0.000000] Dentry cache hash table entries: 262144 (order: 9, 2097152 bytes, linear)
[    0.000000] Inode-cache hash table entries: 131072 (order: 8, 1048576 bytes, linear)
[    0.000000] mem auto-init: stack:off, heap alloc:off, heap free:off
[    0.000000] Memory: 1666608K/1718396K available (7808K kernel code, 922K rwdata, 1520K rodata, 1856K init, 2375K bss, 51788K reserved, 0K cma-reserved)
[    0.000000] SLUB: HWalign=64, Order=0-3, MinObjects=0, CPUs=4, Nodes=1
[    0.000000] kmemleak: Kernel memory leak detector disabled
[    0.657730] printk: console [ttyS0] enabled
[    0.659782] cacheinfo: Unable to detect cache hierarchy for CPU 0
[    0.678035] brd: module loaded
[    0.686366] loop: module loaded
[    0.688480] hw perfevents: enabled with armv8_pmuv3 PMU driver, 7 counters available
[    0.689138] fiq_glue_parse_source_common fiq source is 1!
[    0.689163] fiq_glue_parse_type_common fiq type is 0!
[    0.689174] fiq_glue_parse_buffer_offset_type fiq get cpu id type is default!
[    0.689187] fiq_glue_parse_clean_wdt fiq clean-wdt is 0!
[    0.689196] fiq_glue_parse_dead_loop fiq dead-loop is 1!
[    0.689206] fiq_glue_parse_invalid_cache fiq invalid-cache is 1!
[    0.689215] fiq_glue_parse_use_atf_under_same_image fiq use-atf-under-same-image is 0!
[    0.689224] fiq_glue_no_info_init fiq_num is 1, fiq_num_max is 16
[    0.689234] fiq_glue_no_info_init i 0 fiq-no 141
[    0.691055] KBOX: kbox:create region panic, size=65536
EKbox: ------------------starting reboot !------------------
EKbox: [UTC][2026.04.15 08:12:05-90457240][Clock][597860107504200]
EKbox: [__do_sys_reboot:359]
EKbox: [kernel_restart:253]
EKbox: [kernel_restart_prepare:78]
EKbox: [kernel_restart_prepare:83]
EKbox: [machine_restart:237]

EKbox head info:phyaddr=0x0000000084be0000, physize=0x1fffc, msgno=4
EKbox show message[2, 0x3319]:
                                                                                                                                                                                                                                                                
EKbox: kernel init success!
EKbox: memory init success!
[    0.000000] rcu: Preemptible hierarchical RCU implementation.
[    0.000000] rcu: 	RCU restricting CPUs from NR_CPUS=128 to nr_cpu_ids=4.
[    0.000000] 	Trampoline variant of Tasks RCU enabled.
[    0.000000] rcu: RCU calculated value of scheduler-enlistment delay is 10 jiffies.
[    0.000000] rcu: Adjusting geometry for rcu_fanout_leaf=16, nr_cpu_ids=4
[    0.000000] NR_IRQS: 64, nr_irqs: 64, preallocated irqs: 0
[    0.000000] GICv3: GIC: Using split EOI/Deactivate mode
[    0.000000] GICv3: 256 SPIs implemented
[    0.000000] GICv3: 0 Extended SPIs implemented
[    0.000000] GICv3: Distributor has no Range Selector support
[    0.000000] GICv3: 16 PPIs implemented
[    0.000000] GICv3: CPU0: found redistributor 0 region 0:0x0000000024040000
[    0.000000] rcu: 	Offload RCU callbacks from CPUs: (none).
EKbox: irq init success!
[    0.000000] arch_timer: cp15 timer(s) running at 25.00MHz (phys).
[    0.000000] clocksource: arch_sys_counter: mask: 0xffffffffffffff max_cycles: 0x5c40939b5, max_idle_ns: 440795202646 ns
[    0.010005] sched_clock: 56 bits at 25MHz, resolution 40ns, wraps every 4398046511100ns
[    0.010207] can't find led node, please check it
[    0.010218] Can't find led info in dtb,make sure there is no led on board
[    0.010447] Console: colour dummy device 80x25
EKbox: console init success!
[    0.010646] Calibrating delay loop (skipped), value calculated using timer frequency.. 50.00 BogoMIPS (lpj=250000)
[    0.010670] pid_max: default: 32768 minimum: 301
[    0.011082] LSM: Security Framework initializing
[    0.011117] Yama: becoming mindful.
[    0.011297] Mount-cache hash table entries: 4096 (order: 3, 32768 bytes, linear)
[    0.011324] Mountpoint-cache hash table entries: 4096 (order: 3, 32768 bytes, linear)
EKbox: SVN Last Changed Rev: 20250904204129
EKbox: mastercore load success!
[    0.014571] early_panic_init: Missing panic_core_isolate device node.
[    0.015479] rcu: Hierarchical SRCU implementation.
[    0.016075] dyndbg: Ignore empty _ddebug table in a CONFIG_DYNAMIC_DEBUG_CORE build
[    0.016244] EFI services will not be available.
[    0.016278] page_attr_early_init succeed
[    0.016992] smp: Bringing up secondary CPUs ...
EKbox: slavecore1 load success!
EKbox: slavecore2 load success!
EKbox: slavecore3 load success!
[    0.018414] Detected VIPT I-cache on CPU1
[    0.018464] GICv3: CPU1: found redistributor 100 region 0:0x0000000024060000
[    0.018544] CPU1: Booted secondary processor 0x0000000100 [0x411fd050]
[    0.020296] Detected VIPT I-cache on CPU2
[    0.020336] GICv3: CPU2: found redistributor 200 region 0:0x0000000024080000
[    0.020401] CPU2: Booted secondary processor 0x0000000200 [0x411fd050]
[    0.021888] Detected VIPT I-cache on CPU3
[    0.021926] GICv3: CPU3: found redistributor 300 region 0:0x00000000240a0000
[    0.021989] CPU3: Booted secondary processor 0x0000000300 [0x411fd050]
[    0.022172] smp: Brought up 1 node, 4 CPUs
[    0.022230] SMP: Total of 4 processors activated.
[    0.022242] CPU features: detected: Privileged Access Never
[    0.022251] CPU features: detected: 32-bit EL0 Support
[    0.022261] CPU features: detected: Common not Private translations
[    0.022270] CPU features: detected: Data cache clean to the PoU not required for I/D coherence
[    0.022280] CPU features: detected: CRC32 instructions
[    0.022287] CPU features: detected: Speculative Store Bypassing Safe (SSBS)
[    0.022296] CPU features: detected: 32-bit EL1 Support
[    0.022307] CPU features: detected: RCpc load-acquire (LDAPR)
[    0.023039] CPU: All CPU(s) started at EL2
[    0.023112] alternatives: patching kernel code
[    0.024487] devtmpfs: initialized
[    0.028954] KASLR enabled
[    0.029812] clocksource: jiffies: mask: 0xffffffff max_cycles: 0xffffffff, max_idle_ns: 19112604462750000 ns
[    0.029876] futex hash table entries: 1024 (order: 4, 65536 bytes, linear)
[    0.030098] kworker/u8:0 (32) used greatest stack depth: 12992 bytes left
[    0.030683] pinctrl core: initialized pinctrl subsystem
[    0.033037] DMI not present or invalid.
[    0.033148] softdog_kthread_create
[    0.034048] NET: Registered protocol family 16
[    0.035162] DMA: preallocated 256 KiB GFP_KERNEL pool for atomic allocations
[    0.035260] DMA: preallocated 256 KiB GFP_KERNEL|GFP_DMA pool for atomic allocations
[    0.035393] audit: initializing netlink subsys (disabled)
[    0.035625] audit cpu affinity init success
[    0.035734] audit: type=2000 audit(0.020:1): state=initialized audit_enabled=0 res=1
[    0.040387] thermal_sys: Registered thermal governor 'step_wise'
[    0.041065] cpuidle: using governor ladder
[    0.041133] cpuidle: using governor menu
[    0.041324] hw-breakpoint: found 6 breakpoint and 4 watchpoint registers.
[    0.041519] ASID allocator initialised with 65536 entries
[    0.042276] Serial: AMBA PL011 UART driver
[    0.134790] HugeTLB registered 1.00 GiB page size, pre-allocated 0 pages
[    0.134820] HugeTLB registered 32.0 MiB page size, pre-allocated 0 pages
[    0.134831] HugeTLB registered 2.00 MiB page size, pre-allocated 0 pages
[    0.134842] HugeTLB registered 64.0 KiB page size, pre-allocated 0 pages
[    0.138894] ACPI: Interpreter disabled.
[    0.139009] iommu: Default domain type: Translated 
[    0.140587] NetLabel: Initializing
[    0.141134] NetLabel:  domain hash size = 128
[    0.141156] NetLabel:  protocols = UNLABELED CIPSOv4 CALIPSO
[    0.141287] NetLabel:  unlabeled traffic allowed by default
[    0.142022] clocksource: Switched to clocksource arch_sys_counter
[    0.185951] VFS: Disk quotas dquot_6.6.0
[    0.186092] VFS: Dquot-cache hash table entries: 512 (order 0, 4096 bytes)
[    0.186595] pnp: PnP ACPI: disabled
[    0.213271] NET: Registered protocol family 2
[    0.213579] IP idents hash table entries: 32768 (order: 6, 262144 bytes, linear)
[    0.215575] tcp_listen_portaddr_hash hash table entries: 1024 (order: 3, 40960 bytes, linear)
[    0.215642] Table-perturb hash table entries: 65536 (order: 6, 262144 bytes, linear)
[    0.215716] TCP established hash table entries: 16384 (order: 5, 131072 bytes, linear)
[    0.215859] TCP bind hash table entries: 16384 (order: 7, 524288 bytes, linear)
[    0.216086] TCP: Hash tables configured (established 16384 bind 16384)
[    0.216288] UDP hash table entries: 1024 (order: 4, 98304 bytes, linear)
[    0.216413] UDP-Lite hash table entries: 1024 (order: 4, 98304 bytes, linear)
[    0.216810] NET: Registered protocol family 1
[    0.216867] PCI: CLS 0 bytes, default 64
[    0.217164] Trying to unpack rootfs image as initramfs...
[    0.449772] Freeing initrd memory: 5120K
[    0.450410] kvm [1]: KVM ncsnp disabled
[    0.450429] kvm [1]: KVM dvmbm disabled
[    0.450467] kvm [1]: IPA Size Limit: 40 bits
[    0.451495] kvm [1]: GICv3: no GICV resource entry
[    0.451511] kvm [1]: disabling GICv2 emulation
[    0.451547] kvm [1]: GIC system register CPU interface enabled
[    0.451773] kvm [1]: vgic interrupt IRQ16
[    0.452151] kvm [1]: Hyp mode initialized successfully
[    0.456410] modsign: There is no certification file
[    0.456445] modsign: There is only one cert or no cert
[    0.456457] Initialise system trusted keyrings
[    0.457399] workingset: timestamp_bits=43 max_order=19 bucket_order=0
[    0.470129] squashfs: version 4.0 (2009/01/31) Phillip Lougher
[    0.470585] Huawei Secure C library init
[    0.470609] cms cbb init
[    0.470937] modsign: create major 250 for module crl devs
[    0.514460] Key type asymmetric registered
[    0.514489] Asymmetric key parser 'x509' registered
[    0.514582] Block layer SCSI generic (bsg) driver version 0.4 loaded (major 249)
[    0.514806] io scheduler mq-deadline registered
[    0.624710] kworker/u8:0 (841) used greatest stack depth: 12784 bytes left
[    0.661077] create /sys/kernel/tty_status_trace succ.
[    0.661138] did not found ttyname.
[    0.661150] default tty_suspend_mode is 0.
[    0.661162] Serial: 8250/16550 driver, 4 ports, IRQ sharing disabled
[    0.661402] Serial: 8250/16550 suspend register ok.
[    0.661425] get_tty_suspend_info: mode is 0
[    0.664918] printk: console [ttyS0] disabled
[    0.665042] 8710000.uart: ttyS0 at MMIO 0x8710000 (irq = 23, base_baud = 6250000) is a 16550A
[    0.000000] Booting Linux on physical CPU 0x0000000000 [0x411fd050]
[    0.000000] Linux version 5.10.0 (oe-user@oe-host) (aarch64-euler-linux-gcc (BiSheng Embedded CPU 303.0.0.3.B001) 7.3.0, GNU ld (BiSheng Embedded CPU 303.0.0.3.B001) 2.41) #1 SMP PREEMPT Thu Sep 4 20:41:29 CST 2025
[    0.000000] Machine model: Hisilicon Hi1711 ASIC
[    0.000000] efi: UEFI not found.
[    0.000000] NUMA: No NUMA configuration found
[    0.000000] NUMA: Faking a node at [mem 0x0000000084be0000-0x00000000efffffff]
[    0.000000] NUMA: NODE_DATA [mem 0xeffe6640-0xeffe7fff]
[    0.000000] Zone ranges:
[    0.000000]   DMA      [mem 0x0000000084be0000-0x00000000efffffff]
[    0.000000]   Normal   empty
[    0.000000] Movable zone start for each node
[    0.000000] Early memory node ranges
[    0.000000]   node   0: [mem 0x0000000084be0000-0x0000000084bfefff]
[    0.000000]   node   0: [mem 0x0000000087200000-0x00000000efffffff]
[    0.000000] Initmem setup node 0 [mem 0x0000000084be0000-0x00000000efffffff]
[    0.000000] On node 0 totalpages: 429599
[    0.000000]   DMA zone: 6865 pages used for memmap
[    0.000000]   DMA zone: 0 pages reserved
[    0.000000]   DMA zone: 429599 pages, LIFO batch:63
[    0.000000] psci: probing for conduit method from DT.
[    0.000000] psci: PSCIv1.1 detected in firmware.
[    0.000000] psci: Using standard PSCI v0.2 function IDs
[    0.000000] psci: MIGRATE_INFO_TYPE not supported.
[    0.000000] psci: SMC Calling Convention v1.4
[    0.000000] [dts]:cpu type is 1711
[    0.000000] can't find led ctrl node, please check it
[    0.000000] percpu: Embedded 30 pages/cpu s85160 r8192 d29528 u122880
[    0.000000] pcpu-alloc: s85160 r8192 d29528 u122880 alloc=30*4096
[    0.000000] pcpu-alloc: [0] 0 [0] 1 [0] 2 [0] 3 
[    0.000000] Detected VIPT I-cache on CPU0
[    0.000000] CPU features: detected: GIC system register CPU interface
[    0.000000] CPU features: kernel page table isolation disabled by kernel configuration
[    0.000000] CPU features: detected: ARM errata 1165522, 1319367, or 1530923
[    0.000000] Built 1 zonelists, mobility grouping on.  Total pages: 422734
[    0.000000] Policy zone: DMA
[    0.000000] Kernel command line: console=ttyS0,115200n8N earlycon=uart8250,mmio32,0x08710000 initrd=${initrd_load_addr},${initrd_size} rdinit=/sbin/init rw ekbox=0x20000$0x84be0000 kbox_mem=0x2e0000@0x84900000 swift_irqsoff_enable swxn=1
[    0.000000] Fallback order for Node 0: 0 
[    0.000000] printk: log_buf_len individual max cpu contribution: 4096 bytes
[    0.000000] printk: log_buf_len total cpu_extra contributions: 12288 bytes
[    0.000000] printk: log_buf_len min size: 16384 bytes
[    0.000000] printk: log_buf_len: 32768 bytes
[    0.000000] printk: early log buf free: 13904(84%)
[    0.000000] Dentry cache hash table entries: 262144 (order: 9, 2097152 bytes, linear)
[    0.000000] Inode-cache hash table entries: 131072 (order: 8, 1048576 bytes, linear)
[    0.000000] mem auto-init: stack:off, heap alloc:off, heap free:off
[    0.000000] Memory: 1666608K/1718396K available (7808K kernel code, 922K rwdata, 1520K rodata, 1856K init, 2375K bss, 51788K reserved, 0K cma-reserved)
[    0.000000] SLUB: HWalign=64, Order=0-3, MinObjects=0, CPUs=4, Nodes=1
[    0.000000] kmemleak: Kernel memory leak detector disabled
[    0.665598] printk: console [ttyS0] enabled
[    0.667648] cacheinfo: Unable to detect cache hierarchy for CPU 0
[    0.686742] brd: module loaded
[    0.695177] loop: module loaded
[    0.697273] hw perfevents: enabled with armv8_pmuv3 PMU driver, 7 counters available
[    0.697918] fiq_glue_parse_source_common fiq source is 1!
[    0.697942] fiq_glue_parse_type_common fiq type is 0!
[    0.697954] fiq_glue_parse_buffer_offset_type fiq get cpu id type is default!
[    0.697968] fiq_glue_parse_clean_wdt fiq clean-wdt is 0!
[    0.697977] fiq_glue_parse_dead_loop fiq dead-loop is 1!
[    0.697986] fiq_glue_parse_invalid_cache fiq invalid-cache is 1!
[    0.697995] fiq_glue_parse_use_atf_under_same_image fiq use-atf-under-same-image is 0!
[    0.698005] fiq_glue_no_info_init fiq_num is 1, fiq_num_max is 16
[    0.698015] fiq_glue_no_info_init i 0 fiq-no 141
[    0.699885] KBOX: kbox:create region panic, size=65536
EKbox: ------------------starting reboot !------------------
EKbox: [UTC][2026.04.15 08:40:03-205367880][Clock][1638233353920]
EKbox: [__do_sys_reboot:359]
EKbox: [kernel_restart:253]
EKbox: [kernel_restart_prepare:78]
EKbox: [kernel_restart_prepare:83]
EKbox: [machine_restart:237]

EKbox head info:phyaddr=0x0000000084be0000, physize=0x1fffc, msgno=4
EKbox show message[3, 0x3319]:
                                                                                                                                                                                                                                                                
EKbox: kernel init success!
EKbox: memory init success!
[    0.000000] rcu: Preemptible hierarchical RCU implementation.
[    0.000000] rcu: 	RCU restricting CPUs from NR_CPUS=128 to nr_cpu_ids=4.
[    0.000000] 	Trampoline variant of Tasks RCU enabled.
[    0.000000] rcu: RCU calculated value of scheduler-enlistment delay is 10 jiffies.
[    0.000000] rcu: Adjusting geometry for rcu_fanout_leaf=16, nr_cpu_ids=4
[    0.000000] NR_IRQS: 64, nr_irqs: 64, preallocated irqs: 0
[    0.000000] GICv3: GIC: Using split EOI/Deactivate mode
[    0.000000] GICv3: 256 SPIs implemented
[    0.000000] GICv3: 0 Extended SPIs implemented
[    0.000000] GICv3: Distributor has no Range Selector support
[    0.000000] GICv3: 16 PPIs implemented
[    0.000000] GICv3: CPU0: found redistributor 0 region 0:0x0000000024040000
[    0.000000] rcu: 	Offload RCU callbacks from CPUs: (none).
EKbox: irq init success!
[    0.000000] arch_timer: cp15 timer(s) running at 25.00MHz (phys).
[    0.000000] clocksource: arch_sys_counter: mask: 0xffffffffffffff max_cycles: 0x5c40939b5, max_idle_ns: 440795202646 ns
[    0.010006] sched_clock: 56 bits at 25MHz, resolution 40ns, wraps every 4398046511100ns
[    0.010204] can't find led node, please check it
[    0.010215] Can't find led info in dtb,make sure there is no led on board
[    0.010444] Console: colour dummy device 80x25
EKbox: console init success!
[    0.010648] Calibrating delay loop (skipped), value calculated using timer frequency.. 50.00 BogoMIPS (lpj=250000)
[    0.010672] pid_max: default: 32768 minimum: 301
[    0.011084] LSM: Security Framework initializing
[    0.011121] Yama: becoming mindful.
[    0.011302] Mount-cache hash table entries: 4096 (order: 3, 32768 bytes, linear)
[    0.011330] Mountpoint-cache hash table entries: 4096 (order: 3, 32768 bytes, linear)
EKbox: SVN Last Changed Rev: 20250904204129
EKbox: mastercore load success!
[    0.014578] early_panic_init: Missing panic_core_isolate device node.
[    0.015498] rcu: Hierarchical SRCU implementation.
[    0.016096] dyndbg: Ignore empty _ddebug table in a CONFIG_DYNAMIC_DEBUG_CORE build
[    0.016259] EFI services will not be available.
[    0.016293] page_attr_early_init succeed
[    0.017003] smp: Bringing up secondary CPUs ...
EKbox: slavecore1 load success!
EKbox: slavecore2 load success!
EKbox: slavecore3 load success!
[    0.018433] Detected VIPT I-cache on CPU1
[    0.018484] GICv3: CPU1: found redistributor 100 region 0:0x0000000024060000
[    0.018563] CPU1: Booted secondary processor 0x0000000100 [0x411fd050]
[    0.020328] Detected VIPT I-cache on CPU2
[    0.020368] GICv3: CPU2: found redistributor 200 region 0:0x0000000024080000
[    0.020434] CPU2: Booted secondary processor 0x0000000200 [0x411fd050]
[    0.021934] Detected VIPT I-cache on CPU3
[    0.021971] GICv3: CPU3: found redistributor 300 region 0:0x00000000240a0000
[    0.022034] CPU3: Booted secondary processor 0x0000000300 [0x411fd050]
[    0.022218] smp: Brought up 1 node, 4 CPUs
[    0.022277] SMP: Total of 4 processors activated.
[    0.022289] CPU features: detected: Privileged Access Never
[    0.022299] CPU features: detected: 32-bit EL0 Support
[    0.022308] CPU features: detected: Common not Private translations
[    0.022317] CPU features: detected: Data cache clean to the PoU not required for I/D coherence
[    0.022326] CPU features: detected: CRC32 instructions
[    0.022334] CPU features: detected: Speculative Store Bypassing Safe (SSBS)
[    0.022343] CPU features: detected: 32-bit EL1 Support
[    0.022353] CPU features: detected: RCpc load-acquire (LDAPR)
[    0.023087] CPU: All CPU(s) started at EL2
[    0.023160] alternatives: patching kernel code
[    0.024543] devtmpfs: initialized
[    0.029046] KASLR enabled
[    0.029912] clocksource: jiffies: mask: 0xffffffff max_cycles: 0xffffffff, max_idle_ns: 19112604462750000 ns
[    0.030037] futex hash table entries: 1024 (order: 4, 65536 bytes, linear)
[    0.030186] kworker/u8:0 (32) used greatest stack depth: 12992 bytes left
[    0.030786] pinctrl core: initialized pinctrl subsystem
[    0.033133] DMI not present or invalid.
[    0.033241] softdog_kthread_create
[    0.034141] NET: Registered protocol family 16
[    0.035244] DMA: preallocated 256 KiB GFP_KERNEL pool for atomic allocations
[    0.035340] DMA: preallocated 256 KiB GFP_KERNEL|GFP_DMA pool for atomic allocations
[    0.035472] audit: initializing netlink subsys (disabled)
[    0.035707] audit cpu affinity init success
[    0.035813] audit: type=2000 audit(0.020:1): state=initialized audit_enabled=0 res=1
[    0.040367] thermal_sys: Registered thermal governor 'step_wise'
[    0.041057] cpuidle: using governor ladder
[    0.041130] cpuidle: using governor menu
[    0.041320] hw-breakpoint: found 6 breakpoint and 4 watchpoint registers.
[    0.041527] ASID allocator initialised with 65536 entries
[    0.041843] Serial: AMBA PL011 UART driver
[    0.093844] HugeTLB registered 1.00 GiB page size, pre-allocated 0 pages
[    0.093876] HugeTLB registered 32.0 MiB page size, pre-allocated 0 pages
[    0.093887] HugeTLB registered 2.00 MiB page size, pre-allocated 0 pages
[    0.093899] HugeTLB registered 64.0 KiB page size, pre-allocated 0 pages
[    0.099371] ACPI: Interpreter disabled.
[    0.099531] iommu: Default domain type: Translated 
[    0.101320] NetLabel: Initializing
[    0.101352] NetLabel:  domain hash size = 128
[    0.101362] NetLabel:  protocols = UNLABELED CIPSOv4 CALIPSO
[    0.101467] NetLabel:  unlabeled traffic allowed by default
[    0.102189] clocksource: Switched to clocksource arch_sys_counter
[    0.103011] kworker/u8:1 (343) used greatest stack depth: 12960 bytes left
[    0.146633] VFS: Disk quotas dquot_6.6.0
[    0.146745] VFS: Dquot-cache hash table entries: 512 (order 0, 4096 bytes)
[    0.147215] pnp: PnP ACPI: disabled
[    0.171525] NET: Registered protocol family 2
[    0.171801] IP idents hash table entries: 32768 (order: 6, 262144 bytes, linear)
[    0.173873] tcp_listen_portaddr_hash hash table entries: 1024 (order: 3, 40960 bytes, linear)
[    0.173940] Table-perturb hash table entries: 65536 (order: 6, 262144 bytes, linear)
[    0.174008] TCP established hash table entries: 16384 (order: 5, 131072 bytes, linear)
[    0.174152] TCP bind hash table entries: 16384 (order: 7, 524288 bytes, linear)
[    0.174378] TCP: Hash tables configured (established 16384 bind 16384)
[    0.174597] UDP hash table entries: 1024 (order: 4, 98304 bytes, linear)
[    0.174719] UDP-Lite hash table entries: 1024 (order: 4, 98304 bytes, linear)
[    0.175100] NET: Registered protocol family 1
[    0.175156] PCI: CLS 0 bytes, default 64
[    0.175430] Trying to unpack rootfs image as initramfs...
[    0.407701] Freeing initrd memory: 5120K
[    0.408362] kvm [1]: KVM ncsnp disabled
[    0.408382] kvm [1]: KVM dvmbm disabled
[    0.408419] kvm [1]: IPA Size Limit: 40 bits
[    0.409449] kvm [1]: GICv3: no GICV resource entry
[    0.409465] kvm [1]: disabling GICv2 emulation
[    0.409506] kvm [1]: GIC system register CPU interface enabled
[    0.409774] kvm [1]: vgic interrupt IRQ16
[    0.410034] kvm [1]: Hyp mode initialized successfully
[    0.414298] modsign: There is no certification file
[    0.414329] modsign: There is only one cert or no cert
[    0.414340] Initialise system trusted keyrings
[    0.414792] workingset: timestamp_bits=43 max_order=19 bucket_order=0
[    0.427508] squashfs: version 4.0 (2009/01/31) Phillip Lougher
[    0.427962] Huawei Secure C library init
[    0.427986] cms cbb init
[    0.428354] modsign: create major 250 for module crl devs
[    0.471465] Key type asymmetric registered
[    0.471493] Asymmetric key parser 'x509' registered
[    0.471586] Block layer SCSI generic (bsg) driver version 0.4 loaded (major 249)
[    0.471842] io scheduler mq-deadline registered
[    0.599685] create /sys/kernel/tty_status_trace succ.
[    0.599753] did not found ttyname.
[    0.599766] default tty_suspend_mode is 0.
[    0.599779] Serial: 8250/16550 driver, 4 ports, IRQ sharing disabled
[    0.600019] Serial: 8250/16550 suspend register ok.
[    0.600040] get_tty_suspend_info: mode is 0
[    0.603480] printk: console [ttyS0] disabled
[    0.603603] 8710000.uart: ttyS0 at MMIO 0x8710000 (irq = 23, base_baud = 6250000) is a 16550A
[    0.000000] Booting Linux on physical CPU 0x0000000000 [0x411fd050]
[    0.000000] Linux version 5.10.0 (oe-user@oe-host) (aarch64-euler-linux-gcc (BiSheng Embedded CPU 303.0.0.3.B001) 7.3.0, GNU ld (BiSheng Embedded CPU 303.0.0.3.B001) 2.41) #1 SMP PREEMPT Thu Sep 4 20:41:29 CST 2025
[    0.000000] Machine model: Hisilicon Hi1711 ASIC
[    0.000000] efi: UEFI not found.
[    0.000000] NUMA: No NUMA configuration found
[    0.000000] NUMA: Faking a node at [mem 0x0000000084be0000-0x00000000efffffff]
[    0.000000] NUMA: NODE_DATA [mem 0xeffe6640-0xeffe7fff]
[    0.000000] Zone ranges:
[    0.000000]   DMA      [mem 0x0000000084be0000-0x00000000efffffff]
[    0.000000]   Normal   empty
[    0.000000] Movable zone start for each node
[    0.000000] Early memory node ranges
[    0.000000]   node   0: [mem 0x0000000084be0000-0x0000000084bfefff]
[    0.000000]   node   0: [mem 0x0000000087200000-0x00000000efffffff]
[    0.000000] Initmem setup node 0 [mem 0x0000000084be0000-0x00000000efffffff]
[    0.000000] On node 0 totalpages: 429599
[    0.000000]   DMA zone: 6865 pages used for memmap
[    0.000000]   DMA zone: 0 pages reserved
[    0.000000]   DMA zone: 429599 pages, LIFO batch:63
[    0.000000] psci: probing for conduit method from DT.
[    0.000000] psci: PSCIv1.1 detected in firmware.
[    0.000000] psci: Using standard PSCI v0.2 function IDs
[    0.000000] psci: MIGRATE_INFO_TYPE not supported.
[    0.000000] psci: SMC Calling Convention v1.4
[    0.000000] [dts]:cpu type is 1711
[    0.000000] can't find led ctrl node, please check it
[    0.000000] percpu: Embedded 30 pages/cpu s85160 r8192 d29528 u122880
[    0.000000] pcpu-alloc: s85160 r8192 d29528 u122880 alloc=30*4096
[    0.000000] pcpu-alloc: [0] 0 [0] 1 [0] 2 [0] 3 
[    0.000000] Detected VIPT I-cache on CPU0
[    0.000000] CPU features: detected: GIC system register CPU interface
[    0.000000] CPU features: kernel page table isolation disabled by kernel configuration
[    0.000000] CPU features: detected: ARM errata 1165522, 1319367, or 1530923
[    0.000000] Built 1 zonelists, mobility grouping on.  Total pages: 422734
[    0.000000] Policy zone: DMA
[    0.000000] Kernel command line: console=ttyS0,115200n8N earlycon=uart8250,mmio32,0x08710000 initrd=${initrd_load_addr},${initrd_size} rdinit=/sbin/init rw ekbox=0x20000$0x84be0000 kbox_mem=0x2e0000@0x84900000 swift_irqsoff_enable swxn=1
[    0.000000] Fallback order for Node 0: 0 
[    0.000000] printk: log_buf_len individual max cpu contribution: 4096 bytes
[    0.000000] printk: log_buf_len total cpu_extra contributions: 12288 bytes
[    0.000000] printk: log_buf_len min size: 16384 bytes
[    0.000000] printk: log_buf_len: 32768 bytes
[    0.000000] printk: early log buf free: 13904(84%)
[    0.000000] Dentry cache hash table entries: 262144 (order: 9, 2097152 bytes, linear)
[    0.000000] Inode-cache hash table entries: 131072 (order: 8, 1048576 bytes, linear)
[    0.000000] mem auto-init: stack:off, heap alloc:off, heap free:off
[    0.000000] Memory: 1666608K/1718396K available (7808K kernel code, 922K rwdata, 1520K rodata, 1856K init, 2375K bss, 51788K reserved, 0K cma-reserved)
[    0.000000] SLUB: HWalign=64, Order=0-3, MinObjects=0, CPUs=4, Nodes=1
[    0.000000] kmemleak: Kernel memory leak detector disabled
[    0.604118] printk: console [ttyS0] enabled
[    0.606132] cacheinfo: Unable to detect cache hierarchy for CPU 0
[    0.624550] brd: module loaded
[    0.633319] loop: module loaded
[    0.635473] hw perfevents: enabled with armv8_pmuv3 PMU driver, 7 counters available
[    0.636122] fiq_glue_parse_source_common fiq source is 1!
[    0.636147] fiq_glue_parse_type_common fiq type is 0!
[    0.636159] fiq_glue_parse_buffer_offset_type fiq get cpu id type is default!
[    0.636172] fiq_glue_parse_clean_wdt fiq clean-wdt is 0!
[    0.636182] fiq_glue_parse_dead_loop fiq dead-loop is 1!
[    0.636191] fiq_glue_parse_invalid_cache fiq invalid-cache is 1!
[    0.636200] fiq_glue_parse_use_atf_under_same_image fiq use-atf-under-same-image is 0!
[    0.636209] fiq_glue_no_info_init fiq_num is 1, fiq_num_max is 16
[    0.636220] fiq_glue_no_info_init i 0 fiq-no 141
[    0.638016] KBOX: kbox:create region panic, size=65536
EKbox: ------------------starting reboot !------------------
EKbox: [UTC][2026.04.15 09:17:06-408959880][Clock][2190423373320]
EKbox: [__do_sys_reboot:359]
EKbox: [kernel_restart:253]
EKbox: [kernel_restart_prepare:78]
EKbox: [kernel_restart_prepare:83]
EKbox: [machine_restart:237]

EKbox head info:phyaddr=0x0000000084be0000, physize=0x1fffc, msgno=4
EKbox show message[4, 0x31b0]:
                                                                                                                                                                                                                                                                
EKbox: kernel init success!
EKbox: memory init success!
[    0.000000] rcu: Preemptible hierarchical RCU implementation.
[    0.000000] rcu: 	RCU restricting CPUs from NR_CPUS=128 to nr_cpu_ids=4.
[    0.000000] 	Trampoline variant of Tasks RCU enabled.
[    0.000000] rcu: RCU calculated value of scheduler-enlistment delay is 10 jiffies.
[    0.000000] rcu: Adjusting geometry for rcu_fanout_leaf=16, nr_cpu_ids=4
[    0.000000] NR_IRQS: 64, nr_irqs: 64, preallocated irqs: 0
[    0.000000] GICv3: GIC: Using split EOI/Deactivate mode
[    0.000000] GICv3: 256 SPIs implemented
[    0.000000] GICv3: 0 Extended SPIs implemented
[    0.000000] GICv3: Distributor has no Range Selector support
[    0.000000] GICv3: 16 PPIs implemented
[    0.000000] GICv3: CPU0: found redistributor 0 region 0:0x0000000024040000
[    0.000000] rcu: 	Offload RCU callbacks from CPUs: (none).
EKbox: irq init success!
[    0.000000] arch_timer: cp15 timer(s) running at 25.00MHz (phys).
[    0.000000] clocksource: arch_sys_counter: mask: 0xffffffffffffff max_cycles: 0x5c40939b5, max_idle_ns: 440795202646 ns
[    0.010006] sched_clock: 56 bits at 25MHz, resolution 40ns, wraps every 4398046511100ns
[    0.010210] can't find led node, please check it
[    0.010220] Can't find led info in dtb,make sure there is no led on board
[    0.010456] Console: colour dummy device 80x25
EKbox: console init success!
[    0.010660] Calibrating delay loop (skipped), value calculated using timer frequency.. 50.00 BogoMIPS (lpj=250000)
[    0.010685] pid_max: default: 32768 minimum: 301
[    0.011099] LSM: Security Framework initializing
[    0.011134] Yama: becoming mindful.
[    0.011314] Mount-cache hash table entries: 4096 (order: 3, 32768 bytes, linear)
[    0.011341] Mountpoint-cache hash table entries: 4096 (order: 3, 32768 bytes, linear)
EKbox: SVN Last Changed Rev: 20250904204129
EKbox: mastercore load success!
[    0.014626] early_panic_init: Missing panic_core_isolate device node.
[    0.015554] rcu: Hierarchical SRCU implementation.
[    0.016154] dyndbg: Ignore empty _ddebug table in a CONFIG_DYNAMIC_DEBUG_CORE build
[    0.016320] EFI services will not be available.
[    0.016354] page_attr_early_init succeed
[    0.017089] smp: Bringing up secondary CPUs ...
EKbox: slavecore1 load success!
EKbox: slavecore2 load success!
EKbox: slavecore3 load success!
[    0.018537] Detected VIPT I-cache on CPU1
[    0.018587] GICv3: CPU1: found redistributor 100 region 0:0x0000000024060000
[    0.018668] CPU1: Booted secondary processor 0x0000000100 [0x411fd050]
[    0.020419] Detected VIPT I-cache on CPU2
[    0.020456] GICv3: CPU2: found redistributor 200 region 0:0x0000000024080000
[    0.020522] CPU2: Booted secondary processor 0x0000000200 [0x411fd050]
[    0.022011] Detected VIPT I-cache on CPU3
[    0.022048] GICv3: CPU3: found redistributor 300 region 0:0x00000000240a0000
[    0.022113] CPU3: Booted secondary processor 0x0000000300 [0x411fd050]
[    0.022295] smp: Brought up 1 node, 4 CPUs
[    0.022354] SMP: Total of 4 processors activated.
[    0.022367] CPU features: detected: Privileged Access Never
[    0.022376] CPU features: detected: 32-bit EL0 Support
[    0.022385] CPU features: detected: Common not Private translations
[    0.022394] CPU features: detected: Data cache clean to the PoU not required for I/D coherence
[    0.022403] CPU features: detected: CRC32 instructions
[    0.022411] CPU features: detected: Speculative Store Bypassing Safe (SSBS)
[    0.022420] CPU features: detected: 32-bit EL1 Support
[    0.022431] CPU features: detected: RCpc load-acquire (LDAPR)
[    0.023163] CPU: All CPU(s) started at EL2
[    0.023236] alternatives: patching kernel code
[    0.024612] devtmpfs: initialized
[    0.029099] KASLR enabled
[    0.029958] clocksource: jiffies: mask: 0xffffffff max_cycles: 0xffffffff, max_idle_ns: 19112604462750000 ns
[    0.030060] futex hash table entries: 1024 (order: 4, 65536 bytes, linear)
[    0.030228] kworker/u8:0 (32) used greatest stack depth: 12992 bytes left
[    0.030789] pinctrl core: initialized pinctrl subsystem
[    0.033111] DMI not present or invalid.
[    0.033215] softdog_kthread_create
[    0.034114] NET: Registered protocol family 16
[    0.035221] DMA: preallocated 256 KiB GFP_KERNEL pool for atomic allocations
[    0.035320] DMA: preallocated 256 KiB GFP_KERNEL|GFP_DMA pool for atomic allocations
[    0.035448] audit: initializing netlink subsys (disabled)
[    0.035679] audit cpu affinity init success
[    0.035787] audit: type=2000 audit(0.020:1): state=initialized audit_enabled=0 res=1
[    0.040371] thermal_sys: Registered thermal governor 'step_wise'
[    0.041078] cpuidle: using governor ladder
[    0.041153] cpuidle: using governor menu
[    0.041353] hw-breakpoint: found 6 breakpoint and 4 watchpoint registers.
[    0.041547] ASID allocator initialised with 65536 entries
[    0.042343] Serial: AMBA PL011 UART driver
[    0.129488] HugeTLB registered 1.00 GiB page size, pre-allocated 0 pages
[    0.129520] HugeTLB registered 32.0 MiB page size, pre-allocated 0 pages
[    0.129532] HugeTLB registered 2.00 MiB page size, pre-allocated 0 pages
[    0.129543] HugeTLB registered 64.0 KiB page size, pre-allocated 0 pages
[    0.137066] ACPI: Interpreter disabled.
[    0.137258] iommu: Default domain type: Translated 
[    0.138778] NetLabel: Initializing
[    0.138806] NetLabel:  domain hash size = 128
[    0.138815] NetLabel:  protocols = UNLABELED CIPSOv4 CALIPSO
[    0.139245] NetLabel:  unlabeled traffic allowed by default
[    0.140090] clocksource: Switched to clocksource arch_sys_counter
[    0.184119] VFS: Disk quotas dquot_6.6.0
[    0.184257] VFS: Dquot-cache hash table entries: 512 (order 0, 4096 bytes)
[    0.184790] pnp: PnP ACPI: disabled
[    0.203145] NET: Registered protocol family 2
[    0.203436] IP idents hash table entries: 32768 (order: 6, 262144 bytes, linear)
[    0.205566] tcp_listen_portaddr_hash hash table entries: 1024 (order: 3, 40960 bytes, linear)
[    0.205629] Table-perturb hash table entries: 65536 (order: 6, 262144 bytes, linear)
[    0.205697] TCP established hash table entries: 16384 (order: 5, 131072 bytes, linear)
[    0.205843] TCP bind hash table entries: 16384 (order: 7, 524288 bytes, linear)
[    0.206069] TCP: Hash tables configured (established 16384 bind 16384)
[    0.206269] UDP hash table entries: 1024 (order: 4, 98304 bytes, linear)
[    0.206390] UDP-Lite hash table entries: 1024 (order: 4, 98304 bytes, linear)
[    0.206795] NET: Registered protocol family 1
[    0.206854] PCI: CLS 0 bytes, default 64
[    0.207107] Trying to unpack rootfs image as initramfs...
[    0.438998] Freeing initrd memory: 5120K
[    0.439641] kvm [1]: KVM ncsnp disabled
[    0.439662] kvm [1]: KVM dvmbm disabled
[    0.439699] kvm [1]: IPA Size Limit: 40 bits
[    0.440855] kvm [1]: GICv3: no GICV resource entry
[    0.440878] kvm [1]: disabling GICv2 emulation
[    0.440913] kvm [1]: GIC system register CPU interface enabled
[    0.441136] kvm [1]: vgic interrupt IRQ16
[    0.441377] kvm [1]: Hyp mode initialized successfully
[    0.445533] modsign: There is no certification file
[    0.445570] modsign: There is only one cert or no cert
[    0.445581] Initialise system trusted keyrings
[    0.446465] workingset: timestamp_bits=43 max_order=19 bucket_order=0
[    0.459250] squashfs: version 4.0 (2009/01/31) Phillip Lougher
[    0.459760] Huawei Secure C library init
[    0.459785] cms cbb init
[    0.460341] modsign: create major 250 for module crl devs
[    0.502994] Key type asymmetric registered
[    0.503024] Asymmetric key parser 'x509' registered
[    0.503167] Block layer SCSI generic (bsg) driver version 0.4 loaded (major 249)
[    0.503487] io scheduler mq-deadline registered
[    0.615601] create /sys/kernel/tty_status_trace succ.
[    0.615666] did not found ttyname.
[    0.615679] default tty_suspend_mode is 0.
[    0.615692] Serial: 8250/16550 driver, 4 ports, IRQ sharing disabled
[    0.615932] Serial: 8250/16550 suspend register ok.
[    0.615957] get_tty_suspend_info: mode is 0
[    0.619145] printk: console [ttyS0] disabled
[    0.619270] 8710000.uart: ttyS0 at MMIO 0x8710000 (irq = 23, base_baud = 6250000) is a 16550A
[    0.000000] Booting Linux on physical CPU 0x0000000000 [0x411fd050]
[    0.000000] Linux version 5.10.0 (oe-user@oe-host) (aarch64-euler-linux-gcc (BiSheng Embedded CPU 303.0.0.3.B001) 7.3.0, GNU ld (BiSheng Embedded CPU 303.0.0.3.B001) 2.41) #1 SMP PREEMPT Thu Sep 4 20:41:29 CST 2025
[    0.000000] Machine model: Hisilicon Hi1711 ASIC
[    0.000000] efi: UEFI not found.
[    0.000000] NUMA: No NUMA configuration found
[    0.000000] NUMA: Faking a node at [mem 0x0000000084be0000-0x00000000efffffff]
[    0.000000] NUMA: NODE_DATA [mem 0xeffe6640-0xeffe7fff]
[    0.000000] Zone ranges:
[    0.000000]   DMA      [mem 0x0000000084be0000-0x00000000efffffff]
[    0.000000]   Normal   empty
[    0.000000] Movable zone start for each node
[    0.000000] Early memory node ranges
[    0.000000]   node   0: [mem 0x0000000084be0000-0x0000000084bfefff]
[    0.000000]   node   0: [mem 0x0000000087200000-0x00000000efffffff]
[    0.000000] Initmem setup node 0 [mem 0x0000000084be0000-0x00000000efffffff]
[    0.000000] On node 0 totalpages: 429599
[    0.000000]   DMA zone: 6865 pages used for memmap
[    0.000000]   DMA zone: 0 pages reserved
[    0.000000]   DMA zone: 429599 pages, LIFO batch:63
[    0.000000] psci: probing for conduit method from DT.
[    0.000000] psci: PSCIv1.1 detected in firmware.
[    0.000000] psci: Using standard PSCI v0.2 function IDs
[    0.000000] psci: MIGRATE_INFO_TYPE not supported.
[    0.000000] psci: SMC Calling Convention v1.4
[    0.000000] [dts]:cpu type is 1711
[    0.000000] can't find led ctrl node, please check it
[    0.000000] percpu: Embedded 30 pages/cpu s85160 r8192 d29528 u122880
[    0.000000] pcpu-alloc: s85160 r8192 d29528 u122880 alloc=30*4096
[    0.000000] pcpu-alloc: [0] 0 [0] 1 [0] 2 [0] 3 
[    0.000000] Detected VIPT I-cache on CPU0
[    0.000000] CPU features: detected: GIC system register CPU interface
[    0.000000] CPU features: kernel page table isolation disabled by kernel configuration
[    0.000000] CPU features: detected: ARM errata 1165522, 1319367, or 1530923
[    0.000000] Built 1 zonelists, mobility grouping on.  Total pages: 422734
[    0.000000] Policy zone: DMA
[    0.000000] Kernel command line: console=ttyS0,115200n8N earlycon=uart8250,mmio32,0x08710000 initrd=${initrd_load_addr},${initrd_size} rdinit=/sbin/init rw ekbox=0x20000$0x84be0000 kbox_mem=0x2e0000@0x84900000 swift_irqsoff_enable swxn=1
[    0.000000] Fallback order for Node 0: 0 
[    0.000000] printk: log_buf_len individual max cpu contribution: 4096 bytes
[    0.000000] printk: log_buf_len total cpu_extra contributions: 12288 bytes
[    0.000000] printk: log_buf_len min size: 16384 bytes
[    0.000000] printk: log_buf_len: 32768 bytes
[    0.000000] printk: early log buf free: 13904(84%)
[    0.000000] Dentry cache hash table entries: 262144 (order: 9, 2097152 bytes, linear)
[    0.000000] Inode-cache hash table entries: 131072 (order: 8, 1048576 bytes, linear)
[    0.000000] mem auto-init: stack:off, heap alloc:off, heap free:off
[    0.000000] Memory: 1666608K/1718396K available (7808K kernel code, 922K rwdata, 1520K rodata, 1856K init, 2375K bss, 51788K reserved, 0K cma-reserved)
[    0.000000] SLUB: HWalign=64, Order=0-3, MinObjects=0, CPUs=4, Nodes=1
[    0.000000] kmemleak: Kernel memory leak detector disabled
[    0.619827] printk: console [ttyS0] enabled
[    0.622108] cacheinfo: Unable to detect cache hierarchy for CPU 0
[    0.640025] brd: module loaded
[    0.648562] loop: module loaded
[    0.650729] hw perfevents: enabled with armv8_pmuv3 PMU driver, 7 counters available
[    0.651367] fiq_glue_parse_source_common fiq source is 1!
[    0.651391] fiq_glue_parse_type_common fiq type is 0!
[    0.651402] fiq_glue_parse_buffer_offset_type fiq get cpu id type is default!
[    0.651414] fiq_glue_parse_clean_wdt fiq clean-wdt is 0!
[    0.651424] fiq_glue_parse_dead_loop fiq dead-loop is 1!
[    0.651433] fiq_glue_parse_invalid_cache fiq invalid-cache is 1!
[    0.651443] fiq_glue_parse_use_atf_under_same_image fiq use-atf-under-same-image is 0!
[    0.651452] fiq_glue_no_info_init fiq_num is 1, fiq_num_max is 16
[    0.651462] fiq_glue_no_info_init i 0 fiq-no 141
[    0.653195] KBOX: kbox:create region panic, size=65536

cat /proc/kbox/regions/panic
[20260415081518][I2C-06-RT<-5|-5>] M<0x64|0x0|0x0|3|10> L<15|0|0> C<15|0|0> E<0x1|0x0|0x0|0x1> I<0x0|0x710|0x0>
[20260415081518][I2C-06-RT<-5|-5>] M<0x64|0x0|0x0|3|10> L<15|0|0> C<15|0|0> E<0x1|0x0|0x0|0x1> I<0x0|0x710|0x0>
[20260415081520][I2C-06-RT<-5|-5>] M<0x64|0x0|0x0|3|10> L<15|0|0> C<15|0|0> E<0x1|0x0|0x0|0x1> I<0x0|0x710|0x0>
[20260415081520][I2C-06-RT<-5|-5>] M<0x64|0x0|0x0|3|10> L<15|0|0> C<15|0|0> E<0x1|0x0|0x0|0x1> I<0x0|0x710|0x0>
[20260415081520][I2C-06-RT<-5|-5>] M<0x64|0x0|0x0|3|10> L<15|0|0> C<15|0|0> E<0x1|0x0|0x0|0x1> I<0x0|0x710|0x0>
[20260415081520][I2C-06-RT<-5|-5>] M<0x64|0x0|0x0|3|10> L<15|0|0> C<15|0|0> E<0x1|0x0|0x0|0x1> I<0x0|0x710|0x0>
[20260415081520][I2C-06-RT<-5|-5>] M<0x64|0x0|0x0|3|10> L<15|0|0> C<15|0|0> E<0x1|0x0|0x0|0x1> I<0x0|0x710|0x0>
[20260415081520][I2C-06-RT<-5|-5>] M<0x64|0x0|0x0|3|10> L<15|0|0> C<15|0|0> E<0x1|0x0|0x0|0x1> I<0x0|0x710|0x0>
[20260415081521][I2C-06-RT<-5|-5>] M<0x64|0x0|0x0|3|10> L<15|0|0> C<15|0|0> E<0x1|0x0|0x0|0x1> I<0x0|0x710|0x0>
[20260415081521][I2C-06-RT<-5|-5>] M<0x64|0x0|0x0|3|10> L<15|0|0> C<15|0|0> E<0x1|0x0|0x0|0x1> I<0x0|0x710|0x0>
[20260415081521][I2C-06-RT<-5|-5>] M<0x64|0x0|0x0|3|10> L<15|0|0> C<15|0|0> E<0x1|0x0|0x0|0x1> I<0x0|0x710|0x0>
[20260415081521][I2C-06-RT<-5|-5>] M<0x64|0x0|0x0|3|10> L<15|0|0> C<15|0|0> E<0x1|0x0|0x0|0x1> I<0x0|0x710|0x0>
[20260415081521][I2C-06-RT<-5|-5>] M<0x64|0x0|0x0|3|10> L<15|0|0> C<15|0|0> E<0x1|0x0|0x0|0x1> I<0x0|0x710|0x0>
[20260415081521][I2C-06-RT<-5|-5>] M<0x64|0x0|0x0|3|10> L<15|0|0> C<15|0|0> E<0x1|0x0|0x0|0x1> I<0x0|0x710|0x0>
[20260415081522][I2C-06-RT<-5|-5>] M<0x64|0x0|0x0|3|10> L<15|0|0> C<15|0|0> E<0x1|0x0|0x0|0x1> I<0x0|0x710|0x0>
[20260415081522][I2C-06-RT<-5|-5>] M<0x64|0x0|0x0|3|10> L<15|0|0> C<15|0|0> E<0x1|0x0|0x0|0x1> I<0x0|0x710|0x0>
[20260415081522][I2C-06-RT<-5|-5>] M<0x64|0x0|0x0|3|10> L<15|0|0> C<15|0|0> E<0x1|0x0|0x0|0x1> I<0x0|0x510|0x0>
[20260415081522][I2C-06-RT<-5|-5>] M<0x64|0x0|0x0|3|10> L<15|0|0> C<15|0|0> E<0x1|0x0|0x0|0x1> I<0x0|0x710|0x0>
[20260415081522][I2C-06-RT<-5|-5>] M<0x64|0x0|0x0|3|10> L<15|0|0> C<15|0|0> E<0x1|0x0|0x0|0x1> I<0x0|0x710|0x0>
[20260415081527][I2C-08-RT<-5|-5>] M<0x47|0x1|0x0|1|10> L<1|1|0> C<1|0|1> E<0x801|0x0|0x0|0x1> I<0x0|0x710|0x0>
[20260415081527][I2C-08-RT<-5|-5>] M<0x21|0x1|0x0|1|10> L<1|1|0> C<1|0|1> E<0x801|0x0|0x0|0x1> I<0x0|0x710|0x0>
[20260415081627][I2C-08-RT<-5|-5>] M<0x47|0x1|0x0|1|10> L<1|1|0> C<1|0|1> E<0x801|0x0|0x0|0x1> I<0x0|0x510|0x0>
[20260415081628][I2C-08-RT<-5|-5>] M<0x21|0x1|0x0|1|10> L<1|1|0> C<1|0|1> E<0x801|0x0|0x0|0x1> I<0x0|0x710|0x0>
[20260415081727][I2C-08-RT<-5|-5>] M<0x47|0x1|0x0|1|10> L<1|1|0> C<1|0|1> E<0x801|0x0|0x0|0x1> I<0x0|0x510|0x0>
[20260415081728][I2C-08-RT<-5|-5>] M<0x21|0x1|0x0|1|10> L<1|1|0> C<1|0|1> E<0x801|0x0|0x0|0x1> I<0x0|0x710|0x0>
[20260415081828][I2C-08-RT<-5|-5>] M<0x47|0x1|0x0|1|10> L<1|1|0> C<1|0|1> E<0x801|0x0|0x0|0x1> I<0x0|0x710|0x0>
[20260415081828][I2C-08-RT<-5|-5>] M<0x21|0x1|0x0|1|10> L<1|1|0> C<1|0|1> E<0x801|0x0|0x0|0x1> I<0x0|0x710|0x0>
[20260415081928][I2C-08-RT<-5|-5>] M<0x47|0x1|0x0|1|10> L<1|1|0> C<1|0|1> E<0x801|0x0|0x0|0x1> I<0x0|0x710|0x0>
[20260415081928][I2C-08-RT<-5|-5>] M<0x21|0x1|0x0|1|10> L<1|1|0> C<1|0|1> E<0x801|0x0|0x0|0x1> I<0x0|0x710|0x0>
[20260415082028][I2C-08-RT<-5|-5>] M<0x47|0x1|0x0|1|10> L<1|1|0> C<1|0|1> E<0x801|0x0|0x0|0x1> I<0x0|0x710|0x0>
[20260415082028][I2C-08-RT<-5|-5>] M<0x21|0x1|0x0|1|10> L<1|1|0> C<1|0|1> E<0x801|0x0|0x0|0x1> I<0x0|0x710|0x0>
[20260415082128][I2C-08-RT<-5|-5>] M<0x47|0x1|0x0|1|10> L<1|1|0> C<1|0|1> E<0x801|0x0|0x0|0x1> I<0x0|0x510|0x0>
[20260415082128][I2C-08-RT<-5|-5>] M<0x21|0x1|0x0|1|10> L<1|1|0> C<1|0|1> E<0x801|0x0|0x0|0x1> I<0x0|0x710|0x0>
[20260415082228][I2C-08-RT<-5|-5>] M<0x47|0x1|0x0|1|10> L<1|1|0> C<1|0|1> E<0x801|0x0|0x0|0x1> I<0x0|0x710|0x0>
[20260415082228][I2C-08-RT<-5|-5>] M<0x21|0x1|0x0|1|10> L<1|1|0> C<1|0|1> E<0x801|0x0|0x0|0x1> I<0x0|0x710|0x0>
[20260415082328][I2C-08-RT<-5|-5>] M<0x47|0x1|0x0|1|10> L<1|1|0> C<1|0|1> E<0x801|0x0|0x0|0x1> I<0x0|0x710|0x0>
[20260415082328][I2C-08-RT<-5|-5>] M<0x21|0x1|0x0|1|10> L<1|1|0> C<1|0|1> E<0x801|0x0|0x0|0x1> I<0x0|0x710|0x0>
[20260415082428][I2C-08-RT<-5|-5>] M<0x47|0x1|0x0|1|10> L<1|1|0> C<1|0|1> E<0x801|0x0|0x0|0x1> I<0x0|0x710|0x0>
[20260415082428][I2C-08-RT<-5|-5>] M<0x21|0x1|0x0|1|10> L<1|1|0> C<1|0|1> E<0x801|0x0|0x0|0x1> I<0x0|0x710|0x0>
[20260415082528][I2C-08-RT<-5|-5>] M<0x47|0x1|0x0|1|10> L<1|1|0> C<1|0|1> E<0x801|0x0|0x0|0x1> I<0x0|0x510|0x0>
[20260415082529][I2C-08-RT<-5|-5>] M<0x21|0x1|0x0|1|10> L<1|1|0> C<1|0|1> E<0x801|0x0|0x0|0x1> I<0x0|0x510|0x0>
[20260415082628][I2C-08-RT<-5|-5>] M<0x47|0x1|0x0|1|10> L<1|1|0> C<1|0|1> E<0x801|0x0|0x0|0x1> I<0x0|0x710|0x0>
[20260415082629][I2C-08-RT<-5|-5>] M<0x21|0x1|0x0|1|10> L<1|1|0> C<1|0|1> E<0x801|0x0|0x0|0x1> I<0x0|0x710|0x0>
[20260415082729][I2C-08-RT<-5|-5>] M<0x47|0x1|0x0|1|10> L<1|1|0> C<1|0|1> E<0x801|0x0|0x0|0x1> I<0x0|0x710|0x0>
[20260415082729][I2C-08-RT<-5|-5>] M<0x21|0x1|0x0|1|10> L<1|1|0> C<1|0|1> E<0x801|0x0|0x0|0x1> I<0x0|0x710|0x0>
[20260415082829][I2C-08-RT<-5|-5>] M<0x47|0x1|0x0|1|10> L<1|1|0> C<1|0|1> E<0x801|0x0|0x0|0x1> I<0x0|0x710|0x0>
[20260415082829][I2C-08-RT<-5|-5>] M<0x21|0x1|0x0|1|10> L<1|1|0> C<1|0|1> E<0x801|0x0|0x0|0x1> I<0x0|0x710|0x0>
[20260415083929]EXT4-fs (mmcblk0gp1): mounted filesystem a578aeb2-73b2-434e-870c-5027ac60059f ro with ordered data mode. Opts: (null)
[20260415083929]EXT4-fs (mmcblk0gp1): unmounting filesystem a578aeb2-73b2-434e-870c-5027ac60059f.
[20260415083956]60,2026-04-15 08:39:56,3533,gpio_cmd_get_int_event,1321,gpio_get_int_event errs(-4)
[20260415083957]61,2026-04-15 08:39:57,3582,btc_recv_data,234,btc(1) recv req msg ERESTARTSYS, btc_state(0).
[20260415083957]62,2026-04-15 08:39:57,3562,ipmb_cmd_check_data_readable,1285,ipmb check read was interrupted, ret = -4
[20260415083957]63,2026-04-15 08:39:57,3581,btc_recv_data,234,btc(0) recv req msg ERESTARTSYS, btc_state(0).
[20260415083957]usb device-0: detach driver
[20260415083957]usb device-0: gadget disconnect 
[20260415083957]usb device-0: reset configuration. gadget state <7> 
[20260415083957]usb device-0: Keyboard disabled 
[20260415083957]usb device-0: Mouse disabled 
[20260415083957]usb device-0: gadget unbind 
[20260415083957]dwc3 8800000.dwc3: request ffff0a3cfcd04600 was not queued to ep1in
[20260415083957]dwc3 8800000.dwc3: request ffff0a3cfcd04f00 was not queued to ep2in
[20260415084000]hisport_cdev: 1336, listen thread end, ret=0
[20260415084001]EXT4-fs (mmcblk0gp3): unmounting filesystem 08cfa917-2338-44e8-8298-f8a413d99344.
[20260415084001]EXT4-fs (loop0): unmounting filesystem 8e264243-c592-4963-b675-87536801cb2d.
[20260415084001]EXT4-fs (mmcblk0p7): unmounting filesystem 738c1443-4eb3-4865-81c8-8d06b616eeef.
[20260415084001]systemd-journald[1248]: Received client request to relinquish /var/log/journal/73ebf38e24f2487bac187687dcd62de4 access.
[20260415084001]EXT4-fs (mmcblk0p9): unmounting filesystem 29623499-ab13-4d64-bdac-7b401920dd8f.
[20260415084002]systemd-shutdown[1]: Syncing filesystems and block devices.
[20260415084002]systemd-shutdown[1]: Sending SIGTERM to remaining processes...
[20260415084002]systemd-journald[1248]: Received SIGTERM from PID 1 (systemd-shutdow).
[20260415084002]nginx (3122) used greatest stack depth: 10272 bytes left
[20260415084002]systemd-shutdown[1]: Sending SIGKILL to remaining processes...
[20260415084002]systemd-shutdown[1]: Unmounting file systems.
[20260415084002](sd-remount)[8930]: Remounting '/data' read-only in with options '(null)'.
[20260415084002](sd-remount)[8930]: Failed to remount '/data' read-only: Device or resource busy
[20260415084002](sd-umount)[8931]: Unmounting '/data'.
[20260415084002](sd-umount)[8931]: Failed to unmount /data: Device or resource busy
[20260415084002]systemd-shutdown[1]: Not all file systems unmounted, 1 left.
[20260415084002]systemd-shutdown[1]: Deactivating swaps.
[20260415084002]systemd-shutdown[1]: All swaps deactivated.
[20260415084002]systemd-shutdown[1]: Detaching loop devices.
[20260415084002]systemd-shutdown[1]: Detaching loopback /dev/loop0.
[20260415084002]systemd-shutdown[1]: All loop devices detached.
[20260415084002]systemd-shutdown[1]: Stopping MD devices.
[20260415084002]systemd-shutdown[1]: All MD devices stopped.
[20260415084002]systemd-shutdown[1]: Detaching DM devices.
[20260415084002]systemd-shutdown[1]: Detaching DM /dev/dm-0 (253:0).
[20260415084002]device-mapper: ioctl: systemd-shutdow[1]: dm-0 (mmcblksp) is removed successfully
[20260415084003]systemd-shutdown[1]: All DM devices detached.
[20260415084003]systemd-shutdown[1]: Unmounting file systems.
[20260415084003](sd-remount)[8936]: Remounting '/data' read-only in with options '(null)'.
[20260415084003]EXT4-fs (mmcblk0p1): re-mounted 12338794-cac1-4f0d-9af7-cd960527c7c8 ro. Opts: (null)
[20260415084003](sd-umount)[8937]: Unmounting '/data'.
[20260415084003]EXT4-fs (mmcblk0p1): unmounting filesystem 12338794-cac1-4f0d-9af7-cd960527c7c8.
[20260415084003](sd-umount)[8937]: Unmounted '/data'.
[20260415084003]systemd-shutdown[1]: All filesystems unmounted.
[20260415084003]systemd-shutdown[1]: All filesystems, swaps, loop devices, MD devices and DM devices detached.
[20260415084003]systemd-shutdown[1]: Syncing filesystems and block devices.
[20260415084003]systemd-shutdown[1]: Rebooting.
[20260415084003]kvm: exiting hardware virtualization
[20260415084003]Kernel Offset: 0x5f76ca200000
[20260415084003]Module Offset: 0x5f7667d91000
[20260415084003]Linear Region Offset: 0xa3cc0000000
[20260415084003]xhci-hcd xhci-hcd.1.auto: Host halt failed, -110
[20260415084003]xhci-hcd xhci-hcd.0.auto: Host halt failed, -110
[20260415084005]reboot: Restarting system
[20260415084005]KBOX: [machine_restart:238]
------------------kbox restart:[    0.638125]----------------
KBOX: load OK
tasklock: sched_ctrl created.
registered taskstats version 1
Loading compiled-in X.509 certificates
page_owner is disabled
RTOS Process Context for RPC init success
ima: Allocated hash algorithm: sha256
ima: No architecture policies found
DIM: No measurement list to restore, it's ok
clk: Disabling unused clocks
dw-apb-uart 8710000.uart: forbid DMA for kernel console
Freeing unused kernel memory: 1856K
**** Total Boot time: 722 ms, uncompress initrd cost 232 ms ****
Run /init as init process
  with arguments:
    /init
    swift_irqsoff_enable
  with environment:
    HOME=/
    TERM=linux
    earlycon=uart8250,mmio32,0x08710000
    rdinit=/sbin/init
    kbox_mem=0x2e0000@0x84900000
load_kallsyms: loading out-of-tree module taints kernel.
rtos_kallsyms: Successfully loaded symbols!
modprobe (1096) used greatest stack depth: 12752 bytes left
hisi_request_fiq num is 1
[RTOS fiq]@@ register fiq
[RTOS fiq] FIQ register mem:(____ptrval____), FIQ dfx addr: (____ptrval____)[RTOS fiq] FIQ reserved memory for reigsters: (____ptrval____)
[RTOS fiq]smc register: a0:83000004, a1:(____ptrval____), a2:(____ptrval____)
[request_fiq] succeed to register fiq-no 141  first func hook_for_fiq+0x0/0x2c [rtos_snapshot]
hisi_request_fiq success to request the 0 fiq 141
1,1970-01-01 00:00:00,1106,bdinfo_boot_cfg_init,2641,board_type:0x0, platform_id:0x0, board_id:0xff, pcb_ver:0x2.
2,1970-01-01 00:00:00,1106,bdinfo_boot_cfg_init,2644,ddr_size:0x3, ddr_bits:0x1, ddr_ecc:0x1.
3,1970-01-01 00:00:00,1106,bdinfo_boot_cfg_init,2648,single_chip:0x0, debug_gmac:0x1, vga_type:0x0, is_espi:0x0.
4,1970-01-01 00:00:00,1106,comm_probe,935,comm_probe success!
insmod (1106) used greatest stack depth: 12288 bytes left
5,1970-01-01 00:00:00,1123,watchdog_probe,837,watchdog init ok!
6,1970-01-01 00:00:00,1135,emmc_vendor_hook_init,42,emmc hook init, register ret:0.
7,1970-01-01 00:00:01,48,emmc_close_cache,32,close emmc cache.
mmc0: new HS200 MMC card at address 0001
mmcblk0: mmc0:0001 Y2P032 27.9 GiB 
mmcblk0boot0: mmc0:0001 Y2P032 partition 1 4.00 MiB
mmcblk0boot1: mmc0:0001 Y2P032 partition 2 4.00 MiB
mmcblk0gp0: mmc0:0001 Y2P032 partition 4 384 MiB
mmcblk0gp1: mmc0:0001 Y2P032 partition 5 384 MiB
mmcblk0gp2: mmc0:0001 Y2P032 partition 6 384 MiB
mmcblk0gp3: mmc0:0001 Y2P032 partition 7 128 MiB
 mmcblk0: p1 p2 p3 < p5 p6 p7 p8 p9 >
random: date: uninitialized urandom read (8 bytes read)
random: date: uninitialized urandom read (8 bytes read)
random: date: uninitialized urandom read (8 bytes read)
EXT4-fs (mmcblk0gp1): mounted filesystem a578aeb2-73b2-434e-870c-5027ac60059f ro with ordered data mode. Opts: (null)
mount (1205) used greatest stack depth: 12224 bytes left
systemd[1]: Inserted module 'autofs4'
NET: Registered protocol family 10
Segment Routing with IPv6
systemd[1]: systemd 249 running in system mode (+PAM -AUDIT +SELINUX -APPARMOR +IMA +SMACK -SECCOMP -GCRYPT -GNUTLS -OPENSSL +ACL +BLKID -CURL -ELFUTILS -FIDO2 -IDN2 -IDN -IPTC +KMOD -LIBCRYPTSETUP +LIBFDISK -PCRE2 -PWQUALITY -P11KIT -QRENCODE -BZIP2 -LZ4 +XZ -ZLIB -ZSTD -XKBCOMMON +UTMP +SYSVINIT default-hierarchy=legacy)
systemd[1]: Detected architecture arm64.
systemd[1]: No hostname configured, using default hostname.
systemd[1]: Hostname set to <localhost>.
systemd[1]: Initializing machine ID from random generator.
systemd[1]: Installed transient /etc/machine-id file.
systemd-debug-g (1222) used greatest stack depth: 11808 bytes left
systemd-sysv-generator[1231]: SysV service '/etc/init.d/network' lacks a native systemd unit file. Automatically generating a unit file for compatibility. Please update package to include a native systemd unit file, in order to make it more safe and robust.
systemd-sysv-generator[1231]: SysV service '/etc/init.d/syslog' lacks a native systemd unit file. Automatically generating a unit file for compatibility. Please update package to include a native systemd unit file, in order to make it more safe and robust.
systemd-sysv-generator[1231]: SysV service '/etc/init.d/mdev' lacks a native systemd unit file. Automatically generating a unit file for compatibility. Please update package to include a native systemd unit file, in order to make it more safe and robust.
systemd-sysv-generator[1231]: SysV service '/etc/init.d/busybox-udhcpd' lacks a native systemd unit file. Automatically generating a unit file for compatibility. Please update package to include a native systemd unit file, in order to make it more safe and robust.
systemd-sysv-generator[1231]: SysV service '/etc/init.d/busybox-cron' lacks a native systemd unit file. Automatically generating a unit file for compatibility. Please update package to include a native systemd unit file, in order to make it more safe and robust.
systemd-sysv-generator[1231]: SysV service '/etc/init.d/crond' lacks a native systemd unit file. Automatically generating a unit file for compatibility. Please update package to include a native systemd unit file, in order to make it more safe and robust.
systemd-sysv-generator[1231]: SysV service '/etc/init.d/functions' lacks a native systemd unit file. Automatically generating a unit file for compatibility. Please update package to include a native systemd unit file, in order to make it more safe and robust.
systemd-sysv-generator[1231]: SysV service '/etc/init.d/auditd' lacks a native systemd unit file. Automatically generating a unit file for compatibility. Please update package to include a native systemd unit file, in order to make it more safe and robust.
systemd[1]: /lib/systemd/system/dbus.socket:5: ListenStream= references a path below legacy directory /var/run/, updating /var/run/dbus/system_bus_socket → /run/dbus/system_bus_socket; please update the unit file accordingly.
systemd[1]: multi-user.target: Wants dependency dropin /etc/systemd/system/multi-user.target.wants/lsw.service is not a symlink, ignoring.
systemd[1]: Configuration file /etc/systemd/system/trust.service is marked world-inaccessible. This has no effect as configuration data is accessible via APIs without restrictions. Proceeding anyway.
systemd[1]: Configuration file /etc/systemd/system/power_strategy.service is marked world-inaccessible. This has no effect as configuration data is accessible via APIs without restrictions. Proceeding anyway.
systemd[1]: Configuration file /etc/systemd/system/license.service is marked world-inaccessible. This has no effect as configuration data is accessible via APIs without restrictions. Proceeding anyway.
systemd[1]: /etc/systemd/system/interface.service:11: Unknown key name 'PermittedCapabilities' in section 'Service', ignoring.
systemd[1]: /etc/systemd/system/interface.service:12: Unknown key name 'InheritableCapabilities' in section 'Service', ignoring.
systemd[1]: /etc/systemd/system/interface.service:13: Unknown key name 'EffectiveCapabilities' in section 'Service', ignoring.
systemd[1]: Configuration file /lib/systemd/system/file_transfer.service is marked world-inaccessible. This has no effect as configuration data is accessible via APIs without restrictions. Proceeding anyway.
systemd[1]: Configuration file /etc/systemd/system/cooling.service is marked world-inaccessible. This has no effect as configuration data is accessible via APIs without restrictions. Proceeding anyway.
random: systemd: uninitialized urandom read (16 bytes read)
systemd[1]: Queued start job for default target Multi-User System.
random: systemd: uninitialized urandom read (16 bytes read)
systemd[1]: Created slice Slice /system/getty.
random: systemd: uninitialized urandom read (16 bytes read)
systemd[1]: Created slice Slice /system/modprobe.
systemd[1]: Created slice User and Session Slice.
systemd[1]: Started Dispatch Password Requests to Console Directory Watch.
systemd[1]: Started Forward Password Requests to Wall Directory Watch.
systemd[1]: Condition check resulted in Arbitrary Executable File Formats File System Automount Point being skipped.
systemd[1]: Reached target Path Units.
systemd[1]: Reached target Slice Units.
systemd[1]: Reached target Swaps.
systemd[1]: Listening on initctl Compatibility Named Pipe.
systemd[1]: Listening on Journal Socket (/dev/log).
systemd[1]: Listening on Journal Socket.
systemd[1]: Mounting Kernel Debug File System...
systemd[1]: Mounting Kernel Trace File System...
systemd[1]: Starting Create List of Static Device Nodes...
systemd[1]: Starting Load Kernel Module configfs...
systemd[1]: Starting Load Kernel Module drm...
systemd[1]: Starting Load Kernel Module fuse...
systemd[1]: Condition check resulted in Set Up Additional Binary Formats being skipped.
systemd[1]: systemd-journald.service: unit configures an IP firewall, but the local system does not support BPF/cgroup firewalling.
systemd[1]: (This warning is only shown for the first unit using IP firewalling.)
systemd[1]: Starting Journal Service...
systemd[1]: Condition check resulted in Load Kernel Modules being skipped.
systemd[1]: Starting Remount Root and Kernel File Systems...
systemd[1]: Starting Apply Kernel Variables...
systemd[1]: Started Journal Service.
random: systemd: uninitialized urandom read (16 bytes read)
random: systemd-journal: uninitialized urandom read (16 bytes read)
random: systemd-tmpfile: uninitialized urandom read (8 bytes read)
systemd-journald[1247]: Received client request to flush runtime journal.
random: systemd: uninitialized urandom read (16 bytes read)
NET: Registered protocol family 17
random: crng init done
random: 1044 urandom warning(s) missed due to ratelimiting
8021q: 802.1Q VLAN Support v1.8
SCSI subsystem initialized
usbcore: registered new interface driver usbfs
usbcore: registered new interface driver hub
usbcore: registered new device driver usb
usbcore: registered new interface driver usb-storage
8,1970-01-01 00:00:07,1358,gmac_phy_init,1101,mac(0) not used phy.
9,1970-01-01 00:00:08,1358,gmac_phy_init,1101,mac(1) not used phy.
10,1970-01-01 00:00:09,1358,gmac_phy_init,1099,mac(2)'s phy_addr is 3.
11,1970-01-01 00:00:10,1358,gmac_phy_init,1101,mac(3) not used phy.
12,1970-01-01 00:00:11,1358,gmac_hw_set_port_mode_all,635,SGMII auto-negotiation not complete(0x0)
13,1970-01-01 00:00:11,1358,gmac_probe,1433,gmac init ok!
14,1970-01-01 00:00:11,1375,sys_info_probe,1960,sys_info init ok!
15,1970-01-01 00:00:11,1391,p80_probe,210,p80 use LPC!
16,1970-01-01 00:00:11,1397,sol_probe,906,SOL use LPC!
17,1970-01-01 00:00:11,1397,sol_ddrinfo_update,814,SOL[0] Init Rx-start 0x86000000, Rx-size 0x3, Tx-start 0x86200000, Tx-size 0x3.
18,1970-01-01 00:00:11,1397,sol_ddrinfo_update,814,SOL[1] Init Rx-start 0x86400000, Rx-size 0x1, Tx-start 0x86480000, Tx-size 0x4.
19,1970-01-01 00:00:11,1397,sol_ddrinfo_update,814,SOL[2] Init Rx-start 0x86880000, Rx-size 0x3, Tx-start 0x86a80000, Tx-size 0x1.
20,1970-01-01 00:00:11,1397,sol_ddrinfo_update,814,SOL[3] Init Rx-start 0x86b00000, Rx-size 0x3, Tx-start 0x86d00000, Tx-size 0x2.
21,1970-01-01 00:00:11,1397,sol_probe,935,uart sol init ok!
22,1970-01-01 00:00:11,1403,dboot_probe,545,dboot probe start.
23,1970-01-01 00:00:11,1403,dboot_probe_info,519,boot from uboot 0
24,1970-01-01 00:00:11,1403,dboot_probe_info,520,BMC reset count: 0
25,1970-01-01 00:00:11,1403,dboot_probe_info,521,BMC unsec reset count: 8
26,1970-01-01 00:00:12,1403,dboot_probe_info,522,HOST reset count: 1
27,1970-01-01 00:00:12,1403,dboot_probe_info,523,CHIP reset count: 0
28,1970-01-01 00:00:12,1403,dboot_probe,567,dboot init ok!
29,1970-01-01 00:00:12,1419,bmcrtc_of_probe,189,BMCRTC Device Registered.
8711000.uart: ttySS3 at MMIO 0x8711000 (irq = 24, base_baud = 0) is a AMBA/ttySS
8743000.uart: ttySS4 at MMIO 0x8743000 (irq = 25, base_baud = 0) is a AMBA/ttySS
8744000.uart: ttySS5 at MMIO 0x8744000 (irq = 26, base_baud = 0) is a AMBA/ttySS
875d000.uart: ttySS6 at MMIO 0x875d000 (irq = 27, base_baud = 0) is a AMBA/ttySS
875e000.uart: ttySS7 at MMIO 0x875e000 (irq = 28, base_baud = 0) is a AMBA/ttySS
30,1970-01-01 00:00:12,1451,peci_probe,332,peci is 1 mode!
31,1970-01-01 00:00:12,1451,peci_probe,346,peci init ok!
32,1970-01-01 00:00:12,1469,hispi_setup_device,885,hispi_setup_device id 0x0!
33,1970-01-01 00:00:12,1469,hispi_setup_device,885,hispi_setup_device id 0x1!
34,1970-01-01 00:00:12,1496,pci_fix_ker_probe,527,probe OK
35,1970-01-01 00:00:12,1500,deal_with_ext_addr,255,g_mctp_ext_mode:0 [0 Normal,1 Offset,2 Hi]
36,1970-01-01 00:00:12,1500,mctp_reset,1477,reset mctp ok!
37,1970-01-01 00:00:12,1500,mctp_dereset,1501,dereset mctp ok!
38,1970-01-01 00:00:12,1538,vce_dac_param_set,244,dac param register is: 0x800820f
39,1970-01-01 00:00:12,1538,vce_driver_probe,295,irq_mask 0xd80
40,1970-01-01 00:00:12,45,gmac_link_handle,409,eth2 link up! speed(0x8) duplex(0x1).
insmod (1546) used greatest stack depth: 11664 bytes left
[request_fiq] succeed to register fiq-no 141 more func dfx_dying_saying+0x0/0x20 [dfx_drv]
EXT4-fs (mmcblk0p7): mounted filesystem 738c1443-4eb3-4865-81c8-8d06b616eeef r/w with ordered data mode. Opts: (null)
EXT4-fs (mmcblk0p1): mounted filesystem 12338794-cac1-4f0d-9af7-cd960527c7c8 r/w with ordered data mode. Opts: (null)
EXT4-fs (mmcblk0p7): unmounting filesystem 738c1443-4eb3-4865-81c8-8d06b616eeef.
EXT4-fs (mmcblk0p9): mounted filesystem 29623499-ab13-4d64-bdac-7b401920dd8f r/w with ordered data mode. Opts: (null)
EXT4-fs (mmcblk0p7): mounted filesystem 738c1443-4eb3-4865-81c8-8d06b616eeef r/w with ordered data mode. Opts: (null)
sed (1641) used greatest stack depth: 11632 bytes left
systemd-journald[1247]: Received client request to flush runtime journal.
EXT4-fs (mmcblk0gp3): mounted filesystem 08cfa917-2338-44e8-8298-f8a413d99344 r/w with ordered data mode. Opts: (null)
[pmfs]: pramdisk: registered block device major 254
[pmfs]: starting add gendisk!
[pmfs]: add gendisk done!
[pmfs]: pramdisk: module loaded
loop0: detected capacity change from 0 to 209715200
EXT4-fs (loop0): mounted filesystem 8e264243-c592-4963-b675-87536801cb2d r/w with ordered data mode. Opts: (null)
hisport_cdev: 1316, ioremap:0x40000000
edma: 2297, ==========1711 device==========
edma: 815, CHECK SUM MATCH ,RETURN 
FS-Cache: Loaded
CacheFiles: Loaded
RPC: Registered named UNIX socket transport module.
RPC: Registered udp transport module.
RPC: Registered tcp transport module.
RPC: Registered tcp NFSv4.1 backchannel transport module.
FS-Cache: Netfs 'nfs' registered for caching
FS-Cache: Netfs 'cifs' registered for caching
Key type cifs.idmap registered
device-mapper: ioctl: 4.43.0-ioctl (2020-10-01) initialised: dm-devel@redhat.com
xhci-hcd xhci-hcd.0.auto: xHCI Host Controller
xhci-hcd xhci-hcd.0.auto: new USB bus registered, assigned bus number 1
xhci-hcd xhci-hcd.0.auto: hcc params 0x0220f66d hci version 0x100 quirks 0x0000000002010010
xhci-hcd xhci-hcd.0.auto: irq 125, io mem 0x08a00000
hub 1-0:1.0: USB hub found
hub 1-0:1.0: 1 port detected
xhci-hcd xhci-hcd.0.auto: xHCI Host Controller
xhci-hcd xhci-hcd.0.auto: new USB bus registered, assigned bus number 2
xhci-hcd xhci-hcd.0.auto: Host supports USB 3.0 SuperSpeed
usb usb2: We don't know the algorithms for LPM for this host, disabling LPM.
hub 2-0:1.0: USB hub found
hub 2-0:1.0: config failed, hub doesn't have any ports! (err -19)
xhci-hcd xhci-hcd.1.auto: xHCI Host Controller
xhci-hcd xhci-hcd.1.auto: new USB bus registered, assigned bus number 3
xhci-hcd xhci-hcd.1.auto: hcc params 0x0220f66d hci version 0x100 quirks 0x0000000002010010
xhci-hcd xhci-hcd.1.auto: irq 127, io mem 0x0cc00000
hub 3-0:1.0: USB hub found
hub 3-0:1.0: 1 port detected
xhci-hcd xhci-hcd.1.auto: xHCI Host Controller
xhci-hcd xhci-hcd.1.auto: new USB bus registered, assigned bus number 4
xhci-hcd xhci-hcd.1.auto: Host supports USB 3.0 SuperSpeed
usb usb4: We don't know the algorithms for LPM for this host, disabling LPM.
hub 4-0:1.0: USB hub found
hub 4-0:1.0: 1 port detected
insmod (2167) used greatest stack depth: 10784 bytes left
cryptd: max_cpu_qlen set to 1000
edma: 1851, host is registered.
memory_monitor. (2238): drop_caches: 4
[I2C-08-RT<-5|-5>] M<0x47|0x1|0x0|1|10> L<1|1|0> C<1|0|1> E<0x801|0x0|0x0|0x1> I<0x0|0x710|0x0>
[I2C-08-RT<-5|-5>] M<0x21|0x1|0x0|1|10> L<1|1|0> C<1|0|1> E<0x801|0x0|0x0|0x1> I<0x0|0x710|0x0>
[I2C-08-RT<-5|-5>] M<0x47|0x1|0x0|1|10> L<1|1|0> C<1|0|1> E<0x801|0x0|0x0|0x1> I<0x0|0x710|0x0>
[I2C-08-RT<-5|-5>] M<0x21|0x1|0x0|1|10> L<1|1|0> C<1|0|1> E<0x801|0x0|0x0|0x1> I<0x0|0x710|0x0>
[I2C-08-RT<-5|-5>] M<0x47|0x1|0x0|1|10> L<1|1|0> C<1|0|1> E<0x801|0x0|0x0|0x1> I<0x0|0x710|0x0>
[I2C-08-RT<-5|-5>] M<0x21|0x1|0x0|1|10> L<1|1|0> C<1|0|1> E<0x801|0x0|0x0|0x1> I<0x0|0x710|0x0>
[I2C-08-RT<-5|-5>] M<0x47|0x1|0x0|1|10> L<1|1|0> C<1|0|1> E<0x801|0x0|0x0|0x1> I<0x0|0x710|0x0>
[I2C-08-RT<-5|-5>] M<0x21|0x1|0x0|1|10> L<1|1|0> C<1|0|1> E<0x801|0x0|0x0|0x1> I<0x0|0x710|0x0>
IDUMP: read string section hdr error:-4
ext2 filesystem being remounted at /dev/shm/chroot/2674/opt/bmc/pram supports timestamps until 2038-01-19 (0x7fffffff)
41,2026-04-15 08:41:34,2643,msg_sec_module_cmd_cpy_to_user,523,msg copy_to_user user data error 8
42,2026-04-15 08:41:34,2643,msg_scm3_ioctl,613,msg cmd(0xc0047301) handle error!
43,2026-04-15 08:41:34,434,hw_get_hard_lock,79,hw_lock(0x2) is locked by M3
44,2026-04-15 08:41:34,434,hw_acquire_hard_lock,141,hardware lock(2) is't locked by A55(-1)
EXT4-fs (mmcblk0gp0): mounted filesystem 6d2aaeba-bc48-48c4-aa16-9367a39db4b2 ro with ordered data mode. Opts: (null)
45,2026-04-15 08:41:35,18,hw_get_hard_lock,79,hw_lock(0x2) is locked by M3
46,2026-04-15 08:41:35,18,hw_acquire_hard_lock,141,hardware lock(2) is't locked by A55(-1)
EXT4-fs (mmcblk0gp0): unmounting filesystem 6d2aaeba-bc48-48c4-aa16-9367a39db4b2.
47,2026-04-15 08:41:35,28,hw_get_hard_lock,79,hw_lock(0x2) is locked by M3
48,2026-04-15 08:41:35,28,hw_acquire_hard_lock,141,hardware lock(2) is't locked by A55(-1)
49,2026-04-15 08:41:37,18,hw_get_hard_lock,79,hw_lock(0x2) is locked by M3
50,2026-04-15 08:41:37,18,hw_acquire_hard_lock,141,hardware lock(2) is't locked by A55(-1)
[I2C-08-RT<-5|-5>] M<0x47|0x1|0x0|1|10> L<1|1|0> C<1|0|1> E<0x801|0x0|0x0|0x1> I<0x0|0x710|0x0>
[I2C-08-RT<-5|-5>] M<0x21|0x1|0x0|1|10> L<1|1|0> C<1|0|1> E<0x801|0x0|0x0|0x1> I<0x0|0x510|0x0>
FAT-fs (mmcblk0p5): Volume was not properly unmounted. Some data may be corrupt. Please run fsck.
device-mapper: ioctl: dmsetup[2892]: dm-0 (mmcblksp) is created successfully
device-mapper: ioctl: dmsetup[2923]: dm-0 (mmcblksp) is removed successfully
device-mapper: ioctl: dmsetup[2937]: dm-0 (mmcblksp) is created successfully
51,2026-04-15 08:41:53,2896,mctp_reset,1477,reset mctp ok!
52,2026-04-15 08:41:53,2896,mctp_dereset,1501,dereset mctp ok!
[20260415084202]IPv6: ADDRCONF(NETDEV_CHANGE): veth: link becomes ready
[20260415084202]53,2026-04-15 08:42:02,3155,init_btc_mode,434,btc mode(2)
[20260415084202]54,2026-04-15 08:42:02,3155,btc_lb_int_pin_init,439,pin(63) is reused as gpio
[20260415084202]####dump test 0####
[20260415084202]btc dev mode:2
[20260415084202]btc priv:0 0
[20260415084202]btc priv param:61 63
[20260415084202]####dump test 1####
[20260415084202]btc dev mode:2
[20260415084202]btc priv:1 0
[20260415084202]btc priv param:61 63
[20260415084202]55,2026-04-15 08:42:02,3155,btc_probe,555,btc init ok!
[20260415084209]usbcore: registered new interface driver cdc_ether
[20260415084209]usbcore: registered new interface driver rndis_host
[20260415084216][I2C-08-RT<-5|-5>] M<0x47|0x1|0x0|1|10> L<1|1|0> C<1|0|1> E<0x801|0x0|0x0|0x1> I<0x0|0x510|0x0>
[20260415084216][I2C-08-RT<-5|-5>] M<0x21|0x1|0x0|1|10> L<1|1|0> C<1|0|1> E<0x801|0x0|0x0|0x1> I<0x0|0x710|0x0>
[20260415084217]usb device-0: command connect. function count 2 
[20260415084217]usb device-0: attach driver 
[20260415084217]usb device-0: gadget bind 
[20260415084217]usb device-0: Bind speed 2.0 
[20260415084217]usb device-0: gadget suspend 
[20260415084217]usb device-0: setup-request[T:8][0]:0x80 0x06 0x00 0x01 0x00 0x00 0x40 0x00 
[20260415084217]usb device-0: gadget reset 
[20260415084217]usb device-0: reset configuration. gadget state <0> 
[20260415084217]usb device-0: setup-request[T:8][0]:0x80 0x06 0x00 0x01 0x00 0x00 0x12 0x00 
[20260415084217]usb device-0: setup-request[T:8][0]:0x80 0x06 0x00 0x02 0x00 0x00 0x09 0x00 
[20260415084217]usb device-0: setup-request[T:8][0]:0x80 0x06 0x00 0x02 0x00 0x00 0x3b 0x00 
[20260415084217]usb device-0: setup-request[T:8][0]:0x80 0x06 0x00 0x03 0x00 0x00 0xff 0x00 
[20260415084217]usb device-0: setup-request[T:8][0]:0x80 0x06 0x01 0x03 0x09 0x04 0xff 0x00 
[20260415084217]usb device-0: setup-request[T:8][0]:0x80 0x06 0x02 0x03 0x09 0x04 0xff 0x00 
[20260415084217]usb device-0: setup-request[T:8][0]:0x00 0x09 0x01 0x00 0x00 0x00 0x00 0x00 
[20260415084217]usb device-0: setup configuration. gadget state <6> 
[20260415084217]usb device-0: Keyboard configured 
[20260415084217]usb device-0: Mouse configured 
[20260415084217]usb device-0: setup-request[T:8][0]:0x80 0x06 0x02 0x03 0x09 0x04 0xff 0x00 
[20260415084217]usb device-0: setup-request[T:8][0]:0x21 0x0a 0x00 0x00 0x00 0x00 0x00 0x00 
[20260415084217]usb device-0: setup-request[T:8][0]:0x81 0x06 0x00 0x22 0x00 0x00 0x3f 0x00 
[20260415084217]usb device-0: setup-request[T:8][0]:0x21 0x09 0x00 0x02 0x00 0x00 0x01 0x00 
[20260415084217]usb device-0: setup-request[T:8][0]:0x80 0x06 0x02 0x03 0x09 0x04 0xff 0x00 
[20260415084217]usb device-0: setup-request[T:8][0]:0x21 0x0a 0x00 0x00 0x01 0x00 0x00 0x00 
[20260415084217]usb device-0: setup-request[T:8][0]:0x81 0x06 0x00 0x22 0x01 0x00 0x3c 0x00 
[20260415084224]56,2026-04-15 08:42:24,2821,mctp_reset,1477,reset mctp ok!
[20260415084224]57,2026-04-15 08:42:24,2821,mctp_dereset,1501,dereset mctp ok!
[20260415084316][I2C-08-RT<-5|-5>] M<0x47|0x1|0x0|1|10> L<1|1|0> C<1|0|1> E<0x801|0x0|0x0|0x1> I<0x0|0x710|0x0>
[20260415084316][I2C-08-RT<-5|-5>] M<0x21|0x1|0x0|1|10> L<1|1|0> C<1|0|1> E<0x801|0x0|0x0|0x1> I<0x0|0x710|0x0>
[20260415084334][I2C-06-RT<-5|-5>] M<0x64|0x0|0x0|3|10> L<15|0|0> C<15|0|0> E<0x1|0x0|0x0|0x1> I<0x0|0x710|0x0>
[20260415084334][I2C-06-RT<-5|-5>] M<0x64|0x0|0x0|3|10> L<15|0|0> C<15|0|0> E<0x1|0x0|0x0|0x1> I<0x0|0x710|0x0>
[20260415084334][I2C-06-RT<-5|-5>] M<0x64|0x0|0x0|3|10> L<15|0|0> C<15|0|0> E<0x1|0x0|0x0|0x1> I<0x0|0x710|0x0>
[20260415084336][I2C-06-RT<-5|-5>] M<0x64|0x0|0x0|3|10> L<15|0|0> C<15|0|0> E<0x1|0x0|0x0|0x1> I<0x0|0x710|0x0>
[20260415084336][I2C-06-RT<-5|-5>] M<0x64|0x0|0x0|3|10> L<15|0|0> C<15|0|0> E<0x1|0x0|0x0|0x1> I<0x0|0x710|0x0>
[20260415084336][I2C-06-RT<-5|-5>] M<0x64|0x0|0x0|3|10> L<15|0|0> C<15|0|0> E<0x1|0x0|0x0|0x1> I<0x0|0x710|0x0>
[20260415084336][I2C-06-RT<-5|-5>] M<0x64|0x0|0x0|3|10> L<15|0|0> C<15|0|0> E<0x1|0x0|0x0|0x1> I<0x0|0x710|0x0>
[20260415084336][I2C-06-RT<-5|-5>] M<0x64|0x0|0x0|3|10> L<15|0|0> C<15|0|0> E<0x1|0x0|0x0|0x1> I<0x0|0x710|0x0>
[20260415084336][I2C-06-RT<-5|-5>] M<0x64|0x0|0x0|3|10> L<15|0|0> C<15|0|0> E<0x1|0x0|0x0|0x1> I<0x0|0x710|0x0>
[20260415084337][I2C-06-RT<-5|-5>] M<0x64|0x0|0x0|3|10> L<15|0|0> C<15|0|0> E<0x1|0x0|0x0|0x1> I<0x0|0x710|0x0>
[20260415084337][I2C-06-RT<-5|-5>] M<0x64|0x0|0x0|3|10> L<15|0|0> C<15|0|0> E<0x1|0x0|0x0|0x1> I<0x0|0x710|0x0>
[20260415084337][I2C-06-RT<-5|-5>] M<0x64|0x0|0x0|3|10> L<15|0|0> C<15|0|0> E<0x1|0x0|0x0|0x1> I<0x0|0x710|0x0>
[20260415084337][I2C-06-RT<-5|-5>] M<0x64|0x0|0x0|3|10> L<15|0|0> C<15|0|0> E<0x1|0x0|0x0|0x1> I<0x0|0x710|0x0>
[20260415084337][I2C-06-RT<-5|-5>] M<0x64|0x0|0x0|3|10> L<15|0|0> C<15|0|0> E<0x1|0x0|0x0|0x1> I<0x0|0x710|0x0>
[20260415084337][I2C-06-RT<-5|-5>] M<0x64|0x0|0x0|3|10> L<15|0|0> C<15|0|0> E<0x1|0x0|0x0|0x1> I<0x0|0x710|0x0>
[20260415084338][I2C-06-RT<-5|-5>] M<0x64|0x0|0x0|3|10> L<15|0|0> C<15|0|0> E<0x1|0x0|0x0|0x1> I<0x0|0x710|0x0>
[20260415084338][I2C-06-RT<-5|-5>] M<0x64|0x0|0x0|3|10> L<15|0|0> C<15|0|0> E<0x1|0x0|0x0|0x1> I<0x0|0x710|0x0>
[20260415084338][I2C-06-RT<-5|-5>] M<0x64|0x0|0x0|3|10> L<15|0|0> C<15|0|0> E<0x1|0x0|0x0|0x1> I<0x0|0x710|0x0>
[20260415084339][I2C-06-RT<-5|-5>] M<0x64|0x0|0x0|3|10> L<15|0|0> C<15|0|0> E<0x1|0x0|0x0|0x1> I<0x0|0x710|0x0>
[20260415084339][I2C-06-RT<-5|-5>] M<0x64|0x0|0x0|3|10> L<15|0|0> C<15|0|0> E<0x1|0x0|0x0|0x1> I<0x0|0x710|0x0>
[20260415084416][I2C-08-RT<-5|-5>] M<0x47|0x1|0x0|1|10> L<1|1|0> C<1|0|1> E<0x801|0x0|0x0|0x1> I<0x0|0x710|0x0>
[20260415084416][I2C-08-RT<-5|-5>] M<0x21|0x1|0x0|1|10> L<1|1|0> C<1|0|1> E<0x801|0x0|0x0|0x1> I<0x0|0x710|0x0>
[20260415084516][I2C-08-RT<-5|-5>] M<0x47|0x1|0x0|1|10> L<1|1|0> C<1|0|1> E<0x801|0x0|0x0|0x1> I<0x0|0x710|0x0>
[20260415084516][I2C-08-RT<-5|-5>] M<0x21|0x1|0x0|1|10> L<1|1|0> C<1|0|1> E<0x801|0x0|0x0|0x1> I<0x0|0x510|0x0>
[20260415084616][I2C-08-RT<-5|-5>] M<0x47|0x1|0x0|1|10> L<1|1|0> C<1|0|1> E<0x801|0x0|0x0|0x1> I<0x0|0x710|0x0>
